<?xml version="1.0" encoding="utf-8"?>
<CoverageSession xmlns:xsd="http://www.w3.org/2001/XMLSchema" xmlns:xsi="http://www.w3.org/2001/XMLSchema-instance" Version="4.7.922.0">
  <Summary numSequencePoints="1382" visitedSequencePoints="0" numBranchPoints="352" visitedBranchPoints="0" sequenceCoverage="0" branchCoverage="0" maxCyclomaticComplexity="5" minCyclomaticComplexity="0" maxCrapScore="30" minCrapScore="0" visitedClasses="0" numClasses="53" visitedMethods="0" numMethods="258" />
  <Modules>
    <Module skippedDueTo="Filter" hash="FD-6B-2D-18-7D-9E-B0-6F-C4-03-61-A8-DC-75-CD-98-65-5F-2D-B5">
      <ModulePath>C:\windows\Microsoft.Net\assembly\GAC_64\mscorlib\v4.0_4.0.0.0__b77a5c561934e089\mscorlib.dll</ModulePath>
      <ModuleTime>2018-10-11T06:37:59.7116576Z</ModuleTime>
      <ModuleName>mscorlib</ModuleName>
      <Classes />
    </Module>
    <Module hash="11-F8-D2-10-C3-72-B5-06-32-16-D4-EA-7D-A6-42-53-48-D1-E0-5E">
      <Summary numSequencePoints="1382" visitedSequencePoints="0" numBranchPoints="352" visitedBranchPoints="0" sequenceCoverage="0" branchCoverage="0" maxCyclomaticComplexity="5" minCyclomaticComplexity="0" maxCrapScore="30" minCrapScore="0" visitedClasses="0" numClasses="53" visitedMethods="0" numMethods="258" />
      <ModulePath>D:\git\System.IO.Paging\Test.Paging.Physical\bin\Debug\netcoreapp2.0\Test.Paging.PhysicalLevel.dll</ModulePath>
      <ModuleTime>2019-02-10T12:32:44.5064608Z</ModuleTime>
      <ModuleName>Test.Paging.PhysicalLevel</ModuleName>
      <Files>
        <File uid="1" fullPath="D:\git\System.IO.Paging\Test.Paging.Physical\obj\Debug\netcoreapp2.0\Test.Paging.PhysicalLevel.Program.cs" />
        <File uid="2" fullPath="D:\git\System.IO.Paging\Test.Paging.Physical\BufferedPageFactoryTests.cs" />
        <File uid="3" fullPath="D:\git\System.IO.Paging\Test.Paging.Physical\GamManagerTest.cs" />
        <File uid="6" fullPath="D:\git\System.IO.Paging\Test.Paging.Physical\PageAccessorTest.cs" />
        <File uid="8" fullPath="D:\git\System.IO.Paging\Test.Paging.Physical\PageManagerTest.cs" />
        <File uid="12" fullPath="D:\git\System.IO.Paging\Test.Paging.Physical\TestHeader.cs" />
        <File uid="13" fullPath="D:\git\System.IO.Paging\Test.Paging.Physical\TestRecord.cs" />
        <File uid="14" fullPath="D:\git\System.IO.Paging\Test.Paging.Physical\UnderlyingFileOperatorTest.cs" />
        <File uid="15" fullPath="D:\git\System.IO.Paging\Test.Paging.Physical\Pages\FixedSizePageTest.cs" />
        <File uid="18" fullPath="D:\git\System.IO.Paging\Test.Paging.Physical\Pages\PageBinarySearchTest.cs" />
        <File uid="20" fullPath="D:\git\System.IO.Paging\Test.Paging.Physical\Pages\PageBufferTest.cs" />
        <File uid="21" fullPath="D:\git\System.IO.Paging\Test.Paging.Physical\Headers\FixedRecordHeadersCalculatorTest.cs" />
        <File uid="22" fullPath="D:\git\System.IO.Paging\Test.Paging.Physical\Headers\FixedRecordPageHeadersLogicalOrderTest.cs" />
        <File uid="26" fullPath="D:\git\System.IO.Paging\Test.Paging.Physical\Headers\FixedRecordPageHeadersNoOrderTest.cs" />
        <File uid="29" fullPath="D:\git\System.IO.Paging\Test.Paging.Physical\Headers\PageHeadersBaseTest.cs" />
        <File uid="33" fullPath="D:\git\System.IO.Paging\Test.Paging.Physical\Headers\VariableRecordPageHeadersTest.cs" />
        <File uid="34" fullPath="D:\git\System.IO.Paging\Test.Paging.Physical\Headers\VariableRecordPageHeadersTestWithSlotInfo.cs" />
        <File uid="35" fullPath="D:\git\System.IO.Paging\Test.Paging.Physical\Configurations\ConfigurationBuilderTests.cs" />
      </Files>
      <Classes>
        <Class>
          <Summary numSequencePoints="0" visitedSequencePoints="0" numBranchPoints="0" visitedBranchPoints="0" sequenceCoverage="0" branchCoverage="0" maxCyclomaticComplexity="0" minCyclomaticComplexity="0" maxCrapScore="0" minCrapScore="0" visitedClasses="0" numClasses="0" visitedMethods="0" numMethods="0" />
          <FullName>&lt;Module&gt;</FullName>
          <Methods />
        </Class>
        <Class>
          <Summary numSequencePoints="2" visitedSequencePoints="0" numBranchPoints="1" visitedBranchPoints="0" sequenceCoverage="0" branchCoverage="0" maxCyclomaticComplexity="1" minCyclomaticComplexity="1" maxCrapScore="2" minCrapScore="2" visitedClasses="0" numClasses="1" visitedMethods="0" numMethods="1" />
          <FullName>AutoGeneratedProgram</FullName>
          <Methods>
            <Method visited="false" cyclomaticComplexity="1" nPathComplexity="0" sequenceCoverage="0" branchCoverage="0" crapScore="2" isConstructor="false" isStatic="true" isGetter="false" isSetter="false">
              <Summary numSequencePoints="2" visitedSequencePoints="0" numBranchPoints="1" visitedBranchPoints="0" sequenceCoverage="0" branchCoverage="0" maxCyclomaticComplexity="1" minCyclomaticComplexity="1" maxCrapScore="2" minCrapScore="2" visitedClasses="0" numClasses="0" visitedMethods="0" numMethods="1" />
              <MetadataToken>100663297</MetadataToken>
              <Name>System.Void AutoGeneratedProgram::Main(System.String[])</Name>
              <FileRef uid="1" />
              <SequencePoints>
                <SequencePoint vc="0" uspid="1" ordinal="0" offset="0" sl="4" sc="60" el="4" ec="61" bec="0" bev="0" fileid="1" />
                <SequencePoint vc="0" uspid="2" ordinal="1" offset="1" sl="4" sc="61" el="4" ec="62" bec="0" bev="0" fileid="1" />
              </SequencePoints>
              <BranchPoints />
              <MethodPoint xsi:type="SequencePoint" vc="0" uspid="1" ordinal="0" offset="0" sl="4" sc="60" el="4" ec="61" bec="0" bev="0" fileid="1" />
            </Method>
            <Method visited="false" cyclomaticComplexity="1" nPathComplexity="0" sequenceCoverage="0" branchCoverage="0" crapScore="2" isConstructor="true" isStatic="false" isGetter="false" isSetter="false">
              <Summary numSequencePoints="0" visitedSequencePoints="0" numBranchPoints="0" visitedBranchPoints="0" sequenceCoverage="0" branchCoverage="0" maxCyclomaticComplexity="1" minCyclomaticComplexity="1" maxCrapScore="2" minCrapScore="2" visitedClasses="0" numClasses="0" visitedMethods="0" numMethods="0" />
              <MetadataToken>100663298</MetadataToken>
              <Name>System.Void AutoGeneratedProgram::.ctor()</Name>
              <SequencePoints />
              <BranchPoints />
              <MethodPoint vc="0" uspid="3" ordinal="0" offset="0" />
            </Method>
          </Methods>
        </Class>
        <Class>
          <Summary numSequencePoints="13" visitedSequencePoints="0" numBranchPoints="9" visitedBranchPoints="0" sequenceCoverage="0" branchCoverage="0" maxCyclomaticComplexity="1" minCyclomaticComplexity="1" maxCrapScore="2" minCrapScore="2" visitedClasses="0" numClasses="1" visitedMethods="0" numMethods="9" />
          <FullName>Test.Paging.PhysicalLevel.BufferedPageFactoryTests</FullName>
          <Methods>
            <Method visited="false" cyclomaticComplexity="1" nPathComplexity="0" sequenceCoverage="0" branchCoverage="0" crapScore="2" isConstructor="false" isStatic="false" isGetter="true" isSetter="false">
              <Summary numSequencePoints="1" visitedSequencePoints="0" numBranchPoints="1" visitedBranchPoints="0" sequenceCoverage="0" branchCoverage="0" maxCyclomaticComplexity="1" minCyclomaticComplexity="1" maxCrapScore="2" minCrapScore="2" visitedClasses="0" numClasses="0" visitedMethods="0" numMethods="1" />
              <MetadataToken>100663299</MetadataToken>
              <Name>Microsoft.VisualStudio.TestTools.UnitTesting.TestContext Test.Paging.PhysicalLevel.BufferedPageFactoryTests::get_TestContext()</Name>
              <FileRef uid="2" />
              <SequencePoints>
                <SequencePoint vc="0" uspid="4" ordinal="0" offset="0" sl="17" sc="42" el="17" ec="46" bec="0" bev="0" fileid="2" />
              </SequencePoints>
              <BranchPoints />
              <MethodPoint xsi:type="SequencePoint" vc="0" uspid="4" ordinal="0" offset="0" sl="17" sc="42" el="17" ec="46" bec="0" bev="0" fileid="2" />
            </Method>
            <Method visited="false" cyclomaticComplexity="1" nPathComplexity="0" sequenceCoverage="0" branchCoverage="0" crapScore="2" isConstructor="false" isStatic="false" isGetter="false" isSetter="true">
              <Summary numSequencePoints="1" visitedSequencePoints="0" numBranchPoints="1" visitedBranchPoints="0" sequenceCoverage="0" branchCoverage="0" maxCyclomaticComplexity="1" minCyclomaticComplexity="1" maxCrapScore="2" minCrapScore="2" visitedClasses="0" numClasses="0" visitedMethods="0" numMethods="1" />
              <MetadataToken>100663300</MetadataToken>
              <Name>System.Void Test.Paging.PhysicalLevel.BufferedPageFactoryTests::set_TestContext(Microsoft.VisualStudio.TestTools.UnitTesting.TestContext)</Name>
              <FileRef uid="2" />
              <SequencePoints>
                <SequencePoint vc="0" uspid="5" ordinal="0" offset="0" sl="17" sc="47" el="17" ec="51" bec="0" bev="0" fileid="2" />
              </SequencePoints>
              <BranchPoints />
              <MethodPoint xsi:type="SequencePoint" vc="0" uspid="5" ordinal="0" offset="0" sl="17" sc="47" el="17" ec="51" bec="0" bev="0" fileid="2" />
            </Method>
            <Method visited="false" cyclomaticComplexity="1" nPathComplexity="0" sequenceCoverage="0" branchCoverage="0" crapScore="2" isConstructor="false" isStatic="false" isGetter="true" isSetter="false">
              <Summary numSequencePoints="1" visitedSequencePoints="0" numBranchPoints="1" visitedBranchPoints="0" sequenceCoverage="0" branchCoverage="0" maxCyclomaticComplexity="1" minCyclomaticComplexity="1" maxCrapScore="2" minCrapScore="2" visitedClasses="0" numClasses="0" visitedMethods="0" numMethods="1" />
              <MetadataToken>100663301</MetadataToken>
              <Name>System.IO.Paging.PhysicalLevel.Contracts.Internal.IGamAccessor Test.Paging.PhysicalLevel.BufferedPageFactoryTests::get_GamMock()</Name>
              <FileRef uid="2" />
              <SequencePoints>
                <SequencePoint vc="0" uspid="6" ordinal="0" offset="0" sl="18" sc="41" el="18" ec="95" bec="0" bev="0" fileid="2" />
              </SequencePoints>
              <BranchPoints />
              <MethodPoint xsi:type="SequencePoint" vc="0" uspid="6" ordinal="0" offset="0" sl="18" sc="41" el="18" ec="95" bec="0" bev="0" fileid="2" />
            </Method>
            <Method visited="false" cyclomaticComplexity="1" nPathComplexity="0" sequenceCoverage="0" branchCoverage="0" crapScore="2" isConstructor="false" isStatic="false" isGetter="true" isSetter="false">
              <Summary numSequencePoints="1" visitedSequencePoints="0" numBranchPoints="1" visitedBranchPoints="0" sequenceCoverage="0" branchCoverage="0" maxCyclomaticComplexity="1" minCyclomaticComplexity="1" maxCrapScore="2" minCrapScore="2" visitedClasses="0" numClasses="0" visitedMethods="0" numMethods="1" />
              <MetadataToken>100663302</MetadataToken>
              <Name>System.IO.Paging.PhysicalLevel.Contracts.Internal.IUnderlyingFileOperator Test.Paging.PhysicalLevel.BufferedPageFactoryTests::get_FileMock()</Name>
              <FileRef uid="2" />
              <SequencePoints>
                <SequencePoint vc="0" uspid="7" ordinal="0" offset="0" sl="19" sc="53" el="19" ec="129" bec="0" bev="0" fileid="2" />
              </SequencePoints>
              <BranchPoints />
              <MethodPoint xsi:type="SequencePoint" vc="0" uspid="7" ordinal="0" offset="0" sl="19" sc="53" el="19" ec="129" bec="0" bev="0" fileid="2" />
            </Method>
            <Method visited="false" cyclomaticComplexity="1" nPathComplexity="0" sequenceCoverage="0" branchCoverage="0" crapScore="2" isConstructor="false" isStatic="false" isGetter="true" isSetter="false">
              <Summary numSequencePoints="1" visitedSequencePoints="0" numBranchPoints="1" visitedBranchPoints="0" sequenceCoverage="0" branchCoverage="0" maxCyclomaticComplexity="1" minCyclomaticComplexity="1" maxCrapScore="2" minCrapScore="2" visitedClasses="0" numClasses="0" visitedMethods="0" numMethods="1" />
              <MetadataToken>100663303</MetadataToken>
              <Name>System.IO.Paging.PhysicalLevel.Contracts.Internal.IExtentAccessorFactory Test.Paging.PhysicalLevel.BufferedPageFactoryTests::get_BlockMock()</Name>
              <FileRef uid="2" />
              <SequencePoints>
                <SequencePoint vc="0" uspid="8" ordinal="0" offset="0" sl="20" sc="53" el="20" ec="127" bec="0" bev="0" fileid="2" />
              </SequencePoints>
              <BranchPoints />
              <MethodPoint xsi:type="SequencePoint" vc="0" uspid="8" ordinal="0" offset="0" sl="20" sc="53" el="20" ec="127" bec="0" bev="0" fileid="2" />
            </Method>
            <Method visited="false" cyclomaticComplexity="1" nPathComplexity="0" sequenceCoverage="0" branchCoverage="0" crapScore="2" isConstructor="false" isStatic="false" isGetter="true" isSetter="false">
              <Summary numSequencePoints="1" visitedSequencePoints="0" numBranchPoints="1" visitedBranchPoints="0" sequenceCoverage="0" branchCoverage="0" maxCyclomaticComplexity="1" minCyclomaticComplexity="1" maxCrapScore="2" minCrapScore="2" visitedClasses="0" numClasses="0" visitedMethods="0" numMethods="1" />
              <MetadataToken>100663304</MetadataToken>
              <Name>System.IO.Paging.PhysicalLevel.Classes.PageFactories.IHeaderFactory Test.Paging.PhysicalLevel.BufferedPageFactoryTests::get_HeaderMock()</Name>
              <FileRef uid="2" />
              <SequencePoints>
                <SequencePoint vc="0" uspid="9" ordinal="0" offset="0" sl="21" sc="46" el="21" ec="104" bec="0" bev="0" fileid="2" />
              </SequencePoints>
              <BranchPoints />
              <MethodPoint xsi:type="SequencePoint" vc="0" uspid="9" ordinal="0" offset="0" sl="21" sc="46" el="21" ec="104" bec="0" bev="0" fileid="2" />
            </Method>
            <Method visited="false" cyclomaticComplexity="1" nPathComplexity="0" sequenceCoverage="0" branchCoverage="0" crapScore="2" isConstructor="false" isStatic="false" isGetter="false" isSetter="false">
              <Summary numSequencePoints="3" visitedSequencePoints="0" numBranchPoints="1" visitedBranchPoints="0" sequenceCoverage="0" branchCoverage="0" maxCyclomaticComplexity="1" minCyclomaticComplexity="1" maxCrapScore="2" minCrapScore="2" visitedClasses="0" numClasses="0" visitedMethods="0" numMethods="1" />
              <MetadataToken>100663305</MetadataToken>
              <Name>System.IO.Paging.PhysicalLevel.Contracts.IBufferedPageFactory Test.Paging.PhysicalLevel.BufferedPageFactoryTests::bufferedPageFactory()</Name>
              <FileRef uid="2" />
              <SequencePoints>
                <SequencePoint vc="0" uspid="10" ordinal="0" offset="0" sl="23" sc="9" el="23" ec="10" bec="0" bev="0" fileid="2" />
                <SequencePoint vc="0" uspid="11" ordinal="1" offset="1" sl="24" sc="13" el="24" ec="74" bec="0" bev="0" fileid="2" />
                <SequencePoint vc="0" uspid="12" ordinal="2" offset="27" sl="25" sc="9" el="25" ec="10" bec="0" bev="0" fileid="2" />
              </SequencePoints>
              <BranchPoints />
              <MethodPoint xsi:type="SequencePoint" vc="0" uspid="10" ordinal="0" offset="0" sl="23" sc="9" el="23" ec="10" bec="0" bev="0" fileid="2" />
            </Method>
            <Method visited="false" cyclomaticComplexity="1" nPathComplexity="0" sequenceCoverage="0" branchCoverage="0" crapScore="2" isConstructor="false" isStatic="false" isGetter="false" isSetter="false">
              <Summary numSequencePoints="2" visitedSequencePoints="0" numBranchPoints="1" visitedBranchPoints="0" sequenceCoverage="0" branchCoverage="0" maxCyclomaticComplexity="1" minCyclomaticComplexity="1" maxCrapScore="2" minCrapScore="2" visitedClasses="0" numClasses="0" visitedMethods="0" numMethods="1" />
              <MetadataToken>100663306</MetadataToken>
              <Name>System.Void Test.Paging.PhysicalLevel.BufferedPageFactoryTests::CreatePage()</Name>
              <FileRef uid="2" />
              <SequencePoints>
                <SequencePoint vc="0" uspid="13" ordinal="0" offset="0" sl="29" sc="9" el="29" ec="10" bec="0" bev="0" fileid="2" />
                <SequencePoint vc="0" uspid="14" ordinal="1" offset="1" sl="31" sc="9" el="31" ec="10" bec="0" bev="0" fileid="2" />
              </SequencePoints>
              <BranchPoints />
              <MethodPoint xsi:type="SequencePoint" vc="0" uspid="13" ordinal="0" offset="0" sl="29" sc="9" el="29" ec="10" bec="0" bev="0" fileid="2" />
            </Method>
            <Method visited="false" cyclomaticComplexity="1" nPathComplexity="0" sequenceCoverage="0" branchCoverage="0" crapScore="2" isConstructor="false" isStatic="false" isGetter="false" isSetter="false">
              <Summary numSequencePoints="2" visitedSequencePoints="0" numBranchPoints="1" visitedBranchPoints="0" sequenceCoverage="0" branchCoverage="0" maxCyclomaticComplexity="1" minCyclomaticComplexity="1" maxCrapScore="2" minCrapScore="2" visitedClasses="0" numClasses="0" visitedMethods="0" numMethods="1" />
              <MetadataToken>100663307</MetadataToken>
              <Name>System.Void Test.Paging.PhysicalLevel.BufferedPageFactoryTests::CreateHeaderedPage()</Name>
              <FileRef uid="2" />
              <SequencePoints>
                <SequencePoint vc="0" uspid="15" ordinal="0" offset="0" sl="36" sc="9" el="36" ec="10" bec="0" bev="0" fileid="2" />
                <SequencePoint vc="0" uspid="16" ordinal="1" offset="1" sl="38" sc="9" el="38" ec="10" bec="0" bev="0" fileid="2" />
              </SequencePoints>
              <BranchPoints />
              <MethodPoint xsi:type="SequencePoint" vc="0" uspid="15" ordinal="0" offset="0" sl="36" sc="9" el="36" ec="10" bec="0" bev="0" fileid="2" />
            </Method>
            <Method visited="false" cyclomaticComplexity="1" nPathComplexity="0" sequenceCoverage="0" branchCoverage="0" crapScore="2" isConstructor="true" isStatic="false" isGetter="false" isSetter="false">
              <Summary numSequencePoints="0" visitedSequencePoints="0" numBranchPoints="0" visitedBranchPoints="0" sequenceCoverage="0" branchCoverage="0" maxCyclomaticComplexity="1" minCyclomaticComplexity="1" maxCrapScore="2" minCrapScore="2" visitedClasses="0" numClasses="0" visitedMethods="0" numMethods="0" />
              <MetadataToken>100663308</MetadataToken>
              <Name>System.Void Test.Paging.PhysicalLevel.BufferedPageFactoryTests::.ctor()</Name>
              <SequencePoints />
              <BranchPoints />
              <MethodPoint vc="0" uspid="17" ordinal="0" offset="0" />
            </Method>
          </Methods>
        </Class>
        <Class>
          <Summary numSequencePoints="92" visitedSequencePoints="0" numBranchPoints="20" visitedBranchPoints="0" sequenceCoverage="0" branchCoverage="0" maxCyclomaticComplexity="4" minCyclomaticComplexity="1" maxCrapScore="20" minCrapScore="2" visitedClasses="0" numClasses="1" visitedMethods="0" numMethods="14" />
          <FullName>Test.Paging.PhysicalLevel.GamManagerTest</FullName>
          <Methods>
            <Method visited="false" cyclomaticComplexity="1" nPathComplexity="0" sequenceCoverage="0" branchCoverage="0" crapScore="2" isConstructor="false" isStatic="false" isGetter="true" isSetter="false">
              <Summary numSequencePoints="1" visitedSequencePoints="0" numBranchPoints="1" visitedBranchPoints="0" sequenceCoverage="0" branchCoverage="0" maxCyclomaticComplexity="1" minCyclomaticComplexity="1" maxCrapScore="2" minCrapScore="2" visitedClasses="0" numClasses="0" visitedMethods="0" numMethods="1" />
              <MetadataToken>100663309</MetadataToken>
              <Name>Microsoft.VisualStudio.TestTools.UnitTesting.TestContext Test.Paging.PhysicalLevel.GamManagerTest::get_TestContext()</Name>
              <FileRef uid="3" />
              <SequencePoints>
                <SequencePoint vc="0" uspid="18" ordinal="0" offset="0" sl="17" sc="42" el="17" ec="46" bec="0" bev="0" fileid="3" />
              </SequencePoints>
              <BranchPoints />
              <MethodPoint xsi:type="SequencePoint" vc="0" uspid="18" ordinal="0" offset="0" sl="17" sc="42" el="17" ec="46" bec="0" bev="0" fileid="3" />
            </Method>
            <Method visited="false" cyclomaticComplexity="1" nPathComplexity="0" sequenceCoverage="0" branchCoverage="0" crapScore="2" isConstructor="false" isStatic="false" isGetter="false" isSetter="true">
              <Summary numSequencePoints="1" visitedSequencePoints="0" numBranchPoints="1" visitedBranchPoints="0" sequenceCoverage="0" branchCoverage="0" maxCyclomaticComplexity="1" minCyclomaticComplexity="1" maxCrapScore="2" minCrapScore="2" visitedClasses="0" numClasses="0" visitedMethods="0" numMethods="1" />
              <MetadataToken>100663310</MetadataToken>
              <Name>System.Void Test.Paging.PhysicalLevel.GamManagerTest::set_TestContext(Microsoft.VisualStudio.TestTools.UnitTesting.TestContext)</Name>
              <FileRef uid="3" />
              <SequencePoints>
                <SequencePoint vc="0" uspid="19" ordinal="0" offset="0" sl="17" sc="47" el="17" ec="51" bec="0" bev="0" fileid="3" />
              </SequencePoints>
              <BranchPoints />
              <MethodPoint xsi:type="SequencePoint" vc="0" uspid="19" ordinal="0" offset="0" sl="17" sc="47" el="17" ec="51" bec="0" bev="0" fileid="3" />
            </Method>
            <Method visited="false" cyclomaticComplexity="1" nPathComplexity="0" sequenceCoverage="0" branchCoverage="0" crapScore="2" isConstructor="false" isStatic="false" isGetter="true" isSetter="false">
              <Summary numSequencePoints="1" visitedSequencePoints="0" numBranchPoints="1" visitedBranchPoints="0" sequenceCoverage="0" branchCoverage="0" maxCyclomaticComplexity="1" minCyclomaticComplexity="1" maxCrapScore="2" minCrapScore="2" visitedClasses="0" numClasses="0" visitedMethods="0" numMethods="1" />
              <MetadataToken>100663315</MetadataToken>
              <Name>System.String Test.Paging.PhysicalLevel.GamManagerTest::get_FileName()</Name>
              <FileRef uid="3" />
              <SequencePoints>
                <SequencePoint vc="0" uspid="20" ordinal="0" offset="0" sl="43" sc="34" el="43" ec="54" bec="0" bev="0" fileid="3" />
              </SequencePoints>
              <BranchPoints />
              <MethodPoint xsi:type="SequencePoint" vc="0" uspid="20" ordinal="0" offset="0" sl="43" sc="34" el="43" ec="54" bec="0" bev="0" fileid="3" />
            </Method>
            <Method visited="false" cyclomaticComplexity="1" nPathComplexity="0" sequenceCoverage="0" branchCoverage="0" crapScore="2" isConstructor="false" isStatic="true" isGetter="false" isSetter="false">
              <Summary numSequencePoints="1" visitedSequencePoints="0" numBranchPoints="1" visitedBranchPoints="0" sequenceCoverage="0" branchCoverage="0" maxCyclomaticComplexity="1" minCyclomaticComplexity="1" maxCrapScore="2" minCrapScore="2" visitedClasses="0" numClasses="0" visitedMethods="0" numMethods="1" />
              <MetadataToken>100663311</MetadataToken>
              <Name>System.Byte[] Test.Paging.PhysicalLevel.GamManagerTest::CreateEmptyGam()</Name>
              <FileRef uid="3" />
              <SequencePoints>
                <SequencePoint vc="0" uspid="21" ordinal="0" offset="0" sl="20" sc="51" el="20" ec="72" bec="0" bev="0" fileid="3" />
              </SequencePoints>
              <BranchPoints />
              <MethodPoint xsi:type="SequencePoint" vc="0" uspid="21" ordinal="0" offset="0" sl="20" sc="51" el="20" ec="72" bec="0" bev="0" fileid="3" />
            </Method>
            <Method visited="false" cyclomaticComplexity="1" nPathComplexity="0" sequenceCoverage="0" branchCoverage="0" crapScore="2" isConstructor="false" isStatic="true" isGetter="false" isSetter="false">
              <Summary numSequencePoints="3" visitedSequencePoints="0" numBranchPoints="1" visitedBranchPoints="0" sequenceCoverage="0" branchCoverage="0" maxCyclomaticComplexity="1" minCyclomaticComplexity="1" maxCrapScore="2" minCrapScore="2" visitedClasses="0" numClasses="0" visitedMethods="0" numMethods="1" />
              <MetadataToken>100663312</MetadataToken>
              <Name>System.Void Test.Paging.PhysicalLevel.GamManagerTest::MarkInGamFilled(System.Byte[],System.Int32,System.Byte)</Name>
              <FileRef uid="3" />
              <SequencePoints>
                <SequencePoint vc="0" uspid="22" ordinal="0" offset="0" sl="24" sc="9" el="24" ec="10" bec="0" bev="0" fileid="3" />
                <SequencePoint vc="0" uspid="23" ordinal="1" offset="1" sl="25" sc="13" el="25" ec="33" bec="0" bev="0" fileid="3" />
                <SequencePoint vc="0" uspid="24" ordinal="2" offset="5" sl="26" sc="9" el="26" ec="10" bec="0" bev="0" fileid="3" />
              </SequencePoints>
              <BranchPoints />
              <MethodPoint xsi:type="SequencePoint" vc="0" uspid="22" ordinal="0" offset="0" sl="24" sc="9" el="24" ec="10" bec="0" bev="0" fileid="3" />
            </Method>
            <Method visited="false" cyclomaticComplexity="1" nPathComplexity="0" sequenceCoverage="0" branchCoverage="0" crapScore="2" isConstructor="false" isStatic="true" isGetter="false" isSetter="false">
              <Summary numSequencePoints="3" visitedSequencePoints="0" numBranchPoints="1" visitedBranchPoints="0" sequenceCoverage="0" branchCoverage="0" maxCyclomaticComplexity="1" minCyclomaticComplexity="1" maxCrapScore="2" minCrapScore="2" visitedClasses="0" numClasses="0" visitedMethods="0" numMethods="1" />
              <MetadataToken>100663313</MetadataToken>
              <Name>System.Void Test.Paging.PhysicalLevel.GamManagerTest::MarkInGamEmpty(System.Byte[],System.Int32)</Name>
              <FileRef uid="3" />
              <SequencePoints>
                <SequencePoint vc="0" uspid="25" ordinal="0" offset="0" sl="31" sc="9" el="31" ec="10" bec="0" bev="0" fileid="3" />
                <SequencePoint vc="0" uspid="26" ordinal="1" offset="1" sl="33" sc="13" el="33" ec="30" bec="0" bev="0" fileid="3" />
                <SequencePoint vc="0" uspid="27" ordinal="2" offset="5" sl="34" sc="9" el="34" ec="10" bec="0" bev="0" fileid="3" />
              </SequencePoints>
              <BranchPoints />
              <MethodPoint xsi:type="SequencePoint" vc="0" uspid="25" ordinal="0" offset="0" sl="31" sc="9" el="31" ec="10" bec="0" bev="0" fileid="3" />
            </Method>
            <Method visited="false" cyclomaticComplexity="1" nPathComplexity="0" sequenceCoverage="0" branchCoverage="0" crapScore="2" isConstructor="false" isStatic="false" isGetter="false" isSetter="false">
              <Summary numSequencePoints="5" visitedSequencePoints="0" numBranchPoints="1" visitedBranchPoints="0" sequenceCoverage="0" branchCoverage="0" maxCyclomaticComplexity="1" minCyclomaticComplexity="1" maxCrapScore="2" minCrapScore="2" visitedClasses="0" numClasses="0" visitedMethods="0" numMethods="1" />
              <MetadataToken>100663314</MetadataToken>
              <Name>System.Void Test.Paging.PhysicalLevel.GamManagerTest::CheckFile(System.Byte[])</Name>
              <FileRef uid="3" />
              <SequencePoints>
                <SequencePoint vc="0" uspid="28" ordinal="0" offset="0" sl="37" sc="9" el="37" ec="10" bec="0" bev="0" fileid="3" />
                <SequencePoint vc="0" uspid="29" ordinal="1" offset="1" sl="38" sc="13" el="38" ec="28" bec="0" bev="0" fileid="3" />
                <SequencePoint vc="0" uspid="30" ordinal="2" offset="13" sl="39" sc="13" el="39" ec="79" bec="0" bev="0" fileid="3" />
                <SequencePoint vc="0" uspid="31" ordinal="3" offset="38" sl="40" sc="13" el="40" ec="50" bec="0" bev="0" fileid="3" />
                <SequencePoint vc="0" uspid="32" ordinal="4" offset="46" sl="41" sc="9" el="41" ec="10" bec="0" bev="0" fileid="3" />
              </SequencePoints>
              <BranchPoints />
              <MethodPoint xsi:type="SequencePoint" vc="0" uspid="28" ordinal="0" offset="0" sl="37" sc="9" el="37" ec="10" bec="0" bev="0" fileid="3" />
            </Method>
            <Method visited="false" cyclomaticComplexity="3" nPathComplexity="4" sequenceCoverage="0" branchCoverage="0" crapScore="12" isConstructor="false" isStatic="false" isGetter="false" isSetter="false">
              <Summary numSequencePoints="9" visitedSequencePoints="0" numBranchPoints="5" visitedBranchPoints="0" sequenceCoverage="0" branchCoverage="0" maxCyclomaticComplexity="3" minCyclomaticComplexity="3" maxCrapScore="12" minCrapScore="12" visitedClasses="0" numClasses="0" visitedMethods="0" numMethods="1" />
              <MetadataToken>100663316</MetadataToken>
              <Name>System.IO.Paging.PhysicalLevel.Contracts.Internal.IGamAccessor Test.Paging.PhysicalLevel.GamManagerTest::GetManager()</Name>
              <FileRef uid="3" />
              <SequencePoints>
                <SequencePoint vc="0" uspid="33" ordinal="0" offset="13" sl="46" sc="9" el="46" ec="10" bec="0" bev="0" fileid="3" />
                <SequencePoint vc="0" uspid="34" ordinal="1" offset="14" sl="47" sc="13" el="47" ec="71" bec="2" bev="0" fileid="3" />
                <SequencePoint vc="0" uspid="35" ordinal="2" offset="56" sl="48" sc="13" el="48" ec="64" bec="0" bev="0" fileid="3" />
                <SequencePoint vc="0" uspid="36" ordinal="3" offset="134" sl="49" sc="13" el="51" ec="155" bec="0" bev="0" fileid="3" />
                <SequencePoint vc="0" uspid="37" ordinal="4" offset="253" sl="53" sc="13" el="53" ec="141" bec="2" bev="0" fileid="3" />
                <SequencePoint vc="0" uspid="38" ordinal="5" offset="391" sl="54" sc="13" el="54" ec="43" bec="0" bev="0" fileid="3" />
                <SequencePoint vc="0" uspid="39" ordinal="6" offset="403" sl="55" sc="13" el="55" ec="44" bec="0" bev="0" fileid="3" />
                <SequencePoint vc="0" uspid="40" ordinal="7" offset="416" sl="56" sc="13" el="56" ec="22" bec="0" bev="0" fileid="3" />
                <SequencePoint vc="0" uspid="41" ordinal="8" offset="420" sl="57" sc="9" el="57" ec="10" bec="0" bev="0" fileid="3" />
              </SequencePoints>
              <BranchPoints>
                <BranchPoint vc="0" uspid="42" ordinal="0" offset="21" sl="47" path="0" offsetend="23" fileid="3" />
                <BranchPoint vc="0" uspid="43" ordinal="1" offset="21" sl="47" path="1" offsetend="46" fileid="3" />
                <BranchPoint vc="0" uspid="44" ordinal="2" offset="360" sl="53" path="0" offsetend="362" fileid="3" />
                <BranchPoint vc="0" uspid="45" ordinal="3" offset="360" sl="53" path="1" offsetend="385" fileid="3" />
              </BranchPoints>
              <MethodPoint vc="0" uspid="46" ordinal="0" offset="0" />
            </Method>
            <Method visited="false" cyclomaticComplexity="1" nPathComplexity="0" sequenceCoverage="0" branchCoverage="0" crapScore="2" isConstructor="false" isStatic="false" isGetter="false" isSetter="false">
              <Summary numSequencePoints="8" visitedSequencePoints="0" numBranchPoints="1" visitedBranchPoints="0" sequenceCoverage="0" branchCoverage="0" maxCyclomaticComplexity="1" minCyclomaticComplexity="1" maxCrapScore="2" minCrapScore="2" visitedClasses="0" numClasses="0" visitedMethods="0" numMethods="1" />
              <MetadataToken>100663317</MetadataToken>
              <Name>System.Void Test.Paging.PhysicalLevel.GamManagerTest::Clean()</Name>
              <FileRef uid="3" />
              <SequencePoints>
                <SequencePoint vc="0" uspid="47" ordinal="0" offset="0" sl="60" sc="9" el="60" ec="10" bec="0" bev="0" fileid="3" />
                <SequencePoint vc="0" uspid="48" ordinal="1" offset="1" sl="62" sc="13" el="62" ec="14" bec="0" bev="0" fileid="3" />
                <SequencePoint vc="0" uspid="49" ordinal="2" offset="2" sl="64" sc="17" el="64" ec="49" bec="0" bev="0" fileid="3" />
                <SequencePoint vc="0" uspid="50" ordinal="3" offset="14" sl="65" sc="13" el="65" ec="14" bec="0" bev="0" fileid="3" />
                <SequencePoint vc="0" uspid="51" ordinal="4" offset="17" sl="66" sc="13" el="66" ec="18" bec="0" bev="0" fileid="3" />
                <SequencePoint vc="0" uspid="52" ordinal="5" offset="18" sl="66" sc="19" el="66" ec="20" bec="0" bev="0" fileid="3" />
                <SequencePoint vc="0" uspid="53" ordinal="6" offset="19" sl="66" sc="21" el="66" ec="22" bec="0" bev="0" fileid="3" />
                <SequencePoint vc="0" uspid="54" ordinal="7" offset="22" sl="67" sc="9" el="67" ec="10" bec="0" bev="0" fileid="3" />
              </SequencePoints>
              <BranchPoints />
              <MethodPoint xsi:type="SequencePoint" vc="0" uspid="47" ordinal="0" offset="0" sl="60" sc="9" el="60" ec="10" bec="0" bev="0" fileid="3" />
            </Method>
            <Method visited="false" cyclomaticComplexity="2" nPathComplexity="0" sequenceCoverage="0" branchCoverage="0" crapScore="6" isConstructor="false" isStatic="false" isGetter="false" isSetter="false">
              <Summary numSequencePoints="10" visitedSequencePoints="0" numBranchPoints="1" visitedBranchPoints="0" sequenceCoverage="0" branchCoverage="0" maxCyclomaticComplexity="2" minCyclomaticComplexity="2" maxCrapScore="6" minCrapScore="6" visitedClasses="0" numClasses="0" visitedMethods="0" numMethods="1" />
              <MetadataToken>100663318</MetadataToken>
              <Name>System.Void Test.Paging.PhysicalLevel.GamManagerTest::MarkUsed()</Name>
              <FileRef uid="3" />
              <SequencePoints>
                <SequencePoint vc="0" uspid="55" ordinal="0" offset="0" sl="70" sc="9" el="70" ec="10" bec="0" bev="0" fileid="3" />
                <SequencePoint vc="0" uspid="56" ordinal="1" offset="1" sl="72" sc="20" el="72" ec="46" bec="0" bev="0" fileid="3" />
                <SequencePoint vc="0" uspid="57" ordinal="2" offset="8" sl="73" sc="13" el="73" ec="14" bec="0" bev="0" fileid="3" />
                <SequencePoint vc="0" uspid="58" ordinal="3" offset="9" sl="74" sc="17" el="74" ec="55" bec="0" bev="0" fileid="3" />
                <SequencePoint vc="0" uspid="59" ordinal="4" offset="17" sl="75" sc="17" el="75" ec="45" bec="0" bev="0" fileid="3" />
                <SequencePoint vc="0" uspid="60" ordinal="5" offset="25" sl="76" sc="13" el="76" ec="14" bec="0" bev="0" fileid="3" />
                <SequencePoint vc="0" uspid="61" ordinal="6" offset="39" sl="78" sc="13" el="78" ec="40" bec="0" bev="0" fileid="3" />
                <SequencePoint vc="0" uspid="62" ordinal="7" offset="45" sl="79" sc="13" el="79" ec="40" bec="0" bev="0" fileid="3" />
                <SequencePoint vc="0" uspid="63" ordinal="8" offset="54" sl="80" sc="13" el="80" ec="28" bec="0" bev="0" fileid="3" />
                <SequencePoint vc="0" uspid="64" ordinal="9" offset="62" sl="81" sc="9" el="81" ec="10" bec="0" bev="0" fileid="3" />
              </SequencePoints>
              <BranchPoints />
              <MethodPoint xsi:type="SequencePoint" vc="0" uspid="55" ordinal="0" offset="0" sl="70" sc="9" el="70" ec="10" bec="0" bev="0" fileid="3" />
            </Method>
            <Method visited="false" cyclomaticComplexity="4" nPathComplexity="2" sequenceCoverage="0" branchCoverage="0" crapScore="20" isConstructor="false" isStatic="false" isGetter="false" isSetter="false">
              <Summary numSequencePoints="20" visitedSequencePoints="0" numBranchPoints="3" visitedBranchPoints="0" sequenceCoverage="0" branchCoverage="0" maxCyclomaticComplexity="4" minCyclomaticComplexity="4" maxCrapScore="20" minCrapScore="20" visitedClasses="0" numClasses="0" visitedMethods="0" numMethods="1" />
              <MetadataToken>100663319</MetadataToken>
              <Name>System.Void Test.Paging.PhysicalLevel.GamManagerTest::MarkUsedWhenGamFull()</Name>
              <FileRef uid="3" />
              <SequencePoints>
                <SequencePoint vc="0" uspid="65" ordinal="0" offset="0" sl="85" sc="9" el="85" ec="10" bec="0" bev="0" fileid="3" />
                <SequencePoint vc="0" uspid="66" ordinal="1" offset="1" sl="86" sc="20" el="86" ec="62" bec="0" bev="0" fileid="3" />
                <SequencePoint vc="0" uspid="67" ordinal="2" offset="13" sl="87" sc="13" el="87" ec="14" bec="0" bev="0" fileid="3" />
                <SequencePoint vc="0" uspid="68" ordinal="3" offset="14" sl="88" sc="17" el="88" ec="79" bec="0" bev="0" fileid="3" />
                <SequencePoint vc="0" uspid="69" ordinal="4" offset="31" sl="89" sc="17" el="89" ec="51" bec="0" bev="0" fileid="3" />
                <SequencePoint vc="0" uspid="70" ordinal="5" offset="45" sl="90" sc="13" el="90" ec="14" bec="0" bev="0" fileid="3" />
                <SequencePoint vc="0" uspid="71" ordinal="6" offset="59" sl="91" sc="20" el="91" ec="46" bec="0" bev="0" fileid="3" />
                <SequencePoint vc="0" uspid="72" ordinal="7" offset="67" sl="92" sc="13" el="92" ec="14" bec="0" bev="0" fileid="3" />
                <SequencePoint vc="0" uspid="73" ordinal="8" offset="68" sl="93" sc="17" el="93" ec="55" bec="0" bev="0" fileid="3" />
                <SequencePoint vc="0" uspid="74" ordinal="9" offset="78" sl="94" sc="17" el="94" ec="55" bec="0" bev="0" fileid="3" />
                <SequencePoint vc="0" uspid="75" ordinal="10" offset="91" sl="95" sc="13" el="95" ec="14" bec="0" bev="0" fileid="3" />
                <SequencePoint vc="0" uspid="76" ordinal="11" offset="107" sl="97" sc="13" el="97" ec="40" bec="0" bev="0" fileid="3" />
                <SequencePoint vc="0" uspid="77" ordinal="12" offset="113" sl="98" sc="13" el="98" ec="41" bec="0" bev="0" fileid="3" />
                <SequencePoint vc="0" uspid="78" ordinal="13" offset="119" sl="99" sc="17" el="99" ec="26" bec="0" bev="0" fileid="3" />
                <SequencePoint vc="0" uspid="79" ordinal="14" offset="124" sl="99" sc="48" el="99" ec="75" bec="0" bev="0" fileid="3" />
                <SequencePoint vc="0" uspid="80" ordinal="15" offset="134" sl="99" sc="43" el="99" ec="46" bec="0" bev="0" fileid="3" />
                <SequencePoint vc="0" uspid="81" ordinal="16" offset="140" sl="99" sc="27" el="99" ec="41" bec="2" bev="0" fileid="3" />
                <SequencePoint vc="0" uspid="82" ordinal="17" offset="155" sl="100" sc="13" el="100" ec="41" bec="0" bev="0" fileid="3" />
                <SequencePoint vc="0" uspid="83" ordinal="18" offset="164" sl="101" sc="13" el="101" ec="51" bec="0" bev="0" fileid="3" />
                <SequencePoint vc="0" uspid="84" ordinal="19" offset="183" sl="102" sc="9" el="102" ec="10" bec="0" bev="0" fileid="3" />
              </SequencePoints>
              <BranchPoints>
                <BranchPoint vc="0" uspid="85" ordinal="0" offset="153" sl="99" path="0" offsetend="155" fileid="3" />
                <BranchPoint vc="0" uspid="86" ordinal="1" offset="153" sl="99" path="1" offsetend="124" fileid="3" />
              </BranchPoints>
              <MethodPoint xsi:type="SequencePoint" vc="0" uspid="65" ordinal="0" offset="0" sl="85" sc="9" el="85" ec="10" bec="0" bev="0" fileid="3" />
            </Method>
            <Method visited="false" cyclomaticComplexity="3" nPathComplexity="0" sequenceCoverage="0" branchCoverage="0" crapScore="12" isConstructor="false" isStatic="false" isGetter="false" isSetter="false">
              <Summary numSequencePoints="15" visitedSequencePoints="0" numBranchPoints="1" visitedBranchPoints="0" sequenceCoverage="0" branchCoverage="0" maxCyclomaticComplexity="3" minCyclomaticComplexity="3" maxCrapScore="12" minCrapScore="12" visitedClasses="0" numClasses="0" visitedMethods="0" numMethods="1" />
              <MetadataToken>100663320</MetadataToken>
              <Name>System.Void Test.Paging.PhysicalLevel.GamManagerTest::MarkUsed_WhenOnePageUsed()</Name>
              <FileRef uid="3" />
              <SequencePoints>
                <SequencePoint vc="0" uspid="87" ordinal="0" offset="0" sl="106" sc="9" el="106" ec="10" bec="0" bev="0" fileid="3" />
                <SequencePoint vc="0" uspid="88" ordinal="1" offset="1" sl="107" sc="13" el="107" ec="40" bec="0" bev="0" fileid="3" />
                <SequencePoint vc="0" uspid="89" ordinal="2" offset="7" sl="108" sc="13" el="108" ec="40" bec="0" bev="0" fileid="3" />
                <SequencePoint vc="0" uspid="90" ordinal="3" offset="16" sl="109" sc="20" el="109" ec="62" bec="0" bev="0" fileid="3" />
                <SequencePoint vc="0" uspid="91" ordinal="4" offset="28" sl="110" sc="13" el="110" ec="14" bec="0" bev="0" fileid="3" />
                <SequencePoint vc="0" uspid="92" ordinal="5" offset="29" sl="111" sc="17" el="111" ec="52" bec="0" bev="0" fileid="3" />
                <SequencePoint vc="0" uspid="93" ordinal="6" offset="48" sl="112" sc="13" el="112" ec="14" bec="0" bev="0" fileid="3" />
                <SequencePoint vc="0" uspid="94" ordinal="7" offset="62" sl="114" sc="20" el="114" ec="46" bec="0" bev="0" fileid="3" />
                <SequencePoint vc="0" uspid="95" ordinal="8" offset="69" sl="115" sc="13" el="115" ec="14" bec="0" bev="0" fileid="3" />
                <SequencePoint vc="0" uspid="96" ordinal="9" offset="70" sl="116" sc="17" el="116" ec="55" bec="0" bev="0" fileid="3" />
                <SequencePoint vc="0" uspid="97" ordinal="10" offset="78" sl="117" sc="17" el="117" ec="45" bec="0" bev="0" fileid="3" />
                <SequencePoint vc="0" uspid="98" ordinal="11" offset="86" sl="118" sc="13" el="118" ec="14" bec="0" bev="0" fileid="3" />
                <SequencePoint vc="0" uspid="99" ordinal="12" offset="100" sl="120" sc="13" el="120" ec="40" bec="0" bev="0" fileid="3" />
                <SequencePoint vc="0" uspid="100" ordinal="13" offset="109" sl="121" sc="13" el="121" ec="28" bec="0" bev="0" fileid="3" />
                <SequencePoint vc="0" uspid="101" ordinal="14" offset="117" sl="122" sc="9" el="122" ec="10" bec="0" bev="0" fileid="3" />
              </SequencePoints>
              <BranchPoints />
              <MethodPoint xsi:type="SequencePoint" vc="0" uspid="87" ordinal="0" offset="0" sl="106" sc="9" el="106" ec="10" bec="0" bev="0" fileid="3" />
            </Method>
            <Method visited="false" cyclomaticComplexity="3" nPathComplexity="0" sequenceCoverage="0" branchCoverage="0" crapScore="12" isConstructor="false" isStatic="false" isGetter="false" isSetter="false">
              <Summary numSequencePoints="14" visitedSequencePoints="0" numBranchPoints="1" visitedBranchPoints="0" sequenceCoverage="0" branchCoverage="0" maxCyclomaticComplexity="3" minCyclomaticComplexity="3" maxCrapScore="12" minCrapScore="12" visitedClasses="0" numClasses="0" visitedMethods="0" numMethods="1" />
              <MetadataToken>100663321</MetadataToken>
              <Name>System.Void Test.Paging.PhysicalLevel.GamManagerTest::MarkFree()</Name>
              <FileRef uid="3" />
              <SequencePoints>
                <SequencePoint vc="0" uspid="102" ordinal="0" offset="0" sl="127" sc="9" el="127" ec="10" bec="0" bev="0" fileid="3" />
                <SequencePoint vc="0" uspid="103" ordinal="1" offset="1" sl="128" sc="13" el="128" ec="40" bec="0" bev="0" fileid="3" />
                <SequencePoint vc="0" uspid="104" ordinal="2" offset="7" sl="129" sc="13" el="129" ec="40" bec="0" bev="0" fileid="3" />
                <SequencePoint vc="0" uspid="105" ordinal="3" offset="16" sl="130" sc="20" el="130" ec="62" bec="0" bev="0" fileid="3" />
                <SequencePoint vc="0" uspid="106" ordinal="4" offset="28" sl="131" sc="13" el="131" ec="14" bec="0" bev="0" fileid="3" />
                <SequencePoint vc="0" uspid="107" ordinal="5" offset="29" sl="132" sc="17" el="132" ec="52" bec="0" bev="0" fileid="3" />
                <SequencePoint vc="0" uspid="108" ordinal="6" offset="48" sl="133" sc="13" el="133" ec="14" bec="0" bev="0" fileid="3" />
                <SequencePoint vc="0" uspid="109" ordinal="7" offset="62" sl="135" sc="20" el="135" ec="46" bec="0" bev="0" fileid="3" />
                <SequencePoint vc="0" uspid="110" ordinal="8" offset="69" sl="136" sc="13" el="136" ec="14" bec="0" bev="0" fileid="3" />
                <SequencePoint vc="0" uspid="111" ordinal="9" offset="70" sl="137" sc="17" el="137" ec="41" bec="0" bev="0" fileid="3" />
                <SequencePoint vc="0" uspid="112" ordinal="10" offset="78" sl="139" sc="13" el="139" ec="14" bec="0" bev="0" fileid="3" />
                <SequencePoint vc="0" uspid="113" ordinal="11" offset="92" sl="141" sc="13" el="141" ec="36" bec="0" bev="0" fileid="3" />
                <SequencePoint vc="0" uspid="114" ordinal="12" offset="100" sl="142" sc="13" el="142" ec="28" bec="0" bev="0" fileid="3" />
                <SequencePoint vc="0" uspid="115" ordinal="13" offset="108" sl="143" sc="9" el="143" ec="10" bec="0" bev="0" fileid="3" />
              </SequencePoints>
              <BranchPoints />
              <MethodPoint xsi:type="SequencePoint" vc="0" uspid="102" ordinal="0" offset="0" sl="127" sc="9" el="127" ec="10" bec="0" bev="0" fileid="3" />
            </Method>
            <Method visited="false" cyclomaticComplexity="1" nPathComplexity="0" sequenceCoverage="0" branchCoverage="0" crapScore="2" isConstructor="true" isStatic="false" isGetter="false" isSetter="false">
              <Summary numSequencePoints="0" visitedSequencePoints="0" numBranchPoints="0" visitedBranchPoints="0" sequenceCoverage="0" branchCoverage="0" maxCyclomaticComplexity="1" minCyclomaticComplexity="1" maxCrapScore="2" minCrapScore="2" visitedClasses="0" numClasses="0" visitedMethods="0" numMethods="0" />
              <MetadataToken>100663322</MetadataToken>
              <Name>System.Void Test.Paging.PhysicalLevel.GamManagerTest::.ctor()</Name>
              <SequencePoints />
              <BranchPoints />
              <MethodPoint vc="0" uspid="116" ordinal="0" offset="0" />
            </Method>
            <Method visited="false" cyclomaticComplexity="1" nPathComplexity="0" sequenceCoverage="0" branchCoverage="0" crapScore="2" isConstructor="true" isStatic="true" isGetter="false" isSetter="false">
              <Summary numSequencePoints="1" visitedSequencePoints="0" numBranchPoints="1" visitedBranchPoints="0" sequenceCoverage="0" branchCoverage="0" maxCyclomaticComplexity="1" minCyclomaticComplexity="1" maxCrapScore="2" minCrapScore="2" visitedClasses="0" numClasses="0" visitedMethods="0" numMethods="1" />
              <MetadataToken>100663323</MetadataToken>
              <Name>System.Void Test.Paging.PhysicalLevel.GamManagerTest::.cctor()</Name>
              <FileRef uid="3" />
              <SequencePoints>
                <SequencePoint vc="0" uspid="117" ordinal="0" offset="0" sl="19" sc="9" el="19" ec="50" bec="0" bev="0" fileid="3" />
              </SequencePoints>
              <BranchPoints />
              <MethodPoint xsi:type="SequencePoint" vc="0" uspid="117" ordinal="0" offset="0" sl="19" sc="9" el="19" ec="50" bec="0" bev="0" fileid="3" />
            </Method>
          </Methods>
        </Class>
        <Class>
          <Summary numSequencePoints="5" visitedSequencePoints="0" numBranchPoints="1" visitedBranchPoints="0" sequenceCoverage="0" branchCoverage="0" maxCyclomaticComplexity="1" minCyclomaticComplexity="1" maxCrapScore="2" minCrapScore="2" visitedClasses="0" numClasses="1" visitedMethods="0" numMethods="1" />
          <FullName>Test.Paging.PhysicalLevel.GamManagerTest/&lt;&gt;c__DisplayClass12_0</FullName>
          <Methods>
            <Method visited="false" cyclomaticComplexity="1" nPathComplexity="0" sequenceCoverage="0" branchCoverage="0" crapScore="2" isConstructor="true" isStatic="false" isGetter="false" isSetter="false">
              <Summary numSequencePoints="0" visitedSequencePoints="0" numBranchPoints="0" visitedBranchPoints="0" sequenceCoverage="0" branchCoverage="0" maxCyclomaticComplexity="1" minCyclomaticComplexity="1" maxCrapScore="2" minCrapScore="2" visitedClasses="0" numClasses="0" visitedMethods="0" numMethods="0" />
              <MetadataToken>100663500</MetadataToken>
              <Name>System.Void Test.Paging.PhysicalLevel.GamManagerTest/&lt;&gt;c__DisplayClass12_0::.ctor()</Name>
              <SequencePoints />
              <BranchPoints />
              <MethodPoint vc="0" uspid="118" ordinal="0" offset="0" />
            </Method>
            <Method visited="false" cyclomaticComplexity="1" nPathComplexity="0" sequenceCoverage="0" branchCoverage="0" crapScore="2" isConstructor="false" isStatic="false" isGetter="false" isSetter="false">
              <Summary numSequencePoints="5" visitedSequencePoints="0" numBranchPoints="1" visitedBranchPoints="0" sequenceCoverage="0" branchCoverage="0" maxCyclomaticComplexity="1" minCyclomaticComplexity="1" maxCrapScore="2" minCrapScore="2" visitedClasses="0" numClasses="0" visitedMethods="0" numMethods="1" />
              <MetadataToken>100663501</MetadataToken>
              <Name>System.IO.MemoryMappedFiles.MemoryMappedFile Test.Paging.PhysicalLevel.GamManagerTest/&lt;&gt;c__DisplayClass12_0::&lt;GetManager&gt;b__3(System.Int64)</Name>
              <FileRef uid="3" />
              <SequencePoints>
                <SequencePoint vc="0" uspid="119" ordinal="0" offset="0" sl="51" sc="17" el="51" ec="18" bec="0" bev="0" fileid="3" />
                <SequencePoint vc="0" uspid="120" ordinal="1" offset="1" sl="51" sc="19" el="51" ec="100" bec="0" bev="0" fileid="3" />
                <SequencePoint vc="0" uspid="121" ordinal="2" offset="31" sl="51" sc="100" el="51" ec="138" bec="0" bev="0" fileid="3" />
                <SequencePoint vc="0" uspid="122" ordinal="3" offset="56" sl="51" sc="139" el="51" ec="151" bec="0" bev="0" fileid="3" />
                <SequencePoint vc="0" uspid="123" ordinal="4" offset="70" sl="51" sc="152" el="51" ec="153" bec="0" bev="0" fileid="3" />
              </SequencePoints>
              <BranchPoints />
              <MethodPoint xsi:type="SequencePoint" vc="0" uspid="119" ordinal="0" offset="0" sl="51" sc="17" el="51" ec="18" bec="0" bev="0" fileid="3" />
            </Method>
          </Methods>
        </Class>
        <Class>
          <Summary numSequencePoints="5" visitedSequencePoints="0" numBranchPoints="4" visitedBranchPoints="0" sequenceCoverage="0" branchCoverage="0" maxCyclomaticComplexity="2" minCyclomaticComplexity="1" maxCrapScore="6" minCrapScore="2" visitedClasses="0" numClasses="1" visitedMethods="0" numMethods="2" />
          <FullName>Test.Paging.PhysicalLevel.GamManagerTest/&lt;&gt;c</FullName>
          <Methods>
            <Method visited="false" cyclomaticComplexity="1" nPathComplexity="0" sequenceCoverage="0" branchCoverage="0" crapScore="2" isConstructor="true" isStatic="true" isGetter="false" isSetter="false">
              <Summary numSequencePoints="0" visitedSequencePoints="0" numBranchPoints="0" visitedBranchPoints="0" sequenceCoverage="0" branchCoverage="0" maxCyclomaticComplexity="1" minCyclomaticComplexity="1" maxCrapScore="2" minCrapScore="2" visitedClasses="0" numClasses="0" visitedMethods="0" numMethods="0" />
              <MetadataToken>100663502</MetadataToken>
              <Name>System.Void Test.Paging.PhysicalLevel.GamManagerTest/&lt;&gt;c::.cctor()</Name>
              <SequencePoints />
              <BranchPoints />
              <MethodPoint vc="0" uspid="124" ordinal="0" offset="0" />
            </Method>
            <Method visited="false" cyclomaticComplexity="1" nPathComplexity="0" sequenceCoverage="0" branchCoverage="0" crapScore="2" isConstructor="true" isStatic="false" isGetter="false" isSetter="false">
              <Summary numSequencePoints="0" visitedSequencePoints="0" numBranchPoints="0" visitedBranchPoints="0" sequenceCoverage="0" branchCoverage="0" maxCyclomaticComplexity="1" minCyclomaticComplexity="1" maxCrapScore="2" minCrapScore="2" visitedClasses="0" numClasses="0" visitedMethods="0" numMethods="0" />
              <MetadataToken>100663503</MetadataToken>
              <Name>System.Void Test.Paging.PhysicalLevel.GamManagerTest/&lt;&gt;c::.ctor()</Name>
              <SequencePoints />
              <BranchPoints />
              <MethodPoint vc="0" uspid="125" ordinal="0" offset="0" />
            </Method>
            <Method visited="false" cyclomaticComplexity="1" nPathComplexity="0" sequenceCoverage="0" branchCoverage="0" crapScore="2" isConstructor="false" isStatic="false" isGetter="false" isSetter="false">
              <Summary numSequencePoints="1" visitedSequencePoints="0" numBranchPoints="1" visitedBranchPoints="0" sequenceCoverage="0" branchCoverage="0" maxCyclomaticComplexity="1" minCyclomaticComplexity="1" maxCrapScore="2" minCrapScore="2" visitedClasses="0" numClasses="0" visitedMethods="0" numMethods="1" />
              <MetadataToken>100663504</MetadataToken>
              <Name>System.Void Test.Paging.PhysicalLevel.GamManagerTest/&lt;&gt;c::&lt;GetManager&gt;b__12_0(FakeItEasy.Creation.IFakeOptions`1&lt;System.IO.Paging.PhysicalLevel.Contracts.Internal.IUnderlyingFileOperator&gt;)</Name>
              <FileRef uid="3" />
              <SequencePoints>
                <SequencePoint vc="0" uspid="126" ordinal="0" offset="0" sl="47" sc="59" el="47" ec="69" bec="0" bev="0" fileid="3" />
              </SequencePoints>
              <BranchPoints />
              <MethodPoint xsi:type="SequencePoint" vc="0" uspid="126" ordinal="0" offset="0" sl="47" sc="59" el="47" ec="69" bec="0" bev="0" fileid="3" />
            </Method>
            <Method visited="false" cyclomaticComplexity="2" nPathComplexity="2" sequenceCoverage="0" branchCoverage="0" crapScore="6" isConstructor="false" isStatic="false" isGetter="false" isSetter="false">
              <Summary numSequencePoints="4" visitedSequencePoints="0" numBranchPoints="3" visitedBranchPoints="0" sequenceCoverage="0" branchCoverage="0" maxCyclomaticComplexity="2" minCyclomaticComplexity="2" maxCrapScore="6" minCrapScore="6" visitedClasses="0" numClasses="0" visitedMethods="0" numMethods="1" />
              <MetadataToken>100663505</MetadataToken>
              <Name>System.Void Test.Paging.PhysicalLevel.GamManagerTest/&lt;&gt;c::&lt;GetManager&gt;b__12_5(System.IO.MemoryMappedFiles.MemoryMappedFile)</Name>
              <FileRef uid="3" />
              <SequencePoints>
                <SequencePoint vc="0" uspid="127" ordinal="0" offset="0" sl="53" sc="111" el="53" ec="112" bec="0" bev="0" fileid="3" />
                <SequencePoint vc="0" uspid="128" ordinal="1" offset="1" sl="53" sc="113" el="53" ec="125" bec="2" bev="0" fileid="3" />
                <SequencePoint vc="0" uspid="129" ordinal="2" offset="9" sl="53" sc="126" el="53" ec="138" bec="0" bev="0" fileid="3" />
                <SequencePoint vc="0" uspid="130" ordinal="3" offset="16" sl="53" sc="138" el="53" ec="139" bec="0" bev="0" fileid="3" />
              </SequencePoints>
              <BranchPoints>
                <BranchPoint vc="0" uspid="131" ordinal="0" offset="7" sl="53" path="0" offsetend="9" fileid="3" />
                <BranchPoint vc="0" uspid="132" ordinal="1" offset="7" sl="53" path="1" offsetend="16" fileid="3" />
              </BranchPoints>
              <MethodPoint xsi:type="SequencePoint" vc="0" uspid="127" ordinal="0" offset="0" sl="53" sc="111" el="53" ec="112" bec="0" bev="0" fileid="3" />
            </Method>
          </Methods>
        </Class>
        <Class>
          <Summary numSequencePoints="37" visitedSequencePoints="0" numBranchPoints="16" visitedBranchPoints="0" sequenceCoverage="0" branchCoverage="0" maxCyclomaticComplexity="4" minCyclomaticComplexity="1" maxCrapScore="20" minCrapScore="2" visitedClasses="0" numClasses="1" visitedMethods="0" numMethods="6" />
          <FullName>Test.Paging.PhysicalLevel.PageAccessorTest</FullName>
          <Methods>
            <Method visited="false" cyclomaticComplexity="1" nPathComplexity="0" sequenceCoverage="0" branchCoverage="0" crapScore="2" isConstructor="false" isStatic="false" isGetter="true" isSetter="false">
              <Summary numSequencePoints="1" visitedSequencePoints="0" numBranchPoints="1" visitedBranchPoints="0" sequenceCoverage="0" branchCoverage="0" maxCyclomaticComplexity="1" minCyclomaticComplexity="1" maxCrapScore="2" minCrapScore="2" visitedClasses="0" numClasses="0" visitedMethods="0" numMethods="1" />
              <MetadataToken>100663324</MetadataToken>
              <Name>Microsoft.VisualStudio.TestTools.UnitTesting.TestContext Test.Paging.PhysicalLevel.PageAccessorTest::get_TestContext()</Name>
              <FileRef uid="6" />
              <SequencePoints>
                <SequencePoint vc="0" uspid="133" ordinal="0" offset="0" sl="15" sc="42" el="15" ec="46" bec="0" bev="0" fileid="6" />
              </SequencePoints>
              <BranchPoints />
              <MethodPoint xsi:type="SequencePoint" vc="0" uspid="133" ordinal="0" offset="0" sl="15" sc="42" el="15" ec="46" bec="0" bev="0" fileid="6" />
            </Method>
            <Method visited="false" cyclomaticComplexity="1" nPathComplexity="0" sequenceCoverage="0" branchCoverage="0" crapScore="2" isConstructor="false" isStatic="false" isGetter="false" isSetter="true">
              <Summary numSequencePoints="1" visitedSequencePoints="0" numBranchPoints="1" visitedBranchPoints="0" sequenceCoverage="0" branchCoverage="0" maxCyclomaticComplexity="1" minCyclomaticComplexity="1" maxCrapScore="2" minCrapScore="2" visitedClasses="0" numClasses="0" visitedMethods="0" numMethods="1" />
              <MetadataToken>100663325</MetadataToken>
              <Name>System.Void Test.Paging.PhysicalLevel.PageAccessorTest::set_TestContext(Microsoft.VisualStudio.TestTools.UnitTesting.TestContext)</Name>
              <FileRef uid="6" />
              <SequencePoints>
                <SequencePoint vc="0" uspid="134" ordinal="0" offset="0" sl="15" sc="47" el="15" ec="51" bec="0" bev="0" fileid="6" />
              </SequencePoints>
              <BranchPoints />
              <MethodPoint xsi:type="SequencePoint" vc="0" uspid="134" ordinal="0" offset="0" sl="15" sc="47" el="15" ec="51" bec="0" bev="0" fileid="6" />
            </Method>
            <Method visited="false" cyclomaticComplexity="1" nPathComplexity="0" sequenceCoverage="0" branchCoverage="0" crapScore="2" isConstructor="false" isStatic="false" isGetter="true" isSetter="false">
              <Summary numSequencePoints="1" visitedSequencePoints="0" numBranchPoints="1" visitedBranchPoints="0" sequenceCoverage="0" branchCoverage="0" maxCyclomaticComplexity="1" minCyclomaticComplexity="1" maxCrapScore="2" minCrapScore="2" visitedClasses="0" numClasses="0" visitedMethods="0" numMethods="1" />
              <MetadataToken>100663327</MetadataToken>
              <Name>System.IO.MemoryMappedFiles.MemoryMappedFile Test.Paging.PhysicalLevel.PageAccessorTest::get_Map()</Name>
              <FileRef uid="6" />
              <SequencePoints>
                <SequencePoint vc="0" uspid="135" ordinal="0" offset="0" sl="27" sc="41" el="27" ec="90" bec="0" bev="0" fileid="6" />
              </SequencePoints>
              <BranchPoints />
              <MethodPoint xsi:type="SequencePoint" vc="0" uspid="135" ordinal="0" offset="0" sl="27" sc="41" el="27" ec="90" bec="0" bev="0" fileid="6" />
            </Method>
            <Method visited="false" cyclomaticComplexity="2" nPathComplexity="2" sequenceCoverage="0" branchCoverage="0" crapScore="6" isConstructor="false" isStatic="false" isGetter="false" isSetter="false">
              <Summary numSequencePoints="9" visitedSequencePoints="0" numBranchPoints="3" visitedBranchPoints="0" sequenceCoverage="0" branchCoverage="0" maxCyclomaticComplexity="2" minCyclomaticComplexity="2" maxCrapScore="6" minCrapScore="6" visitedClasses="0" numClasses="0" visitedMethods="0" numMethods="1" />
              <MetadataToken>100663326</MetadataToken>
              <Name>System.IO.Paging.PhysicalLevel.Contracts.Internal.IPageAccessor Test.Paging.PhysicalLevel.PageAccessorTest::Create()</Name>
              <FileRef uid="6" />
              <SequencePoints>
                <SequencePoint vc="0" uspid="136" ordinal="0" offset="6" sl="17" sc="9" el="17" ec="10" bec="0" bev="0" fileid="6" />
                <SequencePoint vc="0" uspid="137" ordinal="1" offset="7" sl="18" sc="13" el="18" ec="107" bec="0" bev="0" fileid="6" />
                <SequencePoint vc="0" uspid="138" ordinal="2" offset="32" sl="19" sc="13" el="19" ec="53" bec="0" bev="0" fileid="6" />
                <SequencePoint vc="0" uspid="139" ordinal="3" offset="47" sl="20" sc="13" el="20" ec="54" bec="0" bev="0" fileid="6" />
                <SequencePoint vc="0" uspid="140" ordinal="4" offset="58" sl="21" sc="13" el="21" ec="141" bec="2" bev="0" fileid="6" />
                <SequencePoint vc="0" uspid="141" ordinal="5" offset="191" sl="23" sc="13" el="23" ec="60" bec="0" bev="0" fileid="6" />
                <SequencePoint vc="0" uspid="142" ordinal="6" offset="215" sl="24" sc="13" el="24" ec="50" bec="0" bev="0" fileid="6" />
                <SequencePoint vc="0" uspid="143" ordinal="7" offset="238" sl="25" sc="13" el="25" ec="22" bec="0" bev="0" fileid="6" />
                <SequencePoint vc="0" uspid="144" ordinal="8" offset="243" sl="26" sc="9" el="26" ec="10" bec="0" bev="0" fileid="6" />
              </SequencePoints>
              <BranchPoints>
                <BranchPoint vc="0" uspid="145" ordinal="0" offset="160" sl="21" path="0" offsetend="162" fileid="6" />
                <BranchPoint vc="0" uspid="146" ordinal="1" offset="160" sl="21" path="1" offsetend="185" fileid="6" />
              </BranchPoints>
              <MethodPoint vc="0" uspid="147" ordinal="0" offset="0" />
            </Method>
            <Method visited="false" cyclomaticComplexity="4" nPathComplexity="4" sequenceCoverage="0" branchCoverage="0" crapScore="20" isConstructor="false" isStatic="false" isGetter="false" isSetter="false">
              <Summary numSequencePoints="12" visitedSequencePoints="0" numBranchPoints="5" visitedBranchPoints="0" sequenceCoverage="0" branchCoverage="0" maxCyclomaticComplexity="4" minCyclomaticComplexity="4" maxCrapScore="20" minCrapScore="20" visitedClasses="0" numClasses="0" visitedMethods="0" numMethods="1" />
              <MetadataToken>100663328</MetadataToken>
              <Name>System.Void Test.Paging.PhysicalLevel.PageAccessorTest::GetByteArray()</Name>
              <FileRef uid="6" />
              <SequencePoints>
                <SequencePoint vc="0" uspid="148" ordinal="0" offset="0" sl="31" sc="9" el="31" ec="10" bec="0" bev="0" fileid="6" />
                <SequencePoint vc="0" uspid="149" ordinal="1" offset="1" sl="32" sc="13" el="32" ec="81" bec="2" bev="0" fileid="6" />
                <SequencePoint vc="0" uspid="150" ordinal="2" offset="54" sl="33" sc="13" el="33" ec="81" bec="2" bev="0" fileid="6" />
                <SequencePoint vc="0" uspid="151" ordinal="3" offset="107" sl="34" sc="13" el="34" ec="37" bec="0" bev="0" fileid="6" />
                <SequencePoint vc="0" uspid="152" ordinal="4" offset="114" sl="35" sc="20" el="35" ec="50" bec="0" bev="0" fileid="6" />
                <SequencePoint vc="0" uspid="153" ordinal="5" offset="127" sl="36" sc="17" el="36" ec="63" bec="0" bev="0" fileid="6" />
                <SequencePoint vc="0" uspid="154" ordinal="6" offset="168" sl="39" sc="13" el="39" ec="55" bec="0" bev="0" fileid="6" />
                <SequencePoint vc="0" uspid="155" ordinal="7" offset="181" sl="40" sc="13" el="40" ec="56" bec="0" bev="0" fileid="6" />
                <SequencePoint vc="0" uspid="156" ordinal="8" offset="189" sl="42" sc="13" el="42" ec="32" bec="0" bev="0" fileid="6" />
                <SequencePoint vc="0" uspid="157" ordinal="9" offset="196" sl="43" sc="13" el="43" ec="27" bec="0" bev="0" fileid="6" />
                <SequencePoint vc="0" uspid="158" ordinal="10" offset="208" sl="44" sc="13" el="44" ec="57" bec="0" bev="0" fileid="6" />
                <SequencePoint vc="0" uspid="159" ordinal="11" offset="225" sl="45" sc="9" el="45" ec="10" bec="0" bev="0" fileid="6" />
              </SequencePoints>
              <BranchPoints>
                <BranchPoint vc="0" uspid="160" ordinal="0" offset="18" sl="32" path="0" offsetend="20" fileid="6" />
                <BranchPoint vc="0" uspid="161" ordinal="1" offset="18" sl="32" path="1" offsetend="43" fileid="6" />
                <BranchPoint vc="0" uspid="162" ordinal="2" offset="71" sl="33" path="0" offsetend="73" fileid="6" />
                <BranchPoint vc="0" uspid="163" ordinal="3" offset="71" sl="33" path="1" offsetend="96" fileid="6" />
              </BranchPoints>
              <MethodPoint xsi:type="SequencePoint" vc="0" uspid="148" ordinal="0" offset="0" sl="31" sc="9" el="31" ec="10" bec="0" bev="0" fileid="6" />
            </Method>
            <Method visited="false" cyclomaticComplexity="4" nPathComplexity="4" sequenceCoverage="0" branchCoverage="0" crapScore="20" isConstructor="false" isStatic="false" isGetter="false" isSetter="false">
              <Summary numSequencePoints="13" visitedSequencePoints="0" numBranchPoints="5" visitedBranchPoints="0" sequenceCoverage="0" branchCoverage="0" maxCyclomaticComplexity="4" minCyclomaticComplexity="4" maxCrapScore="20" minCrapScore="20" visitedClasses="0" numClasses="0" visitedMethods="0" numMethods="1" />
              <MetadataToken>100663329</MetadataToken>
              <Name>System.Void Test.Paging.PhysicalLevel.PageAccessorTest::SetByteArray()</Name>
              <FileRef uid="6" />
              <SequencePoints>
                <SequencePoint vc="0" uspid="164" ordinal="0" offset="0" sl="49" sc="9" el="49" ec="10" bec="0" bev="0" fileid="6" />
                <SequencePoint vc="0" uspid="165" ordinal="1" offset="1" sl="50" sc="13" el="50" ec="81" bec="2" bev="0" fileid="6" />
                <SequencePoint vc="0" uspid="166" ordinal="2" offset="54" sl="51" sc="13" el="51" ec="81" bec="2" bev="0" fileid="6" />
                <SequencePoint vc="0" uspid="167" ordinal="3" offset="107" sl="53" sc="13" el="53" ec="37" bec="0" bev="0" fileid="6" />
                <SequencePoint vc="0" uspid="168" ordinal="4" offset="114" sl="54" sc="13" el="54" ec="49" bec="0" bev="0" fileid="6" />
                <SequencePoint vc="0" uspid="169" ordinal="5" offset="128" sl="55" sc="13" el="55" ec="42" bec="0" bev="0" fileid="6" />
                <SequencePoint vc="0" uspid="170" ordinal="6" offset="139" sl="56" sc="20" el="56" ec="50" bec="0" bev="0" fileid="6" />
                <SequencePoint vc="0" uspid="171" ordinal="7" offset="152" sl="57" sc="17" el="57" ec="39" bec="0" bev="0" fileid="6" />
                <SequencePoint vc="0" uspid="172" ordinal="8" offset="182" sl="59" sc="13" el="59" ec="79" bec="0" bev="0" fileid="6" />
                <SequencePoint vc="0" uspid="173" ordinal="9" offset="201" sl="61" sc="13" el="61" ec="27" bec="0" bev="0" fileid="6" />
                <SequencePoint vc="0" uspid="174" ordinal="10" offset="213" sl="62" sc="13" el="62" ec="32" bec="0" bev="0" fileid="6" />
                <SequencePoint vc="0" uspid="175" ordinal="11" offset="220" sl="63" sc="13" el="63" ec="57" bec="0" bev="0" fileid="6" />
                <SequencePoint vc="0" uspid="176" ordinal="12" offset="237" sl="64" sc="9" el="64" ec="10" bec="0" bev="0" fileid="6" />
              </SequencePoints>
              <BranchPoints>
                <BranchPoint vc="0" uspid="177" ordinal="0" offset="18" sl="50" path="0" offsetend="20" fileid="6" />
                <BranchPoint vc="0" uspid="178" ordinal="1" offset="18" sl="50" path="1" offsetend="43" fileid="6" />
                <BranchPoint vc="0" uspid="179" ordinal="2" offset="71" sl="51" path="0" offsetend="73" fileid="6" />
                <BranchPoint vc="0" uspid="180" ordinal="3" offset="71" sl="51" path="1" offsetend="96" fileid="6" />
              </BranchPoints>
              <MethodPoint xsi:type="SequencePoint" vc="0" uspid="164" ordinal="0" offset="0" sl="49" sc="9" el="49" ec="10" bec="0" bev="0" fileid="6" />
            </Method>
            <Method visited="false" cyclomaticComplexity="1" nPathComplexity="0" sequenceCoverage="0" branchCoverage="0" crapScore="2" isConstructor="true" isStatic="false" isGetter="false" isSetter="false">
              <Summary numSequencePoints="0" visitedSequencePoints="0" numBranchPoints="0" visitedBranchPoints="0" sequenceCoverage="0" branchCoverage="0" maxCyclomaticComplexity="1" minCyclomaticComplexity="1" maxCrapScore="2" minCrapScore="2" visitedClasses="0" numClasses="0" visitedMethods="0" numMethods="0" />
              <MetadataToken>100663330</MetadataToken>
              <Name>System.Void Test.Paging.PhysicalLevel.PageAccessorTest::.ctor()</Name>
              <SequencePoints />
              <BranchPoints />
              <MethodPoint vc="0" uspid="181" ordinal="0" offset="0" />
            </Method>
          </Methods>
        </Class>
        <Class>
          <Summary numSequencePoints="0" visitedSequencePoints="0" numBranchPoints="0" visitedBranchPoints="0" sequenceCoverage="0" branchCoverage="0" maxCyclomaticComplexity="1" minCyclomaticComplexity="1" maxCrapScore="2" minCrapScore="2" visitedClasses="0" numClasses="0" visitedMethods="0" numMethods="0" />
          <FullName>Test.Paging.PhysicalLevel.PageAccessorTest/&lt;&gt;c__DisplayClass4_0</FullName>
          <Methods>
            <Method visited="false" cyclomaticComplexity="1" nPathComplexity="0" sequenceCoverage="0" branchCoverage="0" crapScore="2" isConstructor="true" isStatic="false" isGetter="false" isSetter="false">
              <Summary numSequencePoints="0" visitedSequencePoints="0" numBranchPoints="0" visitedBranchPoints="0" sequenceCoverage="0" branchCoverage="0" maxCyclomaticComplexity="1" minCyclomaticComplexity="1" maxCrapScore="2" minCrapScore="2" visitedClasses="0" numClasses="0" visitedMethods="0" numMethods="0" />
              <MetadataToken>100663506</MetadataToken>
              <Name>System.Void Test.Paging.PhysicalLevel.PageAccessorTest/&lt;&gt;c__DisplayClass4_0::.ctor()</Name>
              <SequencePoints />
              <BranchPoints />
              <MethodPoint vc="0" uspid="182" ordinal="0" offset="0" />
            </Method>
          </Methods>
        </Class>
        <Class>
          <Summary numSequencePoints="5" visitedSequencePoints="0" numBranchPoints="5" visitedBranchPoints="0" sequenceCoverage="0" branchCoverage="0" maxCyclomaticComplexity="1" minCyclomaticComplexity="1" maxCrapScore="2" minCrapScore="2" visitedClasses="0" numClasses="1" visitedMethods="0" numMethods="5" />
          <FullName>Test.Paging.PhysicalLevel.PageAccessorTest/&lt;&gt;c</FullName>
          <Methods>
            <Method visited="false" cyclomaticComplexity="1" nPathComplexity="0" sequenceCoverage="0" branchCoverage="0" crapScore="2" isConstructor="true" isStatic="true" isGetter="false" isSetter="false">
              <Summary numSequencePoints="0" visitedSequencePoints="0" numBranchPoints="0" visitedBranchPoints="0" sequenceCoverage="0" branchCoverage="0" maxCyclomaticComplexity="1" minCyclomaticComplexity="1" maxCrapScore="2" minCrapScore="2" visitedClasses="0" numClasses="0" visitedMethods="0" numMethods="0" />
              <MetadataToken>100663507</MetadataToken>
              <Name>System.Void Test.Paging.PhysicalLevel.PageAccessorTest/&lt;&gt;c::.cctor()</Name>
              <SequencePoints />
              <BranchPoints />
              <MethodPoint vc="0" uspid="183" ordinal="0" offset="0" />
            </Method>
            <Method visited="false" cyclomaticComplexity="1" nPathComplexity="0" sequenceCoverage="0" branchCoverage="0" crapScore="2" isConstructor="true" isStatic="false" isGetter="false" isSetter="false">
              <Summary numSequencePoints="0" visitedSequencePoints="0" numBranchPoints="0" visitedBranchPoints="0" sequenceCoverage="0" branchCoverage="0" maxCyclomaticComplexity="1" minCyclomaticComplexity="1" maxCrapScore="2" minCrapScore="2" visitedClasses="0" numClasses="0" visitedMethods="0" numMethods="0" />
              <MetadataToken>100663508</MetadataToken>
              <Name>System.Void Test.Paging.PhysicalLevel.PageAccessorTest/&lt;&gt;c::.ctor()</Name>
              <SequencePoints />
              <BranchPoints />
              <MethodPoint vc="0" uspid="184" ordinal="0" offset="0" />
            </Method>
            <Method visited="false" cyclomaticComplexity="1" nPathComplexity="0" sequenceCoverage="0" branchCoverage="0" crapScore="2" isConstructor="false" isStatic="false" isGetter="false" isSetter="false">
              <Summary numSequencePoints="1" visitedSequencePoints="0" numBranchPoints="1" visitedBranchPoints="0" sequenceCoverage="0" branchCoverage="0" maxCyclomaticComplexity="1" minCyclomaticComplexity="1" maxCrapScore="2" minCrapScore="2" visitedClasses="0" numClasses="0" visitedMethods="0" numMethods="1" />
              <MetadataToken>100663509</MetadataToken>
              <Name>System.Void Test.Paging.PhysicalLevel.PageAccessorTest/&lt;&gt;c::&lt;Create&gt;b__4_1(FakeItEasy.Core.IFakeObjectCall)</Name>
              <FileRef uid="6" />
              <SequencePoints>
                <SequencePoint vc="0" uspid="185" ordinal="0" offset="0" sl="21" sc="84" el="21" ec="138" bec="0" bev="0" fileid="6" />
              </SequencePoints>
              <BranchPoints />
              <MethodPoint xsi:type="SequencePoint" vc="0" uspid="185" ordinal="0" offset="0" sl="21" sc="84" el="21" ec="138" bec="0" bev="0" fileid="6" />
            </Method>
            <Method visited="false" cyclomaticComplexity="1" nPathComplexity="0" sequenceCoverage="0" branchCoverage="0" crapScore="2" isConstructor="false" isStatic="false" isGetter="false" isSetter="false">
              <Summary numSequencePoints="1" visitedSequencePoints="0" numBranchPoints="1" visitedBranchPoints="0" sequenceCoverage="0" branchCoverage="0" maxCyclomaticComplexity="1" minCyclomaticComplexity="1" maxCrapScore="2" minCrapScore="2" visitedClasses="0" numClasses="0" visitedMethods="0" numMethods="1" />
              <MetadataToken>100663510</MetadataToken>
              <Name>System.Byte Test.Paging.PhysicalLevel.PageAccessorTest/&lt;&gt;c::&lt;GetByteArray&gt;b__7_0(System.Int32)</Name>
              <FileRef uid="6" />
              <SequencePoints>
                <SequencePoint vc="0" uspid="186" ordinal="0" offset="0" sl="32" sc="62" el="32" ec="69" bec="0" bev="0" fileid="6" />
              </SequencePoints>
              <BranchPoints />
              <MethodPoint xsi:type="SequencePoint" vc="0" uspid="186" ordinal="0" offset="0" sl="32" sc="62" el="32" ec="69" bec="0" bev="0" fileid="6" />
            </Method>
            <Method visited="false" cyclomaticComplexity="1" nPathComplexity="0" sequenceCoverage="0" branchCoverage="0" crapScore="2" isConstructor="false" isStatic="false" isGetter="false" isSetter="false">
              <Summary numSequencePoints="1" visitedSequencePoints="0" numBranchPoints="1" visitedBranchPoints="0" sequenceCoverage="0" branchCoverage="0" maxCyclomaticComplexity="1" minCyclomaticComplexity="1" maxCrapScore="2" minCrapScore="2" visitedClasses="0" numClasses="0" visitedMethods="0" numMethods="1" />
              <MetadataToken>100663511</MetadataToken>
              <Name>System.Byte Test.Paging.PhysicalLevel.PageAccessorTest/&lt;&gt;c::&lt;GetByteArray&gt;b__7_1(System.Int32)</Name>
              <FileRef uid="6" />
              <SequencePoints>
                <SequencePoint vc="0" uspid="187" ordinal="0" offset="0" sl="33" sc="62" el="33" ec="69" bec="0" bev="0" fileid="6" />
              </SequencePoints>
              <BranchPoints />
              <MethodPoint xsi:type="SequencePoint" vc="0" uspid="187" ordinal="0" offset="0" sl="33" sc="62" el="33" ec="69" bec="0" bev="0" fileid="6" />
            </Method>
            <Method visited="false" cyclomaticComplexity="1" nPathComplexity="0" sequenceCoverage="0" branchCoverage="0" crapScore="2" isConstructor="false" isStatic="false" isGetter="false" isSetter="false">
              <Summary numSequencePoints="1" visitedSequencePoints="0" numBranchPoints="1" visitedBranchPoints="0" sequenceCoverage="0" branchCoverage="0" maxCyclomaticComplexity="1" minCyclomaticComplexity="1" maxCrapScore="2" minCrapScore="2" visitedClasses="0" numClasses="0" visitedMethods="0" numMethods="1" />
              <MetadataToken>100663512</MetadataToken>
              <Name>System.Byte Test.Paging.PhysicalLevel.PageAccessorTest/&lt;&gt;c::&lt;SetByteArray&gt;b__8_0(System.Int32)</Name>
              <FileRef uid="6" />
              <SequencePoints>
                <SequencePoint vc="0" uspid="188" ordinal="0" offset="0" sl="50" sc="62" el="50" ec="69" bec="0" bev="0" fileid="6" />
              </SequencePoints>
              <BranchPoints />
              <MethodPoint xsi:type="SequencePoint" vc="0" uspid="188" ordinal="0" offset="0" sl="50" sc="62" el="50" ec="69" bec="0" bev="0" fileid="6" />
            </Method>
            <Method visited="false" cyclomaticComplexity="1" nPathComplexity="0" sequenceCoverage="0" branchCoverage="0" crapScore="2" isConstructor="false" isStatic="false" isGetter="false" isSetter="false">
              <Summary numSequencePoints="1" visitedSequencePoints="0" numBranchPoints="1" visitedBranchPoints="0" sequenceCoverage="0" branchCoverage="0" maxCyclomaticComplexity="1" minCyclomaticComplexity="1" maxCrapScore="2" minCrapScore="2" visitedClasses="0" numClasses="0" visitedMethods="0" numMethods="1" />
              <MetadataToken>100663513</MetadataToken>
              <Name>System.Byte Test.Paging.PhysicalLevel.PageAccessorTest/&lt;&gt;c::&lt;SetByteArray&gt;b__8_1(System.Int32)</Name>
              <FileRef uid="6" />
              <SequencePoints>
                <SequencePoint vc="0" uspid="189" ordinal="0" offset="0" sl="51" sc="62" el="51" ec="69" bec="0" bev="0" fileid="6" />
              </SequencePoints>
              <BranchPoints />
              <MethodPoint xsi:type="SequencePoint" vc="0" uspid="189" ordinal="0" offset="0" sl="51" sc="62" el="51" ec="69" bec="0" bev="0" fileid="6" />
            </Method>
          </Methods>
        </Class>
        <Class>
          <Summary numSequencePoints="97" visitedSequencePoints="0" numBranchPoints="26" visitedBranchPoints="0" sequenceCoverage="0" branchCoverage="0" maxCyclomaticComplexity="5" minCyclomaticComplexity="1" maxCrapScore="30" minCrapScore="2" visitedClasses="0" numClasses="1" visitedMethods="0" numMethods="18" />
          <FullName>Test.Paging.PhysicalLevel.PageManagerTest</FullName>
          <Methods>
            <Method visited="false" cyclomaticComplexity="1" nPathComplexity="0" sequenceCoverage="0" branchCoverage="0" crapScore="2" isConstructor="false" isStatic="false" isGetter="true" isSetter="false">
              <Summary numSequencePoints="1" visitedSequencePoints="0" numBranchPoints="1" visitedBranchPoints="0" sequenceCoverage="0" branchCoverage="0" maxCyclomaticComplexity="1" minCyclomaticComplexity="1" maxCrapScore="2" minCrapScore="2" visitedClasses="0" numClasses="0" visitedMethods="0" numMethods="1" />
              <MetadataToken>100663331</MetadataToken>
              <Name>Microsoft.VisualStudio.TestTools.UnitTesting.TestContext Test.Paging.PhysicalLevel.PageManagerTest::get_TestContext()</Name>
              <FileRef uid="8" />
              <SequencePoints>
                <SequencePoint vc="0" uspid="190" ordinal="0" offset="0" sl="24" sc="42" el="24" ec="46" bec="0" bev="0" fileid="8" />
              </SequencePoints>
              <BranchPoints />
              <MethodPoint xsi:type="SequencePoint" vc="0" uspid="190" ordinal="0" offset="0" sl="24" sc="42" el="24" ec="46" bec="0" bev="0" fileid="8" />
            </Method>
            <Method visited="false" cyclomaticComplexity="1" nPathComplexity="0" sequenceCoverage="0" branchCoverage="0" crapScore="2" isConstructor="false" isStatic="false" isGetter="false" isSetter="true">
              <Summary numSequencePoints="1" visitedSequencePoints="0" numBranchPoints="1" visitedBranchPoints="0" sequenceCoverage="0" branchCoverage="0" maxCyclomaticComplexity="1" minCyclomaticComplexity="1" maxCrapScore="2" minCrapScore="2" visitedClasses="0" numClasses="0" visitedMethods="0" numMethods="1" />
              <MetadataToken>100663332</MetadataToken>
              <Name>System.Void Test.Paging.PhysicalLevel.PageManagerTest::set_TestContext(Microsoft.VisualStudio.TestTools.UnitTesting.TestContext)</Name>
              <FileRef uid="8" />
              <SequencePoints>
                <SequencePoint vc="0" uspid="191" ordinal="0" offset="0" sl="24" sc="47" el="24" ec="51" bec="0" bev="0" fileid="8" />
              </SequencePoints>
              <BranchPoints />
              <MethodPoint xsi:type="SequencePoint" vc="0" uspid="191" ordinal="0" offset="0" sl="24" sc="47" el="24" ec="51" bec="0" bev="0" fileid="8" />
            </Method>
            <Method visited="false" cyclomaticComplexity="1" nPathComplexity="0" sequenceCoverage="0" branchCoverage="0" crapScore="2" isConstructor="false" isStatic="false" isGetter="true" isSetter="false">
              <Summary numSequencePoints="1" visitedSequencePoints="0" numBranchPoints="1" visitedBranchPoints="0" sequenceCoverage="0" branchCoverage="0" maxCyclomaticComplexity="1" minCyclomaticComplexity="1" maxCrapScore="2" minCrapScore="2" visitedClasses="0" numClasses="0" visitedMethods="0" numMethods="1" />
              <MetadataToken>100663335</MetadataToken>
              <Name>System.String Test.Paging.PhysicalLevel.PageManagerTest::get_FileName()</Name>
              <FileRef uid="8" />
              <SequencePoints>
                <SequencePoint vc="0" uspid="192" ordinal="0" offset="0" sl="83" sc="36" el="83" ec="56" bec="0" bev="0" fileid="8" />
              </SequencePoints>
              <BranchPoints />
              <MethodPoint xsi:type="SequencePoint" vc="0" uspid="192" ordinal="0" offset="0" sl="83" sc="36" el="83" ec="56" bec="0" bev="0" fileid="8" />
            </Method>
            <Method visited="false" cyclomaticComplexity="1" nPathComplexity="0" sequenceCoverage="0" branchCoverage="0" crapScore="2" isConstructor="false" isStatic="false" isGetter="true" isSetter="false">
              <Summary numSequencePoints="1" visitedSequencePoints="0" numBranchPoints="1" visitedBranchPoints="0" sequenceCoverage="0" branchCoverage="0" maxCyclomaticComplexity="1" minCyclomaticComplexity="1" maxCrapScore="2" minCrapScore="2" visitedClasses="0" numClasses="0" visitedMethods="0" numMethods="1" />
              <MetadataToken>100663336</MetadataToken>
              <Name>System.Byte Test.Paging.PhysicalLevel.PageManagerTest::get_Fconfig()</Name>
              <FileRef uid="8" />
              <SequencePoints>
                <SequencePoint vc="0" uspid="193" ordinal="0" offset="0" sl="84" sc="33" el="84" ec="34" bec="0" bev="0" fileid="8" />
              </SequencePoints>
              <BranchPoints />
              <MethodPoint xsi:type="SequencePoint" vc="0" uspid="193" ordinal="0" offset="0" sl="84" sc="33" el="84" ec="34" bec="0" bev="0" fileid="8" />
            </Method>
            <Method visited="false" cyclomaticComplexity="1" nPathComplexity="0" sequenceCoverage="0" branchCoverage="0" crapScore="2" isConstructor="false" isStatic="false" isGetter="true" isSetter="false">
              <Summary numSequencePoints="1" visitedSequencePoints="0" numBranchPoints="1" visitedBranchPoints="0" sequenceCoverage="0" branchCoverage="0" maxCyclomaticComplexity="1" minCyclomaticComplexity="1" maxCrapScore="2" minCrapScore="2" visitedClasses="0" numClasses="0" visitedMethods="0" numMethods="1" />
              <MetadataToken>100663337</MetadataToken>
              <Name>System.Byte Test.Paging.PhysicalLevel.PageManagerTest::get_Vconfig()</Name>
              <FileRef uid="8" />
              <SequencePoints>
                <SequencePoint vc="0" uspid="194" ordinal="0" offset="0" sl="85" sc="33" el="85" ec="34" bec="0" bev="0" fileid="8" />
              </SequencePoints>
              <BranchPoints />
              <MethodPoint xsi:type="SequencePoint" vc="0" uspid="194" ordinal="0" offset="0" sl="85" sc="33" el="85" ec="34" bec="0" bev="0" fileid="8" />
            </Method>
            <Method visited="false" cyclomaticComplexity="1" nPathComplexity="0" sequenceCoverage="0" branchCoverage="0" crapScore="2" isConstructor="false" isStatic="false" isGetter="true" isSetter="false">
              <Summary numSequencePoints="1" visitedSequencePoints="0" numBranchPoints="1" visitedBranchPoints="0" sequenceCoverage="0" branchCoverage="0" maxCyclomaticComplexity="1" minCyclomaticComplexity="1" maxCrapScore="2" minCrapScore="2" visitedClasses="0" numClasses="0" visitedMethods="0" numMethods="1" />
              <MetadataToken>100663338</MetadataToken>
              <Name>System.IO.Paging.PhysicalLevel.Implementations.IPageBuffer Test.Paging.PhysicalLevel.PageManagerTest::get_pageBuffer()</Name>
              <FileRef uid="8" />
              <SequencePoints>
                <SequencePoint vc="0" uspid="195" ordinal="0" offset="0" sl="88" sc="43" el="88" ec="94" bec="0" bev="0" fileid="8" />
              </SequencePoints>
              <BranchPoints />
              <MethodPoint xsi:type="SequencePoint" vc="0" uspid="195" ordinal="0" offset="0" sl="88" sc="43" el="88" ec="94" bec="0" bev="0" fileid="8" />
            </Method>
            <Method visited="false" cyclomaticComplexity="1" nPathComplexity="0" sequenceCoverage="0" branchCoverage="0" crapScore="2" isConstructor="false" isStatic="false" isGetter="true" isSetter="false">
              <Summary numSequencePoints="1" visitedSequencePoints="0" numBranchPoints="1" visitedBranchPoints="0" sequenceCoverage="0" branchCoverage="0" maxCyclomaticComplexity="1" minCyclomaticComplexity="1" maxCrapScore="2" minCrapScore="2" visitedClasses="0" numClasses="0" visitedMethods="0" numMethods="1" />
              <MetadataToken>100663339</MetadataToken>
              <Name>System.IO.Paging.PhysicalLevel.Classes.PageFactories.IPageFactory Test.Paging.PhysicalLevel.PageManagerTest::get_pageFactory()</Name>
              <FileRef uid="8" />
              <SequencePoints>
                <SequencePoint vc="0" uspid="196" ordinal="0" offset="0" sl="89" sc="45" el="89" ec="95" bec="0" bev="0" fileid="8" />
              </SequencePoints>
              <BranchPoints />
              <MethodPoint xsi:type="SequencePoint" vc="0" uspid="196" ordinal="0" offset="0" sl="89" sc="45" el="89" ec="95" bec="0" bev="0" fileid="8" />
            </Method>
            <Method visited="false" cyclomaticComplexity="1" nPathComplexity="0" sequenceCoverage="0" branchCoverage="0" crapScore="2" isConstructor="false" isStatic="false" isGetter="true" isSetter="false">
              <Summary numSequencePoints="1" visitedSequencePoints="0" numBranchPoints="1" visitedBranchPoints="0" sequenceCoverage="0" branchCoverage="0" maxCyclomaticComplexity="1" minCyclomaticComplexity="1" maxCrapScore="2" minCrapScore="2" visitedClasses="0" numClasses="0" visitedMethods="0" numMethods="1" />
              <MetadataToken>100663340</MetadataToken>
              <Name>System.IO.Paging.PhysicalLevel.Contracts.Internal.IGamAccessor Test.Paging.PhysicalLevel.PageManagerTest::get_GamMock()</Name>
              <FileRef uid="8" />
              <SequencePoints>
                <SequencePoint vc="0" uspid="197" ordinal="0" offset="0" sl="90" sc="41" el="90" ec="95" bec="0" bev="0" fileid="8" />
              </SequencePoints>
              <BranchPoints />
              <MethodPoint xsi:type="SequencePoint" vc="0" uspid="197" ordinal="0" offset="0" sl="90" sc="41" el="90" ec="95" bec="0" bev="0" fileid="8" />
            </Method>
            <Method visited="false" cyclomaticComplexity="1" nPathComplexity="0" sequenceCoverage="0" branchCoverage="0" crapScore="2" isConstructor="false" isStatic="false" isGetter="true" isSetter="false">
              <Summary numSequencePoints="1" visitedSequencePoints="0" numBranchPoints="1" visitedBranchPoints="0" sequenceCoverage="0" branchCoverage="0" maxCyclomaticComplexity="1" minCyclomaticComplexity="1" maxCrapScore="2" minCrapScore="2" visitedClasses="0" numClasses="0" visitedMethods="0" numMethods="1" />
              <MetadataToken>100663341</MetadataToken>
              <Name>System.IO.Paging.PhysicalLevel.Contracts.Internal.IUnderlyingFileOperator Test.Paging.PhysicalLevel.PageManagerTest::get_FileMock()</Name>
              <FileRef uid="8" />
              <SequencePoints>
                <SequencePoint vc="0" uspid="198" ordinal="0" offset="0" sl="91" sc="53" el="91" ec="129" bec="0" bev="0" fileid="8" />
              </SequencePoints>
              <BranchPoints />
              <MethodPoint xsi:type="SequencePoint" vc="0" uspid="198" ordinal="0" offset="0" sl="91" sc="53" el="91" ec="129" bec="0" bev="0" fileid="8" />
            </Method>
            <Method visited="false" cyclomaticComplexity="1" nPathComplexity="0" sequenceCoverage="0" branchCoverage="0" crapScore="2" isConstructor="false" isStatic="false" isGetter="true" isSetter="false">
              <Summary numSequencePoints="1" visitedSequencePoints="0" numBranchPoints="1" visitedBranchPoints="0" sequenceCoverage="0" branchCoverage="0" maxCyclomaticComplexity="1" minCyclomaticComplexity="1" maxCrapScore="2" minCrapScore="2" visitedClasses="0" numClasses="0" visitedMethods="0" numMethods="1" />
              <MetadataToken>100663342</MetadataToken>
              <Name>System.IO.Paging.PhysicalLevel.Contracts.Internal.IExtentAccessorFactory Test.Paging.PhysicalLevel.PageManagerTest::get_BlockMock()</Name>
              <FileRef uid="8" />
              <SequencePoints>
                <SequencePoint vc="0" uspid="199" ordinal="0" offset="0" sl="92" sc="53" el="92" ec="127" bec="0" bev="0" fileid="8" />
              </SequencePoints>
              <BranchPoints />
              <MethodPoint xsi:type="SequencePoint" vc="0" uspid="199" ordinal="0" offset="0" sl="92" sc="53" el="92" ec="127" bec="0" bev="0" fileid="8" />
            </Method>
            <Method visited="false" cyclomaticComplexity="5" nPathComplexity="16" sequenceCoverage="0" branchCoverage="0" crapScore="30" isConstructor="false" isStatic="false" isGetter="false" isSetter="false">
              <Summary numSequencePoints="25" visitedSequencePoints="0" numBranchPoints="9" visitedBranchPoints="0" sequenceCoverage="0" branchCoverage="0" maxCyclomaticComplexity="5" minCyclomaticComplexity="5" maxCrapScore="30" minCrapScore="30" visitedClasses="0" numClasses="0" visitedMethods="0" numMethods="1" />
              <MetadataToken>100663333</MetadataToken>
              <Name>System.Void Test.Paging.PhysicalLevel.PageManagerTest::Init()</Name>
              <FileRef uid="8" />
              <SequencePoints>
                <SequencePoint vc="0" uspid="200" ordinal="0" offset="0" sl="28" sc="9" el="28" ec="10" bec="0" bev="0" fileid="8" />
                <SequencePoint vc="0" uspid="201" ordinal="1" offset="1" sl="30" sc="13" el="30" ec="50" bec="0" bev="0" fileid="8" />
                <SequencePoint vc="0" uspid="202" ordinal="2" offset="7" sl="32" sc="13" el="32" ec="69" bec="0" bev="0" fileid="8" />
                <SequencePoint vc="0" uspid="203" ordinal="3" offset="13" sl="33" sc="13" el="33" ec="66" bec="0" bev="0" fileid="8" />
                <SequencePoint vc="0" uspid="204" ordinal="4" offset="19" sl="34" sc="13" el="34" ec="65" bec="0" bev="0" fileid="8" />
                <SequencePoint vc="0" uspid="205" ordinal="5" offset="42" sl="35" sc="13" el="35" ec="84" bec="0" bev="0" fileid="8" />
                <SequencePoint vc="0" uspid="206" ordinal="6" offset="65" sl="36" sc="13" el="36" ec="81" bec="0" bev="0" fileid="8" />
                <SequencePoint vc="0" uspid="207" ordinal="7" offset="88" sl="37" sc="13" el="41" ec="15" bec="0" bev="0" fileid="8" />
                <SequencePoint vc="0" uspid="208" ordinal="8" offset="118" sl="42" sc="13" el="45" ec="15" bec="4" bev="0" fileid="8" />
                <SequencePoint vc="0" uspid="209" ordinal="9" offset="200" sl="47" sc="13" el="52" ec="15" bec="0" bev="0" fileid="8" />
                <SequencePoint vc="0" uspid="210" ordinal="10" offset="207" sl="53" sc="13" el="57" ec="15" bec="4" bev="0" fileid="8" />
                <SequencePoint vc="0" uspid="211" ordinal="11" offset="298" sl="60" sc="13" el="60" ec="44" bec="0" bev="0" fileid="8" />
                <SequencePoint vc="0" uspid="212" ordinal="12" offset="313" sl="61" sc="13" el="61" ec="44" bec="0" bev="0" fileid="8" />
                <SequencePoint vc="0" uspid="213" ordinal="13" offset="328" sl="62" sc="13" el="62" ec="44" bec="0" bev="0" fileid="8" />
                <SequencePoint vc="0" uspid="214" ordinal="14" offset="343" sl="63" sc="13" el="63" ec="49" bec="0" bev="0" fileid="8" />
                <SequencePoint vc="0" uspid="215" ordinal="15" offset="358" sl="65" sc="13" el="65" ec="51" bec="0" bev="0" fileid="8" />
                <SequencePoint vc="0" uspid="216" ordinal="16" offset="365" sl="66" sc="13" el="66" ec="52" bec="0" bev="0" fileid="8" />
                <SequencePoint vc="0" uspid="217" ordinal="17" offset="372" sl="68" sc="13" el="68" ec="95" bec="0" bev="0" fileid="8" />
                <SequencePoint vc="0" uspid="218" ordinal="18" offset="386" sl="69" sc="13" el="69" ec="60" bec="0" bev="0" fileid="8" />
                <SequencePoint vc="0" uspid="219" ordinal="19" offset="410" sl="70" sc="13" el="70" ec="60" bec="0" bev="0" fileid="8" />
                <SequencePoint vc="0" uspid="220" ordinal="20" offset="434" sl="71" sc="13" el="71" ec="60" bec="0" bev="0" fileid="8" />
                <SequencePoint vc="0" uspid="221" ordinal="21" offset="458" sl="72" sc="13" el="72" ec="66" bec="0" bev="0" fileid="8" />
                <SequencePoint vc="0" uspid="222" ordinal="22" offset="482" sl="73" sc="13" el="73" ec="62" bec="0" bev="0" fileid="8" />
                <SequencePoint vc="0" uspid="223" ordinal="23" offset="506" sl="74" sc="13" el="74" ec="89" bec="0" bev="0" fileid="8" />
                <SequencePoint vc="0" uspid="224" ordinal="24" offset="625" sl="75" sc="9" el="75" ec="10" bec="0" bev="0" fileid="8" />
              </SequencePoints>
              <BranchPoints>
                <BranchPoint vc="0" uspid="225" ordinal="0" offset="130" sl="42" path="0" offsetend="132" fileid="8" />
                <BranchPoint vc="0" uspid="226" ordinal="1" offset="130" sl="42" path="1" offsetend="155" fileid="8" />
                <BranchPoint vc="0" uspid="227" ordinal="2" offset="161" sl="42" path="0" offsetend="163" fileid="8" />
                <BranchPoint vc="0" uspid="228" ordinal="3" offset="161" sl="42" path="1" offsetend="186" fileid="8" />
                <BranchPoint vc="0" uspid="229" ordinal="4" offset="219" sl="53" path="0" offsetend="221" fileid="8" />
                <BranchPoint vc="0" uspid="230" ordinal="5" offset="219" sl="53" path="1" offsetend="244" fileid="8" />
                <BranchPoint vc="0" uspid="231" ordinal="6" offset="250" sl="53" path="0" offsetend="252" fileid="8" />
                <BranchPoint vc="0" uspid="232" ordinal="7" offset="250" sl="53" path="1" offsetend="275" fileid="8" />
              </BranchPoints>
              <MethodPoint xsi:type="SequencePoint" vc="0" uspid="200" ordinal="0" offset="0" sl="28" sc="9" el="28" ec="10" bec="0" bev="0" fileid="8" />
            </Method>
            <Method visited="false" cyclomaticComplexity="1" nPathComplexity="0" sequenceCoverage="0" branchCoverage="0" crapScore="2" isConstructor="false" isStatic="false" isGetter="false" isSetter="false">
              <Summary numSequencePoints="3" visitedSequencePoints="0" numBranchPoints="1" visitedBranchPoints="0" sequenceCoverage="0" branchCoverage="0" maxCyclomaticComplexity="1" minCyclomaticComplexity="1" maxCrapScore="2" minCrapScore="2" visitedClasses="0" numClasses="0" visitedMethods="0" numMethods="1" />
              <MetadataToken>100663334</MetadataToken>
              <Name>System.IO.Paging.PhysicalLevel.Contracts.IPageManager Test.Paging.PhysicalLevel.PageManagerTest::GetManager()</Name>
              <FileRef uid="8" />
              <SequencePoints>
                <SequencePoint vc="0" uspid="233" ordinal="0" offset="0" sl="78" sc="9" el="78" ec="10" bec="0" bev="0" fileid="8" />
                <SequencePoint vc="0" uspid="234" ordinal="1" offset="1" sl="80" sc="13" el="80" ec="70" bec="0" bev="0" fileid="8" />
                <SequencePoint vc="0" uspid="235" ordinal="2" offset="30" sl="81" sc="9" el="81" ec="10" bec="0" bev="0" fileid="8" />
              </SequencePoints>
              <BranchPoints />
              <MethodPoint xsi:type="SequencePoint" vc="0" uspid="233" ordinal="0" offset="0" sl="78" sc="9" el="78" ec="10" bec="0" bev="0" fileid="8" />
            </Method>
            <Method visited="false" cyclomaticComplexity="1" nPathComplexity="0" sequenceCoverage="0" branchCoverage="0" crapScore="2" isConstructor="false" isStatic="false" isGetter="false" isSetter="false">
              <Summary numSequencePoints="13" visitedSequencePoints="0" numBranchPoints="1" visitedBranchPoints="0" sequenceCoverage="0" branchCoverage="0" maxCyclomaticComplexity="1" minCyclomaticComplexity="1" maxCrapScore="2" minCrapScore="2" visitedClasses="0" numClasses="0" visitedMethods="0" numMethods="1" />
              <MetadataToken>100663343</MetadataToken>
              <Name>System.Void Test.Paging.PhysicalLevel.PageManagerTest::FixedPageCreation()</Name>
              <FileRef uid="8" />
              <SequencePoints>
                <SequencePoint vc="0" uspid="236" ordinal="0" offset="13" sl="97" sc="9" el="97" ec="10" bec="0" bev="0" fileid="8" />
                <SequencePoint vc="0" uspid="237" ordinal="1" offset="14" sl="98" sc="13" el="98" ec="45" bec="0" bev="0" fileid="8" />
                <SequencePoint vc="0" uspid="238" ordinal="2" offset="25" sl="99" sc="13" el="99" ec="54" bec="0" bev="0" fileid="8" />
                <SequencePoint vc="0" uspid="239" ordinal="3" offset="102" sl="101" sc="13" el="101" ec="77" bec="0" bev="0" fileid="8" />
                <SequencePoint vc="0" uspid="240" ordinal="4" offset="242" sl="102" sc="13" el="102" ec="73" bec="0" bev="0" fileid="8" />
                <SequencePoint vc="0" uspid="241" ordinal="5" offset="376" sl="103" sc="13" el="103" ec="76" bec="0" bev="0" fileid="8" />
                <SequencePoint vc="0" uspid="242" ordinal="6" offset="484" sl="104" sc="13" el="104" ec="84" bec="0" bev="0" fileid="8" />
                <SequencePoint vc="0" uspid="243" ordinal="7" offset="645" sl="105" sc="13" el="105" ec="63" bec="0" bev="0" fileid="8" />
                <SequencePoint vc="0" uspid="244" ordinal="8" offset="753" sl="106" sc="13" el="106" ec="70" bec="0" bev="0" fileid="8" />
                <SequencePoint vc="0" uspid="245" ordinal="9" offset="866" sl="108" sc="13" el="108" ec="40" bec="0" bev="0" fileid="8" />
                <SequencePoint vc="0" uspid="246" ordinal="10" offset="873" sl="109" sc="13" el="109" ec="52" bec="0" bev="0" fileid="8" />
                <SequencePoint vc="0" uspid="247" ordinal="11" offset="886" sl="110" sc="13" el="110" ec="31" bec="0" bev="0" fileid="8" />
                <SequencePoint vc="0" uspid="248" ordinal="12" offset="893" sl="112" sc="9" el="112" ec="10" bec="0" bev="0" fileid="8" />
              </SequencePoints>
              <BranchPoints />
              <MethodPoint vc="0" uspid="249" ordinal="0" offset="0" />
            </Method>
            <Method visited="false" cyclomaticComplexity="1" nPathComplexity="0" sequenceCoverage="0" branchCoverage="0" crapScore="2" isConstructor="false" isStatic="false" isGetter="false" isSetter="false">
              <Summary numSequencePoints="6" visitedSequencePoints="0" numBranchPoints="1" visitedBranchPoints="0" sequenceCoverage="0" branchCoverage="0" maxCyclomaticComplexity="1" minCyclomaticComplexity="1" maxCrapScore="2" minCrapScore="2" visitedClasses="0" numClasses="0" visitedMethods="0" numMethods="1" />
              <MetadataToken>100663344</MetadataToken>
              <Name>System.Void Test.Paging.PhysicalLevel.PageManagerTest::PageDeletion()</Name>
              <FileRef uid="8" />
              <SequencePoints>
                <SequencePoint vc="0" uspid="250" ordinal="0" offset="0" sl="118" sc="9" el="118" ec="10" bec="0" bev="0" fileid="8" />
                <SequencePoint vc="0" uspid="251" ordinal="1" offset="1" sl="120" sc="13" el="120" ec="40" bec="0" bev="0" fileid="8" />
                <SequencePoint vc="0" uspid="252" ordinal="2" offset="8" sl="121" sc="13" el="121" ec="54" bec="0" bev="0" fileid="8" />
                <SequencePoint vc="0" uspid="253" ordinal="3" offset="21" sl="122" sc="13" el="122" ec="31" bec="0" bev="0" fileid="8" />
                <SequencePoint vc="0" uspid="254" ordinal="4" offset="28" sl="124" sc="13" el="124" ec="72" bec="0" bev="0" fileid="8" />
                <SequencePoint vc="0" uspid="255" ordinal="5" offset="135" sl="126" sc="9" el="126" ec="10" bec="0" bev="0" fileid="8" />
              </SequencePoints>
              <BranchPoints />
              <MethodPoint xsi:type="SequencePoint" vc="0" uspid="250" ordinal="0" offset="0" sl="118" sc="9" el="118" ec="10" bec="0" bev="0" fileid="8" />
            </Method>
            <Method visited="false" cyclomaticComplexity="2" nPathComplexity="0" sequenceCoverage="0" branchCoverage="0" crapScore="6" isConstructor="false" isStatic="false" isGetter="false" isSetter="false">
              <Summary numSequencePoints="13" visitedSequencePoints="0" numBranchPoints="1" visitedBranchPoints="0" sequenceCoverage="0" branchCoverage="0" maxCyclomaticComplexity="2" minCyclomaticComplexity="2" maxCrapScore="6" minCrapScore="6" visitedClasses="0" numClasses="0" visitedMethods="0" numMethods="1" />
              <MetadataToken>100663345</MetadataToken>
              <Name>System.Void Test.Paging.PhysicalLevel.PageManagerTest::PageAcqure()</Name>
              <FileRef uid="8" />
              <SequencePoints>
                <SequencePoint vc="0" uspid="256" ordinal="0" offset="13" sl="131" sc="9" el="131" ec="10" bec="0" bev="0" fileid="8" />
                <SequencePoint vc="0" uspid="257" ordinal="1" offset="14" sl="133" sc="13" el="133" ec="51" bec="0" bev="0" fileid="8" />
                <SequencePoint vc="0" uspid="258" ordinal="2" offset="25" sl="134" sc="13" el="134" ec="70" bec="0" bev="0" fileid="8" />
                <SequencePoint vc="0" uspid="259" ordinal="3" offset="138" sl="135" sc="13" el="137" ec="35" bec="0" bev="0" fileid="8" />
                <SequencePoint vc="0" uspid="260" ordinal="4" offset="453" sl="138" sc="13" el="138" ec="41" bec="0" bev="0" fileid="8" />
                <SequencePoint vc="0" uspid="261" ordinal="5" offset="459" sl="140" sc="13" el="143" ec="29" bec="0" bev="0" fileid="8" />
                <SequencePoint vc="0" uspid="262" ordinal="6" offset="845" sl="145" sc="13" el="145" ec="69" bec="0" bev="0" fileid="8" />
                <SequencePoint vc="0" uspid="263" ordinal="7" offset="953" sl="147" sc="20" el="147" ec="46" bec="0" bev="0" fileid="8" />
                <SequencePoint vc="0" uspid="264" ordinal="8" offset="960" sl="148" sc="13" el="148" ec="14" bec="0" bev="0" fileid="8" />
                <SequencePoint vc="0" uspid="265" ordinal="9" offset="961" sl="149" sc="17" el="149" ec="70" bec="0" bev="0" fileid="8" />
                <SequencePoint vc="0" uspid="266" ordinal="10" offset="975" sl="150" sc="17" el="150" ec="42" bec="0" bev="0" fileid="8" />
                <SequencePoint vc="0" uspid="267" ordinal="11" offset="984" sl="152" sc="13" el="152" ec="14" bec="0" bev="0" fileid="8" />
                <SequencePoint vc="0" uspid="268" ordinal="12" offset="998" sl="153" sc="9" el="153" ec="10" bec="0" bev="0" fileid="8" />
              </SequencePoints>
              <BranchPoints />
              <MethodPoint vc="0" uspid="269" ordinal="0" offset="0" />
            </Method>
            <Method visited="false" cyclomaticComplexity="2" nPathComplexity="0" sequenceCoverage="0" branchCoverage="0" crapScore="6" isConstructor="false" isStatic="false" isGetter="false" isSetter="false">
              <Summary numSequencePoints="11" visitedSequencePoints="0" numBranchPoints="1" visitedBranchPoints="0" sequenceCoverage="0" branchCoverage="0" maxCyclomaticComplexity="2" minCyclomaticComplexity="2" maxCrapScore="6" minCrapScore="6" visitedClasses="0" numClasses="0" visitedMethods="0" numMethods="1" />
              <MetadataToken>100663346</MetadataToken>
              <Name>System.Void Test.Paging.PhysicalLevel.PageManagerTest::PageIteration()</Name>
              <FileRef uid="8" />
              <SequencePoints>
                <SequencePoint vc="0" uspid="270" ordinal="0" offset="0" sl="158" sc="9" el="158" ec="10" bec="0" bev="0" fileid="8" />
                <SequencePoint vc="0" uspid="271" ordinal="1" offset="1" sl="159" sc="13" el="159" ec="45" bec="0" bev="0" fileid="8" />
                <SequencePoint vc="0" uspid="272" ordinal="2" offset="7" sl="160" sc="13" el="160" ec="68" bec="0" bev="0" fileid="8" />
                <SequencePoint vc="0" uspid="273" ordinal="3" offset="115" sl="161" sc="13" el="161" ec="96" bec="0" bev="0" fileid="8" />
                <SequencePoint vc="0" uspid="274" ordinal="4" offset="307" sl="162" sc="20" el="162" ec="46" bec="0" bev="0" fileid="8" />
                <SequencePoint vc="0" uspid="275" ordinal="5" offset="314" sl="163" sc="13" el="163" ec="14" bec="0" bev="0" fileid="8" />
                <SequencePoint vc="0" uspid="276" ordinal="6" offset="315" sl="164" sc="17" el="164" ec="63" bec="0" bev="0" fileid="8" />
                <SequencePoint vc="0" uspid="277" ordinal="7" offset="328" sl="165" sc="17" el="165" ec="49" bec="0" bev="0" fileid="8" />
                <SequencePoint vc="0" uspid="278" ordinal="8" offset="338" sl="166" sc="17" el="166" ec="65" bec="0" bev="0" fileid="8" />
                <SequencePoint vc="0" uspid="279" ordinal="9" offset="353" sl="167" sc="13" el="167" ec="14" bec="0" bev="0" fileid="8" />
                <SequencePoint vc="0" uspid="280" ordinal="10" offset="367" sl="168" sc="9" el="168" ec="10" bec="0" bev="0" fileid="8" />
              </SequencePoints>
              <BranchPoints />
              <MethodPoint xsi:type="SequencePoint" vc="0" uspid="270" ordinal="0" offset="0" sl="158" sc="9" el="158" ec="10" bec="0" bev="0" fileid="8" />
            </Method>
            <Method visited="false" cyclomaticComplexity="3" nPathComplexity="0" sequenceCoverage="0" branchCoverage="0" crapScore="12" isConstructor="false" isStatic="false" isGetter="false" isSetter="false">
              <Summary numSequencePoints="15" visitedSequencePoints="0" numBranchPoints="1" visitedBranchPoints="0" sequenceCoverage="0" branchCoverage="0" maxCyclomaticComplexity="3" minCyclomaticComplexity="3" maxCrapScore="12" minCrapScore="12" visitedClasses="0" numClasses="0" visitedMethods="0" numMethods="1" />
              <MetadataToken>100663347</MetadataToken>
              <Name>System.Void Test.Paging.PhysicalLevel.PageManagerTest::RemovePageFromBuffer()</Name>
              <FileRef uid="8" />
              <SequencePoints>
                <SequencePoint vc="0" uspid="281" ordinal="0" offset="13" sl="173" sc="9" el="173" ec="10" bec="0" bev="0" fileid="8" />
                <SequencePoint vc="0" uspid="282" ordinal="1" offset="14" sl="175" sc="13" el="175" ec="51" bec="0" bev="0" fileid="8" />
                <SequencePoint vc="0" uspid="283" ordinal="2" offset="25" sl="176" sc="13" el="176" ec="41" bec="0" bev="0" fileid="8" />
                <SequencePoint vc="0" uspid="284" ordinal="3" offset="36" sl="177" sc="13" el="180" ec="33" bec="0" bev="0" fileid="8" />
                <SequencePoint vc="0" uspid="285" ordinal="4" offset="351" sl="182" sc="13" el="186" ec="24" bec="0" bev="0" fileid="8" />
                <SequencePoint vc="0" uspid="286" ordinal="5" offset="651" sl="188" sc="20" el="188" ec="46" bec="0" bev="0" fileid="8" />
                <SequencePoint vc="0" uspid="287" ordinal="6" offset="658" sl="189" sc="13" el="189" ec="14" bec="0" bev="0" fileid="8" />
                <SequencePoint vc="0" uspid="288" ordinal="7" offset="659" sl="190" sc="24" el="190" ec="76" bec="0" bev="0" fileid="8" />
                <SequencePoint vc="0" uspid="289" ordinal="8" offset="672" sl="191" sc="17" el="191" ec="18" bec="0" bev="0" fileid="8" />
                <SequencePoint vc="0" uspid="290" ordinal="9" offset="673" sl="192" sc="21" el="192" ec="109" bec="0" bev="0" fileid="8" />
                <SequencePoint vc="0" uspid="291" ordinal="10" offset="691" sl="193" sc="21" el="193" ec="132" bec="0" bev="0" fileid="8" />
                <SequencePoint vc="0" uspid="292" ordinal="11" offset="861" sl="194" sc="17" el="194" ec="18" bec="0" bev="0" fileid="8" />
                <SequencePoint vc="0" uspid="293" ordinal="12" offset="875" sl="195" sc="17" el="195" ec="125" bec="0" bev="0" fileid="8" />
                <SequencePoint vc="0" uspid="294" ordinal="13" offset="1045" sl="196" sc="13" el="196" ec="14" bec="0" bev="0" fileid="8" />
                <SequencePoint vc="0" uspid="295" ordinal="14" offset="1059" sl="197" sc="9" el="197" ec="10" bec="0" bev="0" fileid="8" />
              </SequencePoints>
              <BranchPoints />
              <MethodPoint vc="0" uspid="296" ordinal="0" offset="0" />
            </Method>
            <Method visited="false" cyclomaticComplexity="1" nPathComplexity="0" sequenceCoverage="0" branchCoverage="0" crapScore="2" isConstructor="true" isStatic="false" isGetter="false" isSetter="false">
              <Summary numSequencePoints="0" visitedSequencePoints="0" numBranchPoints="0" visitedBranchPoints="0" sequenceCoverage="0" branchCoverage="0" maxCyclomaticComplexity="1" minCyclomaticComplexity="1" maxCrapScore="2" minCrapScore="2" visitedClasses="0" numClasses="0" visitedMethods="0" numMethods="0" />
              <MetadataToken>100663348</MetadataToken>
              <Name>System.Void Test.Paging.PhysicalLevel.PageManagerTest::.ctor()</Name>
              <SequencePoints />
              <BranchPoints />
              <MethodPoint vc="0" uspid="297" ordinal="0" offset="0" />
            </Method>
            <Method visited="false" cyclomaticComplexity="1" nPathComplexity="0" sequenceCoverage="0" branchCoverage="0" crapScore="2" isConstructor="true" isStatic="true" isGetter="false" isSetter="false">
              <Summary numSequencePoints="1" visitedSequencePoints="0" numBranchPoints="1" visitedBranchPoints="0" sequenceCoverage="0" branchCoverage="0" maxCyclomaticComplexity="1" minCyclomaticComplexity="1" maxCrapScore="2" minCrapScore="2" visitedClasses="0" numClasses="0" visitedMethods="0" numMethods="1" />
              <MetadataToken>100663349</MetadataToken>
              <Name>System.Void Test.Paging.PhysicalLevel.PageManagerTest::.cctor()</Name>
              <FileRef uid="8" />
              <SequencePoints>
                <SequencePoint vc="0" uspid="298" ordinal="0" offset="0" sl="25" sc="9" el="25" ec="52" bec="0" bev="0" fileid="8" />
              </SequencePoints>
              <BranchPoints />
              <MethodPoint xsi:type="SequencePoint" vc="0" uspid="298" ordinal="0" offset="0" sl="25" sc="9" el="25" ec="52" bec="0" bev="0" fileid="8" />
            </Method>
          </Methods>
        </Class>
        <Class>
          <Summary numSequencePoints="12" visitedSequencePoints="0" numBranchPoints="4" visitedBranchPoints="0" sequenceCoverage="0" branchCoverage="0" maxCyclomaticComplexity="1" minCyclomaticComplexity="1" maxCrapScore="2" minCrapScore="2" visitedClasses="0" numClasses="1" visitedMethods="0" numMethods="4" />
          <FullName>Test.Paging.PhysicalLevel.PageManagerTest/&lt;&gt;c</FullName>
          <Methods>
            <Method visited="false" cyclomaticComplexity="1" nPathComplexity="0" sequenceCoverage="0" branchCoverage="0" crapScore="2" isConstructor="true" isStatic="true" isGetter="false" isSetter="false">
              <Summary numSequencePoints="0" visitedSequencePoints="0" numBranchPoints="0" visitedBranchPoints="0" sequenceCoverage="0" branchCoverage="0" maxCyclomaticComplexity="1" minCyclomaticComplexity="1" maxCrapScore="2" minCrapScore="2" visitedClasses="0" numClasses="0" visitedMethods="0" numMethods="0" />
              <MetadataToken>100663514</MetadataToken>
              <Name>System.Void Test.Paging.PhysicalLevel.PageManagerTest/&lt;&gt;c::.cctor()</Name>
              <SequencePoints />
              <BranchPoints />
              <MethodPoint vc="0" uspid="299" ordinal="0" offset="0" />
            </Method>
            <Method visited="false" cyclomaticComplexity="1" nPathComplexity="0" sequenceCoverage="0" branchCoverage="0" crapScore="2" isConstructor="true" isStatic="false" isGetter="false" isSetter="false">
              <Summary numSequencePoints="0" visitedSequencePoints="0" numBranchPoints="0" visitedBranchPoints="0" sequenceCoverage="0" branchCoverage="0" maxCyclomaticComplexity="1" minCyclomaticComplexity="1" maxCrapScore="2" minCrapScore="2" visitedClasses="0" numClasses="0" visitedMethods="0" numMethods="0" />
              <MetadataToken>100663515</MetadataToken>
              <Name>System.Void Test.Paging.PhysicalLevel.PageManagerTest/&lt;&gt;c::.ctor()</Name>
              <SequencePoints />
              <BranchPoints />
              <MethodPoint vc="0" uspid="300" ordinal="0" offset="0" />
            </Method>
            <Method visited="false" cyclomaticComplexity="1" nPathComplexity="0" sequenceCoverage="0" branchCoverage="0" crapScore="2" isConstructor="false" isStatic="false" isGetter="false" isSetter="false">
              <Summary numSequencePoints="3" visitedSequencePoints="0" numBranchPoints="1" visitedBranchPoints="0" sequenceCoverage="0" branchCoverage="0" maxCyclomaticComplexity="1" minCyclomaticComplexity="1" maxCrapScore="2" minCrapScore="2" visitedClasses="0" numClasses="0" visitedMethods="0" numMethods="1" />
              <MetadataToken>100663516</MetadataToken>
              <Name>System.Void Test.Paging.PhysicalLevel.PageManagerTest/&lt;&gt;c::&lt;Init&gt;b__5_1(Test.Paging.PhysicalLevel.TestRecord&amp;,System.Byte[])</Name>
              <FileRef uid="8" />
              <SequencePoints>
                <SequencePoint vc="0" uspid="301" ordinal="0" offset="0" sl="44" sc="104" el="44" ec="105" bec="0" bev="0" fileid="8" />
                <SequencePoint vc="0" uspid="302" ordinal="1" offset="1" sl="44" sc="106" el="44" ec="129" bec="0" bev="0" fileid="8" />
                <SequencePoint vc="0" uspid="303" ordinal="2" offset="9" sl="44" sc="130" el="44" ec="131" bec="0" bev="0" fileid="8" />
              </SequencePoints>
              <BranchPoints />
              <MethodPoint xsi:type="SequencePoint" vc="0" uspid="301" ordinal="0" offset="0" sl="44" sc="104" el="44" ec="105" bec="0" bev="0" fileid="8" />
            </Method>
            <Method visited="false" cyclomaticComplexity="1" nPathComplexity="0" sequenceCoverage="0" branchCoverage="0" crapScore="2" isConstructor="false" isStatic="false" isGetter="false" isSetter="false">
              <Summary numSequencePoints="3" visitedSequencePoints="0" numBranchPoints="1" visitedBranchPoints="0" sequenceCoverage="0" branchCoverage="0" maxCyclomaticComplexity="1" minCyclomaticComplexity="1" maxCrapScore="2" minCrapScore="2" visitedClasses="0" numClasses="0" visitedMethods="0" numMethods="1" />
              <MetadataToken>100663517</MetadataToken>
              <Name>System.Void Test.Paging.PhysicalLevel.PageManagerTest/&lt;&gt;c::&lt;Init&gt;b__5_2(System.Byte[],Test.Paging.PhysicalLevel.TestRecord&amp;)</Name>
              <FileRef uid="8" />
              <SequencePoints>
                <SequencePoint vc="0" uspid="304" ordinal="0" offset="0" sl="44" sc="165" el="44" ec="166" bec="0" bev="0" fileid="8" />
                <SequencePoint vc="0" uspid="305" ordinal="1" offset="1" sl="44" sc="167" el="44" ec="186" bec="0" bev="0" fileid="8" />
                <SequencePoint vc="0" uspid="306" ordinal="2" offset="9" sl="44" sc="187" el="44" ec="188" bec="0" bev="0" fileid="8" />
              </SequencePoints>
              <BranchPoints />
              <MethodPoint xsi:type="SequencePoint" vc="0" uspid="304" ordinal="0" offset="0" sl="44" sc="165" el="44" ec="166" bec="0" bev="0" fileid="8" />
            </Method>
            <Method visited="false" cyclomaticComplexity="1" nPathComplexity="0" sequenceCoverage="0" branchCoverage="0" crapScore="2" isConstructor="false" isStatic="false" isGetter="false" isSetter="false">
              <Summary numSequencePoints="3" visitedSequencePoints="0" numBranchPoints="1" visitedBranchPoints="0" sequenceCoverage="0" branchCoverage="0" maxCyclomaticComplexity="1" minCyclomaticComplexity="1" maxCrapScore="2" minCrapScore="2" visitedClasses="0" numClasses="0" visitedMethods="0" numMethods="1" />
              <MetadataToken>100663518</MetadataToken>
              <Name>System.Void Test.Paging.PhysicalLevel.PageManagerTest/&lt;&gt;c::&lt;Init&gt;b__5_3(Test.Paging.PhysicalLevel.TestHeader&amp;,System.Byte[])</Name>
              <FileRef uid="8" />
              <SequencePoints>
                <SequencePoint vc="0" uspid="307" ordinal="0" offset="0" sl="55" sc="101" el="55" ec="102" bec="0" bev="0" fileid="8" />
                <SequencePoint vc="0" uspid="308" ordinal="1" offset="1" sl="55" sc="103" el="55" ec="126" bec="0" bev="0" fileid="8" />
                <SequencePoint vc="0" uspid="309" ordinal="2" offset="10" sl="55" sc="127" el="55" ec="128" bec="0" bev="0" fileid="8" />
              </SequencePoints>
              <BranchPoints />
              <MethodPoint xsi:type="SequencePoint" vc="0" uspid="307" ordinal="0" offset="0" sl="55" sc="101" el="55" ec="102" bec="0" bev="0" fileid="8" />
            </Method>
            <Method visited="false" cyclomaticComplexity="1" nPathComplexity="0" sequenceCoverage="0" branchCoverage="0" crapScore="2" isConstructor="false" isStatic="false" isGetter="false" isSetter="false">
              <Summary numSequencePoints="3" visitedSequencePoints="0" numBranchPoints="1" visitedBranchPoints="0" sequenceCoverage="0" branchCoverage="0" maxCyclomaticComplexity="1" minCyclomaticComplexity="1" maxCrapScore="2" minCrapScore="2" visitedClasses="0" numClasses="0" visitedMethods="0" numMethods="1" />
              <MetadataToken>100663519</MetadataToken>
              <Name>System.Void Test.Paging.PhysicalLevel.PageManagerTest/&lt;&gt;c::&lt;Init&gt;b__5_4(System.Byte[],Test.Paging.PhysicalLevel.TestHeader&amp;)</Name>
              <FileRef uid="8" />
              <SequencePoints>
                <SequencePoint vc="0" uspid="310" ordinal="0" offset="0" sl="55" sc="162" el="55" ec="163" bec="0" bev="0" fileid="8" />
                <SequencePoint vc="0" uspid="311" ordinal="1" offset="1" sl="55" sc="164" el="55" ec="183" bec="0" bev="0" fileid="8" />
                <SequencePoint vc="0" uspid="312" ordinal="2" offset="10" sl="55" sc="184" el="55" ec="185" bec="0" bev="0" fileid="8" />
              </SequencePoints>
              <BranchPoints />
              <MethodPoint xsi:type="SequencePoint" vc="0" uspid="310" ordinal="0" offset="0" sl="55" sc="162" el="55" ec="163" bec="0" bev="0" fileid="8" />
            </Method>
          </Methods>
        </Class>
        <Class>
          <Summary numSequencePoints="0" visitedSequencePoints="0" numBranchPoints="0" visitedBranchPoints="0" sequenceCoverage="0" branchCoverage="0" maxCyclomaticComplexity="1" minCyclomaticComplexity="1" maxCrapScore="2" minCrapScore="2" visitedClasses="0" numClasses="0" visitedMethods="0" numMethods="0" />
          <FullName>Test.Paging.PhysicalLevel.PageManagerTest/&lt;&gt;c__DisplayClass23_0</FullName>
          <Methods>
            <Method visited="false" cyclomaticComplexity="1" nPathComplexity="0" sequenceCoverage="0" branchCoverage="0" crapScore="2" isConstructor="true" isStatic="false" isGetter="false" isSetter="false">
              <Summary numSequencePoints="0" visitedSequencePoints="0" numBranchPoints="0" visitedBranchPoints="0" sequenceCoverage="0" branchCoverage="0" maxCyclomaticComplexity="1" minCyclomaticComplexity="1" maxCrapScore="2" minCrapScore="2" visitedClasses="0" numClasses="0" visitedMethods="0" numMethods="0" />
              <MetadataToken>100663520</MetadataToken>
              <Name>System.Void Test.Paging.PhysicalLevel.PageManagerTest/&lt;&gt;c__DisplayClass23_0::.ctor()</Name>
              <SequencePoints />
              <BranchPoints />
              <MethodPoint vc="0" uspid="313" ordinal="0" offset="0" />
            </Method>
          </Methods>
        </Class>
        <Class>
          <Summary numSequencePoints="0" visitedSequencePoints="0" numBranchPoints="0" visitedBranchPoints="0" sequenceCoverage="0" branchCoverage="0" maxCyclomaticComplexity="1" minCyclomaticComplexity="1" maxCrapScore="2" minCrapScore="2" visitedClasses="0" numClasses="0" visitedMethods="0" numMethods="0" />
          <FullName>Test.Paging.PhysicalLevel.PageManagerTest/&lt;&gt;c__DisplayClass25_0</FullName>
          <Methods>
            <Method visited="false" cyclomaticComplexity="1" nPathComplexity="0" sequenceCoverage="0" branchCoverage="0" crapScore="2" isConstructor="true" isStatic="false" isGetter="false" isSetter="false">
              <Summary numSequencePoints="0" visitedSequencePoints="0" numBranchPoints="0" visitedBranchPoints="0" sequenceCoverage="0" branchCoverage="0" maxCyclomaticComplexity="1" minCyclomaticComplexity="1" maxCrapScore="2" minCrapScore="2" visitedClasses="0" numClasses="0" visitedMethods="0" numMethods="0" />
              <MetadataToken>100663521</MetadataToken>
              <Name>System.Void Test.Paging.PhysicalLevel.PageManagerTest/&lt;&gt;c__DisplayClass25_0::.ctor()</Name>
              <SequencePoints />
              <BranchPoints />
              <MethodPoint vc="0" uspid="314" ordinal="0" offset="0" />
            </Method>
          </Methods>
        </Class>
        <Class>
          <Summary numSequencePoints="4" visitedSequencePoints="0" numBranchPoints="1" visitedBranchPoints="0" sequenceCoverage="0" branchCoverage="0" maxCyclomaticComplexity="1" minCyclomaticComplexity="1" maxCrapScore="2" minCrapScore="2" visitedClasses="0" numClasses="1" visitedMethods="0" numMethods="1" />
          <FullName>Test.Paging.PhysicalLevel.PageManagerTest/&lt;&gt;c__DisplayClass27_0</FullName>
          <Methods>
            <Method visited="false" cyclomaticComplexity="1" nPathComplexity="0" sequenceCoverage="0" branchCoverage="0" crapScore="2" isConstructor="true" isStatic="false" isGetter="false" isSetter="false">
              <Summary numSequencePoints="0" visitedSequencePoints="0" numBranchPoints="0" visitedBranchPoints="0" sequenceCoverage="0" branchCoverage="0" maxCyclomaticComplexity="1" minCyclomaticComplexity="1" maxCrapScore="2" minCrapScore="2" visitedClasses="0" numClasses="0" visitedMethods="0" numMethods="0" />
              <MetadataToken>100663522</MetadataToken>
              <Name>System.Void Test.Paging.PhysicalLevel.PageManagerTest/&lt;&gt;c__DisplayClass27_0::.ctor()</Name>
              <SequencePoints />
              <BranchPoints />
              <MethodPoint vc="0" uspid="315" ordinal="0" offset="0" />
            </Method>
            <Method visited="false" cyclomaticComplexity="1" nPathComplexity="0" sequenceCoverage="0" branchCoverage="0" crapScore="2" isConstructor="false" isStatic="false" isGetter="false" isSetter="false">
              <Summary numSequencePoints="4" visitedSequencePoints="0" numBranchPoints="1" visitedBranchPoints="0" sequenceCoverage="0" branchCoverage="0" maxCyclomaticComplexity="1" minCyclomaticComplexity="1" maxCrapScore="2" minCrapScore="2" visitedClasses="0" numClasses="0" visitedMethods="0" numMethods="1" />
              <MetadataToken>100663523</MetadataToken>
              <Name>System.IO.Paging.PhysicalLevel.Classes.Pages.Contracts.IPageInfo Test.Paging.PhysicalLevel.PageManagerTest/&lt;&gt;c__DisplayClass27_0::&lt;RemovePageFromBuffer&gt;b__2(FakeItEasy.Core.IFakeObjectCall)</Name>
              <FileRef uid="8" />
              <SequencePoints>
                <SequencePoint vc="0" uspid="316" ordinal="0" offset="13" sl="184" sc="28" el="184" ec="29" bec="0" bev="0" fileid="8" />
                <SequencePoint vc="0" uspid="317" ordinal="1" offset="14" sl="185" sc="25" el="185" ec="96" bec="0" bev="0" fileid="8" />
                <SequencePoint vc="0" uspid="318" ordinal="2" offset="103" sl="185" sc="97" el="185" ec="106" bec="0" bev="0" fileid="8" />
                <SequencePoint vc="0" uspid="319" ordinal="3" offset="112" sl="186" sc="21" el="186" ec="22" bec="0" bev="0" fileid="8" />
              </SequencePoints>
              <BranchPoints />
              <MethodPoint vc="0" uspid="320" ordinal="0" offset="0" />
            </Method>
          </Methods>
        </Class>
        <Class>
          <Summary numSequencePoints="1" visitedSequencePoints="0" numBranchPoints="1" visitedBranchPoints="0" sequenceCoverage="0" branchCoverage="0" maxCyclomaticComplexity="1" minCyclomaticComplexity="1" maxCrapScore="2" minCrapScore="2" visitedClasses="0" numClasses="1" visitedMethods="0" numMethods="1" />
          <FullName>Test.Paging.PhysicalLevel.PageManagerTest/&lt;&gt;c__DisplayClass27_1</FullName>
          <Methods>
            <Method visited="false" cyclomaticComplexity="1" nPathComplexity="0" sequenceCoverage="0" branchCoverage="0" crapScore="2" isConstructor="true" isStatic="false" isGetter="false" isSetter="false">
              <Summary numSequencePoints="0" visitedSequencePoints="0" numBranchPoints="0" visitedBranchPoints="0" sequenceCoverage="0" branchCoverage="0" maxCyclomaticComplexity="1" minCyclomaticComplexity="1" maxCrapScore="2" minCrapScore="2" visitedClasses="0" numClasses="0" visitedMethods="0" numMethods="0" />
              <MetadataToken>100663524</MetadataToken>
              <Name>System.Void Test.Paging.PhysicalLevel.PageManagerTest/&lt;&gt;c__DisplayClass27_1::.ctor()</Name>
              <SequencePoints />
              <BranchPoints />
              <MethodPoint vc="0" uspid="321" ordinal="0" offset="0" />
            </Method>
            <Method visited="false" cyclomaticComplexity="1" nPathComplexity="0" sequenceCoverage="0" branchCoverage="0" crapScore="2" isConstructor="false" isStatic="false" isGetter="false" isSetter="false">
              <Summary numSequencePoints="1" visitedSequencePoints="0" numBranchPoints="1" visitedBranchPoints="0" sequenceCoverage="0" branchCoverage="0" maxCyclomaticComplexity="1" minCyclomaticComplexity="1" maxCrapScore="2" minCrapScore="2" visitedClasses="0" numClasses="0" visitedMethods="0" numMethods="1" />
              <MetadataToken>100663525</MetadataToken>
              <Name>System.Void Test.Paging.PhysicalLevel.PageManagerTest/&lt;&gt;c__DisplayClass27_1::&lt;RemovePageFromBuffer&gt;b__5(FakeItEasy.Core.IFakeObjectCall)</Name>
              <FileRef uid="8" />
              <SequencePoints>
                <SequencePoint vc="0" uspid="322" ordinal="0" offset="0" sl="185" sc="66" el="185" ec="94" bec="0" bev="0" fileid="8" />
              </SequencePoints>
              <BranchPoints />
              <MethodPoint xsi:type="SequencePoint" vc="0" uspid="322" ordinal="0" offset="0" sl="185" sc="66" el="185" ec="94" bec="0" bev="0" fileid="8" />
            </Method>
          </Methods>
        </Class>
        <Class>
          <Summary numSequencePoints="11" visitedSequencePoints="0" numBranchPoints="4" visitedBranchPoints="0" sequenceCoverage="0" branchCoverage="0" maxCyclomaticComplexity="1" minCyclomaticComplexity="1" maxCrapScore="2" minCrapScore="2" visitedClasses="0" numClasses="1" visitedMethods="0" numMethods="4" />
          <FullName>Test.Paging.PhysicalLevel.TestHeader</FullName>
          <Methods>
            <Method visited="false" cyclomaticComplexity="1" nPathComplexity="0" sequenceCoverage="0" branchCoverage="0" crapScore="2" isConstructor="false" isStatic="false" isGetter="true" isSetter="false">
              <Summary numSequencePoints="1" visitedSequencePoints="0" numBranchPoints="1" visitedBranchPoints="0" sequenceCoverage="0" branchCoverage="0" maxCyclomaticComplexity="1" minCyclomaticComplexity="1" maxCrapScore="2" minCrapScore="2" visitedClasses="0" numClasses="0" visitedMethods="0" numMethods="1" />
              <MetadataToken>100663350</MetadataToken>
              <Name>System.UInt16 Test.Paging.PhysicalLevel.TestHeader::get_RecordSize()</Name>
              <FileRef uid="12" />
              <SequencePoints>
                <SequencePoint vc="0" uspid="323" ordinal="0" offset="0" sl="7" sc="37" el="7" ec="38" bec="0" bev="0" fileid="12" />
              </SequencePoints>
              <BranchPoints />
              <MethodPoint xsi:type="SequencePoint" vc="0" uspid="323" ordinal="0" offset="0" sl="7" sc="37" el="7" ec="38" bec="0" bev="0" fileid="12" />
            </Method>
            <Method visited="false" cyclomaticComplexity="1" nPathComplexity="0" sequenceCoverage="0" branchCoverage="0" crapScore="2" isConstructor="false" isStatic="false" isGetter="false" isSetter="false">
              <Summary numSequencePoints="6" visitedSequencePoints="0" numBranchPoints="1" visitedBranchPoints="0" sequenceCoverage="0" branchCoverage="0" maxCyclomaticComplexity="1" minCyclomaticComplexity="1" maxCrapScore="2" minCrapScore="2" visitedClasses="0" numClasses="0" visitedMethods="0" numMethods="1" />
              <MetadataToken>100663351</MetadataToken>
              <Name>System.Void Test.Paging.PhysicalLevel.TestHeader::FillByteArray(System.Collections.Generic.IList`1&lt;System.Byte&gt;)</Name>
              <FileRef uid="12" />
              <SequencePoints>
                <SequencePoint vc="0" uspid="324" ordinal="0" offset="0" sl="12" sc="9" el="12" ec="10" bec="0" bev="0" fileid="12" />
                <SequencePoint vc="0" uspid="325" ordinal="1" offset="1" sl="13" sc="13" el="13" ec="47" bec="0" bev="0" fileid="12" />
                <SequencePoint vc="0" uspid="326" ordinal="2" offset="24" sl="14" sc="13" el="14" ec="47" bec="0" bev="0" fileid="12" />
                <SequencePoint vc="0" uspid="327" ordinal="3" offset="45" sl="15" sc="13" el="15" ec="47" bec="0" bev="0" fileid="12" />
                <SequencePoint vc="0" uspid="328" ordinal="4" offset="66" sl="16" sc="13" el="16" ec="47" bec="0" bev="0" fileid="12" />
                <SequencePoint vc="0" uspid="329" ordinal="5" offset="87" sl="17" sc="9" el="17" ec="10" bec="0" bev="0" fileid="12" />
              </SequencePoints>
              <BranchPoints />
              <MethodPoint xsi:type="SequencePoint" vc="0" uspid="324" ordinal="0" offset="0" sl="12" sc="9" el="12" ec="10" bec="0" bev="0" fileid="12" />
            </Method>
            <Method visited="false" cyclomaticComplexity="1" nPathComplexity="0" sequenceCoverage="0" branchCoverage="0" crapScore="2" isConstructor="false" isStatic="false" isGetter="false" isSetter="false">
              <Summary numSequencePoints="3" visitedSequencePoints="0" numBranchPoints="1" visitedBranchPoints="0" sequenceCoverage="0" branchCoverage="0" maxCyclomaticComplexity="1" minCyclomaticComplexity="1" maxCrapScore="2" minCrapScore="2" visitedClasses="0" numClasses="0" visitedMethods="0" numMethods="1" />
              <MetadataToken>100663352</MetadataToken>
              <Name>System.Void Test.Paging.PhysicalLevel.TestHeader::FillFromByteArray(System.Collections.Generic.IList`1&lt;System.Byte&gt;)</Name>
              <FileRef uid="12" />
              <SequencePoints>
                <SequencePoint vc="0" uspid="330" ordinal="0" offset="0" sl="20" sc="9" el="20" ec="10" bec="0" bev="0" fileid="12" />
                <SequencePoint vc="0" uspid="331" ordinal="1" offset="1" sl="21" sc="13" el="21" ec="64" bec="0" bev="0" fileid="12" />
                <SequencePoint vc="0" uspid="332" ordinal="2" offset="55" sl="22" sc="9" el="22" ec="10" bec="0" bev="0" fileid="12" />
              </SequencePoints>
              <BranchPoints />
              <MethodPoint xsi:type="SequencePoint" vc="0" uspid="330" ordinal="0" offset="0" sl="20" sc="9" el="20" ec="10" bec="0" bev="0" fileid="12" />
            </Method>
            <Method visited="false" cyclomaticComplexity="1" nPathComplexity="0" sequenceCoverage="0" branchCoverage="0" crapScore="2" isConstructor="true" isStatic="false" isGetter="false" isSetter="false">
              <Summary numSequencePoints="1" visitedSequencePoints="0" numBranchPoints="1" visitedBranchPoints="0" sequenceCoverage="0" branchCoverage="0" maxCyclomaticComplexity="1" minCyclomaticComplexity="1" maxCrapScore="2" minCrapScore="2" visitedClasses="0" numClasses="0" visitedMethods="0" numMethods="1" />
              <MetadataToken>100663353</MetadataToken>
              <Name>System.Void Test.Paging.PhysicalLevel.TestHeader::.ctor()</Name>
              <FileRef uid="12" />
              <SequencePoints>
                <SequencePoint vc="0" uspid="333" ordinal="0" offset="0" sl="9" sc="9" el="9" ec="30" bec="0" bev="0" fileid="12" />
              </SequencePoints>
              <BranchPoints />
              <MethodPoint xsi:type="SequencePoint" vc="0" uspid="333" ordinal="0" offset="0" sl="9" sc="9" el="9" ec="30" bec="0" bev="0" fileid="12" />
            </Method>
          </Methods>
        </Class>
        <Class>
          <Summary numSequencePoints="10" visitedSequencePoints="0" numBranchPoints="3" visitedBranchPoints="0" sequenceCoverage="0" branchCoverage="0" maxCyclomaticComplexity="1" minCyclomaticComplexity="1" maxCrapScore="2" minCrapScore="2" visitedClasses="0" numClasses="1" visitedMethods="0" numMethods="3" />
          <FullName>Test.Paging.PhysicalLevel.TestRecord</FullName>
          <Methods>
            <Method visited="false" cyclomaticComplexity="1" nPathComplexity="0" sequenceCoverage="0" branchCoverage="0" crapScore="2" isConstructor="false" isStatic="false" isGetter="true" isSetter="false">
              <Summary numSequencePoints="1" visitedSequencePoints="0" numBranchPoints="1" visitedBranchPoints="0" sequenceCoverage="0" branchCoverage="0" maxCyclomaticComplexity="1" minCyclomaticComplexity="1" maxCrapScore="2" minCrapScore="2" visitedClasses="0" numClasses="0" visitedMethods="0" numMethods="1" />
              <MetadataToken>100663354</MetadataToken>
              <Name>System.UInt16 Test.Paging.PhysicalLevel.TestRecord::get_RecordSize()</Name>
              <FileRef uid="13" />
              <SequencePoints>
                <SequencePoint vc="0" uspid="334" ordinal="0" offset="0" sl="7" sc="38" el="7" ec="39" bec="0" bev="0" fileid="13" />
              </SequencePoints>
              <BranchPoints />
              <MethodPoint xsi:type="SequencePoint" vc="0" uspid="334" ordinal="0" offset="0" sl="7" sc="38" el="7" ec="39" bec="0" bev="0" fileid="13" />
            </Method>
            <Method visited="false" cyclomaticComplexity="1" nPathComplexity="0" sequenceCoverage="0" branchCoverage="0" crapScore="2" isConstructor="false" isStatic="false" isGetter="false" isSetter="false">
              <Summary numSequencePoints="6" visitedSequencePoints="0" numBranchPoints="1" visitedBranchPoints="0" sequenceCoverage="0" branchCoverage="0" maxCyclomaticComplexity="1" minCyclomaticComplexity="1" maxCrapScore="2" minCrapScore="2" visitedClasses="0" numClasses="0" visitedMethods="0" numMethods="1" />
              <MetadataToken>100663355</MetadataToken>
              <Name>System.Void Test.Paging.PhysicalLevel.TestRecord::FillByteArray(System.Collections.Generic.IList`1&lt;System.Byte&gt;)</Name>
              <FileRef uid="13" />
              <SequencePoints>
                <SequencePoint vc="0" uspid="335" ordinal="0" offset="0" sl="12" sc="9" el="12" ec="10" bec="0" bev="0" fileid="13" />
                <SequencePoint vc="0" uspid="336" ordinal="1" offset="1" sl="13" sc="13" el="13" ec="47" bec="0" bev="0" fileid="13" />
                <SequencePoint vc="0" uspid="337" ordinal="2" offset="24" sl="14" sc="13" el="14" ec="47" bec="0" bev="0" fileid="13" />
                <SequencePoint vc="0" uspid="338" ordinal="3" offset="45" sl="15" sc="13" el="15" ec="47" bec="0" bev="0" fileid="13" />
                <SequencePoint vc="0" uspid="339" ordinal="4" offset="66" sl="16" sc="13" el="16" ec="47" bec="0" bev="0" fileid="13" />
                <SequencePoint vc="0" uspid="340" ordinal="5" offset="87" sl="17" sc="9" el="17" ec="10" bec="0" bev="0" fileid="13" />
              </SequencePoints>
              <BranchPoints />
              <MethodPoint xsi:type="SequencePoint" vc="0" uspid="335" ordinal="0" offset="0" sl="12" sc="9" el="12" ec="10" bec="0" bev="0" fileid="13" />
            </Method>
            <Method visited="false" cyclomaticComplexity="1" nPathComplexity="0" sequenceCoverage="0" branchCoverage="0" crapScore="2" isConstructor="false" isStatic="false" isGetter="false" isSetter="false">
              <Summary numSequencePoints="3" visitedSequencePoints="0" numBranchPoints="1" visitedBranchPoints="0" sequenceCoverage="0" branchCoverage="0" maxCyclomaticComplexity="1" minCyclomaticComplexity="1" maxCrapScore="2" minCrapScore="2" visitedClasses="0" numClasses="0" visitedMethods="0" numMethods="1" />
              <MetadataToken>100663356</MetadataToken>
              <Name>System.Void Test.Paging.PhysicalLevel.TestRecord::FillFromByteArray(System.Collections.Generic.IList`1&lt;System.Byte&gt;)</Name>
              <FileRef uid="13" />
              <SequencePoints>
                <SequencePoint vc="0" uspid="341" ordinal="0" offset="0" sl="20" sc="9" el="20" ec="10" bec="0" bev="0" fileid="13" />
                <SequencePoint vc="0" uspid="342" ordinal="1" offset="1" sl="21" sc="13" el="21" ec="64" bec="0" bev="0" fileid="13" />
                <SequencePoint vc="0" uspid="343" ordinal="2" offset="55" sl="22" sc="9" el="22" ec="10" bec="0" bev="0" fileid="13" />
              </SequencePoints>
              <BranchPoints />
              <MethodPoint xsi:type="SequencePoint" vc="0" uspid="341" ordinal="0" offset="0" sl="20" sc="9" el="20" ec="10" bec="0" bev="0" fileid="13" />
            </Method>
          </Methods>
        </Class>
        <Class>
          <Summary numSequencePoints="38" visitedSequencePoints="0" numBranchPoints="8" visitedBranchPoints="0" sequenceCoverage="0" branchCoverage="0" maxCyclomaticComplexity="1" minCyclomaticComplexity="1" maxCrapScore="2" minCrapScore="2" visitedClasses="0" numClasses="1" visitedMethods="0" numMethods="8" />
          <FullName>Test.Paging.PhysicalLevel.UnderlyingFileOperatorTest</FullName>
          <Methods>
            <Method visited="false" cyclomaticComplexity="1" nPathComplexity="0" sequenceCoverage="0" branchCoverage="0" crapScore="2" isConstructor="false" isStatic="false" isGetter="true" isSetter="false">
              <Summary numSequencePoints="1" visitedSequencePoints="0" numBranchPoints="1" visitedBranchPoints="0" sequenceCoverage="0" branchCoverage="0" maxCyclomaticComplexity="1" minCyclomaticComplexity="1" maxCrapScore="2" minCrapScore="2" visitedClasses="0" numClasses="0" visitedMethods="0" numMethods="1" />
              <MetadataToken>100663357</MetadataToken>
              <Name>Microsoft.VisualStudio.TestTools.UnitTesting.TestContext Test.Paging.PhysicalLevel.UnderlyingFileOperatorTest::get_TestContext()</Name>
              <FileRef uid="14" />
              <SequencePoints>
                <SequencePoint vc="0" uspid="344" ordinal="0" offset="0" sl="24" sc="42" el="24" ec="46" bec="0" bev="0" fileid="14" />
              </SequencePoints>
              <BranchPoints />
              <MethodPoint xsi:type="SequencePoint" vc="0" uspid="344" ordinal="0" offset="0" sl="24" sc="42" el="24" ec="46" bec="0" bev="0" fileid="14" />
            </Method>
            <Method visited="false" cyclomaticComplexity="1" nPathComplexity="0" sequenceCoverage="0" branchCoverage="0" crapScore="2" isConstructor="false" isStatic="false" isGetter="false" isSetter="true">
              <Summary numSequencePoints="1" visitedSequencePoints="0" numBranchPoints="1" visitedBranchPoints="0" sequenceCoverage="0" branchCoverage="0" maxCyclomaticComplexity="1" minCyclomaticComplexity="1" maxCrapScore="2" minCrapScore="2" visitedClasses="0" numClasses="0" visitedMethods="0" numMethods="1" />
              <MetadataToken>100663358</MetadataToken>
              <Name>System.Void Test.Paging.PhysicalLevel.UnderlyingFileOperatorTest::set_TestContext(Microsoft.VisualStudio.TestTools.UnitTesting.TestContext)</Name>
              <FileRef uid="14" />
              <SequencePoints>
                <SequencePoint vc="0" uspid="345" ordinal="0" offset="0" sl="24" sc="47" el="24" ec="51" bec="0" bev="0" fileid="14" />
              </SequencePoints>
              <BranchPoints />
              <MethodPoint xsi:type="SequencePoint" vc="0" uspid="345" ordinal="0" offset="0" sl="24" sc="47" el="24" ec="51" bec="0" bev="0" fileid="14" />
            </Method>
            <Method visited="false" cyclomaticComplexity="1" nPathComplexity="0" sequenceCoverage="0" branchCoverage="0" crapScore="2" isConstructor="false" isStatic="false" isGetter="true" isSetter="false">
              <Summary numSequencePoints="1" visitedSequencePoints="0" numBranchPoints="1" visitedBranchPoints="0" sequenceCoverage="0" branchCoverage="0" maxCyclomaticComplexity="1" minCyclomaticComplexity="1" maxCrapScore="2" minCrapScore="2" visitedClasses="0" numClasses="0" visitedMethods="0" numMethods="1" />
              <MetadataToken>100663359</MetadataToken>
              <Name>System.String Test.Paging.PhysicalLevel.UnderlyingFileOperatorTest::get_FileName()</Name>
              <FileRef uid="14" />
              <SequencePoints>
                <SequencePoint vc="0" uspid="346" ordinal="0" offset="0" sl="26" sc="36" el="26" ec="56" bec="0" bev="0" fileid="14" />
              </SequencePoints>
              <BranchPoints />
              <MethodPoint xsi:type="SequencePoint" vc="0" uspid="346" ordinal="0" offset="0" sl="26" sc="36" el="26" ec="56" bec="0" bev="0" fileid="14" />
            </Method>
            <Method visited="false" cyclomaticComplexity="1" nPathComplexity="0" sequenceCoverage="0" branchCoverage="0" crapScore="2" isConstructor="false" isStatic="false" isGetter="false" isSetter="false">
              <Summary numSequencePoints="6" visitedSequencePoints="0" numBranchPoints="1" visitedBranchPoints="0" sequenceCoverage="0" branchCoverage="0" maxCyclomaticComplexity="1" minCyclomaticComplexity="1" maxCrapScore="2" minCrapScore="2" visitedClasses="0" numClasses="0" visitedMethods="0" numMethods="1" />
              <MetadataToken>100663360</MetadataToken>
              <Name>System.IO.Paging.PhysicalLevel.Contracts.Internal.IUnderlyingFileOperator Test.Paging.PhysicalLevel.UnderlyingFileOperatorTest::GetOperator(System.Int32)</Name>
              <FileRef uid="14" />
              <SequencePoints>
                <SequencePoint vc="0" uspid="347" ordinal="0" offset="0" sl="30" sc="9" el="30" ec="10" bec="0" bev="0" fileid="14" />
                <SequencePoint vc="0" uspid="348" ordinal="1" offset="1" sl="31" sc="13" el="31" ec="74" bec="0" bev="0" fileid="14" />
                <SequencePoint vc="0" uspid="349" ordinal="2" offset="19" sl="32" sc="13" el="32" ec="39" bec="0" bev="0" fileid="14" />
                <SequencePoint vc="0" uspid="350" ordinal="3" offset="33" sl="33" sc="13" el="33" ec="27" bec="0" bev="0" fileid="14" />
                <SequencePoint vc="0" uspid="351" ordinal="4" offset="45" sl="34" sc="13" el="34" ec="66" bec="0" bev="0" fileid="14" />
                <SequencePoint vc="0" uspid="352" ordinal="5" offset="64" sl="35" sc="9" el="35" ec="10" bec="0" bev="0" fileid="14" />
              </SequencePoints>
              <BranchPoints />
              <MethodPoint xsi:type="SequencePoint" vc="0" uspid="347" ordinal="0" offset="0" sl="30" sc="9" el="30" ec="10" bec="0" bev="0" fileid="14" />
            </Method>
            <Method visited="false" cyclomaticComplexity="1" nPathComplexity="0" sequenceCoverage="0" branchCoverage="0" crapScore="2" isConstructor="false" isStatic="false" isGetter="false" isSetter="false">
              <Summary numSequencePoints="8" visitedSequencePoints="0" numBranchPoints="1" visitedBranchPoints="0" sequenceCoverage="0" branchCoverage="0" maxCyclomaticComplexity="1" minCyclomaticComplexity="1" maxCrapScore="2" minCrapScore="2" visitedClasses="0" numClasses="0" visitedMethods="0" numMethods="1" />
              <MetadataToken>100663361</MetadataToken>
              <Name>System.Void Test.Paging.PhysicalLevel.UnderlyingFileOperatorTest::Clean()</Name>
              <FileRef uid="14" />
              <SequencePoints>
                <SequencePoint vc="0" uspid="353" ordinal="0" offset="0" sl="39" sc="9" el="39" ec="10" bec="0" bev="0" fileid="14" />
                <SequencePoint vc="0" uspid="354" ordinal="1" offset="1" sl="42" sc="13" el="42" ec="14" bec="0" bev="0" fileid="14" />
                <SequencePoint vc="0" uspid="355" ordinal="2" offset="2" sl="43" sc="17" el="43" ec="49" bec="0" bev="0" fileid="14" />
                <SequencePoint vc="0" uspid="356" ordinal="3" offset="14" sl="44" sc="13" el="44" ec="14" bec="0" bev="0" fileid="14" />
                <SequencePoint vc="0" uspid="357" ordinal="4" offset="17" sl="45" sc="13" el="45" ec="18" bec="0" bev="0" fileid="14" />
                <SequencePoint vc="0" uspid="358" ordinal="5" offset="18" sl="45" sc="19" el="45" ec="20" bec="0" bev="0" fileid="14" />
                <SequencePoint vc="0" uspid="359" ordinal="6" offset="19" sl="45" sc="21" el="45" ec="22" bec="0" bev="0" fileid="14" />
                <SequencePoint vc="0" uspid="360" ordinal="7" offset="22" sl="46" sc="9" el="46" ec="10" bec="0" bev="0" fileid="14" />
              </SequencePoints>
              <BranchPoints />
              <MethodPoint xsi:type="SequencePoint" vc="0" uspid="353" ordinal="0" offset="0" sl="39" sc="9" el="39" ec="10" bec="0" bev="0" fileid="14" />
            </Method>
            <Method visited="false" cyclomaticComplexity="1" nPathComplexity="0" sequenceCoverage="0" branchCoverage="0" crapScore="2" isConstructor="false" isStatic="false" isGetter="false" isSetter="false">
              <Summary numSequencePoints="10" visitedSequencePoints="0" numBranchPoints="1" visitedBranchPoints="0" sequenceCoverage="0" branchCoverage="0" maxCyclomaticComplexity="1" minCyclomaticComplexity="1" maxCrapScore="2" minCrapScore="2" visitedClasses="0" numClasses="0" visitedMethods="0" numMethods="1" />
              <MetadataToken>100663362</MetadataToken>
              <Name>System.Void Test.Paging.PhysicalLevel.UnderlyingFileOperatorTest::TakeMap_OneFileIsSmaller()</Name>
              <FileRef uid="14" />
              <SequencePoints>
                <SequencePoint vc="0" uspid="361" ordinal="0" offset="0" sl="50" sc="9" el="50" ec="10" bec="0" bev="0" fileid="14" />
                <SequencePoint vc="0" uspid="362" ordinal="1" offset="1" sl="51" sc="13" el="51" ec="48" bec="0" bev="0" fileid="14" />
                <SequencePoint vc="0" uspid="363" ordinal="2" offset="13" sl="52" sc="13" el="52" ec="58" bec="0" bev="0" fileid="14" />
                <SequencePoint vc="0" uspid="364" ordinal="3" offset="28" sl="53" sc="13" el="53" ec="27" bec="0" bev="0" fileid="14" />
                <SequencePoint vc="0" uspid="365" ordinal="4" offset="35" sl="54" sc="13" el="54" ec="27" bec="0" bev="0" fileid="14" />
                <SequencePoint vc="0" uspid="366" ordinal="5" offset="42" sl="55" sc="13" el="55" ec="29" bec="0" bev="0" fileid="14" />
                <SequencePoint vc="0" uspid="367" ordinal="6" offset="54" sl="56" sc="13" el="56" ec="74" bec="0" bev="0" fileid="14" />
                <SequencePoint vc="0" uspid="368" ordinal="7" offset="67" sl="57" sc="13" el="57" ec="56" bec="0" bev="0" fileid="14" />
                <SequencePoint vc="0" uspid="369" ordinal="8" offset="87" sl="58" sc="13" el="58" ec="25" bec="0" bev="0" fileid="14" />
                <SequencePoint vc="0" uspid="370" ordinal="9" offset="94" sl="59" sc="9" el="59" ec="10" bec="0" bev="0" fileid="14" />
              </SequencePoints>
              <BranchPoints />
              <MethodPoint xsi:type="SequencePoint" vc="0" uspid="361" ordinal="0" offset="0" sl="50" sc="9" el="50" ec="10" bec="0" bev="0" fileid="14" />
            </Method>
            <Method visited="false" cyclomaticComplexity="1" nPathComplexity="0" sequenceCoverage="0" branchCoverage="0" crapScore="2" isConstructor="false" isStatic="false" isGetter="false" isSetter="false">
              <Summary numSequencePoints="10" visitedSequencePoints="0" numBranchPoints="1" visitedBranchPoints="0" sequenceCoverage="0" branchCoverage="0" maxCyclomaticComplexity="1" minCyclomaticComplexity="1" maxCrapScore="2" minCrapScore="2" visitedClasses="0" numClasses="0" visitedMethods="0" numMethods="1" />
              <MetadataToken>100663363</MetadataToken>
              <Name>System.Void Test.Paging.PhysicalLevel.UnderlyingFileOperatorTest::TakeMap()</Name>
              <FileRef uid="14" />
              <SequencePoints>
                <SequencePoint vc="0" uspid="371" ordinal="0" offset="0" sl="63" sc="9" el="63" ec="10" bec="0" bev="0" fileid="14" />
                <SequencePoint vc="0" uspid="372" ordinal="1" offset="1" sl="64" sc="13" el="64" ec="52" bec="0" bev="0" fileid="14" />
                <SequencePoint vc="0" uspid="373" ordinal="2" offset="15" sl="65" sc="13" el="65" ec="54" bec="0" bev="0" fileid="14" />
                <SequencePoint vc="0" uspid="374" ordinal="3" offset="28" sl="66" sc="13" el="66" ec="27" bec="0" bev="0" fileid="14" />
                <SequencePoint vc="0" uspid="375" ordinal="4" offset="35" sl="67" sc="13" el="67" ec="27" bec="0" bev="0" fileid="14" />
                <SequencePoint vc="0" uspid="376" ordinal="5" offset="42" sl="68" sc="13" el="68" ec="29" bec="0" bev="0" fileid="14" />
                <SequencePoint vc="0" uspid="377" ordinal="6" offset="54" sl="69" sc="13" el="69" ec="74" bec="0" bev="0" fileid="14" />
                <SequencePoint vc="0" uspid="378" ordinal="7" offset="67" sl="70" sc="13" el="70" ec="56" bec="0" bev="0" fileid="14" />
                <SequencePoint vc="0" uspid="379" ordinal="8" offset="87" sl="71" sc="13" el="71" ec="25" bec="0" bev="0" fileid="14" />
                <SequencePoint vc="0" uspid="380" ordinal="9" offset="94" sl="72" sc="9" el="72" ec="10" bec="0" bev="0" fileid="14" />
              </SequencePoints>
              <BranchPoints />
              <MethodPoint xsi:type="SequencePoint" vc="0" uspid="371" ordinal="0" offset="0" sl="63" sc="9" el="63" ec="10" bec="0" bev="0" fileid="14" />
            </Method>
            <Method visited="false" cyclomaticComplexity="1" nPathComplexity="0" sequenceCoverage="0" branchCoverage="0" crapScore="2" isConstructor="true" isStatic="false" isGetter="false" isSetter="false">
              <Summary numSequencePoints="0" visitedSequencePoints="0" numBranchPoints="0" visitedBranchPoints="0" sequenceCoverage="0" branchCoverage="0" maxCyclomaticComplexity="1" minCyclomaticComplexity="1" maxCrapScore="2" minCrapScore="2" visitedClasses="0" numClasses="0" visitedMethods="0" numMethods="0" />
              <MetadataToken>100663364</MetadataToken>
              <Name>System.Void Test.Paging.PhysicalLevel.UnderlyingFileOperatorTest::.ctor()</Name>
              <SequencePoints />
              <BranchPoints />
              <MethodPoint vc="0" uspid="381" ordinal="0" offset="0" />
            </Method>
            <Method visited="false" cyclomaticComplexity="1" nPathComplexity="0" sequenceCoverage="0" branchCoverage="0" crapScore="2" isConstructor="true" isStatic="true" isGetter="false" isSetter="false">
              <Summary numSequencePoints="1" visitedSequencePoints="0" numBranchPoints="1" visitedBranchPoints="0" sequenceCoverage="0" branchCoverage="0" maxCyclomaticComplexity="1" minCyclomaticComplexity="1" maxCrapScore="2" minCrapScore="2" visitedClasses="0" numClasses="0" visitedMethods="0" numMethods="1" />
              <MetadataToken>100663365</MetadataToken>
              <Name>System.Void Test.Paging.PhysicalLevel.UnderlyingFileOperatorTest::.cctor()</Name>
              <FileRef uid="14" />
              <SequencePoints>
                <SequencePoint vc="0" uspid="382" ordinal="0" offset="0" sl="28" sc="9" el="28" ec="52" bec="0" bev="0" fileid="14" />
              </SequencePoints>
              <BranchPoints />
              <MethodPoint xsi:type="SequencePoint" vc="0" uspid="382" ordinal="0" offset="0" sl="28" sc="9" el="28" ec="52" bec="0" bev="0" fileid="14" />
            </Method>
          </Methods>
        </Class>
        <Class>
          <Summary numSequencePoints="35" visitedSequencePoints="0" numBranchPoints="8" visitedBranchPoints="0" sequenceCoverage="0" branchCoverage="0" maxCyclomaticComplexity="2" minCyclomaticComplexity="1" maxCrapScore="6" minCrapScore="2" visitedClasses="0" numClasses="1" visitedMethods="0" numMethods="8" />
          <FullName>Test.Paging.PhysicalLevel.Pages.FixedSizePageTest</FullName>
          <Methods>
            <Method visited="false" cyclomaticComplexity="1" nPathComplexity="0" sequenceCoverage="0" branchCoverage="0" crapScore="2" isConstructor="false" isStatic="false" isGetter="true" isSetter="false">
              <Summary numSequencePoints="1" visitedSequencePoints="0" numBranchPoints="1" visitedBranchPoints="0" sequenceCoverage="0" branchCoverage="0" maxCyclomaticComplexity="1" minCyclomaticComplexity="1" maxCrapScore="2" minCrapScore="2" visitedClasses="0" numClasses="0" visitedMethods="0" numMethods="1" />
              <MetadataToken>100663366</MetadataToken>
              <Name>Microsoft.VisualStudio.TestTools.UnitTesting.TestContext Test.Paging.PhysicalLevel.Pages.FixedSizePageTest::get_TestContext()</Name>
              <FileRef uid="15" />
              <SequencePoints>
                <SequencePoint vc="0" uspid="383" ordinal="0" offset="0" sl="17" sc="42" el="17" ec="46" bec="0" bev="0" fileid="15" />
              </SequencePoints>
              <BranchPoints />
              <MethodPoint xsi:type="SequencePoint" vc="0" uspid="383" ordinal="0" offset="0" sl="17" sc="42" el="17" ec="46" bec="0" bev="0" fileid="15" />
            </Method>
            <Method visited="false" cyclomaticComplexity="1" nPathComplexity="0" sequenceCoverage="0" branchCoverage="0" crapScore="2" isConstructor="false" isStatic="false" isGetter="false" isSetter="true">
              <Summary numSequencePoints="1" visitedSequencePoints="0" numBranchPoints="1" visitedBranchPoints="0" sequenceCoverage="0" branchCoverage="0" maxCyclomaticComplexity="1" minCyclomaticComplexity="1" maxCrapScore="2" minCrapScore="2" visitedClasses="0" numClasses="0" visitedMethods="0" numMethods="1" />
              <MetadataToken>100663367</MetadataToken>
              <Name>System.Void Test.Paging.PhysicalLevel.Pages.FixedSizePageTest::set_TestContext(Microsoft.VisualStudio.TestTools.UnitTesting.TestContext)</Name>
              <FileRef uid="15" />
              <SequencePoints>
                <SequencePoint vc="0" uspid="384" ordinal="0" offset="0" sl="17" sc="47" el="17" ec="51" bec="0" bev="0" fileid="15" />
              </SequencePoints>
              <BranchPoints />
              <MethodPoint xsi:type="SequencePoint" vc="0" uspid="384" ordinal="0" offset="0" sl="17" sc="47" el="17" ec="51" bec="0" bev="0" fileid="15" />
            </Method>
            <Method visited="false" cyclomaticComplexity="1" nPathComplexity="0" sequenceCoverage="0" branchCoverage="0" crapScore="2" isConstructor="false" isStatic="false" isGetter="true" isSetter="false">
              <Summary numSequencePoints="1" visitedSequencePoints="0" numBranchPoints="1" visitedBranchPoints="0" sequenceCoverage="0" branchCoverage="0" maxCyclomaticComplexity="1" minCyclomaticComplexity="1" maxCrapScore="2" minCrapScore="2" visitedClasses="0" numClasses="0" visitedMethods="0" numMethods="1" />
              <MetadataToken>100663369</MetadataToken>
              <Name>System.IO.Paging.PhysicalLevel.Contracts.Internal.IPageHeaders Test.Paging.PhysicalLevel.Pages.FixedSizePageTest::get_Headers()</Name>
              <FileRef uid="15" />
              <SequencePoints>
                <SequencePoint vc="0" uspid="385" ordinal="0" offset="0" sl="30" sc="41" el="30" ec="90" bec="0" bev="0" fileid="15" />
              </SequencePoints>
              <BranchPoints />
              <MethodPoint xsi:type="SequencePoint" vc="0" uspid="385" ordinal="0" offset="0" sl="30" sc="41" el="30" ec="90" bec="0" bev="0" fileid="15" />
            </Method>
            <Method visited="false" cyclomaticComplexity="1" nPathComplexity="0" sequenceCoverage="0" branchCoverage="0" crapScore="2" isConstructor="false" isStatic="false" isGetter="true" isSetter="false">
              <Summary numSequencePoints="1" visitedSequencePoints="0" numBranchPoints="1" visitedBranchPoints="0" sequenceCoverage="0" branchCoverage="0" maxCyclomaticComplexity="1" minCyclomaticComplexity="1" maxCrapScore="2" minCrapScore="2" visitedClasses="0" numClasses="0" visitedMethods="0" numMethods="1" />
              <MetadataToken>100663370</MetadataToken>
              <Name>System.IO.Paging.PhysicalLevel.Contracts.Internal.IRecordAcquirer`1&lt;Test.Paging.PhysicalLevel.TestRecord&gt; Test.Paging.PhysicalLevel.Pages.FixedSizePageTest::get_Access()</Name>
              <FileRef uid="15" />
              <SequencePoints>
                <SequencePoint vc="0" uspid="386" ordinal="0" offset="0" sl="31" sc="55" el="31" ec="118" bec="0" bev="0" fileid="15" />
              </SequencePoints>
              <BranchPoints />
              <MethodPoint xsi:type="SequencePoint" vc="0" uspid="386" ordinal="0" offset="0" sl="31" sc="55" el="31" ec="118" bec="0" bev="0" fileid="15" />
            </Method>
            <Method visited="false" cyclomaticComplexity="2" nPathComplexity="0" sequenceCoverage="0" branchCoverage="0" crapScore="6" isConstructor="false" isStatic="false" isGetter="false" isSetter="false">
              <Summary numSequencePoints="9" visitedSequencePoints="0" numBranchPoints="1" visitedBranchPoints="0" sequenceCoverage="0" branchCoverage="0" maxCyclomaticComplexity="2" minCyclomaticComplexity="2" maxCrapScore="6" minCrapScore="6" visitedClasses="0" numClasses="0" visitedMethods="0" numMethods="1" />
              <MetadataToken>100663368</MetadataToken>
              <Name>System.IO.Paging.PhysicalLevel.Classes.Pages.Contracts.IPage`1&lt;Test.Paging.PhysicalLevel.TestRecord&gt; Test.Paging.PhysicalLevel.Pages.FixedSizePageTest::Create()</Name>
              <FileRef uid="15" />
              <SequencePoints>
                <SequencePoint vc="0" uspid="387" ordinal="0" offset="0" sl="19" sc="9" el="19" ec="10" bec="0" bev="0" fileid="15" />
                <SequencePoint vc="0" uspid="388" ordinal="1" offset="1" sl="21" sc="13" el="21" ec="50" bec="0" bev="0" fileid="15" />
                <SequencePoint vc="0" uspid="389" ordinal="2" offset="7" sl="22" sc="13" el="22" ec="64" bec="0" bev="0" fileid="15" />
                <SequencePoint vc="0" uspid="390" ordinal="3" offset="13" sl="23" sc="13" el="23" ec="160" bec="0" bev="0" fileid="15" />
                <SequencePoint vc="0" uspid="391" ordinal="4" offset="46" sl="24" sc="13" el="24" ec="116" bec="0" bev="0" fileid="15" />
                <SequencePoint vc="0" uspid="392" ordinal="5" offset="92" sl="25" sc="13" el="25" ec="60" bec="0" bev="0" fileid="15" />
                <SequencePoint vc="0" uspid="393" ordinal="6" offset="115" sl="26" sc="13" el="26" ec="58" bec="0" bev="0" fileid="15" />
                <SequencePoint vc="0" uspid="394" ordinal="7" offset="138" sl="27" sc="13" el="27" ec="25" bec="0" bev="0" fileid="15" />
                <SequencePoint vc="0" uspid="395" ordinal="8" offset="143" sl="28" sc="9" el="28" ec="10" bec="0" bev="0" fileid="15" />
              </SequencePoints>
              <BranchPoints />
              <MethodPoint xsi:type="SequencePoint" vc="0" uspid="387" ordinal="0" offset="0" sl="19" sc="9" el="19" ec="10" bec="0" bev="0" fileid="15" />
            </Method>
            <Method visited="false" cyclomaticComplexity="1" nPathComplexity="0" sequenceCoverage="0" branchCoverage="0" crapScore="2" isConstructor="false" isStatic="false" isGetter="false" isSetter="false">
              <Summary numSequencePoints="4" visitedSequencePoints="0" numBranchPoints="1" visitedBranchPoints="0" sequenceCoverage="0" branchCoverage="0" maxCyclomaticComplexity="1" minCyclomaticComplexity="1" maxCrapScore="2" minCrapScore="2" visitedClasses="0" numClasses="0" visitedMethods="0" numMethods="1" />
              <MetadataToken>100663371</MetadataToken>
              <Name>System.Action`3&lt;System.Int32,System.Int32,System.IO.Paging.PhysicalLevel.Contracts.Internal.ByteAction&gt; Test.Paging.PhysicalLevel.Pages.FixedSizePageTest::VerifyForArray(System.Byte[])</Name>
              <FileRef uid="15" />
              <SequencePoints>
                <SequencePoint vc="0" uspid="398" ordinal="0" offset="13" sl="34" sc="9" el="34" ec="10" bec="0" bev="0" fileid="15" />
                <SequencePoint vc="0" uspid="399" ordinal="1" offset="14" sl="36" sc="13" el="36" ec="14" bec="0" bev="0" fileid="15" />
                <SequencePoint vc="0" uspid="400" ordinal="2" offset="15" sl="37" sc="17" el="47" ec="23" bec="0" bev="0" fileid="15" />
                <SequencePoint vc="0" uspid="401" ordinal="3" offset="30" sl="49" sc="9" el="49" ec="10" bec="0" bev="0" fileid="15" />
              </SequencePoints>
              <BranchPoints />
              <MethodPoint vc="0" uspid="402" ordinal="0" offset="0" />
            </Method>
            <Method visited="false" cyclomaticComplexity="1" nPathComplexity="0" sequenceCoverage="0" branchCoverage="0" crapScore="2" isConstructor="false" isStatic="false" isGetter="false" isSetter="false">
              <Summary numSequencePoints="11" visitedSequencePoints="0" numBranchPoints="1" visitedBranchPoints="0" sequenceCoverage="0" branchCoverage="0" maxCyclomaticComplexity="1" minCyclomaticComplexity="1" maxCrapScore="2" minCrapScore="2" visitedClasses="0" numClasses="0" visitedMethods="0" numMethods="1" />
              <MetadataToken>100663372</MetadataToken>
              <Name>System.Void Test.Paging.PhysicalLevel.Pages.FixedSizePageTest::AddRecord()</Name>
              <FileRef uid="15" />
              <SequencePoints>
                <SequencePoint vc="0" uspid="403" ordinal="0" offset="13" sl="53" sc="9" el="53" ec="10" bec="0" bev="0" fileid="15" />
                <SequencePoint vc="0" uspid="404" ordinal="1" offset="14" sl="54" sc="13" el="54" ec="33" bec="0" bev="0" fileid="15" />
                <SequencePoint vc="0" uspid="405" ordinal="2" offset="21" sl="55" sc="13" el="55" ec="74" bec="0" bev="0" fileid="15" />
                <SequencePoint vc="0" uspid="406" ordinal="3" offset="153" sl="56" sc="13" el="56" ec="71" bec="0" bev="0" fileid="15" />
                <SequencePoint vc="0" uspid="407" ordinal="4" offset="261" sl="57" sc="13" el="57" ec="70" bec="0" bev="0" fileid="15" />
                <SequencePoint vc="0" uspid="408" ordinal="5" offset="369" sl="58" sc="13" el="58" ec="47" bec="0" bev="0" fileid="15" />
                <SequencePoint vc="0" uspid="409" ordinal="6" offset="392" sl="61" sc="13" el="61" ec="41" bec="0" bev="0" fileid="15" />
                <SequencePoint vc="0" uspid="410" ordinal="7" offset="405" sl="62" sc="13" el="62" ec="41" bec="0" bev="0" fileid="15" />
                <SequencePoint vc="0" uspid="411" ordinal="8" offset="423" sl="63" sc="13" el="63" ec="67" bec="0" bev="0" fileid="15" />
                <SequencePoint vc="0" uspid="412" ordinal="9" offset="441" sl="64" sc="13" el="64" ec="74" bec="0" bev="0" fileid="15" />
                <SequencePoint vc="0" uspid="413" ordinal="10" offset="611" sl="65" sc="9" el="65" ec="10" bec="0" bev="0" fileid="15" />
              </SequencePoints>
              <BranchPoints />
              <MethodPoint vc="0" uspid="414" ordinal="0" offset="0" />
            </Method>
            <Method visited="false" cyclomaticComplexity="1" nPathComplexity="0" sequenceCoverage="0" branchCoverage="0" crapScore="2" isConstructor="false" isStatic="false" isGetter="false" isSetter="false">
              <Summary numSequencePoints="7" visitedSequencePoints="0" numBranchPoints="1" visitedBranchPoints="0" sequenceCoverage="0" branchCoverage="0" maxCyclomaticComplexity="1" minCyclomaticComplexity="1" maxCrapScore="2" minCrapScore="2" visitedClasses="0" numClasses="0" visitedMethods="0" numMethods="1" />
              <MetadataToken>100663373</MetadataToken>
              <Name>System.Void Test.Paging.PhysicalLevel.Pages.FixedSizePageTest::AddRecord_NoSpace()</Name>
              <FileRef uid="15" />
              <SequencePoints>
                <SequencePoint vc="0" uspid="415" ordinal="0" offset="0" sl="69" sc="9" el="69" ec="10" bec="0" bev="0" fileid="15" />
                <SequencePoint vc="0" uspid="416" ordinal="1" offset="1" sl="70" sc="13" el="70" ec="33" bec="0" bev="0" fileid="15" />
                <SequencePoint vc="0" uspid="417" ordinal="2" offset="8" sl="71" sc="13" el="71" ec="76" bec="0" bev="0" fileid="15" />
                <SequencePoint vc="0" uspid="418" ordinal="3" offset="140" sl="72" sc="13" el="72" ec="50" bec="0" bev="0" fileid="15" />
                <SequencePoint vc="0" uspid="419" ordinal="4" offset="158" sl="76" sc="13" el="76" ec="41" bec="0" bev="0" fileid="15" />
                <SequencePoint vc="0" uspid="420" ordinal="5" offset="166" sl="77" sc="13" el="77" ec="32" bec="0" bev="0" fileid="15" />
                <SequencePoint vc="0" uspid="421" ordinal="6" offset="173" sl="78" sc="9" el="78" ec="10" bec="0" bev="0" fileid="15" />
              </SequencePoints>
              <BranchPoints />
              <MethodPoint xsi:type="SequencePoint" vc="0" uspid="415" ordinal="0" offset="0" sl="69" sc="9" el="69" ec="10" bec="0" bev="0" fileid="15" />
            </Method>
            <Method visited="false" cyclomaticComplexity="1" nPathComplexity="0" sequenceCoverage="0" branchCoverage="0" crapScore="2" isConstructor="true" isStatic="false" isGetter="false" isSetter="false">
              <Summary numSequencePoints="0" visitedSequencePoints="0" numBranchPoints="0" visitedBranchPoints="0" sequenceCoverage="0" branchCoverage="0" maxCyclomaticComplexity="1" minCyclomaticComplexity="1" maxCrapScore="2" minCrapScore="2" visitedClasses="0" numClasses="0" visitedMethods="0" numMethods="0" />
              <MetadataToken>100663374</MetadataToken>
              <Name>System.Void Test.Paging.PhysicalLevel.Pages.FixedSizePageTest::.ctor()</Name>
              <SequencePoints />
              <BranchPoints />
              <MethodPoint vc="0" uspid="422" ordinal="0" offset="0" />
            </Method>
          </Methods>
        </Class>
        <Class>
          <Summary numSequencePoints="2" visitedSequencePoints="0" numBranchPoints="1" visitedBranchPoints="0" sequenceCoverage="0" branchCoverage="0" maxCyclomaticComplexity="1" minCyclomaticComplexity="1" maxCrapScore="2" minCrapScore="2" visitedClasses="0" numClasses="1" visitedMethods="0" numMethods="1" />
          <FullName>Test.Paging.PhysicalLevel.Pages.FixedSizePageTest/&lt;&gt;c</FullName>
          <Methods>
            <Method visited="false" cyclomaticComplexity="1" nPathComplexity="0" sequenceCoverage="0" branchCoverage="0" crapScore="2" isConstructor="true" isStatic="true" isGetter="false" isSetter="false">
              <Summary numSequencePoints="0" visitedSequencePoints="0" numBranchPoints="0" visitedBranchPoints="0" sequenceCoverage="0" branchCoverage="0" maxCyclomaticComplexity="1" minCyclomaticComplexity="1" maxCrapScore="2" minCrapScore="2" visitedClasses="0" numClasses="0" visitedMethods="0" numMethods="0" />
              <MetadataToken>100663526</MetadataToken>
              <Name>System.Void Test.Paging.PhysicalLevel.Pages.FixedSizePageTest/&lt;&gt;c::.cctor()</Name>
              <SequencePoints />
              <BranchPoints />
              <MethodPoint vc="0" uspid="423" ordinal="0" offset="0" />
            </Method>
            <Method visited="false" cyclomaticComplexity="1" nPathComplexity="0" sequenceCoverage="0" branchCoverage="0" crapScore="2" isConstructor="true" isStatic="false" isGetter="false" isSetter="false">
              <Summary numSequencePoints="0" visitedSequencePoints="0" numBranchPoints="0" visitedBranchPoints="0" sequenceCoverage="0" branchCoverage="0" maxCyclomaticComplexity="1" minCyclomaticComplexity="1" maxCrapScore="2" minCrapScore="2" visitedClasses="0" numClasses="0" visitedMethods="0" numMethods="0" />
              <MetadataToken>100663527</MetadataToken>
              <Name>System.Void Test.Paging.PhysicalLevel.Pages.FixedSizePageTest/&lt;&gt;c::.ctor()</Name>
              <SequencePoints />
              <BranchPoints />
              <MethodPoint vc="0" uspid="424" ordinal="0" offset="0" />
            </Method>
            <Method visited="false" cyclomaticComplexity="1" nPathComplexity="0" sequenceCoverage="0" branchCoverage="0" crapScore="2" isConstructor="false" isStatic="false" isGetter="false" isSetter="false">
              <Summary numSequencePoints="2" visitedSequencePoints="0" numBranchPoints="1" visitedBranchPoints="0" sequenceCoverage="0" branchCoverage="0" maxCyclomaticComplexity="1" minCyclomaticComplexity="1" maxCrapScore="2" minCrapScore="2" visitedClasses="0" numClasses="0" visitedMethods="0" numMethods="1" />
              <MetadataToken>100663528</MetadataToken>
              <Name>System.Void Test.Paging.PhysicalLevel.Pages.FixedSizePageTest/&lt;&gt;c::&lt;Create&gt;b__4_0()</Name>
              <FileRef uid="15" />
              <SequencePoints>
                <SequencePoint vc="0" uspid="425" ordinal="0" offset="0" sl="24" sc="112" el="24" ec="113" bec="0" bev="0" fileid="15" />
                <SequencePoint vc="0" uspid="426" ordinal="1" offset="1" sl="24" sc="113" el="24" ec="114" bec="0" bev="0" fileid="15" />
              </SequencePoints>
              <BranchPoints />
              <MethodPoint xsi:type="SequencePoint" vc="0" uspid="425" ordinal="0" offset="0" sl="24" sc="112" el="24" ec="113" bec="0" bev="0" fileid="15" />
            </Method>
          </Methods>
        </Class>
        <Class>
          <Summary numSequencePoints="8" visitedSequencePoints="0" numBranchPoints="5" visitedBranchPoints="0" sequenceCoverage="0" branchCoverage="0" maxCyclomaticComplexity="3" minCyclomaticComplexity="1" maxCrapScore="12" minCrapScore="2" visitedClasses="0" numClasses="1" visitedMethods="0" numMethods="1" />
          <FullName>Test.Paging.PhysicalLevel.Pages.FixedSizePageTest/&lt;&gt;c__DisplayClass9_0</FullName>
          <Methods>
            <Method visited="false" cyclomaticComplexity="1" nPathComplexity="0" sequenceCoverage="0" branchCoverage="0" crapScore="2" isConstructor="true" isStatic="false" isGetter="false" isSetter="false">
              <Summary numSequencePoints="0" visitedSequencePoints="0" numBranchPoints="0" visitedBranchPoints="0" sequenceCoverage="0" branchCoverage="0" maxCyclomaticComplexity="1" minCyclomaticComplexity="1" maxCrapScore="2" minCrapScore="2" visitedClasses="0" numClasses="0" visitedMethods="0" numMethods="0" />
              <MetadataToken>100663529</MetadataToken>
              <Name>System.Void Test.Paging.PhysicalLevel.Pages.FixedSizePageTest/&lt;&gt;c__DisplayClass9_0::.ctor()</Name>
              <SequencePoints />
              <BranchPoints />
              <MethodPoint vc="0" uspid="427" ordinal="0" offset="0" />
            </Method>
            <Method visited="false" cyclomaticComplexity="3" nPathComplexity="4" sequenceCoverage="0" branchCoverage="0" crapScore="12" isConstructor="false" isStatic="false" isGetter="false" isSetter="false">
              <Summary numSequencePoints="8" visitedSequencePoints="0" numBranchPoints="5" visitedBranchPoints="0" sequenceCoverage="0" branchCoverage="0" maxCyclomaticComplexity="3" minCyclomaticComplexity="3" maxCrapScore="12" minCrapScore="12" visitedClasses="0" numClasses="0" visitedMethods="0" numMethods="1" />
              <MetadataToken>100663530</MetadataToken>
              <Name>System.Void Test.Paging.PhysicalLevel.Pages.FixedSizePageTest/&lt;&gt;c__DisplayClass9_0::&lt;VerifyForArray&gt;b__0(System.Int32,System.Int32,System.IO.Paging.PhysicalLevel.Contracts.Internal.ByteAction)</Name>
              <FileRef uid="15" />
              <SequencePoints>
                <SequencePoint vc="0" uspid="428" ordinal="0" offset="0" sl="39" sc="21" el="39" ec="22" bec="0" bev="0" fileid="15" />
                <SequencePoint vc="0" uspid="429" ordinal="1" offset="1" sl="41" sc="25" el="41" ec="45" bec="0" bev="0" fileid="15" />
                <SequencePoint vc="0" uspid="430" ordinal="2" offset="8" sl="42" sc="32" el="42" ec="44" bec="3" bev="0" fileid="15" />
                <SequencePoint vc="0" uspid="431" ordinal="3" offset="32" sl="43" sc="25" el="43" ec="26" bec="0" bev="0" fileid="15" />
                <SequencePoint vc="0" uspid="432" ordinal="4" offset="33" sl="44" sc="29" el="44" ec="35" bec="0" bev="0" fileid="15" />
                <SequencePoint vc="0" uspid="433" ordinal="5" offset="41" sl="45" sc="25" el="45" ec="26" bec="0" bev="0" fileid="15" />
                <SequencePoint vc="0" uspid="434" ordinal="6" offset="44" sl="46" sc="25" el="46" ec="58" bec="0" bev="0" fileid="15" />
                <SequencePoint vc="0" uspid="435" ordinal="7" offset="57" sl="47" sc="21" el="47" ec="22" bec="0" bev="0" fileid="15" />
              </SequencePoints>
              <BranchPoints>
                <BranchPoint vc="0" uspid="436" ordinal="0" offset="11" sl="42" path="0" offsetend="13" fileid="15" />
                <BranchPoint vc="0" uspid="437" ordinal="1" offset="11" sl="42" path="1" offsetend="18" fileid="15" />
                <BranchPoint vc="0" uspid="438" ordinal="2" offset="16" sl="42" path="0" offsetend="18" fileid="15" />
                <BranchPoint vc="0" uspid="439" ordinal="3" offset="16" sl="42" path="1" offsetend="23" fileid="15" />
              </BranchPoints>
              <MethodPoint xsi:type="SequencePoint" vc="0" uspid="428" ordinal="0" offset="0" sl="39" sc="21" el="39" ec="22" bec="0" bev="0" fileid="15" />
            </Method>
          </Methods>
        </Class>
        <Class>
          <Summary numSequencePoints="0" visitedSequencePoints="0" numBranchPoints="0" visitedBranchPoints="0" sequenceCoverage="0" branchCoverage="0" maxCyclomaticComplexity="1" minCyclomaticComplexity="1" maxCrapScore="2" minCrapScore="2" visitedClasses="0" numClasses="0" visitedMethods="0" numMethods="0" />
          <FullName>Test.Paging.PhysicalLevel.Pages.FixedSizePageTest/&lt;&gt;c__DisplayClass10_0</FullName>
          <Methods>
            <Method visited="false" cyclomaticComplexity="1" nPathComplexity="0" sequenceCoverage="0" branchCoverage="0" crapScore="2" isConstructor="true" isStatic="false" isGetter="false" isSetter="false">
              <Summary numSequencePoints="0" visitedSequencePoints="0" numBranchPoints="0" visitedBranchPoints="0" sequenceCoverage="0" branchCoverage="0" maxCyclomaticComplexity="1" minCyclomaticComplexity="1" maxCrapScore="2" minCrapScore="2" visitedClasses="0" numClasses="0" visitedMethods="0" numMethods="0" />
              <MetadataToken>100663531</MetadataToken>
              <Name>System.Void Test.Paging.PhysicalLevel.Pages.FixedSizePageTest/&lt;&gt;c__DisplayClass10_0::.ctor()</Name>
              <SequencePoints />
              <BranchPoints />
              <MethodPoint vc="0" uspid="440" ordinal="0" offset="0" />
            </Method>
          </Methods>
        </Class>
        <Class>
          <Summary numSequencePoints="81" visitedSequencePoints="0" numBranchPoints="14" visitedBranchPoints="0" sequenceCoverage="0" branchCoverage="0" maxCyclomaticComplexity="2" minCyclomaticComplexity="1" maxCrapScore="6" minCrapScore="2" visitedClasses="0" numClasses="1" visitedMethods="0" numMethods="14" />
          <FullName>Test.Paging.PhysicalLevel.Pages.PageBinarySearchTest</FullName>
          <Methods>
            <Method visited="false" cyclomaticComplexity="1" nPathComplexity="0" sequenceCoverage="0" branchCoverage="0" crapScore="2" isConstructor="false" isStatic="false" isGetter="true" isSetter="false">
              <Summary numSequencePoints="1" visitedSequencePoints="0" numBranchPoints="1" visitedBranchPoints="0" sequenceCoverage="0" branchCoverage="0" maxCyclomaticComplexity="1" minCyclomaticComplexity="1" maxCrapScore="2" minCrapScore="2" visitedClasses="0" numClasses="0" visitedMethods="0" numMethods="1" />
              <MetadataToken>100663375</MetadataToken>
              <Name>Microsoft.VisualStudio.TestTools.UnitTesting.TestContext Test.Paging.PhysicalLevel.Pages.PageBinarySearchTest::get_TestContext()</Name>
              <FileRef uid="18" />
              <SequencePoints>
                <SequencePoint vc="0" uspid="441" ordinal="0" offset="0" sl="15" sc="42" el="15" ec="46" bec="0" bev="0" fileid="18" />
              </SequencePoints>
              <BranchPoints />
              <MethodPoint xsi:type="SequencePoint" vc="0" uspid="441" ordinal="0" offset="0" sl="15" sc="42" el="15" ec="46" bec="0" bev="0" fileid="18" />
            </Method>
            <Method visited="false" cyclomaticComplexity="1" nPathComplexity="0" sequenceCoverage="0" branchCoverage="0" crapScore="2" isConstructor="false" isStatic="false" isGetter="false" isSetter="true">
              <Summary numSequencePoints="1" visitedSequencePoints="0" numBranchPoints="1" visitedBranchPoints="0" sequenceCoverage="0" branchCoverage="0" maxCyclomaticComplexity="1" minCyclomaticComplexity="1" maxCrapScore="2" minCrapScore="2" visitedClasses="0" numClasses="0" visitedMethods="0" numMethods="1" />
              <MetadataToken>100663376</MetadataToken>
              <Name>System.Void Test.Paging.PhysicalLevel.Pages.PageBinarySearchTest::set_TestContext(Microsoft.VisualStudio.TestTools.UnitTesting.TestContext)</Name>
              <FileRef uid="18" />
              <SequencePoints>
                <SequencePoint vc="0" uspid="442" ordinal="0" offset="0" sl="15" sc="47" el="15" ec="51" bec="0" bev="0" fileid="18" />
              </SequencePoints>
              <BranchPoints />
              <MethodPoint xsi:type="SequencePoint" vc="0" uspid="442" ordinal="0" offset="0" sl="15" sc="47" el="15" ec="51" bec="0" bev="0" fileid="18" />
            </Method>
            <Method visited="false" cyclomaticComplexity="1" nPathComplexity="0" sequenceCoverage="0" branchCoverage="0" crapScore="2" isConstructor="false" isStatic="false" isGetter="true" isSetter="false">
              <Summary numSequencePoints="1" visitedSequencePoints="0" numBranchPoints="1" visitedBranchPoints="0" sequenceCoverage="0" branchCoverage="0" maxCyclomaticComplexity="1" minCyclomaticComplexity="1" maxCrapScore="2" minCrapScore="2" visitedClasses="0" numClasses="0" visitedMethods="0" numMethods="1" />
              <MetadataToken>100663379</MetadataToken>
              <Name>System.IO.Paging.PhysicalLevel.Contracts.Internal.IPageHeaders Test.Paging.PhysicalLevel.Pages.PageBinarySearchTest::get_Headers()</Name>
              <FileRef uid="18" />
              <SequencePoints>
                <SequencePoint vc="0" uspid="443" ordinal="0" offset="0" sl="37" sc="41" el="37" ec="90" bec="0" bev="0" fileid="18" />
              </SequencePoints>
              <BranchPoints />
              <MethodPoint xsi:type="SequencePoint" vc="0" uspid="443" ordinal="0" offset="0" sl="37" sc="41" el="37" ec="90" bec="0" bev="0" fileid="18" />
            </Method>
            <Method visited="false" cyclomaticComplexity="1" nPathComplexity="0" sequenceCoverage="0" branchCoverage="0" crapScore="2" isConstructor="false" isStatic="false" isGetter="true" isSetter="false">
              <Summary numSequencePoints="1" visitedSequencePoints="0" numBranchPoints="1" visitedBranchPoints="0" sequenceCoverage="0" branchCoverage="0" maxCyclomaticComplexity="1" minCyclomaticComplexity="1" maxCrapScore="2" minCrapScore="2" visitedClasses="0" numClasses="0" visitedMethods="0" numMethods="1" />
              <MetadataToken>100663380</MetadataToken>
              <Name>System.IO.Paging.PhysicalLevel.Contracts.Internal.IRecordAcquirer`1&lt;Test.Paging.PhysicalLevel.TestRecord&gt; Test.Paging.PhysicalLevel.Pages.PageBinarySearchTest::get_Access()</Name>
              <FileRef uid="18" />
              <SequencePoints>
                <SequencePoint vc="0" uspid="444" ordinal="0" offset="0" sl="38" sc="55" el="38" ec="118" bec="0" bev="0" fileid="18" />
              </SequencePoints>
              <BranchPoints />
              <MethodPoint xsi:type="SequencePoint" vc="0" uspid="444" ordinal="0" offset="0" sl="38" sc="55" el="38" ec="118" bec="0" bev="0" fileid="18" />
            </Method>
            <Method visited="false" cyclomaticComplexity="1" nPathComplexity="0" sequenceCoverage="0" branchCoverage="0" crapScore="2" isConstructor="false" isStatic="false" isGetter="false" isSetter="false">
              <Summary numSequencePoints="6" visitedSequencePoints="0" numBranchPoints="1" visitedBranchPoints="0" sequenceCoverage="0" branchCoverage="0" maxCyclomaticComplexity="1" minCyclomaticComplexity="1" maxCrapScore="2" minCrapScore="2" visitedClasses="0" numClasses="0" visitedMethods="0" numMethods="1" />
              <MetadataToken>100663377</MetadataToken>
              <Name>System.Void Test.Paging.PhysicalLevel.Pages.PageBinarySearchTest::TestInit()</Name>
              <FileRef uid="18" />
              <SequencePoints>
                <SequencePoint vc="0" uspid="445" ordinal="0" offset="0" sl="19" sc="9" el="19" ec="10" bec="0" bev="0" fileid="18" />
                <SequencePoint vc="0" uspid="446" ordinal="1" offset="1" sl="21" sc="13" el="21" ec="50" bec="0" bev="0" fileid="18" />
                <SequencePoint vc="0" uspid="447" ordinal="2" offset="7" sl="22" sc="13" el="22" ec="64" bec="0" bev="0" fileid="18" />
                <SequencePoint vc="0" uspid="448" ordinal="3" offset="13" sl="23" sc="13" el="23" ec="60" bec="0" bev="0" fileid="18" />
                <SequencePoint vc="0" uspid="449" ordinal="4" offset="36" sl="24" sc="13" el="24" ec="58" bec="0" bev="0" fileid="18" />
                <SequencePoint vc="0" uspid="450" ordinal="5" offset="59" sl="25" sc="9" el="25" ec="10" bec="0" bev="0" fileid="18" />
              </SequencePoints>
              <BranchPoints />
              <MethodPoint xsi:type="SequencePoint" vc="0" uspid="445" ordinal="0" offset="0" sl="19" sc="9" el="19" ec="10" bec="0" bev="0" fileid="18" />
            </Method>
            <Method visited="false" cyclomaticComplexity="2" nPathComplexity="0" sequenceCoverage="0" branchCoverage="0" crapScore="6" isConstructor="false" isStatic="false" isGetter="false" isSetter="false">
              <Summary numSequencePoints="6" visitedSequencePoints="0" numBranchPoints="1" visitedBranchPoints="0" sequenceCoverage="0" branchCoverage="0" maxCyclomaticComplexity="2" minCyclomaticComplexity="2" maxCrapScore="6" minCrapScore="6" visitedClasses="0" numClasses="0" visitedMethods="0" numMethods="1" />
              <MetadataToken>100663378</MetadataToken>
              <Name>System.IO.Paging.PhysicalLevel.Classes.Pages.Contracts.IBinarySearcher`1&lt;Test.Paging.PhysicalLevel.TestRecord&gt; Test.Paging.PhysicalLevel.Pages.PageBinarySearchTest::Create()</Name>
              <FileRef uid="18" />
              <SequencePoints>
                <SequencePoint vc="0" uspid="451" ordinal="0" offset="0" sl="28" sc="9" el="28" ec="10" bec="0" bev="0" fileid="18" />
                <SequencePoint vc="0" uspid="452" ordinal="1" offset="1" sl="29" sc="13" el="29" ec="67" bec="0" bev="0" fileid="18" />
                <SequencePoint vc="0" uspid="453" ordinal="2" offset="79" sl="30" sc="13" el="30" ec="86" bec="0" bev="0" fileid="18" />
                <SequencePoint vc="0" uspid="454" ordinal="3" offset="192" sl="32" sc="13" el="32" ec="134" bec="0" bev="0" fileid="18" />
                <SequencePoint vc="0" uspid="455" ordinal="4" offset="248" sl="34" sc="13" el="34" ec="25" bec="0" bev="0" fileid="18" />
                <SequencePoint vc="0" uspid="456" ordinal="5" offset="252" sl="35" sc="9" el="35" ec="10" bec="0" bev="0" fileid="18" />
              </SequencePoints>
              <BranchPoints />
              <MethodPoint xsi:type="SequencePoint" vc="0" uspid="451" ordinal="0" offset="0" sl="28" sc="9" el="28" ec="10" bec="0" bev="0" fileid="18" />
            </Method>
            <Method visited="false" cyclomaticComplexity="1" nPathComplexity="0" sequenceCoverage="0" branchCoverage="0" crapScore="2" isConstructor="false" isStatic="false" isGetter="false" isSetter="false">
              <Summary numSequencePoints="5" visitedSequencePoints="0" numBranchPoints="1" visitedBranchPoints="0" sequenceCoverage="0" branchCoverage="0" maxCyclomaticComplexity="1" minCyclomaticComplexity="1" maxCrapScore="2" minCrapScore="2" visitedClasses="0" numClasses="0" visitedMethods="0" numMethods="1" />
              <MetadataToken>100663381</MetadataToken>
              <Name>System.Void Test.Paging.PhysicalLevel.Pages.PageBinarySearchTest::SearchStartForEmptyPage()</Name>
              <FileRef uid="18" />
              <SequencePoints>
                <SequencePoint vc="0" uspid="459" ordinal="0" offset="0" sl="42" sc="9" el="42" ec="10" bec="0" bev="0" fileid="18" />
                <SequencePoint vc="0" uspid="460" ordinal="1" offset="1" sl="43" sc="13" el="43" ec="77" bec="0" bev="0" fileid="18" />
                <SequencePoint vc="0" uspid="461" ordinal="2" offset="89" sl="44" sc="13" el="44" ec="30" bec="0" bev="0" fileid="18" />
                <SequencePoint vc="0" uspid="462" ordinal="3" offset="96" sl="47" sc="13" el="47" ec="38" bec="0" bev="0" fileid="18" />
                <SequencePoint vc="0" uspid="463" ordinal="4" offset="108" sl="49" sc="9" el="49" ec="10" bec="0" bev="0" fileid="18" />
              </SequencePoints>
              <BranchPoints />
              <MethodPoint xsi:type="SequencePoint" vc="0" uspid="459" ordinal="0" offset="0" sl="42" sc="9" el="42" ec="10" bec="0" bev="0" fileid="18" />
            </Method>
            <Method visited="false" cyclomaticComplexity="1" nPathComplexity="0" sequenceCoverage="0" branchCoverage="0" crapScore="2" isConstructor="false" isStatic="false" isGetter="false" isSetter="false">
              <Summary numSequencePoints="9" visitedSequencePoints="0" numBranchPoints="1" visitedBranchPoints="0" sequenceCoverage="0" branchCoverage="0" maxCyclomaticComplexity="1" minCyclomaticComplexity="1" maxCrapScore="2" minCrapScore="2" visitedClasses="0" numClasses="0" visitedMethods="0" numMethods="1" />
              <MetadataToken>100663382</MetadataToken>
              <Name>System.Void Test.Paging.PhysicalLevel.Pages.PageBinarySearchTest::SearchStartForPageWithOneRecord()</Name>
              <FileRef uid="18" />
              <SequencePoints>
                <SequencePoint vc="0" uspid="464" ordinal="0" offset="0" sl="53" sc="9" el="53" ec="10" bec="0" bev="0" fileid="18" />
                <SequencePoint vc="0" uspid="465" ordinal="1" offset="1" sl="54" sc="13" el="54" ec="80" bec="0" bev="0" fileid="18" />
                <SequencePoint vc="0" uspid="466" ordinal="2" offset="93" sl="55" sc="13" el="55" ec="72" bec="0" bev="0" fileid="18" />
                <SequencePoint vc="0" uspid="467" ordinal="3" offset="202" sl="56" sc="13" el="56" ec="50" bec="0" bev="0" fileid="18" />
                <SequencePoint vc="0" uspid="468" ordinal="4" offset="220" sl="57" sc="13" el="57" ec="64" bec="0" bev="0" fileid="18" />
                <SequencePoint vc="0" uspid="469" ordinal="5" offset="358" sl="58" sc="13" el="58" ec="30" bec="0" bev="0" fileid="18" />
                <SequencePoint vc="0" uspid="470" ordinal="6" offset="365" sl="60" sc="13" el="60" ec="106" bec="0" bev="0" fileid="18" />
                <SequencePoint vc="0" uspid="471" ordinal="7" offset="389" sl="61" sc="13" el="61" ec="48" bec="0" bev="0" fileid="18" />
                <SequencePoint vc="0" uspid="472" ordinal="8" offset="407" sl="63" sc="9" el="63" ec="10" bec="0" bev="0" fileid="18" />
              </SequencePoints>
              <BranchPoints />
              <MethodPoint xsi:type="SequencePoint" vc="0" uspid="464" ordinal="0" offset="0" sl="53" sc="9" el="53" ec="10" bec="0" bev="0" fileid="18" />
            </Method>
            <Method visited="false" cyclomaticComplexity="1" nPathComplexity="0" sequenceCoverage="0" branchCoverage="0" crapScore="2" isConstructor="false" isStatic="false" isGetter="false" isSetter="false">
              <Summary numSequencePoints="9" visitedSequencePoints="0" numBranchPoints="1" visitedBranchPoints="0" sequenceCoverage="0" branchCoverage="0" maxCyclomaticComplexity="1" minCyclomaticComplexity="1" maxCrapScore="2" minCrapScore="2" visitedClasses="0" numClasses="0" visitedMethods="0" numMethods="1" />
              <MetadataToken>100663383</MetadataToken>
              <Name>System.Void Test.Paging.PhysicalLevel.Pages.PageBinarySearchTest::SearchStartForPageWithTwoRecord()</Name>
              <FileRef uid="18" />
              <SequencePoints>
                <SequencePoint vc="0" uspid="473" ordinal="0" offset="0" sl="67" sc="9" el="67" ec="10" bec="0" bev="0" fileid="18" />
                <SequencePoint vc="0" uspid="474" ordinal="1" offset="1" sl="68" sc="13" el="68" ec="83" bec="0" bev="0" fileid="18" />
                <SequencePoint vc="0" uspid="475" ordinal="2" offset="97" sl="69" sc="13" el="69" ec="72" bec="0" bev="0" fileid="18" />
                <SequencePoint vc="0" uspid="476" ordinal="3" offset="206" sl="70" sc="13" el="70" ec="50" bec="0" bev="0" fileid="18" />
                <SequencePoint vc="0" uspid="477" ordinal="4" offset="224" sl="71" sc="13" el="71" ec="64" bec="0" bev="0" fileid="18" />
                <SequencePoint vc="0" uspid="478" ordinal="5" offset="362" sl="72" sc="13" el="72" ec="30" bec="0" bev="0" fileid="18" />
                <SequencePoint vc="0" uspid="479" ordinal="6" offset="369" sl="73" sc="13" el="73" ec="106" bec="0" bev="0" fileid="18" />
                <SequencePoint vc="0" uspid="480" ordinal="7" offset="393" sl="74" sc="13" el="74" ec="48" bec="0" bev="0" fileid="18" />
                <SequencePoint vc="0" uspid="481" ordinal="8" offset="411" sl="76" sc="9" el="76" ec="10" bec="0" bev="0" fileid="18" />
              </SequencePoints>
              <BranchPoints />
              <MethodPoint xsi:type="SequencePoint" vc="0" uspid="473" ordinal="0" offset="0" sl="67" sc="9" el="67" ec="10" bec="0" bev="0" fileid="18" />
            </Method>
            <Method visited="false" cyclomaticComplexity="1" nPathComplexity="0" sequenceCoverage="0" branchCoverage="0" crapScore="2" isConstructor="false" isStatic="false" isGetter="false" isSetter="false">
              <Summary numSequencePoints="8" visitedSequencePoints="0" numBranchPoints="1" visitedBranchPoints="0" sequenceCoverage="0" branchCoverage="0" maxCyclomaticComplexity="1" minCyclomaticComplexity="1" maxCrapScore="2" minCrapScore="2" visitedClasses="0" numClasses="0" visitedMethods="0" numMethods="1" />
              <MetadataToken>100663384</MetadataToken>
              <Name>System.Void Test.Paging.PhysicalLevel.Pages.PageBinarySearchTest::SearchStartForPageWithThreeRecord()</Name>
              <FileRef uid="18" />
              <SequencePoints>
                <SequencePoint vc="0" uspid="482" ordinal="0" offset="0" sl="80" sc="9" el="80" ec="10" bec="0" bev="0" fileid="18" />
                <SequencePoint vc="0" uspid="483" ordinal="1" offset="1" sl="81" sc="13" el="81" ec="86" bec="0" bev="0" fileid="18" />
                <SequencePoint vc="0" uspid="484" ordinal="2" offset="100" sl="82" sc="13" el="82" ec="72" bec="0" bev="0" fileid="18" />
                <SequencePoint vc="0" uspid="485" ordinal="3" offset="209" sl="84" sc="13" el="84" ec="91" bec="0" bev="0" fileid="18" />
                <SequencePoint vc="0" uspid="486" ordinal="4" offset="363" sl="85" sc="13" el="85" ec="30" bec="0" bev="0" fileid="18" />
                <SequencePoint vc="0" uspid="487" ordinal="5" offset="370" sl="86" sc="13" el="86" ec="106" bec="0" bev="0" fileid="18" />
                <SequencePoint vc="0" uspid="488" ordinal="6" offset="394" sl="87" sc="13" el="87" ec="46" bec="0" bev="0" fileid="18" />
                <SequencePoint vc="0" uspid="489" ordinal="7" offset="416" sl="89" sc="9" el="89" ec="10" bec="0" bev="0" fileid="18" />
              </SequencePoints>
              <BranchPoints />
              <MethodPoint xsi:type="SequencePoint" vc="0" uspid="482" ordinal="0" offset="0" sl="80" sc="9" el="80" ec="10" bec="0" bev="0" fileid="18" />
            </Method>
            <Method visited="false" cyclomaticComplexity="1" nPathComplexity="0" sequenceCoverage="0" branchCoverage="0" crapScore="2" isConstructor="false" isStatic="false" isGetter="false" isSetter="false">
              <Summary numSequencePoints="9" visitedSequencePoints="0" numBranchPoints="1" visitedBranchPoints="0" sequenceCoverage="0" branchCoverage="0" maxCyclomaticComplexity="1" minCyclomaticComplexity="1" maxCrapScore="2" minCrapScore="2" visitedClasses="0" numClasses="0" visitedMethods="0" numMethods="1" />
              <MetadataToken>100663385</MetadataToken>
              <Name>System.Void Test.Paging.PhysicalLevel.Pages.PageBinarySearchTest::SearchMoveLeftRightForPageWithOneRecord()</Name>
              <FileRef uid="18" />
              <SequencePoints>
                <SequencePoint vc="0" uspid="490" ordinal="0" offset="0" sl="93" sc="9" el="93" ec="10" bec="0" bev="0" fileid="18" />
                <SequencePoint vc="0" uspid="491" ordinal="1" offset="1" sl="94" sc="13" el="94" ec="80" bec="0" bev="0" fileid="18" />
                <SequencePoint vc="0" uspid="492" ordinal="2" offset="93" sl="95" sc="13" el="95" ec="72" bec="0" bev="0" fileid="18" />
                <SequencePoint vc="0" uspid="493" ordinal="3" offset="202" sl="96" sc="13" el="96" ec="91" bec="0" bev="0" fileid="18" />
                <SequencePoint vc="0" uspid="494" ordinal="4" offset="356" sl="97" sc="13" el="97" ec="30" bec="0" bev="0" fileid="18" />
                <SequencePoint vc="0" uspid="495" ordinal="5" offset="363" sl="100" sc="13" el="100" ec="42" bec="0" bev="0" fileid="18" />
                <SequencePoint vc="0" uspid="496" ordinal="6" offset="375" sl="101" sc="13" el="101" ec="43" bec="0" bev="0" fileid="18" />
                <SequencePoint vc="0" uspid="497" ordinal="7" offset="387" sl="102" sc="13" el="102" ec="41" bec="0" bev="0" fileid="18" />
                <SequencePoint vc="0" uspid="498" ordinal="8" offset="399" sl="104" sc="9" el="104" ec="10" bec="0" bev="0" fileid="18" />
              </SequencePoints>
              <BranchPoints />
              <MethodPoint xsi:type="SequencePoint" vc="0" uspid="490" ordinal="0" offset="0" sl="93" sc="9" el="93" ec="10" bec="0" bev="0" fileid="18" />
            </Method>
            <Method visited="false" cyclomaticComplexity="1" nPathComplexity="0" sequenceCoverage="0" branchCoverage="0" crapScore="2" isConstructor="false" isStatic="false" isGetter="false" isSetter="false">
              <Summary numSequencePoints="9" visitedSequencePoints="0" numBranchPoints="1" visitedBranchPoints="0" sequenceCoverage="0" branchCoverage="0" maxCyclomaticComplexity="1" minCyclomaticComplexity="1" maxCrapScore="2" minCrapScore="2" visitedClasses="0" numClasses="0" visitedMethods="0" numMethods="1" />
              <MetadataToken>100663386</MetadataToken>
              <Name>System.Void Test.Paging.PhysicalLevel.Pages.PageBinarySearchTest::SearchMoveRightLeftForPageWithOneRecord()</Name>
              <FileRef uid="18" />
              <SequencePoints>
                <SequencePoint vc="0" uspid="499" ordinal="0" offset="0" sl="108" sc="9" el="108" ec="10" bec="0" bev="0" fileid="18" />
                <SequencePoint vc="0" uspid="500" ordinal="1" offset="1" sl="109" sc="13" el="109" ec="80" bec="0" bev="0" fileid="18" />
                <SequencePoint vc="0" uspid="501" ordinal="2" offset="93" sl="110" sc="13" el="110" ec="72" bec="0" bev="0" fileid="18" />
                <SequencePoint vc="0" uspid="502" ordinal="3" offset="202" sl="111" sc="13" el="111" ec="91" bec="0" bev="0" fileid="18" />
                <SequencePoint vc="0" uspid="503" ordinal="4" offset="356" sl="112" sc="13" el="112" ec="30" bec="0" bev="0" fileid="18" />
                <SequencePoint vc="0" uspid="504" ordinal="5" offset="363" sl="113" sc="13" el="113" ec="43" bec="0" bev="0" fileid="18" />
                <SequencePoint vc="0" uspid="505" ordinal="6" offset="375" sl="114" sc="13" el="114" ec="42" bec="0" bev="0" fileid="18" />
                <SequencePoint vc="0" uspid="506" ordinal="7" offset="387" sl="115" sc="13" el="115" ec="41" bec="0" bev="0" fileid="18" />
                <SequencePoint vc="0" uspid="507" ordinal="8" offset="399" sl="117" sc="9" el="117" ec="10" bec="0" bev="0" fileid="18" />
              </SequencePoints>
              <BranchPoints />
              <MethodPoint xsi:type="SequencePoint" vc="0" uspid="499" ordinal="0" offset="0" sl="108" sc="9" el="108" ec="10" bec="0" bev="0" fileid="18" />
            </Method>
            <Method visited="false" cyclomaticComplexity="1" nPathComplexity="0" sequenceCoverage="0" branchCoverage="0" crapScore="2" isConstructor="false" isStatic="false" isGetter="false" isSetter="false">
              <Summary numSequencePoints="8" visitedSequencePoints="0" numBranchPoints="1" visitedBranchPoints="0" sequenceCoverage="0" branchCoverage="0" maxCyclomaticComplexity="1" minCyclomaticComplexity="1" maxCrapScore="2" minCrapScore="2" visitedClasses="0" numClasses="0" visitedMethods="0" numMethods="1" />
              <MetadataToken>100663387</MetadataToken>
              <Name>System.Void Test.Paging.PhysicalLevel.Pages.PageBinarySearchTest::SearchMoveLeftForPageWithTwoRecord()</Name>
              <FileRef uid="18" />
              <SequencePoints>
                <SequencePoint vc="0" uspid="508" ordinal="0" offset="0" sl="121" sc="9" el="121" ec="10" bec="0" bev="0" fileid="18" />
                <SequencePoint vc="0" uspid="509" ordinal="1" offset="1" sl="122" sc="13" el="122" ec="83" bec="0" bev="0" fileid="18" />
                <SequencePoint vc="0" uspid="510" ordinal="2" offset="97" sl="123" sc="13" el="123" ec="72" bec="0" bev="0" fileid="18" />
                <SequencePoint vc="0" uspid="511" ordinal="3" offset="206" sl="124" sc="13" el="124" ec="91" bec="0" bev="0" fileid="18" />
                <SequencePoint vc="0" uspid="512" ordinal="4" offset="360" sl="125" sc="13" el="125" ec="30" bec="0" bev="0" fileid="18" />
                <SequencePoint vc="0" uspid="513" ordinal="5" offset="367" sl="128" sc="13" el="128" ec="42" bec="0" bev="0" fileid="18" />
                <SequencePoint vc="0" uspid="514" ordinal="6" offset="379" sl="129" sc="13" el="129" ec="41" bec="0" bev="0" fileid="18" />
                <SequencePoint vc="0" uspid="515" ordinal="7" offset="391" sl="131" sc="9" el="131" ec="10" bec="0" bev="0" fileid="18" />
              </SequencePoints>
              <BranchPoints />
              <MethodPoint xsi:type="SequencePoint" vc="0" uspid="508" ordinal="0" offset="0" sl="121" sc="9" el="121" ec="10" bec="0" bev="0" fileid="18" />
            </Method>
            <Method visited="false" cyclomaticComplexity="1" nPathComplexity="0" sequenceCoverage="0" branchCoverage="0" crapScore="2" isConstructor="false" isStatic="false" isGetter="false" isSetter="false">
              <Summary numSequencePoints="8" visitedSequencePoints="0" numBranchPoints="1" visitedBranchPoints="0" sequenceCoverage="0" branchCoverage="0" maxCyclomaticComplexity="1" minCyclomaticComplexity="1" maxCrapScore="2" minCrapScore="2" visitedClasses="0" numClasses="0" visitedMethods="0" numMethods="1" />
              <MetadataToken>100663388</MetadataToken>
              <Name>System.Void Test.Paging.PhysicalLevel.Pages.PageBinarySearchTest::SearchMoveRightForPageWithTwoRecord()</Name>
              <FileRef uid="18" />
              <SequencePoints>
                <SequencePoint vc="0" uspid="516" ordinal="0" offset="0" sl="136" sc="9" el="136" ec="10" bec="0" bev="0" fileid="18" />
                <SequencePoint vc="0" uspid="517" ordinal="1" offset="1" sl="137" sc="13" el="137" ec="83" bec="0" bev="0" fileid="18" />
                <SequencePoint vc="0" uspid="518" ordinal="2" offset="97" sl="138" sc="13" el="138" ec="72" bec="0" bev="0" fileid="18" />
                <SequencePoint vc="0" uspid="519" ordinal="3" offset="206" sl="139" sc="13" el="139" ec="79" bec="0" bev="0" fileid="18" />
                <SequencePoint vc="0" uspid="520" ordinal="4" offset="352" sl="140" sc="13" el="140" ec="30" bec="0" bev="0" fileid="18" />
                <SequencePoint vc="0" uspid="521" ordinal="5" offset="359" sl="141" sc="13" el="141" ec="42" bec="0" bev="0" fileid="18" />
                <SequencePoint vc="0" uspid="522" ordinal="6" offset="371" sl="142" sc="13" el="142" ec="106" bec="0" bev="0" fileid="18" />
                <SequencePoint vc="0" uspid="523" ordinal="7" offset="395" sl="144" sc="9" el="144" ec="10" bec="0" bev="0" fileid="18" />
              </SequencePoints>
              <BranchPoints />
              <MethodPoint xsi:type="SequencePoint" vc="0" uspid="516" ordinal="0" offset="0" sl="136" sc="9" el="136" ec="10" bec="0" bev="0" fileid="18" />
            </Method>
            <Method visited="false" cyclomaticComplexity="1" nPathComplexity="0" sequenceCoverage="0" branchCoverage="0" crapScore="2" isConstructor="true" isStatic="false" isGetter="false" isSetter="false">
              <Summary numSequencePoints="0" visitedSequencePoints="0" numBranchPoints="0" visitedBranchPoints="0" sequenceCoverage="0" branchCoverage="0" maxCyclomaticComplexity="1" minCyclomaticComplexity="1" maxCrapScore="2" minCrapScore="2" visitedClasses="0" numClasses="0" visitedMethods="0" numMethods="0" />
              <MetadataToken>100663389</MetadataToken>
              <Name>System.Void Test.Paging.PhysicalLevel.Pages.PageBinarySearchTest::.ctor()</Name>
              <SequencePoints />
              <BranchPoints />
              <MethodPoint vc="0" uspid="524" ordinal="0" offset="0" />
            </Method>
          </Methods>
        </Class>
        <Class>
          <Summary numSequencePoints="2" visitedSequencePoints="0" numBranchPoints="1" visitedBranchPoints="0" sequenceCoverage="0" branchCoverage="0" maxCyclomaticComplexity="1" minCyclomaticComplexity="1" maxCrapScore="2" minCrapScore="2" visitedClasses="0" numClasses="1" visitedMethods="0" numMethods="1" />
          <FullName>Test.Paging.PhysicalLevel.Pages.PageBinarySearchTest/&lt;&gt;c</FullName>
          <Methods>
            <Method visited="false" cyclomaticComplexity="1" nPathComplexity="0" sequenceCoverage="0" branchCoverage="0" crapScore="2" isConstructor="true" isStatic="true" isGetter="false" isSetter="false">
              <Summary numSequencePoints="0" visitedSequencePoints="0" numBranchPoints="0" visitedBranchPoints="0" sequenceCoverage="0" branchCoverage="0" maxCyclomaticComplexity="1" minCyclomaticComplexity="1" maxCrapScore="2" minCrapScore="2" visitedClasses="0" numClasses="0" visitedMethods="0" numMethods="0" />
              <MetadataToken>100663532</MetadataToken>
              <Name>System.Void Test.Paging.PhysicalLevel.Pages.PageBinarySearchTest/&lt;&gt;c::.cctor()</Name>
              <SequencePoints />
              <BranchPoints />
              <MethodPoint vc="0" uspid="525" ordinal="0" offset="0" />
            </Method>
            <Method visited="false" cyclomaticComplexity="1" nPathComplexity="0" sequenceCoverage="0" branchCoverage="0" crapScore="2" isConstructor="true" isStatic="false" isGetter="false" isSetter="false">
              <Summary numSequencePoints="0" visitedSequencePoints="0" numBranchPoints="0" visitedBranchPoints="0" sequenceCoverage="0" branchCoverage="0" maxCyclomaticComplexity="1" minCyclomaticComplexity="1" maxCrapScore="2" minCrapScore="2" visitedClasses="0" numClasses="0" visitedMethods="0" numMethods="0" />
              <MetadataToken>100663533</MetadataToken>
              <Name>System.Void Test.Paging.PhysicalLevel.Pages.PageBinarySearchTest/&lt;&gt;c::.ctor()</Name>
              <SequencePoints />
              <BranchPoints />
              <MethodPoint vc="0" uspid="526" ordinal="0" offset="0" />
            </Method>
            <Method visited="false" cyclomaticComplexity="1" nPathComplexity="0" sequenceCoverage="0" branchCoverage="0" crapScore="2" isConstructor="false" isStatic="false" isGetter="false" isSetter="false">
              <Summary numSequencePoints="2" visitedSequencePoints="0" numBranchPoints="1" visitedBranchPoints="0" sequenceCoverage="0" branchCoverage="0" maxCyclomaticComplexity="1" minCyclomaticComplexity="1" maxCrapScore="2" minCrapScore="2" visitedClasses="0" numClasses="0" visitedMethods="0" numMethods="1" />
              <MetadataToken>100663534</MetadataToken>
              <Name>System.Void Test.Paging.PhysicalLevel.Pages.PageBinarySearchTest/&lt;&gt;c::&lt;Create&gt;b__5_2()</Name>
              <FileRef uid="18" />
              <SequencePoints>
                <SequencePoint vc="0" uspid="527" ordinal="0" offset="0" sl="32" sc="130" el="32" ec="131" bec="0" bev="0" fileid="18" />
                <SequencePoint vc="0" uspid="528" ordinal="1" offset="1" sl="32" sc="131" el="32" ec="132" bec="0" bev="0" fileid="18" />
              </SequencePoints>
              <BranchPoints />
              <MethodPoint xsi:type="SequencePoint" vc="0" uspid="527" ordinal="0" offset="0" sl="32" sc="130" el="32" ec="131" bec="0" bev="0" fileid="18" />
            </Method>
          </Methods>
        </Class>
        <Class>
          <Summary numSequencePoints="16" visitedSequencePoints="0" numBranchPoints="6" visitedBranchPoints="0" sequenceCoverage="0" branchCoverage="0" maxCyclomaticComplexity="1" minCyclomaticComplexity="1" maxCrapScore="2" minCrapScore="2" visitedClasses="0" numClasses="1" visitedMethods="0" numMethods="6" />
          <FullName>Test.Paging.PhysicalLevel.Pages.PageBufferTest</FullName>
          <Methods>
            <Method visited="false" cyclomaticComplexity="1" nPathComplexity="0" sequenceCoverage="0" branchCoverage="0" crapScore="2" isConstructor="false" isStatic="false" isGetter="true" isSetter="false">
              <Summary numSequencePoints="1" visitedSequencePoints="0" numBranchPoints="1" visitedBranchPoints="0" sequenceCoverage="0" branchCoverage="0" maxCyclomaticComplexity="1" minCyclomaticComplexity="1" maxCrapScore="2" minCrapScore="2" visitedClasses="0" numClasses="0" visitedMethods="0" numMethods="1" />
              <MetadataToken>100663390</MetadataToken>
              <Name>Microsoft.VisualStudio.TestTools.UnitTesting.TestContext Test.Paging.PhysicalLevel.Pages.PageBufferTest::get_TestContext()</Name>
              <FileRef uid="20" />
              <SequencePoints>
                <SequencePoint vc="0" uspid="529" ordinal="0" offset="0" sl="17" sc="42" el="17" ec="46" bec="0" bev="0" fileid="20" />
              </SequencePoints>
              <BranchPoints />
              <MethodPoint xsi:type="SequencePoint" vc="0" uspid="529" ordinal="0" offset="0" sl="17" sc="42" el="17" ec="46" bec="0" bev="0" fileid="20" />
            </Method>
            <Method visited="false" cyclomaticComplexity="1" nPathComplexity="0" sequenceCoverage="0" branchCoverage="0" crapScore="2" isConstructor="false" isStatic="false" isGetter="false" isSetter="true">
              <Summary numSequencePoints="1" visitedSequencePoints="0" numBranchPoints="1" visitedBranchPoints="0" sequenceCoverage="0" branchCoverage="0" maxCyclomaticComplexity="1" minCyclomaticComplexity="1" maxCrapScore="2" minCrapScore="2" visitedClasses="0" numClasses="0" visitedMethods="0" numMethods="1" />
              <MetadataToken>100663391</MetadataToken>
              <Name>System.Void Test.Paging.PhysicalLevel.Pages.PageBufferTest::set_TestContext(Microsoft.VisualStudio.TestTools.UnitTesting.TestContext)</Name>
              <FileRef uid="20" />
              <SequencePoints>
                <SequencePoint vc="0" uspid="530" ordinal="0" offset="0" sl="17" sc="47" el="17" ec="51" bec="0" bev="0" fileid="20" />
              </SequencePoints>
              <BranchPoints />
              <MethodPoint xsi:type="SequencePoint" vc="0" uspid="530" ordinal="0" offset="0" sl="17" sc="47" el="17" ec="51" bec="0" bev="0" fileid="20" />
            </Method>
            <Method visited="false" cyclomaticComplexity="1" nPathComplexity="0" sequenceCoverage="0" branchCoverage="0" crapScore="2" isConstructor="false" isStatic="false" isGetter="true" isSetter="false">
              <Summary numSequencePoints="1" visitedSequencePoints="0" numBranchPoints="1" visitedBranchPoints="0" sequenceCoverage="0" branchCoverage="0" maxCyclomaticComplexity="1" minCyclomaticComplexity="1" maxCrapScore="2" minCrapScore="2" visitedClasses="0" numClasses="0" visitedMethods="0" numMethods="1" />
              <MetadataToken>100663393</MetadataToken>
              <Name>System.IO.Paging.PhysicalLevel.Implementations.IPageBuffer Test.Paging.PhysicalLevel.Pages.PageBufferTest::get_pageBuffer()</Name>
              <FileRef uid="20" />
              <SequencePoints>
                <SequencePoint vc="0" uspid="531" ordinal="0" offset="0" sl="32" sc="43" el="32" ec="94" bec="0" bev="0" fileid="20" />
              </SequencePoints>
              <BranchPoints />
              <MethodPoint xsi:type="SequencePoint" vc="0" uspid="531" ordinal="0" offset="0" sl="32" sc="43" el="32" ec="94" bec="0" bev="0" fileid="20" />
            </Method>
            <Method visited="false" cyclomaticComplexity="1" nPathComplexity="0" sequenceCoverage="0" branchCoverage="0" crapScore="2" isConstructor="false" isStatic="false" isGetter="false" isSetter="false">
              <Summary numSequencePoints="9" visitedSequencePoints="0" numBranchPoints="1" visitedBranchPoints="0" sequenceCoverage="0" branchCoverage="0" maxCyclomaticComplexity="1" minCyclomaticComplexity="1" maxCrapScore="2" minCrapScore="2" visitedClasses="0" numClasses="0" visitedMethods="0" numMethods="1" />
              <MetadataToken>100663392</MetadataToken>
              <Name>System.Void Test.Paging.PhysicalLevel.Pages.PageBufferTest::Init()</Name>
              <FileRef uid="20" />
              <SequencePoints>
                <SequencePoint vc="0" uspid="532" ordinal="0" offset="0" sl="21" sc="9" el="21" ec="10" bec="0" bev="0" fileid="20" />
                <SequencePoint vc="0" uspid="533" ordinal="1" offset="1" sl="22" sc="13" el="22" ec="50" bec="0" bev="0" fileid="20" />
                <SequencePoint vc="0" uspid="534" ordinal="2" offset="7" sl="24" sc="13" el="24" ec="69" bec="0" bev="0" fileid="20" />
                <SequencePoint vc="0" uspid="535" ordinal="3" offset="13" sl="25" sc="13" el="25" ec="65" bec="0" bev="0" fileid="20" />
                <SequencePoint vc="0" uspid="536" ordinal="4" offset="36" sl="26" sc="13" el="26" ec="62" bec="0" bev="0" fileid="20" />
                <SequencePoint vc="0" uspid="537" ordinal="5" offset="42" sl="27" sc="13" el="27" ec="54" bec="0" bev="0" fileid="20" />
                <SequencePoint vc="0" uspid="538" ordinal="6" offset="48" sl="28" sc="13" el="28" ec="66" bec="0" bev="0" fileid="20" />
                <SequencePoint vc="0" uspid="539" ordinal="7" offset="57" sl="29" sc="13" el="29" ec="66" bec="0" bev="0" fileid="20" />
                <SequencePoint vc="0" uspid="540" ordinal="8" offset="81" sl="30" sc="9" el="30" ec="10" bec="0" bev="0" fileid="20" />
              </SequencePoints>
              <BranchPoints />
              <MethodPoint xsi:type="SequencePoint" vc="0" uspid="532" ordinal="0" offset="0" sl="21" sc="9" el="21" ec="10" bec="0" bev="0" fileid="20" />
            </Method>
            <Method visited="false" cyclomaticComplexity="1" nPathComplexity="0" sequenceCoverage="0" branchCoverage="0" crapScore="2" isConstructor="false" isStatic="false" isGetter="false" isSetter="false">
              <Summary numSequencePoints="2" visitedSequencePoints="0" numBranchPoints="1" visitedBranchPoints="0" sequenceCoverage="0" branchCoverage="0" maxCyclomaticComplexity="1" minCyclomaticComplexity="1" maxCrapScore="2" minCrapScore="2" visitedClasses="0" numClasses="0" visitedMethods="0" numMethods="1" />
              <MetadataToken>100663394</MetadataToken>
              <Name>System.Void Test.Paging.PhysicalLevel.Pages.PageBufferTest::RemovePageFromBuffer()</Name>
              <FileRef uid="20" />
              <SequencePoints>
                <SequencePoint vc="0" uspid="541" ordinal="0" offset="0" sl="38" sc="9" el="38" ec="10" bec="0" bev="0" fileid="20" />
                <SequencePoint vc="0" uspid="542" ordinal="1" offset="1" sl="41" sc="9" el="41" ec="10" bec="0" bev="0" fileid="20" />
              </SequencePoints>
              <BranchPoints />
              <MethodPoint xsi:type="SequencePoint" vc="0" uspid="541" ordinal="0" offset="0" sl="38" sc="9" el="38" ec="10" bec="0" bev="0" fileid="20" />
            </Method>
            <Method visited="false" cyclomaticComplexity="1" nPathComplexity="0" sequenceCoverage="0" branchCoverage="0" crapScore="2" isConstructor="false" isStatic="false" isGetter="false" isSetter="false">
              <Summary numSequencePoints="2" visitedSequencePoints="0" numBranchPoints="1" visitedBranchPoints="0" sequenceCoverage="0" branchCoverage="0" maxCyclomaticComplexity="1" minCyclomaticComplexity="1" maxCrapScore="2" minCrapScore="2" visitedClasses="0" numClasses="0" visitedMethods="0" numMethods="1" />
              <MetadataToken>100663395</MetadataToken>
              <Name>System.Void Test.Paging.PhysicalLevel.Pages.PageBufferTest::RemovePageFromBufferWithConcurrentCreation()</Name>
              <FileRef uid="20" />
              <SequencePoints>
                <SequencePoint vc="0" uspid="543" ordinal="0" offset="0" sl="46" sc="9" el="46" ec="10" bec="0" bev="0" fileid="20" />
                <SequencePoint vc="0" uspid="544" ordinal="1" offset="1" sl="49" sc="9" el="49" ec="10" bec="0" bev="0" fileid="20" />
              </SequencePoints>
              <BranchPoints />
              <MethodPoint xsi:type="SequencePoint" vc="0" uspid="543" ordinal="0" offset="0" sl="46" sc="9" el="46" ec="10" bec="0" bev="0" fileid="20" />
            </Method>
            <Method visited="false" cyclomaticComplexity="1" nPathComplexity="0" sequenceCoverage="0" branchCoverage="0" crapScore="2" isConstructor="true" isStatic="false" isGetter="false" isSetter="false">
              <Summary numSequencePoints="0" visitedSequencePoints="0" numBranchPoints="0" visitedBranchPoints="0" sequenceCoverage="0" branchCoverage="0" maxCyclomaticComplexity="1" minCyclomaticComplexity="1" maxCrapScore="2" minCrapScore="2" visitedClasses="0" numClasses="0" visitedMethods="0" numMethods="0" />
              <MetadataToken>100663396</MetadataToken>
              <Name>System.Void Test.Paging.PhysicalLevel.Pages.PageBufferTest::.ctor()</Name>
              <SequencePoints />
              <BranchPoints />
              <MethodPoint vc="0" uspid="545" ordinal="0" offset="0" />
            </Method>
          </Methods>
        </Class>
        <Class>
          <Summary numSequencePoints="87" visitedSequencePoints="0" numBranchPoints="9" visitedBranchPoints="0" sequenceCoverage="0" branchCoverage="0" maxCyclomaticComplexity="1" minCyclomaticComplexity="1" maxCrapScore="2" minCrapScore="2" visitedClasses="0" numClasses="1" visitedMethods="0" numMethods="9" />
          <FullName>Test.Paging.PhysicalLevel.Headers.FixedRecordHeadersCalculatorTest</FullName>
          <Methods>
            <Method visited="false" cyclomaticComplexity="1" nPathComplexity="0" sequenceCoverage="0" branchCoverage="0" crapScore="2" isConstructor="false" isStatic="false" isGetter="false" isSetter="false">
              <Summary numSequencePoints="9" visitedSequencePoints="0" numBranchPoints="1" visitedBranchPoints="0" sequenceCoverage="0" branchCoverage="0" maxCyclomaticComplexity="1" minCyclomaticComplexity="1" maxCrapScore="2" minCrapScore="2" visitedClasses="0" numClasses="0" visitedMethods="0" numMethods="1" />
              <MetadataToken>100663397</MetadataToken>
              <Name>System.Void Test.Paging.PhysicalLevel.Headers.FixedRecordHeadersCalculatorTest::Test1()</Name>
              <FileRef uid="21" />
              <SequencePoints>
                <SequencePoint vc="0" uspid="546" ordinal="0" offset="0" sl="11" sc="9" el="11" ec="10" bec="0" bev="0" fileid="21" />
                <SequencePoint vc="0" uspid="547" ordinal="1" offset="1" sl="12" sc="13" el="12" ec="62" bec="0" bev="0" fileid="21" />
                <SequencePoint vc="0" uspid="548" ordinal="2" offset="11" sl="13" sc="13" el="13" ec="41" bec="0" bev="0" fileid="21" />
                <SequencePoint vc="0" uspid="549" ordinal="3" offset="18" sl="14" sc="13" el="14" ec="50" bec="0" bev="0" fileid="21" />
                <SequencePoint vc="0" uspid="550" ordinal="4" offset="32" sl="15" sc="13" el="15" ec="43" bec="0" bev="0" fileid="21" />
                <SequencePoint vc="0" uspid="551" ordinal="5" offset="46" sl="16" sc="13" el="16" ec="43" bec="0" bev="0" fileid="21" />
                <SequencePoint vc="0" uspid="552" ordinal="6" offset="59" sl="17" sc="13" el="17" ec="66" bec="0" bev="0" fileid="21" />
                <SequencePoint vc="0" uspid="553" ordinal="7" offset="73" sl="18" sc="13" el="18" ec="46" bec="0" bev="0" fileid="21" />
                <SequencePoint vc="0" uspid="554" ordinal="8" offset="86" sl="20" sc="9" el="20" ec="10" bec="0" bev="0" fileid="21" />
              </SequencePoints>
              <BranchPoints />
              <MethodPoint xsi:type="SequencePoint" vc="0" uspid="546" ordinal="0" offset="0" sl="11" sc="9" el="11" ec="10" bec="0" bev="0" fileid="21" />
            </Method>
            <Method visited="false" cyclomaticComplexity="1" nPathComplexity="0" sequenceCoverage="0" branchCoverage="0" crapScore="2" isConstructor="false" isStatic="false" isGetter="false" isSetter="false">
              <Summary numSequencePoints="9" visitedSequencePoints="0" numBranchPoints="1" visitedBranchPoints="0" sequenceCoverage="0" branchCoverage="0" maxCyclomaticComplexity="1" minCyclomaticComplexity="1" maxCrapScore="2" minCrapScore="2" visitedClasses="0" numClasses="0" visitedMethods="0" numMethods="1" />
              <MetadataToken>100663398</MetadataToken>
              <Name>System.Void Test.Paging.PhysicalLevel.Headers.FixedRecordHeadersCalculatorTest::Test2()</Name>
              <FileRef uid="21" />
              <SequencePoints>
                <SequencePoint vc="0" uspid="555" ordinal="0" offset="0" sl="25" sc="9" el="25" ec="10" bec="0" bev="0" fileid="21" />
                <SequencePoint vc="0" uspid="556" ordinal="1" offset="1" sl="26" sc="13" el="26" ec="63" bec="0" bev="0" fileid="21" />
                <SequencePoint vc="0" uspid="557" ordinal="2" offset="11" sl="27" sc="13" el="27" ec="41" bec="0" bev="0" fileid="21" />
                <SequencePoint vc="0" uspid="558" ordinal="3" offset="18" sl="28" sc="13" el="28" ec="51" bec="0" bev="0" fileid="21" />
                <SequencePoint vc="0" uspid="559" ordinal="4" offset="32" sl="29" sc="13" el="29" ec="44" bec="0" bev="0" fileid="21" />
                <SequencePoint vc="0" uspid="560" ordinal="5" offset="46" sl="30" sc="13" el="30" ec="44" bec="0" bev="0" fileid="21" />
                <SequencePoint vc="0" uspid="561" ordinal="6" offset="59" sl="31" sc="13" el="33" ec="53" bec="0" bev="0" fileid="21" />
                <SequencePoint vc="0" uspid="562" ordinal="7" offset="86" sl="34" sc="13" el="34" ec="47" bec="0" bev="0" fileid="21" />
                <SequencePoint vc="0" uspid="563" ordinal="8" offset="99" sl="36" sc="9" el="36" ec="10" bec="0" bev="0" fileid="21" />
              </SequencePoints>
              <BranchPoints />
              <MethodPoint xsi:type="SequencePoint" vc="0" uspid="555" ordinal="0" offset="0" sl="25" sc="9" el="25" ec="10" bec="0" bev="0" fileid="21" />
            </Method>
            <Method visited="false" cyclomaticComplexity="1" nPathComplexity="0" sequenceCoverage="0" branchCoverage="0" crapScore="2" isConstructor="false" isStatic="false" isGetter="false" isSetter="false">
              <Summary numSequencePoints="11" visitedSequencePoints="0" numBranchPoints="1" visitedBranchPoints="0" sequenceCoverage="0" branchCoverage="0" maxCyclomaticComplexity="1" minCyclomaticComplexity="1" maxCrapScore="2" minCrapScore="2" visitedClasses="0" numClasses="0" visitedMethods="0" numMethods="1" />
              <MetadataToken>100663399</MetadataToken>
              <Name>System.Void Test.Paging.PhysicalLevel.Headers.FixedRecordHeadersCalculatorTest::Test3()</Name>
              <FileRef uid="21" />
              <SequencePoints>
                <SequencePoint vc="0" uspid="564" ordinal="0" offset="0" sl="40" sc="9" el="40" ec="10" bec="0" bev="0" fileid="21" />
                <SequencePoint vc="0" uspid="565" ordinal="1" offset="1" sl="41" sc="13" el="41" ec="63" bec="0" bev="0" fileid="21" />
                <SequencePoint vc="0" uspid="566" ordinal="2" offset="14" sl="42" sc="13" el="42" ec="41" bec="0" bev="0" fileid="21" />
                <SequencePoint vc="0" uspid="567" ordinal="3" offset="21" sl="43" sc="13" el="43" ec="52" bec="0" bev="0" fileid="21" />
                <SequencePoint vc="0" uspid="568" ordinal="4" offset="35" sl="44" sc="13" el="44" ec="44" bec="0" bev="0" fileid="21" />
                <SequencePoint vc="0" uspid="569" ordinal="5" offset="49" sl="46" sc="13" el="46" ec="14" bec="0" bev="0" fileid="21" />
                <SequencePoint vc="0" uspid="570" ordinal="6" offset="50" sl="47" sc="17" el="47" ec="65" bec="0" bev="0" fileid="21" />
                <SequencePoint vc="0" uspid="571" ordinal="7" offset="67" sl="48" sc="13" el="48" ec="14" bec="0" bev="0" fileid="21" />
                <SequencePoint vc="0" uspid="572" ordinal="8" offset="68" sl="49" sc="13" el="52" ec="50" bec="0" bev="0" fileid="21" />
                <SequencePoint vc="0" uspid="573" ordinal="9" offset="82" sl="53" sc="13" el="53" ec="47" bec="0" bev="0" fileid="21" />
                <SequencePoint vc="0" uspid="574" ordinal="10" offset="95" sl="55" sc="9" el="55" ec="10" bec="0" bev="0" fileid="21" />
              </SequencePoints>
              <BranchPoints />
              <MethodPoint xsi:type="SequencePoint" vc="0" uspid="564" ordinal="0" offset="0" sl="40" sc="9" el="40" ec="10" bec="0" bev="0" fileid="21" />
            </Method>
            <Method visited="false" cyclomaticComplexity="1" nPathComplexity="0" sequenceCoverage="0" branchCoverage="0" crapScore="2" isConstructor="false" isStatic="false" isGetter="false" isSetter="false">
              <Summary numSequencePoints="11" visitedSequencePoints="0" numBranchPoints="1" visitedBranchPoints="0" sequenceCoverage="0" branchCoverage="0" maxCyclomaticComplexity="1" minCyclomaticComplexity="1" maxCrapScore="2" minCrapScore="2" visitedClasses="0" numClasses="0" visitedMethods="0" numMethods="1" />
              <MetadataToken>100663400</MetadataToken>
              <Name>System.Void Test.Paging.PhysicalLevel.Headers.FixedRecordHeadersCalculatorTest::Test4()</Name>
              <FileRef uid="21" />
              <SequencePoints>
                <SequencePoint vc="0" uspid="575" ordinal="0" offset="0" sl="59" sc="9" el="59" ec="10" bec="0" bev="0" fileid="21" />
                <SequencePoint vc="0" uspid="576" ordinal="1" offset="1" sl="60" sc="13" el="60" ec="63" bec="0" bev="0" fileid="21" />
                <SequencePoint vc="0" uspid="577" ordinal="2" offset="14" sl="61" sc="13" el="61" ec="41" bec="0" bev="0" fileid="21" />
                <SequencePoint vc="0" uspid="578" ordinal="3" offset="21" sl="62" sc="13" el="62" ec="52" bec="0" bev="0" fileid="21" />
                <SequencePoint vc="0" uspid="579" ordinal="4" offset="35" sl="63" sc="13" el="63" ec="44" bec="0" bev="0" fileid="21" />
                <SequencePoint vc="0" uspid="580" ordinal="5" offset="49" sl="65" sc="13" el="65" ec="14" bec="0" bev="0" fileid="21" />
                <SequencePoint vc="0" uspid="581" ordinal="6" offset="50" sl="66" sc="17" el="66" ec="66" bec="0" bev="0" fileid="21" />
                <SequencePoint vc="0" uspid="582" ordinal="7" offset="67" sl="67" sc="13" el="67" ec="14" bec="0" bev="0" fileid="21" />
                <SequencePoint vc="0" uspid="583" ordinal="8" offset="68" sl="68" sc="13" el="71" ec="53" bec="0" bev="0" fileid="21" />
                <SequencePoint vc="0" uspid="584" ordinal="9" offset="93" sl="72" sc="13" el="72" ec="48" bec="0" bev="0" fileid="21" />
                <SequencePoint vc="0" uspid="585" ordinal="10" offset="107" sl="74" sc="9" el="74" ec="10" bec="0" bev="0" fileid="21" />
              </SequencePoints>
              <BranchPoints />
              <MethodPoint xsi:type="SequencePoint" vc="0" uspid="575" ordinal="0" offset="0" sl="59" sc="9" el="59" ec="10" bec="0" bev="0" fileid="21" />
            </Method>
            <Method visited="false" cyclomaticComplexity="1" nPathComplexity="0" sequenceCoverage="0" branchCoverage="0" crapScore="2" isConstructor="false" isStatic="false" isGetter="false" isSetter="false">
              <Summary numSequencePoints="9" visitedSequencePoints="0" numBranchPoints="1" visitedBranchPoints="0" sequenceCoverage="0" branchCoverage="0" maxCyclomaticComplexity="1" minCyclomaticComplexity="1" maxCrapScore="2" minCrapScore="2" visitedClasses="0" numClasses="0" visitedMethods="0" numMethods="1" />
              <MetadataToken>100663401</MetadataToken>
              <Name>System.Void Test.Paging.PhysicalLevel.Headers.FixedRecordHeadersCalculatorTest::Test5()</Name>
              <FileRef uid="21" />
              <SequencePoints>
                <SequencePoint vc="0" uspid="586" ordinal="0" offset="0" sl="79" sc="9" el="79" ec="10" bec="0" bev="0" fileid="21" />
                <SequencePoint vc="0" uspid="587" ordinal="1" offset="1" sl="80" sc="13" el="80" ec="64" bec="0" bev="0" fileid="21" />
                <SequencePoint vc="0" uspid="588" ordinal="2" offset="14" sl="81" sc="13" el="81" ec="41" bec="0" bev="0" fileid="21" />
                <SequencePoint vc="0" uspid="589" ordinal="3" offset="21" sl="82" sc="13" el="82" ec="53" bec="0" bev="0" fileid="21" />
                <SequencePoint vc="0" uspid="590" ordinal="4" offset="38" sl="83" sc="13" el="83" ec="45" bec="0" bev="0" fileid="21" />
                <SequencePoint vc="0" uspid="591" ordinal="5" offset="52" sl="85" sc="13" el="85" ec="14" bec="0" bev="0" fileid="21" />
                <SequencePoint vc="0" uspid="592" ordinal="6" offset="53" sl="86" sc="17" el="86" ec="62" bec="0" bev="0" fileid="21" />
                <SequencePoint vc="0" uspid="593" ordinal="7" offset="70" sl="87" sc="13" el="87" ec="14" bec="0" bev="0" fileid="21" />
                <SequencePoint vc="0" uspid="594" ordinal="8" offset="71" sl="89" sc="9" el="89" ec="10" bec="0" bev="0" fileid="21" />
              </SequencePoints>
              <BranchPoints />
              <MethodPoint xsi:type="SequencePoint" vc="0" uspid="586" ordinal="0" offset="0" sl="79" sc="9" el="79" ec="10" bec="0" bev="0" fileid="21" />
            </Method>
            <Method visited="false" cyclomaticComplexity="1" nPathComplexity="0" sequenceCoverage="0" branchCoverage="0" crapScore="2" isConstructor="false" isStatic="false" isGetter="false" isSetter="false">
              <Summary numSequencePoints="11" visitedSequencePoints="0" numBranchPoints="1" visitedBranchPoints="0" sequenceCoverage="0" branchCoverage="0" maxCyclomaticComplexity="1" minCyclomaticComplexity="1" maxCrapScore="2" minCrapScore="2" visitedClasses="0" numClasses="0" visitedMethods="0" numMethods="1" />
              <MetadataToken>100663402</MetadataToken>
              <Name>System.Void Test.Paging.PhysicalLevel.Headers.FixedRecordHeadersCalculatorTest::Test8()</Name>
              <FileRef uid="21" />
              <SequencePoints>
                <SequencePoint vc="0" uspid="595" ordinal="0" offset="0" sl="93" sc="9" el="93" ec="10" bec="0" bev="0" fileid="21" />
                <SequencePoint vc="0" uspid="596" ordinal="1" offset="1" sl="94" sc="13" el="94" ec="63" bec="0" bev="0" fileid="21" />
                <SequencePoint vc="0" uspid="597" ordinal="2" offset="14" sl="95" sc="13" el="95" ec="41" bec="0" bev="0" fileid="21" />
                <SequencePoint vc="0" uspid="598" ordinal="3" offset="21" sl="96" sc="13" el="96" ec="51" bec="0" bev="0" fileid="21" />
                <SequencePoint vc="0" uspid="599" ordinal="4" offset="35" sl="97" sc="13" el="97" ec="43" bec="0" bev="0" fileid="21" />
                <SequencePoint vc="0" uspid="600" ordinal="5" offset="48" sl="99" sc="13" el="99" ec="14" bec="0" bev="0" fileid="21" />
                <SequencePoint vc="0" uspid="601" ordinal="6" offset="49" sl="100" sc="17" el="100" ec="63" bec="0" bev="0" fileid="21" />
                <SequencePoint vc="0" uspid="602" ordinal="7" offset="66" sl="101" sc="13" el="101" ec="14" bec="0" bev="0" fileid="21" />
                <SequencePoint vc="0" uspid="603" ordinal="8" offset="67" sl="103" sc="13" el="108" ec="16" bec="0" bev="0" fileid="21" />
                <SequencePoint vc="0" uspid="604" ordinal="9" offset="88" sl="109" sc="13" el="109" ec="47" bec="0" bev="0" fileid="21" />
                <SequencePoint vc="0" uspid="605" ordinal="10" offset="101" sl="111" sc="9" el="111" ec="10" bec="0" bev="0" fileid="21" />
              </SequencePoints>
              <BranchPoints />
              <MethodPoint xsi:type="SequencePoint" vc="0" uspid="595" ordinal="0" offset="0" sl="93" sc="9" el="93" ec="10" bec="0" bev="0" fileid="21" />
            </Method>
            <Method visited="false" cyclomaticComplexity="1" nPathComplexity="0" sequenceCoverage="0" branchCoverage="0" crapScore="2" isConstructor="false" isStatic="false" isGetter="false" isSetter="false">
              <Summary numSequencePoints="9" visitedSequencePoints="0" numBranchPoints="1" visitedBranchPoints="0" sequenceCoverage="0" branchCoverage="0" maxCyclomaticComplexity="1" minCyclomaticComplexity="1" maxCrapScore="2" minCrapScore="2" visitedClasses="0" numClasses="0" visitedMethods="0" numMethods="1" />
              <MetadataToken>100663403</MetadataToken>
              <Name>System.Void Test.Paging.PhysicalLevel.Headers.FixedRecordHeadersCalculatorTest::Test7()</Name>
              <FileRef uid="21" />
              <SequencePoints>
                <SequencePoint vc="0" uspid="606" ordinal="0" offset="0" sl="115" sc="9" el="115" ec="10" bec="0" bev="0" fileid="21" />
                <SequencePoint vc="0" uspid="607" ordinal="1" offset="1" sl="116" sc="13" el="116" ec="65" bec="0" bev="0" fileid="21" />
                <SequencePoint vc="0" uspid="608" ordinal="2" offset="12" sl="117" sc="13" el="117" ec="41" bec="0" bev="0" fileid="21" />
                <SequencePoint vc="0" uspid="609" ordinal="3" offset="19" sl="118" sc="13" el="118" ec="50" bec="0" bev="0" fileid="21" />
                <SequencePoint vc="0" uspid="610" ordinal="4" offset="32" sl="119" sc="13" el="119" ec="43" bec="0" bev="0" fileid="21" />
                <SequencePoint vc="0" uspid="611" ordinal="5" offset="45" sl="121" sc="13" el="121" ec="14" bec="0" bev="0" fileid="21" />
                <SequencePoint vc="0" uspid="612" ordinal="6" offset="46" sl="122" sc="17" el="122" ec="62" bec="0" bev="0" fileid="21" />
                <SequencePoint vc="0" uspid="613" ordinal="7" offset="63" sl="123" sc="13" el="123" ec="14" bec="0" bev="0" fileid="21" />
                <SequencePoint vc="0" uspid="614" ordinal="8" offset="64" sl="124" sc="9" el="124" ec="10" bec="0" bev="0" fileid="21" />
              </SequencePoints>
              <BranchPoints />
              <MethodPoint xsi:type="SequencePoint" vc="0" uspid="606" ordinal="0" offset="0" sl="115" sc="9" el="115" ec="10" bec="0" bev="0" fileid="21" />
            </Method>
            <Method visited="false" cyclomaticComplexity="1" nPathComplexity="0" sequenceCoverage="0" branchCoverage="0" crapScore="2" isConstructor="false" isStatic="false" isGetter="false" isSetter="false">
              <Summary numSequencePoints="9" visitedSequencePoints="0" numBranchPoints="1" visitedBranchPoints="0" sequenceCoverage="0" branchCoverage="0" maxCyclomaticComplexity="1" minCyclomaticComplexity="1" maxCrapScore="2" minCrapScore="2" visitedClasses="0" numClasses="0" visitedMethods="0" numMethods="1" />
              <MetadataToken>100663404</MetadataToken>
              <Name>System.Void Test.Paging.PhysicalLevel.Headers.FixedRecordHeadersCalculatorTest::Test9()</Name>
              <FileRef uid="21" />
              <SequencePoints>
                <SequencePoint vc="0" uspid="615" ordinal="0" offset="0" sl="128" sc="9" el="128" ec="10" bec="0" bev="0" fileid="21" />
                <SequencePoint vc="0" uspid="616" ordinal="1" offset="1" sl="129" sc="13" el="129" ec="66" bec="0" bev="0" fileid="21" />
                <SequencePoint vc="0" uspid="617" ordinal="2" offset="14" sl="130" sc="13" el="130" ec="41" bec="0" bev="0" fileid="21" />
                <SequencePoint vc="0" uspid="618" ordinal="3" offset="21" sl="131" sc="13" el="131" ec="53" bec="0" bev="0" fileid="21" />
                <SequencePoint vc="0" uspid="619" ordinal="4" offset="38" sl="132" sc="13" el="132" ec="45" bec="0" bev="0" fileid="21" />
                <SequencePoint vc="0" uspid="620" ordinal="5" offset="55" sl="134" sc="13" el="134" ec="14" bec="0" bev="0" fileid="21" />
                <SequencePoint vc="0" uspid="621" ordinal="6" offset="56" sl="135" sc="17" el="135" ec="65" bec="0" bev="0" fileid="21" />
                <SequencePoint vc="0" uspid="622" ordinal="7" offset="73" sl="136" sc="13" el="136" ec="14" bec="0" bev="0" fileid="21" />
                <SequencePoint vc="0" uspid="623" ordinal="8" offset="74" sl="137" sc="9" el="137" ec="10" bec="0" bev="0" fileid="21" />
              </SequencePoints>
              <BranchPoints />
              <MethodPoint xsi:type="SequencePoint" vc="0" uspid="615" ordinal="0" offset="0" sl="128" sc="9" el="128" ec="10" bec="0" bev="0" fileid="21" />
            </Method>
            <Method visited="false" cyclomaticComplexity="1" nPathComplexity="0" sequenceCoverage="0" branchCoverage="0" crapScore="2" isConstructor="false" isStatic="false" isGetter="false" isSetter="false">
              <Summary numSequencePoints="9" visitedSequencePoints="0" numBranchPoints="1" visitedBranchPoints="0" sequenceCoverage="0" branchCoverage="0" maxCyclomaticComplexity="1" minCyclomaticComplexity="1" maxCrapScore="2" minCrapScore="2" visitedClasses="0" numClasses="0" visitedMethods="0" numMethods="1" />
              <MetadataToken>100663405</MetadataToken>
              <Name>System.Void Test.Paging.PhysicalLevel.Headers.FixedRecordHeadersCalculatorTest::Test6()</Name>
              <FileRef uid="21" />
              <SequencePoints>
                <SequencePoint vc="0" uspid="624" ordinal="0" offset="0" sl="142" sc="9" el="142" ec="10" bec="0" bev="0" fileid="21" />
                <SequencePoint vc="0" uspid="625" ordinal="1" offset="1" sl="143" sc="13" el="143" ec="67" bec="0" bev="0" fileid="21" />
                <SequencePoint vc="0" uspid="626" ordinal="2" offset="15" sl="144" sc="13" el="144" ec="41" bec="0" bev="0" fileid="21" />
                <SequencePoint vc="0" uspid="627" ordinal="3" offset="22" sl="145" sc="13" el="145" ec="52" bec="0" bev="0" fileid="21" />
                <SequencePoint vc="0" uspid="628" ordinal="4" offset="39" sl="146" sc="13" el="146" ec="46" bec="0" bev="0" fileid="21" />
                <SequencePoint vc="0" uspid="629" ordinal="5" offset="56" sl="148" sc="13" el="148" ec="14" bec="0" bev="0" fileid="21" />
                <SequencePoint vc="0" uspid="630" ordinal="6" offset="57" sl="149" sc="17" el="149" ec="62" bec="0" bev="0" fileid="21" />
                <SequencePoint vc="0" uspid="631" ordinal="7" offset="74" sl="150" sc="13" el="150" ec="14" bec="0" bev="0" fileid="21" />
                <SequencePoint vc="0" uspid="632" ordinal="8" offset="75" sl="152" sc="9" el="152" ec="10" bec="0" bev="0" fileid="21" />
              </SequencePoints>
              <BranchPoints />
              <MethodPoint xsi:type="SequencePoint" vc="0" uspid="624" ordinal="0" offset="0" sl="142" sc="9" el="142" ec="10" bec="0" bev="0" fileid="21" />
            </Method>
            <Method visited="false" cyclomaticComplexity="1" nPathComplexity="0" sequenceCoverage="0" branchCoverage="0" crapScore="2" isConstructor="true" isStatic="false" isGetter="false" isSetter="false">
              <Summary numSequencePoints="0" visitedSequencePoints="0" numBranchPoints="0" visitedBranchPoints="0" sequenceCoverage="0" branchCoverage="0" maxCyclomaticComplexity="1" minCyclomaticComplexity="1" maxCrapScore="2" minCrapScore="2" visitedClasses="0" numClasses="0" visitedMethods="0" numMethods="0" />
              <MetadataToken>100663406</MetadataToken>
              <Name>System.Void Test.Paging.PhysicalLevel.Headers.FixedRecordHeadersCalculatorTest::.ctor()</Name>
              <SequencePoints />
              <BranchPoints />
              <MethodPoint vc="0" uspid="633" ordinal="0" offset="0" />
            </Method>
          </Methods>
        </Class>
        <Class>
          <Summary numSequencePoints="123" visitedSequencePoints="0" numBranchPoints="22" visitedBranchPoints="0" sequenceCoverage="0" branchCoverage="0" maxCyclomaticComplexity="3" minCyclomaticComplexity="1" maxCrapScore="12" minCrapScore="2" visitedClasses="0" numClasses="1" visitedMethods="0" numMethods="16" />
          <FullName>Test.Paging.PhysicalLevel.Headers.FixedRecordPageLogicalOrderHeadersTest</FullName>
          <Methods>
            <Method visited="false" cyclomaticComplexity="1" nPathComplexity="0" sequenceCoverage="0" branchCoverage="0" crapScore="2" isConstructor="false" isStatic="false" isGetter="true" isSetter="false">
              <Summary numSequencePoints="1" visitedSequencePoints="0" numBranchPoints="1" visitedBranchPoints="0" sequenceCoverage="0" branchCoverage="0" maxCyclomaticComplexity="1" minCyclomaticComplexity="1" maxCrapScore="2" minCrapScore="2" visitedClasses="0" numClasses="0" visitedMethods="0" numMethods="1" />
              <MetadataToken>100663407</MetadataToken>
              <Name>Microsoft.VisualStudio.TestTools.UnitTesting.TestContext Test.Paging.PhysicalLevel.Headers.FixedRecordPageLogicalOrderHeadersTest::get_TestContext()</Name>
              <FileRef uid="22" />
              <SequencePoints>
                <SequencePoint vc="0" uspid="634" ordinal="0" offset="0" sl="15" sc="42" el="15" ec="46" bec="0" bev="0" fileid="22" />
              </SequencePoints>
              <BranchPoints />
              <MethodPoint xsi:type="SequencePoint" vc="0" uspid="634" ordinal="0" offset="0" sl="15" sc="42" el="15" ec="46" bec="0" bev="0" fileid="22" />
            </Method>
            <Method visited="false" cyclomaticComplexity="1" nPathComplexity="0" sequenceCoverage="0" branchCoverage="0" crapScore="2" isConstructor="false" isStatic="false" isGetter="false" isSetter="true">
              <Summary numSequencePoints="1" visitedSequencePoints="0" numBranchPoints="1" visitedBranchPoints="0" sequenceCoverage="0" branchCoverage="0" maxCyclomaticComplexity="1" minCyclomaticComplexity="1" maxCrapScore="2" minCrapScore="2" visitedClasses="0" numClasses="0" visitedMethods="0" numMethods="1" />
              <MetadataToken>100663408</MetadataToken>
              <Name>System.Void Test.Paging.PhysicalLevel.Headers.FixedRecordPageLogicalOrderHeadersTest::set_TestContext(Microsoft.VisualStudio.TestTools.UnitTesting.TestContext)</Name>
              <FileRef uid="22" />
              <SequencePoints>
                <SequencePoint vc="0" uspid="635" ordinal="0" offset="0" sl="15" sc="47" el="15" ec="51" bec="0" bev="0" fileid="22" />
              </SequencePoints>
              <BranchPoints />
              <MethodPoint xsi:type="SequencePoint" vc="0" uspid="635" ordinal="0" offset="0" sl="15" sc="47" el="15" ec="51" bec="0" bev="0" fileid="22" />
            </Method>
            <Method visited="false" cyclomaticComplexity="1" nPathComplexity="0" sequenceCoverage="0" branchCoverage="0" crapScore="2" isConstructor="false" isStatic="false" isGetter="true" isSetter="false">
              <Summary numSequencePoints="1" visitedSequencePoints="0" numBranchPoints="1" visitedBranchPoints="0" sequenceCoverage="0" branchCoverage="0" maxCyclomaticComplexity="1" minCyclomaticComplexity="1" maxCrapScore="2" minCrapScore="2" visitedClasses="0" numClasses="0" visitedMethods="0" numMethods="1" />
              <MetadataToken>100663410</MetadataToken>
              <Name>System.IO.Paging.PhysicalLevel.Contracts.Internal.IPageAccessor Test.Paging.PhysicalLevel.Headers.FixedRecordPageLogicalOrderHeadersTest::get_Page()</Name>
              <FileRef uid="22" />
              <SequencePoints>
                <SequencePoint vc="0" uspid="636" ordinal="0" offset="0" sl="47" sc="39" el="47" ec="86" bec="0" bev="0" fileid="22" />
              </SequencePoints>
              <BranchPoints />
              <MethodPoint xsi:type="SequencePoint" vc="0" uspid="636" ordinal="0" offset="0" sl="47" sc="39" el="47" ec="86" bec="0" bev="0" fileid="22" />
            </Method>
            <Method visited="false" cyclomaticComplexity="2" nPathComplexity="2" sequenceCoverage="0" branchCoverage="0" crapScore="6" isConstructor="false" isStatic="false" isGetter="false" isSetter="false">
              <Summary numSequencePoints="17" visitedSequencePoints="0" numBranchPoints="3" visitedBranchPoints="0" sequenceCoverage="0" branchCoverage="0" maxCyclomaticComplexity="2" minCyclomaticComplexity="2" maxCrapScore="6" minCrapScore="6" visitedClasses="0" numClasses="0" visitedMethods="0" numMethods="1" />
              <MetadataToken>100663409</MetadataToken>
              <Name>System.IO.Paging.PhysicalLevel.Contracts.Internal.IPageHeaders Test.Paging.PhysicalLevel.Headers.FixedRecordPageLogicalOrderHeadersTest::Create(System.Int64,System.Int32)</Name>
              <FileRef uid="22" />
              <SequencePoints>
                <SequencePoint vc="0" uspid="637" ordinal="0" offset="6" sl="18" sc="9" el="18" ec="10" bec="0" bev="0" fileid="22" />
                <SequencePoint vc="0" uspid="638" ordinal="1" offset="7" sl="19" sc="13" el="19" ec="45" bec="0" bev="0" fileid="22" />
                <SequencePoint vc="0" uspid="639" ordinal="2" offset="13" sl="20" sc="13" el="20" ec="152" bec="2" bev="0" fileid="22" />
                <SequencePoint vc="0" uspid="640" ordinal="3" offset="55" sl="21" sc="13" el="21" ec="69" bec="0" bev="0" fileid="22" />
                <SequencePoint vc="0" uspid="641" ordinal="4" offset="128" sl="22" sc="13" el="22" ec="66" bec="0" bev="0" fileid="22" />
                <SequencePoint vc="0" uspid="642" ordinal="5" offset="201" sl="26" sc="13" el="26" ec="14" bec="0" bev="0" fileid="22" />
                <SequencePoint vc="0" uspid="643" ordinal="6" offset="202" sl="27" sc="17" el="29" ec="60" bec="0" bev="0" fileid="22" />
                <SequencePoint vc="0" uspid="644" ordinal="7" offset="235" sl="31" sc="13" el="31" ec="14" bec="0" bev="0" fileid="22" />
                <SequencePoint vc="0" uspid="645" ordinal="8" offset="236" sl="34" sc="13" el="34" ec="53" bec="0" bev="0" fileid="22" />
                <SequencePoint vc="0" uspid="646" ordinal="9" offset="309" sl="36" sc="13" el="36" ec="14" bec="0" bev="0" fileid="22" />
                <SequencePoint vc="0" uspid="647" ordinal="10" offset="310" sl="37" sc="17" el="37" ec="75" bec="0" bev="0" fileid="22" />
                <SequencePoint vc="0" uspid="648" ordinal="11" offset="387" sl="38" sc="13" el="38" ec="14" bec="0" bev="0" fileid="22" />
                <SequencePoint vc="0" uspid="649" ordinal="12" offset="388" sl="39" sc="13" el="39" ec="67" bec="0" bev="0" fileid="22" />
                <SequencePoint vc="0" uspid="650" ordinal="13" offset="461" sl="41" sc="13" el="41" ec="68" bec="0" bev="0" fileid="22" />
                <SequencePoint vc="0" uspid="651" ordinal="14" offset="474" sl="42" sc="13" el="42" ec="51" bec="0" bev="0" fileid="22" />
                <SequencePoint vc="0" uspid="652" ordinal="15" offset="497" sl="44" sc="13" el="44" ec="22" bec="0" bev="0" fileid="22" />
                <SequencePoint vc="0" uspid="653" ordinal="16" offset="502" sl="45" sc="9" el="45" ec="10" bec="0" bev="0" fileid="22" />
              </SequencePoints>
              <BranchPoints>
                <BranchPoint vc="0" uspid="654" ordinal="0" offset="20" sl="20" path="0" offsetend="22" fileid="22" />
                <BranchPoint vc="0" uspid="655" ordinal="1" offset="20" sl="20" path="1" offsetend="45" fileid="22" />
              </BranchPoints>
              <MethodPoint vc="0" uspid="656" ordinal="0" offset="0" />
            </Method>
            <Method visited="false" cyclomaticComplexity="3" nPathComplexity="4" sequenceCoverage="0" branchCoverage="0" crapScore="12" isConstructor="false" isStatic="false" isGetter="false" isSetter="false">
              <Summary numSequencePoints="9" visitedSequencePoints="0" numBranchPoints="5" visitedBranchPoints="0" sequenceCoverage="0" branchCoverage="0" maxCyclomaticComplexity="3" minCyclomaticComplexity="3" maxCrapScore="12" minCrapScore="12" visitedClasses="0" numClasses="0" visitedMethods="0" numMethods="1" />
              <MetadataToken>100663411</MetadataToken>
              <Name>System.Byte[] Test.Paging.PhysicalLevel.Headers.FixedRecordPageLogicalOrderHeadersTest::fromPageContent(System.Int64&amp;)</Name>
              <FileRef uid="22" />
              <SequencePoints>
                <SequencePoint vc="0" uspid="657" ordinal="0" offset="0" sl="49" sc="9" el="49" ec="10" bec="0" bev="0" fileid="22" />
                <SequencePoint vc="0" uspid="658" ordinal="1" offset="1" sl="50" sc="13" el="50" ec="37" bec="0" bev="0" fileid="22" />
                <SequencePoint vc="0" uspid="659" ordinal="2" offset="10" sl="51" sc="20" el="51" ec="40" bec="0" bev="0" fileid="22" />
                <SequencePoint vc="0" uspid="660" ordinal="3" offset="13" sl="52" sc="20" el="52" ec="37" bec="3" bev="0" fileid="22" />
                <SequencePoint vc="0" uspid="661" ordinal="4" offset="40" sl="53" sc="13" el="53" ec="14" bec="0" bev="0" fileid="22" />
                <SequencePoint vc="0" uspid="662" ordinal="5" offset="41" sl="54" sc="17" el="54" ec="50" bec="0" bev="0" fileid="22" />
                <SequencePoint vc="0" uspid="663" ordinal="6" offset="53" sl="55" sc="13" el="55" ec="14" bec="0" bev="0" fileid="22" />
                <SequencePoint vc="0" uspid="664" ordinal="7" offset="60" sl="56" sc="13" el="56" ec="26" bec="0" bev="0" fileid="22" />
                <SequencePoint vc="0" uspid="665" ordinal="8" offset="65" sl="57" sc="9" el="57" ec="10" bec="0" bev="0" fileid="22" />
              </SequencePoints>
              <BranchPoints>
                <BranchPoint vc="0" uspid="666" ordinal="0" offset="17" sl="52" path="0" offsetend="19" fileid="22" />
                <BranchPoint vc="0" uspid="667" ordinal="1" offset="17" sl="52" path="1" offsetend="25" fileid="22" />
                <BranchPoint vc="0" uspid="668" ordinal="2" offset="23" sl="52" path="0" offsetend="25" fileid="22" />
                <BranchPoint vc="0" uspid="669" ordinal="3" offset="23" sl="52" path="1" offsetend="30" fileid="22" />
              </BranchPoints>
              <MethodPoint xsi:type="SequencePoint" vc="0" uspid="657" ordinal="0" offset="0" sl="49" sc="9" el="49" ec="10" bec="0" bev="0" fileid="22" />
            </Method>
            <Method visited="false" cyclomaticComplexity="1" nPathComplexity="0" sequenceCoverage="0" branchCoverage="0" crapScore="2" isConstructor="false" isStatic="false" isGetter="false" isSetter="false">
              <Summary numSequencePoints="4" visitedSequencePoints="0" numBranchPoints="1" visitedBranchPoints="0" sequenceCoverage="0" branchCoverage="0" maxCyclomaticComplexity="1" minCyclomaticComplexity="1" maxCrapScore="2" minCrapScore="2" visitedClasses="0" numClasses="0" visitedMethods="0" numMethods="1" />
              <MetadataToken>100663412</MetadataToken>
              <Name>System.Action`3&lt;System.Int32,System.Int32,System.IO.Paging.PhysicalLevel.Contracts.Internal.ByteAction&gt; Test.Paging.PhysicalLevel.Headers.FixedRecordPageLogicalOrderHeadersTest::VerifyForArray(System.Byte[],System.Byte[])</Name>
              <FileRef uid="22" />
              <SequencePoints>
                <SequencePoint vc="0" uspid="670" ordinal="0" offset="20" sl="59" sc="9" el="59" ec="10" bec="0" bev="0" fileid="22" />
                <SequencePoint vc="0" uspid="671" ordinal="1" offset="21" sl="61" sc="13" el="61" ec="14" bec="0" bev="0" fileid="22" />
                <SequencePoint vc="0" uspid="672" ordinal="2" offset="22" sl="62" sc="17" el="70" ec="23" bec="0" bev="0" fileid="22" />
                <SequencePoint vc="0" uspid="673" ordinal="3" offset="37" sl="72" sc="9" el="72" ec="10" bec="0" bev="0" fileid="22" />
              </SequencePoints>
              <BranchPoints />
              <MethodPoint vc="0" uspid="674" ordinal="0" offset="0" />
            </Method>
            <Method visited="false" cyclomaticComplexity="1" nPathComplexity="0" sequenceCoverage="0" branchCoverage="0" crapScore="2" isConstructor="false" isStatic="false" isGetter="false" isSetter="false">
              <Summary numSequencePoints="4" visitedSequencePoints="0" numBranchPoints="1" visitedBranchPoints="0" sequenceCoverage="0" branchCoverage="0" maxCyclomaticComplexity="1" minCyclomaticComplexity="1" maxCrapScore="2" minCrapScore="2" visitedClasses="0" numClasses="0" visitedMethods="0" numMethods="1" />
              <MetadataToken>100663413</MetadataToken>
              <Name>System.Void Test.Paging.PhysicalLevel.Headers.FixedRecordPageLogicalOrderHeadersTest::MakeAccessorExpectation(System.Int32,System.Byte[],System.Byte[])</Name>
              <FileRef uid="22" />
              <SequencePoints>
                <SequencePoint vc="0" uspid="675" ordinal="0" offset="34" sl="75" sc="9" el="75" ec="10" bec="0" bev="0" fileid="22" />
                <SequencePoint vc="0" uspid="676" ordinal="1" offset="35" sl="76" sc="13" el="77" ec="137" bec="0" bev="0" fileid="22" />
                <SequencePoint vc="0" uspid="677" ordinal="2" offset="217" sl="77" sc="138" el="77" ec="139" bec="0" bev="0" fileid="22" />
                <SequencePoint vc="0" uspid="678" ordinal="3" offset="218" sl="78" sc="9" el="78" ec="10" bec="0" bev="0" fileid="22" />
              </SequencePoints>
              <BranchPoints />
              <MethodPoint vc="0" uspid="679" ordinal="0" offset="0" />
            </Method>
            <Method visited="false" cyclomaticComplexity="1" nPathComplexity="0" sequenceCoverage="0" branchCoverage="0" crapScore="2" isConstructor="false" isStatic="false" isGetter="false" isSetter="false">
              <Summary numSequencePoints="10" visitedSequencePoints="0" numBranchPoints="1" visitedBranchPoints="0" sequenceCoverage="0" branchCoverage="0" maxCyclomaticComplexity="1" minCyclomaticComplexity="1" maxCrapScore="2" minCrapScore="2" visitedClasses="0" numClasses="0" visitedMethods="0" numMethods="1" />
              <MetadataToken>100663414</MetadataToken>
              <Name>System.Void Test.Paging.PhysicalLevel.Headers.FixedRecordPageLogicalOrderHeadersTest::FreePage_ThatNotFree()</Name>
              <FileRef uid="22" />
              <SequencePoints>
                <SequencePoint vc="0" uspid="680" ordinal="0" offset="0" sl="82" sc="9" el="82" ec="10" bec="0" bev="0" fileid="22" />
                <SequencePoint vc="0" uspid="681" ordinal="1" offset="1" sl="85" sc="13" el="85" ec="14" bec="0" bev="0" fileid="22" />
                <SequencePoint vc="0" uspid="682" ordinal="2" offset="2" sl="86" sc="17" el="86" ec="57" bec="0" bev="0" fileid="22" />
                <SequencePoint vc="0" uspid="683" ordinal="3" offset="9" sl="87" sc="13" el="87" ec="14" bec="0" bev="0" fileid="22" />
                <SequencePoint vc="0" uspid="684" ordinal="4" offset="10" sl="89" sc="13" el="89" ec="49" bec="0" bev="0" fileid="22" />
                <SequencePoint vc="0" uspid="685" ordinal="5" offset="19" sl="90" sc="13" el="90" ec="108" bec="0" bev="0" fileid="22" />
                <SequencePoint vc="0" uspid="686" ordinal="6" offset="41" sl="91" sc="13" el="91" ec="35" bec="0" bev="0" fileid="22" />
                <SequencePoint vc="0" uspid="687" ordinal="7" offset="49" sl="92" sc="13" el="92" ec="52" bec="0" bev="0" fileid="22" />
                <SequencePoint vc="0" uspid="688" ordinal="8" offset="62" sl="93" sc="13" el="93" ec="55" bec="0" bev="0" fileid="22" />
                <SequencePoint vc="0" uspid="689" ordinal="9" offset="75" sl="95" sc="9" el="95" ec="10" bec="0" bev="0" fileid="22" />
              </SequencePoints>
              <BranchPoints />
              <MethodPoint xsi:type="SequencePoint" vc="0" uspid="680" ordinal="0" offset="0" sl="82" sc="9" el="82" ec="10" bec="0" bev="0" fileid="22" />
            </Method>
            <Method visited="false" cyclomaticComplexity="1" nPathComplexity="0" sequenceCoverage="0" branchCoverage="0" crapScore="2" isConstructor="false" isStatic="false" isGetter="false" isSetter="false">
              <Summary numSequencePoints="6" visitedSequencePoints="0" numBranchPoints="1" visitedBranchPoints="0" sequenceCoverage="0" branchCoverage="0" maxCyclomaticComplexity="1" minCyclomaticComplexity="1" maxCrapScore="2" minCrapScore="2" visitedClasses="0" numClasses="0" visitedMethods="0" numMethods="1" />
              <MetadataToken>100663415</MetadataToken>
              <Name>System.Void Test.Paging.PhysicalLevel.Headers.FixedRecordPageLogicalOrderHeadersTest::FreePage_ThatIsFree()</Name>
              <FileRef uid="22" />
              <SequencePoints>
                <SequencePoint vc="0" uspid="690" ordinal="0" offset="0" sl="99" sc="9" el="99" ec="10" bec="0" bev="0" fileid="22" />
                <SequencePoint vc="0" uspid="691" ordinal="1" offset="1" sl="100" sc="13" el="100" ec="34" bec="0" bev="0" fileid="22" />
                <SequencePoint vc="0" uspid="692" ordinal="2" offset="4" sl="101" sc="13" el="101" ec="49" bec="0" bev="0" fileid="22" />
                <SequencePoint vc="0" uspid="693" ordinal="3" offset="13" sl="103" sc="13" el="103" ec="109" bec="0" bev="0" fileid="22" />
                <SequencePoint vc="0" uspid="694" ordinal="4" offset="35" sl="104" sc="13" el="104" ec="35" bec="0" bev="0" fileid="22" />
                <SequencePoint vc="0" uspid="695" ordinal="5" offset="43" sl="106" sc="9" el="106" ec="10" bec="0" bev="0" fileid="22" />
              </SequencePoints>
              <BranchPoints />
              <MethodPoint xsi:type="SequencePoint" vc="0" uspid="690" ordinal="0" offset="0" sl="99" sc="9" el="99" ec="10" bec="0" bev="0" fileid="22" />
            </Method>
            <Method visited="false" cyclomaticComplexity="1" nPathComplexity="0" sequenceCoverage="0" branchCoverage="0" crapScore="2" isConstructor="false" isStatic="false" isGetter="false" isSetter="false">
              <Summary numSequencePoints="13" visitedSequencePoints="0" numBranchPoints="1" visitedBranchPoints="0" sequenceCoverage="0" branchCoverage="0" maxCyclomaticComplexity="1" minCyclomaticComplexity="1" maxCrapScore="2" minCrapScore="2" visitedClasses="0" numClasses="0" visitedMethods="0" numMethods="1" />
              <MetadataToken>100663416</MetadataToken>
              <Name>System.Void Test.Paging.PhysicalLevel.Headers.FixedRecordPageLogicalOrderHeadersTest::AcquirePage_WhenAvailable()</Name>
              <FileRef uid="22" />
              <SequencePoints>
                <SequencePoint vc="0" uspid="696" ordinal="0" offset="0" sl="111" sc="9" el="111" ec="10" bec="0" bev="0" fileid="22" />
                <SequencePoint vc="0" uspid="697" ordinal="1" offset="1" sl="114" sc="13" el="114" ec="14" bec="0" bev="0" fileid="22" />
                <SequencePoint vc="0" uspid="698" ordinal="2" offset="2" sl="115" sc="17" el="115" ec="63" bec="0" bev="0" fileid="22" />
                <SequencePoint vc="0" uspid="699" ordinal="3" offset="9" sl="116" sc="13" el="116" ec="14" bec="0" bev="0" fileid="22" />
                <SequencePoint vc="0" uspid="700" ordinal="4" offset="10" sl="118" sc="13" el="118" ec="49" bec="0" bev="0" fileid="22" />
                <SequencePoint vc="0" uspid="701" ordinal="5" offset="19" sl="119" sc="13" el="119" ec="115" bec="0" bev="0" fileid="22" />
                <SequencePoint vc="0" uspid="702" ordinal="6" offset="52" sl="120" sc="13" el="120" ec="50" bec="0" bev="0" fileid="22" />
                <SequencePoint vc="0" uspid="703" ordinal="7" offset="61" sl="121" sc="13" el="121" ec="38" bec="0" bev="0" fileid="22" />
                <SequencePoint vc="0" uspid="704" ordinal="8" offset="70" sl="122" sc="13" el="122" ec="57" bec="0" bev="0" fileid="22" />
                <SequencePoint vc="0" uspid="705" ordinal="9" offset="86" sl="123" sc="13" el="123" ec="56" bec="0" bev="0" fileid="22" />
                <SequencePoint vc="0" uspid="706" ordinal="10" offset="101" sl="124" sc="13" el="124" ec="53" bec="0" bev="0" fileid="22" />
                <SequencePoint vc="0" uspid="707" ordinal="11" offset="114" sl="125" sc="13" el="125" ec="56" bec="0" bev="0" fileid="22" />
                <SequencePoint vc="0" uspid="708" ordinal="12" offset="128" sl="127" sc="9" el="127" ec="10" bec="0" bev="0" fileid="22" />
              </SequencePoints>
              <BranchPoints />
              <MethodPoint xsi:type="SequencePoint" vc="0" uspid="696" ordinal="0" offset="0" sl="111" sc="9" el="111" ec="10" bec="0" bev="0" fileid="22" />
            </Method>
            <Method visited="false" cyclomaticComplexity="1" nPathComplexity="0" sequenceCoverage="0" branchCoverage="0" crapScore="2" isConstructor="false" isStatic="false" isGetter="false" isSetter="false">
              <Summary numSequencePoints="13" visitedSequencePoints="0" numBranchPoints="1" visitedBranchPoints="0" sequenceCoverage="0" branchCoverage="0" maxCyclomaticComplexity="1" minCyclomaticComplexity="1" maxCrapScore="2" minCrapScore="2" visitedClasses="0" numClasses="0" visitedMethods="0" numMethods="1" />
              <MetadataToken>100663417</MetadataToken>
              <Name>System.Void Test.Paging.PhysicalLevel.Headers.FixedRecordPageLogicalOrderHeadersTest::AcquirePage_WhenAvailable2()</Name>
              <FileRef uid="22" />
              <SequencePoints>
                <SequencePoint vc="0" uspid="709" ordinal="0" offset="0" sl="131" sc="9" el="131" ec="10" bec="0" bev="0" fileid="22" />
                <SequencePoint vc="0" uspid="710" ordinal="1" offset="1" sl="134" sc="13" el="134" ec="14" bec="0" bev="0" fileid="22" />
                <SequencePoint vc="0" uspid="711" ordinal="2" offset="2" sl="135" sc="17" el="135" ec="63" bec="0" bev="0" fileid="22" />
                <SequencePoint vc="0" uspid="712" ordinal="3" offset="5" sl="136" sc="13" el="136" ec="14" bec="0" bev="0" fileid="22" />
                <SequencePoint vc="0" uspid="713" ordinal="4" offset="6" sl="138" sc="13" el="138" ec="50" bec="0" bev="0" fileid="22" />
                <SequencePoint vc="0" uspid="714" ordinal="5" offset="15" sl="139" sc="13" el="139" ec="126" bec="0" bev="0" fileid="22" />
                <SequencePoint vc="0" uspid="715" ordinal="6" offset="48" sl="141" sc="13" el="141" ec="51" bec="0" bev="0" fileid="22" />
                <SequencePoint vc="0" uspid="716" ordinal="7" offset="57" sl="142" sc="13" el="142" ec="38" bec="0" bev="0" fileid="22" />
                <SequencePoint vc="0" uspid="717" ordinal="8" offset="66" sl="143" sc="13" el="143" ec="58" bec="0" bev="0" fileid="22" />
                <SequencePoint vc="0" uspid="718" ordinal="9" offset="82" sl="144" sc="13" el="144" ec="56" bec="0" bev="0" fileid="22" />
                <SequencePoint vc="0" uspid="719" ordinal="10" offset="97" sl="145" sc="13" el="145" ec="53" bec="0" bev="0" fileid="22" />
                <SequencePoint vc="0" uspid="720" ordinal="11" offset="110" sl="146" sc="13" el="146" ec="56" bec="0" bev="0" fileid="22" />
                <SequencePoint vc="0" uspid="721" ordinal="12" offset="124" sl="148" sc="9" el="148" ec="10" bec="0" bev="0" fileid="22" />
              </SequencePoints>
              <BranchPoints />
              <MethodPoint xsi:type="SequencePoint" vc="0" uspid="709" ordinal="0" offset="0" sl="131" sc="9" el="131" ec="10" bec="0" bev="0" fileid="22" />
            </Method>
            <Method visited="false" cyclomaticComplexity="1" nPathComplexity="0" sequenceCoverage="0" branchCoverage="0" crapScore="2" isConstructor="false" isStatic="false" isGetter="false" isSetter="false">
              <Summary numSequencePoints="9" visitedSequencePoints="0" numBranchPoints="1" visitedBranchPoints="0" sequenceCoverage="0" branchCoverage="0" maxCyclomaticComplexity="1" minCyclomaticComplexity="1" maxCrapScore="2" minCrapScore="2" visitedClasses="0" numClasses="0" visitedMethods="0" numMethods="1" />
              <MetadataToken>100663418</MetadataToken>
              <Name>System.Void Test.Paging.PhysicalLevel.Headers.FixedRecordPageLogicalOrderHeadersTest::AcquirePage_WhenNotAvailable()</Name>
              <FileRef uid="22" />
              <SequencePoints>
                <SequencePoint vc="0" uspid="722" ordinal="0" offset="0" sl="153" sc="9" el="153" ec="10" bec="0" bev="0" fileid="22" />
                <SequencePoint vc="0" uspid="723" ordinal="1" offset="1" sl="156" sc="13" el="156" ec="14" bec="0" bev="0" fileid="22" />
                <SequencePoint vc="0" uspid="724" ordinal="2" offset="2" sl="157" sc="17" el="157" ec="63" bec="0" bev="0" fileid="22" />
                <SequencePoint vc="0" uspid="725" ordinal="3" offset="12" sl="158" sc="13" el="158" ec="14" bec="0" bev="0" fileid="22" />
                <SequencePoint vc="0" uspid="726" ordinal="4" offset="13" sl="159" sc="13" el="159" ec="49" bec="0" bev="0" fileid="22" />
                <SequencePoint vc="0" uspid="727" ordinal="5" offset="22" sl="160" sc="13" el="160" ec="125" bec="0" bev="0" fileid="22" />
                <SequencePoint vc="0" uspid="728" ordinal="6" offset="55" sl="161" sc="13" el="161" ec="50" bec="0" bev="0" fileid="22" />
                <SequencePoint vc="0" uspid="729" ordinal="7" offset="64" sl="162" sc="13" el="162" ec="38" bec="0" bev="0" fileid="22" />
                <SequencePoint vc="0" uspid="730" ordinal="8" offset="72" sl="164" sc="9" el="164" ec="10" bec="0" bev="0" fileid="22" />
              </SequencePoints>
              <BranchPoints />
              <MethodPoint xsi:type="SequencePoint" vc="0" uspid="722" ordinal="0" offset="0" sl="153" sc="9" el="153" ec="10" bec="0" bev="0" fileid="22" />
            </Method>
            <Method visited="false" cyclomaticComplexity="1" nPathComplexity="0" sequenceCoverage="0" branchCoverage="0" crapScore="2" isConstructor="false" isStatic="false" isGetter="false" isSetter="false">
              <Summary numSequencePoints="9" visitedSequencePoints="0" numBranchPoints="1" visitedBranchPoints="0" sequenceCoverage="0" branchCoverage="0" maxCyclomaticComplexity="1" minCyclomaticComplexity="1" maxCrapScore="2" minCrapScore="2" visitedClasses="0" numClasses="0" visitedMethods="0" numMethods="1" />
              <MetadataToken>100663419</MetadataToken>
              <Name>System.Void Test.Paging.PhysicalLevel.Headers.FixedRecordPageLogicalOrderHeadersTest::Iterate_Pages()</Name>
              <FileRef uid="22" />
              <SequencePoints>
                <SequencePoint vc="0" uspid="731" ordinal="0" offset="0" sl="168" sc="9" el="168" ec="10" bec="0" bev="0" fileid="22" />
                <SequencePoint vc="0" uspid="732" ordinal="1" offset="1" sl="171" sc="13" el="171" ec="14" bec="0" bev="0" fileid="22" />
                <SequencePoint vc="0" uspid="733" ordinal="2" offset="2" sl="172" sc="17" el="172" ec="63" bec="0" bev="0" fileid="22" />
                <SequencePoint vc="0" uspid="734" ordinal="3" offset="12" sl="173" sc="13" el="173" ec="14" bec="0" bev="0" fileid="22" />
                <SequencePoint vc="0" uspid="735" ordinal="4" offset="13" sl="174" sc="13" el="174" ec="50" bec="0" bev="0" fileid="22" />
                <SequencePoint vc="0" uspid="736" ordinal="5" offset="22" sl="175" sc="13" el="175" ec="125" bec="0" bev="0" fileid="22" />
                <SequencePoint vc="0" uspid="737" ordinal="6" offset="55" sl="176" sc="13" el="176" ec="62" bec="0" bev="0" fileid="22" />
                <SequencePoint vc="0" uspid="738" ordinal="7" offset="67" sl="177" sc="13" el="177" ec="70" bec="0" bev="0" fileid="22" />
                <SequencePoint vc="0" uspid="739" ordinal="8" offset="91" sl="179" sc="9" el="179" ec="10" bec="0" bev="0" fileid="22" />
              </SequencePoints>
              <BranchPoints />
              <MethodPoint xsi:type="SequencePoint" vc="0" uspid="731" ordinal="0" offset="0" sl="168" sc="9" el="168" ec="10" bec="0" bev="0" fileid="22" />
            </Method>
            <Method visited="false" cyclomaticComplexity="1" nPathComplexity="0" sequenceCoverage="0" branchCoverage="0" crapScore="2" isConstructor="false" isStatic="false" isGetter="false" isSetter="false">
              <Summary numSequencePoints="9" visitedSequencePoints="0" numBranchPoints="1" visitedBranchPoints="0" sequenceCoverage="0" branchCoverage="0" maxCyclomaticComplexity="1" minCyclomaticComplexity="1" maxCrapScore="2" minCrapScore="2" visitedClasses="0" numClasses="0" visitedMethods="0" numMethods="1" />
              <MetadataToken>100663420</MetadataToken>
              <Name>System.Void Test.Paging.PhysicalLevel.Headers.FixedRecordPageLogicalOrderHeadersTest::IsPageFree_ThatNotFree()</Name>
              <FileRef uid="22" />
              <SequencePoints>
                <SequencePoint vc="0" uspid="740" ordinal="0" offset="0" sl="184" sc="9" el="184" ec="10" bec="0" bev="0" fileid="22" />
                <SequencePoint vc="0" uspid="741" ordinal="1" offset="1" sl="187" sc="13" el="187" ec="14" bec="0" bev="0" fileid="22" />
                <SequencePoint vc="0" uspid="742" ordinal="2" offset="2" sl="188" sc="17" el="188" ec="63" bec="0" bev="0" fileid="22" />
                <SequencePoint vc="0" uspid="743" ordinal="3" offset="9" sl="189" sc="13" el="189" ec="14" bec="0" bev="0" fileid="22" />
                <SequencePoint vc="0" uspid="744" ordinal="4" offset="10" sl="190" sc="13" el="190" ec="49" bec="0" bev="0" fileid="22" />
                <SequencePoint vc="0" uspid="745" ordinal="5" offset="19" sl="191" sc="13" el="191" ec="125" bec="0" bev="0" fileid="22" />
                <SequencePoint vc="0" uspid="746" ordinal="6" offset="45" sl="192" sc="13" el="192" ec="50" bec="0" bev="0" fileid="22" />
                <SequencePoint vc="0" uspid="747" ordinal="7" offset="53" sl="194" sc="13" el="194" ec="43" bec="0" bev="0" fileid="22" />
                <SequencePoint vc="0" uspid="748" ordinal="8" offset="61" sl="195" sc="9" el="195" ec="10" bec="0" bev="0" fileid="22" />
              </SequencePoints>
              <BranchPoints />
              <MethodPoint xsi:type="SequencePoint" vc="0" uspid="740" ordinal="0" offset="0" sl="184" sc="9" el="184" ec="10" bec="0" bev="0" fileid="22" />
            </Method>
            <Method visited="false" cyclomaticComplexity="1" nPathComplexity="0" sequenceCoverage="0" branchCoverage="0" crapScore="2" isConstructor="false" isStatic="false" isGetter="false" isSetter="false">
              <Summary numSequencePoints="8" visitedSequencePoints="0" numBranchPoints="1" visitedBranchPoints="0" sequenceCoverage="0" branchCoverage="0" maxCyclomaticComplexity="1" minCyclomaticComplexity="1" maxCrapScore="2" minCrapScore="2" visitedClasses="0" numClasses="0" visitedMethods="0" numMethods="1" />
              <MetadataToken>100663421</MetadataToken>
              <Name>System.Void Test.Paging.PhysicalLevel.Headers.FixedRecordPageLogicalOrderHeadersTest::PageApplyOrder()</Name>
              <FileRef uid="22" />
              <SequencePoints>
                <SequencePoint vc="0" uspid="749" ordinal="0" offset="0" sl="199" sc="9" el="199" ec="10" bec="0" bev="0" fileid="22" />
                <SequencePoint vc="0" uspid="750" ordinal="1" offset="1" sl="202" sc="13" el="202" ec="14" bec="0" bev="0" fileid="22" />
                <SequencePoint vc="0" uspid="751" ordinal="2" offset="2" sl="203" sc="17" el="203" ec="63" bec="0" bev="0" fileid="22" />
                <SequencePoint vc="0" uspid="752" ordinal="3" offset="12" sl="204" sc="13" el="204" ec="14" bec="0" bev="0" fileid="22" />
                <SequencePoint vc="0" uspid="753" ordinal="4" offset="13" sl="205" sc="13" el="205" ec="50" bec="0" bev="0" fileid="22" />
                <SequencePoint vc="0" uspid="754" ordinal="5" offset="22" sl="206" sc="13" el="206" ec="125" bec="0" bev="0" fileid="22" />
                <SequencePoint vc="0" uspid="755" ordinal="6" offset="55" sl="207" sc="13" el="207" ec="55" bec="0" bev="0" fileid="22" />
                <SequencePoint vc="0" uspid="756" ordinal="7" offset="79" sl="209" sc="9" el="209" ec="10" bec="0" bev="0" fileid="22" />
              </SequencePoints>
              <BranchPoints />
              <MethodPoint xsi:type="SequencePoint" vc="0" uspid="749" ordinal="0" offset="0" sl="199" sc="9" el="199" ec="10" bec="0" bev="0" fileid="22" />
            </Method>
            <Method visited="false" cyclomaticComplexity="1" nPathComplexity="0" sequenceCoverage="0" branchCoverage="0" crapScore="2" isConstructor="false" isStatic="false" isGetter="false" isSetter="false">
              <Summary numSequencePoints="9" visitedSequencePoints="0" numBranchPoints="1" visitedBranchPoints="0" sequenceCoverage="0" branchCoverage="0" maxCyclomaticComplexity="1" minCyclomaticComplexity="1" maxCrapScore="2" minCrapScore="2" visitedClasses="0" numClasses="0" visitedMethods="0" numMethods="1" />
              <MetadataToken>100663422</MetadataToken>
              <Name>System.Void Test.Paging.PhysicalLevel.Headers.FixedRecordPageLogicalOrderHeadersTest::IsPageFree_ThatIsFree()</Name>
              <FileRef uid="22" />
              <SequencePoints>
                <SequencePoint vc="0" uspid="757" ordinal="0" offset="0" sl="213" sc="9" el="213" ec="10" bec="0" bev="0" fileid="22" />
                <SequencePoint vc="0" uspid="758" ordinal="1" offset="1" sl="217" sc="13" el="217" ec="14" bec="0" bev="0" fileid="22" />
                <SequencePoint vc="0" uspid="759" ordinal="2" offset="2" sl="218" sc="17" el="218" ec="45" bec="0" bev="0" fileid="22" />
                <SequencePoint vc="0" uspid="760" ordinal="3" offset="5" sl="219" sc="13" el="219" ec="14" bec="0" bev="0" fileid="22" />
                <SequencePoint vc="0" uspid="761" ordinal="4" offset="6" sl="220" sc="13" el="220" ec="50" bec="0" bev="0" fileid="22" />
                <SequencePoint vc="0" uspid="762" ordinal="5" offset="15" sl="221" sc="13" el="221" ec="125" bec="0" bev="0" fileid="22" />
                <SequencePoint vc="0" uspid="763" ordinal="6" offset="37" sl="222" sc="13" el="222" ec="50" bec="0" bev="0" fileid="22" />
                <SequencePoint vc="0" uspid="764" ordinal="7" offset="45" sl="224" sc="13" el="224" ec="43" bec="0" bev="0" fileid="22" />
                <SequencePoint vc="0" uspid="765" ordinal="8" offset="53" sl="225" sc="9" el="225" ec="10" bec="0" bev="0" fileid="22" />
              </SequencePoints>
              <BranchPoints />
              <MethodPoint xsi:type="SequencePoint" vc="0" uspid="757" ordinal="0" offset="0" sl="213" sc="9" el="213" ec="10" bec="0" bev="0" fileid="22" />
            </Method>
            <Method visited="false" cyclomaticComplexity="1" nPathComplexity="0" sequenceCoverage="0" branchCoverage="0" crapScore="2" isConstructor="true" isStatic="false" isGetter="false" isSetter="false">
              <Summary numSequencePoints="0" visitedSequencePoints="0" numBranchPoints="0" visitedBranchPoints="0" sequenceCoverage="0" branchCoverage="0" maxCyclomaticComplexity="1" minCyclomaticComplexity="1" maxCrapScore="2" minCrapScore="2" visitedClasses="0" numClasses="0" visitedMethods="0" numMethods="0" />
              <MetadataToken>100663423</MetadataToken>
              <Name>System.Void Test.Paging.PhysicalLevel.Headers.FixedRecordPageLogicalOrderHeadersTest::.ctor()</Name>
              <SequencePoints />
              <BranchPoints />
              <MethodPoint vc="0" uspid="766" ordinal="0" offset="0" />
            </Method>
          </Methods>
        </Class>
        <Class>
          <Summary numSequencePoints="0" visitedSequencePoints="0" numBranchPoints="0" visitedBranchPoints="0" sequenceCoverage="0" branchCoverage="0" maxCyclomaticComplexity="1" minCyclomaticComplexity="1" maxCrapScore="2" minCrapScore="2" visitedClasses="0" numClasses="0" visitedMethods="0" numMethods="0" />
          <FullName>Test.Paging.PhysicalLevel.Headers.FixedRecordPageLogicalOrderHeadersTest/&lt;&gt;c__DisplayClass4_0</FullName>
          <Methods>
            <Method visited="false" cyclomaticComplexity="1" nPathComplexity="0" sequenceCoverage="0" branchCoverage="0" crapScore="2" isConstructor="true" isStatic="false" isGetter="false" isSetter="false">
              <Summary numSequencePoints="0" visitedSequencePoints="0" numBranchPoints="0" visitedBranchPoints="0" sequenceCoverage="0" branchCoverage="0" maxCyclomaticComplexity="1" minCyclomaticComplexity="1" maxCrapScore="2" minCrapScore="2" visitedClasses="0" numClasses="0" visitedMethods="0" numMethods="0" />
              <MetadataToken>100663535</MetadataToken>
              <Name>System.Void Test.Paging.PhysicalLevel.Headers.FixedRecordPageLogicalOrderHeadersTest/&lt;&gt;c__DisplayClass4_0::.ctor()</Name>
              <SequencePoints />
              <BranchPoints />
              <MethodPoint vc="0" uspid="767" ordinal="0" offset="0" />
            </Method>
          </Methods>
        </Class>
        <Class>
          <Summary numSequencePoints="1" visitedSequencePoints="0" numBranchPoints="1" visitedBranchPoints="0" sequenceCoverage="0" branchCoverage="0" maxCyclomaticComplexity="1" minCyclomaticComplexity="1" maxCrapScore="2" minCrapScore="2" visitedClasses="0" numClasses="1" visitedMethods="0" numMethods="1" />
          <FullName>Test.Paging.PhysicalLevel.Headers.FixedRecordPageLogicalOrderHeadersTest/&lt;&gt;c</FullName>
          <Methods>
            <Method visited="false" cyclomaticComplexity="1" nPathComplexity="0" sequenceCoverage="0" branchCoverage="0" crapScore="2" isConstructor="true" isStatic="true" isGetter="false" isSetter="false">
              <Summary numSequencePoints="0" visitedSequencePoints="0" numBranchPoints="0" visitedBranchPoints="0" sequenceCoverage="0" branchCoverage="0" maxCyclomaticComplexity="1" minCyclomaticComplexity="1" maxCrapScore="2" minCrapScore="2" visitedClasses="0" numClasses="0" visitedMethods="0" numMethods="0" />
              <MetadataToken>100663536</MetadataToken>
              <Name>System.Void Test.Paging.PhysicalLevel.Headers.FixedRecordPageLogicalOrderHeadersTest/&lt;&gt;c::.cctor()</Name>
              <SequencePoints />
              <BranchPoints />
              <MethodPoint vc="0" uspid="768" ordinal="0" offset="0" />
            </Method>
            <Method visited="false" cyclomaticComplexity="1" nPathComplexity="0" sequenceCoverage="0" branchCoverage="0" crapScore="2" isConstructor="true" isStatic="false" isGetter="false" isSetter="false">
              <Summary numSequencePoints="0" visitedSequencePoints="0" numBranchPoints="0" visitedBranchPoints="0" sequenceCoverage="0" branchCoverage="0" maxCyclomaticComplexity="1" minCyclomaticComplexity="1" maxCrapScore="2" minCrapScore="2" visitedClasses="0" numClasses="0" visitedMethods="0" numMethods="0" />
              <MetadataToken>100663537</MetadataToken>
              <Name>System.Void Test.Paging.PhysicalLevel.Headers.FixedRecordPageLogicalOrderHeadersTest/&lt;&gt;c::.ctor()</Name>
              <SequencePoints />
              <BranchPoints />
              <MethodPoint vc="0" uspid="769" ordinal="0" offset="0" />
            </Method>
            <Method visited="false" cyclomaticComplexity="1" nPathComplexity="0" sequenceCoverage="0" branchCoverage="0" crapScore="2" isConstructor="false" isStatic="false" isGetter="false" isSetter="false">
              <Summary numSequencePoints="1" visitedSequencePoints="0" numBranchPoints="1" visitedBranchPoints="0" sequenceCoverage="0" branchCoverage="0" maxCyclomaticComplexity="1" minCyclomaticComplexity="1" maxCrapScore="2" minCrapScore="2" visitedClasses="0" numClasses="0" visitedMethods="0" numMethods="1" />
              <MetadataToken>100663538</MetadataToken>
              <Name>System.Void Test.Paging.PhysicalLevel.Headers.FixedRecordPageLogicalOrderHeadersTest/&lt;&gt;c::&lt;Create&gt;b__4_0(FakeItEasy.Creation.IFakeOptions`1&lt;System.IO.Paging.PhysicalLevel.Implementations.Headers.FixedPageParametersCalculator&gt;)</Name>
              <FileRef uid="22" />
              <SequencePoints>
                <SequencePoint vc="0" uspid="770" ordinal="0" offset="0" sl="20" sc="67" el="20" ec="150" bec="0" bev="0" fileid="22" />
              </SequencePoints>
              <BranchPoints />
              <MethodPoint xsi:type="SequencePoint" vc="0" uspid="770" ordinal="0" offset="0" sl="20" sc="67" el="20" ec="150" bec="0" bev="0" fileid="22" />
            </Method>
          </Methods>
        </Class>
        <Class>
          <Summary numSequencePoints="7" visitedSequencePoints="0" numBranchPoints="5" visitedBranchPoints="0" sequenceCoverage="0" branchCoverage="0" maxCyclomaticComplexity="3" minCyclomaticComplexity="1" maxCrapScore="12" minCrapScore="2" visitedClasses="0" numClasses="1" visitedMethods="0" numMethods="1" />
          <FullName>Test.Paging.PhysicalLevel.Headers.FixedRecordPageLogicalOrderHeadersTest/&lt;&gt;c__DisplayClass8_0</FullName>
          <Methods>
            <Method visited="false" cyclomaticComplexity="1" nPathComplexity="0" sequenceCoverage="0" branchCoverage="0" crapScore="2" isConstructor="true" isStatic="false" isGetter="false" isSetter="false">
              <Summary numSequencePoints="0" visitedSequencePoints="0" numBranchPoints="0" visitedBranchPoints="0" sequenceCoverage="0" branchCoverage="0" maxCyclomaticComplexity="1" minCyclomaticComplexity="1" maxCrapScore="2" minCrapScore="2" visitedClasses="0" numClasses="0" visitedMethods="0" numMethods="0" />
              <MetadataToken>100663539</MetadataToken>
              <Name>System.Void Test.Paging.PhysicalLevel.Headers.FixedRecordPageLogicalOrderHeadersTest/&lt;&gt;c__DisplayClass8_0::.ctor()</Name>
              <SequencePoints />
              <BranchPoints />
              <MethodPoint vc="0" uspid="771" ordinal="0" offset="0" />
            </Method>
            <Method visited="false" cyclomaticComplexity="3" nPathComplexity="4" sequenceCoverage="0" branchCoverage="0" crapScore="12" isConstructor="false" isStatic="false" isGetter="false" isSetter="false">
              <Summary numSequencePoints="7" visitedSequencePoints="0" numBranchPoints="5" visitedBranchPoints="0" sequenceCoverage="0" branchCoverage="0" maxCyclomaticComplexity="3" minCyclomaticComplexity="3" maxCrapScore="12" minCrapScore="12" visitedClasses="0" numClasses="0" visitedMethods="0" numMethods="1" />
              <MetadataToken>100663540</MetadataToken>
              <Name>System.Void Test.Paging.PhysicalLevel.Headers.FixedRecordPageLogicalOrderHeadersTest/&lt;&gt;c__DisplayClass8_0::&lt;VerifyForArray&gt;b__0(System.Int32,System.Int32,System.IO.Paging.PhysicalLevel.Contracts.Internal.ByteAction)</Name>
              <FileRef uid="22" />
              <SequencePoints>
                <SequencePoint vc="0" uspid="772" ordinal="0" offset="0" sl="64" sc="21" el="64" ec="22" bec="0" bev="0" fileid="22" />
                <SequencePoint vc="0" uspid="773" ordinal="1" offset="1" sl="65" sc="32" el="65" ec="51" bec="3" bev="0" fileid="22" />
                <SequencePoint vc="0" uspid="774" ordinal="2" offset="30" sl="66" sc="25" el="66" ec="26" bec="0" bev="0" fileid="22" />
                <SequencePoint vc="0" uspid="775" ordinal="3" offset="31" sl="67" sc="29" el="67" ec="35" bec="0" bev="0" fileid="22" />
                <SequencePoint vc="0" uspid="776" ordinal="4" offset="39" sl="68" sc="25" el="68" ec="26" bec="0" bev="0" fileid="22" />
                <SequencePoint vc="0" uspid="777" ordinal="5" offset="42" sl="69" sc="25" el="69" ec="105" bec="0" bev="0" fileid="22" />
                <SequencePoint vc="0" uspid="778" ordinal="6" offset="78" sl="70" sc="21" el="70" ec="22" bec="0" bev="0" fileid="22" />
              </SequencePoints>
              <BranchPoints>
                <BranchPoint vc="0" uspid="779" ordinal="0" offset="9" sl="65" path="0" offsetend="11" fileid="22" />
                <BranchPoint vc="0" uspid="780" ordinal="1" offset="9" sl="65" path="1" offsetend="16" fileid="22" />
                <BranchPoint vc="0" uspid="781" ordinal="2" offset="14" sl="65" path="0" offsetend="16" fileid="22" />
                <BranchPoint vc="0" uspid="782" ordinal="3" offset="14" sl="65" path="1" offsetend="21" fileid="22" />
              </BranchPoints>
              <MethodPoint xsi:type="SequencePoint" vc="0" uspid="772" ordinal="0" offset="0" sl="64" sc="21" el="64" ec="22" bec="0" bev="0" fileid="22" />
            </Method>
          </Methods>
        </Class>
        <Class>
          <Summary numSequencePoints="1" visitedSequencePoints="0" numBranchPoints="1" visitedBranchPoints="0" sequenceCoverage="0" branchCoverage="0" maxCyclomaticComplexity="1" minCyclomaticComplexity="1" maxCrapScore="2" minCrapScore="2" visitedClasses="0" numClasses="1" visitedMethods="0" numMethods="1" />
          <FullName>Test.Paging.PhysicalLevel.Headers.FixedRecordPageLogicalOrderHeadersTest/&lt;&gt;c__DisplayClass9_0</FullName>
          <Methods>
            <Method visited="false" cyclomaticComplexity="1" nPathComplexity="0" sequenceCoverage="0" branchCoverage="0" crapScore="2" isConstructor="true" isStatic="false" isGetter="false" isSetter="false">
              <Summary numSequencePoints="0" visitedSequencePoints="0" numBranchPoints="0" visitedBranchPoints="0" sequenceCoverage="0" branchCoverage="0" maxCyclomaticComplexity="1" minCyclomaticComplexity="1" maxCrapScore="2" minCrapScore="2" visitedClasses="0" numClasses="0" visitedMethods="0" numMethods="0" />
              <MetadataToken>100663541</MetadataToken>
              <Name>System.Void Test.Paging.PhysicalLevel.Headers.FixedRecordPageLogicalOrderHeadersTest/&lt;&gt;c__DisplayClass9_0::.ctor()</Name>
              <SequencePoints />
              <BranchPoints />
              <MethodPoint vc="0" uspid="783" ordinal="0" offset="0" />
            </Method>
            <Method visited="false" cyclomaticComplexity="1" nPathComplexity="0" sequenceCoverage="0" branchCoverage="0" crapScore="2" isConstructor="false" isStatic="false" isGetter="false" isSetter="false">
              <Summary numSequencePoints="1" visitedSequencePoints="0" numBranchPoints="1" visitedBranchPoints="0" sequenceCoverage="0" branchCoverage="0" maxCyclomaticComplexity="1" minCyclomaticComplexity="1" maxCrapScore="2" minCrapScore="2" visitedClasses="0" numClasses="0" visitedMethods="0" numMethods="1" />
              <MetadataToken>100663542</MetadataToken>
              <Name>System.Void Test.Paging.PhysicalLevel.Headers.FixedRecordPageLogicalOrderHeadersTest/&lt;&gt;c__DisplayClass9_0::&lt;MakeAccessorExpectation&gt;b__1(FakeItEasy.Core.IFakeObjectCall)</Name>
              <FileRef uid="22" />
              <SequencePoints>
                <SequencePoint vc="0" uspid="784" ordinal="0" offset="0" sl="77" sc="31" el="77" ec="135" bec="0" bev="0" fileid="22" />
              </SequencePoints>
              <BranchPoints />
              <MethodPoint xsi:type="SequencePoint" vc="0" uspid="784" ordinal="0" offset="0" sl="77" sc="31" el="77" ec="135" bec="0" bev="0" fileid="22" />
            </Method>
          </Methods>
        </Class>
        <Class>
          <Summary numSequencePoints="88" visitedSequencePoints="0" numBranchPoints="19" visitedBranchPoints="0" sequenceCoverage="0" branchCoverage="0" maxCyclomaticComplexity="3" minCyclomaticComplexity="1" maxCrapScore="12" minCrapScore="2" visitedClasses="0" numClasses="1" visitedMethods="0" numMethods="13" />
          <FullName>Test.Paging.PhysicalLevel.Headers.FixedRecordPageNoOrderHeadersTest</FullName>
          <Methods>
            <Method visited="false" cyclomaticComplexity="1" nPathComplexity="0" sequenceCoverage="0" branchCoverage="0" crapScore="2" isConstructor="false" isStatic="false" isGetter="true" isSetter="false">
              <Summary numSequencePoints="1" visitedSequencePoints="0" numBranchPoints="1" visitedBranchPoints="0" sequenceCoverage="0" branchCoverage="0" maxCyclomaticComplexity="1" minCyclomaticComplexity="1" maxCrapScore="2" minCrapScore="2" visitedClasses="0" numClasses="0" visitedMethods="0" numMethods="1" />
              <MetadataToken>100663424</MetadataToken>
              <Name>Microsoft.VisualStudio.TestTools.UnitTesting.TestContext Test.Paging.PhysicalLevel.Headers.FixedRecordPageNoOrderHeadersTest::get_TestContext()</Name>
              <FileRef uid="26" />
              <SequencePoints>
                <SequencePoint vc="0" uspid="785" ordinal="0" offset="0" sl="16" sc="42" el="16" ec="46" bec="0" bev="0" fileid="26" />
              </SequencePoints>
              <BranchPoints />
              <MethodPoint xsi:type="SequencePoint" vc="0" uspid="785" ordinal="0" offset="0" sl="16" sc="42" el="16" ec="46" bec="0" bev="0" fileid="26" />
            </Method>
            <Method visited="false" cyclomaticComplexity="1" nPathComplexity="0" sequenceCoverage="0" branchCoverage="0" crapScore="2" isConstructor="false" isStatic="false" isGetter="false" isSetter="true">
              <Summary numSequencePoints="1" visitedSequencePoints="0" numBranchPoints="1" visitedBranchPoints="0" sequenceCoverage="0" branchCoverage="0" maxCyclomaticComplexity="1" minCyclomaticComplexity="1" maxCrapScore="2" minCrapScore="2" visitedClasses="0" numClasses="0" visitedMethods="0" numMethods="1" />
              <MetadataToken>100663425</MetadataToken>
              <Name>System.Void Test.Paging.PhysicalLevel.Headers.FixedRecordPageNoOrderHeadersTest::set_TestContext(Microsoft.VisualStudio.TestTools.UnitTesting.TestContext)</Name>
              <FileRef uid="26" />
              <SequencePoints>
                <SequencePoint vc="0" uspid="786" ordinal="0" offset="0" sl="16" sc="47" el="16" ec="51" bec="0" bev="0" fileid="26" />
              </SequencePoints>
              <BranchPoints />
              <MethodPoint xsi:type="SequencePoint" vc="0" uspid="786" ordinal="0" offset="0" sl="16" sc="47" el="16" ec="51" bec="0" bev="0" fileid="26" />
            </Method>
            <Method visited="false" cyclomaticComplexity="1" nPathComplexity="0" sequenceCoverage="0" branchCoverage="0" crapScore="2" isConstructor="false" isStatic="false" isGetter="true" isSetter="false">
              <Summary numSequencePoints="1" visitedSequencePoints="0" numBranchPoints="1" visitedBranchPoints="0" sequenceCoverage="0" branchCoverage="0" maxCyclomaticComplexity="1" minCyclomaticComplexity="1" maxCrapScore="2" minCrapScore="2" visitedClasses="0" numClasses="0" visitedMethods="0" numMethods="1" />
              <MetadataToken>100663427</MetadataToken>
              <Name>System.IO.Paging.PhysicalLevel.Contracts.Internal.IPageAccessor Test.Paging.PhysicalLevel.Headers.FixedRecordPageNoOrderHeadersTest::get_Page()</Name>
              <FileRef uid="26" />
              <SequencePoints>
                <SequencePoint vc="0" uspid="787" ordinal="0" offset="0" sl="39" sc="39" el="39" ec="86" bec="0" bev="0" fileid="26" />
              </SequencePoints>
              <BranchPoints />
              <MethodPoint xsi:type="SequencePoint" vc="0" uspid="787" ordinal="0" offset="0" sl="39" sc="39" el="39" ec="86" bec="0" bev="0" fileid="26" />
            </Method>
            <Method visited="false" cyclomaticComplexity="2" nPathComplexity="2" sequenceCoverage="0" branchCoverage="0" crapScore="6" isConstructor="false" isStatic="false" isGetter="false" isSetter="false">
              <Summary numSequencePoints="15" visitedSequencePoints="0" numBranchPoints="3" visitedBranchPoints="0" sequenceCoverage="0" branchCoverage="0" maxCyclomaticComplexity="2" minCyclomaticComplexity="2" maxCrapScore="6" minCrapScore="6" visitedClasses="0" numClasses="0" visitedMethods="0" numMethods="1" />
              <MetadataToken>100663426</MetadataToken>
              <Name>System.IO.Paging.PhysicalLevel.Contracts.Internal.IPageHeaders Test.Paging.PhysicalLevel.Headers.FixedRecordPageNoOrderHeadersTest::Create(System.Int32,System.Int32)</Name>
              <FileRef uid="26" />
              <SequencePoints>
                <SequencePoint vc="0" uspid="788" ordinal="0" offset="6" sl="19" sc="9" el="19" ec="10" bec="0" bev="0" fileid="26" />
                <SequencePoint vc="0" uspid="789" ordinal="1" offset="7" sl="20" sc="13" el="20" ec="45" bec="0" bev="0" fileid="26" />
                <SequencePoint vc="0" uspid="790" ordinal="2" offset="13" sl="23" sc="13" el="23" ec="151" bec="2" bev="0" fileid="26" />
                <SequencePoint vc="0" uspid="791" ordinal="3" offset="55" sl="24" sc="13" el="24" ec="69" bec="0" bev="0" fileid="26" />
                <SequencePoint vc="0" uspid="792" ordinal="4" offset="128" sl="25" sc="13" el="25" ec="53" bec="0" bev="0" fileid="26" />
                <SequencePoint vc="0" uspid="793" ordinal="5" offset="201" sl="26" sc="13" el="26" ec="58" bec="0" bev="0" fileid="26" />
                <SequencePoint vc="0" uspid="794" ordinal="6" offset="274" sl="27" sc="13" el="27" ec="72" bec="0" bev="0" fileid="26" />
                <SequencePoint vc="0" uspid="795" ordinal="7" offset="348" sl="29" sc="13" el="29" ec="14" bec="0" bev="0" fileid="26" />
                <SequencePoint vc="0" uspid="796" ordinal="8" offset="349" sl="30" sc="17" el="30" ec="75" bec="0" bev="0" fileid="26" />
                <SequencePoint vc="0" uspid="797" ordinal="9" offset="426" sl="31" sc="13" el="31" ec="14" bec="0" bev="0" fileid="26" />
                <SequencePoint vc="0" uspid="798" ordinal="10" offset="427" sl="32" sc="13" el="32" ec="67" bec="0" bev="0" fileid="26" />
                <SequencePoint vc="0" uspid="799" ordinal="11" offset="500" sl="34" sc="13" el="34" ec="77" bec="0" bev="0" fileid="26" />
                <SequencePoint vc="0" uspid="800" ordinal="12" offset="514" sl="35" sc="13" el="35" ec="51" bec="0" bev="0" fileid="26" />
                <SequencePoint vc="0" uspid="801" ordinal="13" offset="537" sl="36" sc="13" el="36" ec="22" bec="0" bev="0" fileid="26" />
                <SequencePoint vc="0" uspid="802" ordinal="14" offset="541" sl="37" sc="9" el="37" ec="10" bec="0" bev="0" fileid="26" />
              </SequencePoints>
              <BranchPoints>
                <BranchPoint vc="0" uspid="803" ordinal="0" offset="20" sl="23" path="0" offsetend="22" fileid="26" />
                <BranchPoint vc="0" uspid="804" ordinal="1" offset="20" sl="23" path="1" offsetend="45" fileid="26" />
              </BranchPoints>
              <MethodPoint vc="0" uspid="805" ordinal="0" offset="0" />
            </Method>
            <Method visited="false" cyclomaticComplexity="1" nPathComplexity="0" sequenceCoverage="0" branchCoverage="0" crapScore="2" isConstructor="false" isStatic="false" isGetter="false" isSetter="false">
              <Summary numSequencePoints="4" visitedSequencePoints="0" numBranchPoints="1" visitedBranchPoints="0" sequenceCoverage="0" branchCoverage="0" maxCyclomaticComplexity="1" minCyclomaticComplexity="1" maxCrapScore="2" minCrapScore="2" visitedClasses="0" numClasses="0" visitedMethods="0" numMethods="1" />
              <MetadataToken>100663428</MetadataToken>
              <Name>System.Action`1&lt;FakeItEasy.Core.IFakeObjectCall&gt; Test.Paging.PhysicalLevel.Headers.FixedRecordPageNoOrderHeadersTest::VerifyForArray(System.Byte[],System.Byte[])</Name>
              <FileRef uid="26" />
              <SequencePoints>
                <SequencePoint vc="0" uspid="806" ordinal="0" offset="20" sl="42" sc="9" el="42" ec="10" bec="0" bev="0" fileid="26" />
                <SequencePoint vc="0" uspid="807" ordinal="1" offset="21" sl="44" sc="13" el="44" ec="14" bec="0" bev="0" fileid="26" />
                <SequencePoint vc="0" uspid="808" ordinal="2" offset="22" sl="45" sc="17" el="53" ec="23" bec="0" bev="0" fileid="26" />
                <SequencePoint vc="0" uspid="809" ordinal="3" offset="37" sl="55" sc="9" el="55" ec="10" bec="0" bev="0" fileid="26" />
              </SequencePoints>
              <BranchPoints />
              <MethodPoint vc="0" uspid="810" ordinal="0" offset="0" />
            </Method>
            <Method visited="false" cyclomaticComplexity="1" nPathComplexity="0" sequenceCoverage="0" branchCoverage="0" crapScore="2" isConstructor="false" isStatic="false" isGetter="false" isSetter="false">
              <Summary numSequencePoints="3" visitedSequencePoints="0" numBranchPoints="1" visitedBranchPoints="0" sequenceCoverage="0" branchCoverage="0" maxCyclomaticComplexity="1" minCyclomaticComplexity="1" maxCrapScore="2" minCrapScore="2" visitedClasses="0" numClasses="0" visitedMethods="0" numMethods="1" />
              <MetadataToken>100663429</MetadataToken>
              <Name>System.Void Test.Paging.PhysicalLevel.Headers.FixedRecordPageNoOrderHeadersTest::MakeAccessorExpectation(System.Int32,System.Int32,System.Byte[],System.Byte[])</Name>
              <FileRef uid="26" />
              <SequencePoints>
                <SequencePoint vc="0" uspid="811" ordinal="0" offset="27" sl="58" sc="9" el="58" ec="10" bec="0" bev="0" fileid="26" />
                <SequencePoint vc="0" uspid="812" ordinal="1" offset="28" sl="59" sc="13" el="60" ec="77" bec="0" bev="0" fileid="26" />
                <SequencePoint vc="0" uspid="813" ordinal="2" offset="217" sl="61" sc="9" el="61" ec="10" bec="0" bev="0" fileid="26" />
              </SequencePoints>
              <BranchPoints />
              <MethodPoint vc="0" uspid="814" ordinal="0" offset="0" />
            </Method>
            <Method visited="false" cyclomaticComplexity="3" nPathComplexity="4" sequenceCoverage="0" branchCoverage="0" crapScore="12" isConstructor="false" isStatic="false" isGetter="false" isSetter="false">
              <Summary numSequencePoints="9" visitedSequencePoints="0" numBranchPoints="5" visitedBranchPoints="0" sequenceCoverage="0" branchCoverage="0" maxCyclomaticComplexity="3" minCyclomaticComplexity="3" maxCrapScore="12" minCrapScore="12" visitedClasses="0" numClasses="0" visitedMethods="0" numMethods="1" />
              <MetadataToken>100663430</MetadataToken>
              <Name>System.Byte[] Test.Paging.PhysicalLevel.Headers.FixedRecordPageNoOrderHeadersTest::fromPageContent(System.Int32&amp;)</Name>
              <FileRef uid="26" />
              <SequencePoints>
                <SequencePoint vc="0" uspid="815" ordinal="0" offset="0" sl="64" sc="9" el="64" ec="10" bec="0" bev="0" fileid="26" />
                <SequencePoint vc="0" uspid="816" ordinal="1" offset="1" sl="65" sc="13" el="65" ec="37" bec="0" bev="0" fileid="26" />
                <SequencePoint vc="0" uspid="817" ordinal="2" offset="10" sl="66" sc="20" el="66" ec="39" bec="0" bev="0" fileid="26" />
                <SequencePoint vc="0" uspid="818" ordinal="3" offset="13" sl="67" sc="20" el="67" ec="37" bec="3" bev="0" fileid="26" />
                <SequencePoint vc="0" uspid="819" ordinal="4" offset="40" sl="68" sc="13" el="68" ec="14" bec="0" bev="0" fileid="26" />
                <SequencePoint vc="0" uspid="820" ordinal="5" offset="41" sl="69" sc="17" el="69" ec="51" bec="0" bev="0" fileid="26" />
                <SequencePoint vc="0" uspid="821" ordinal="6" offset="53" sl="70" sc="13" el="70" ec="14" bec="0" bev="0" fileid="26" />
                <SequencePoint vc="0" uspid="822" ordinal="7" offset="60" sl="71" sc="13" el="71" ec="26" bec="0" bev="0" fileid="26" />
                <SequencePoint vc="0" uspid="823" ordinal="8" offset="65" sl="72" sc="9" el="72" ec="10" bec="0" bev="0" fileid="26" />
              </SequencePoints>
              <BranchPoints>
                <BranchPoint vc="0" uspid="824" ordinal="0" offset="17" sl="67" path="0" offsetend="19" fileid="26" />
                <BranchPoint vc="0" uspid="825" ordinal="1" offset="17" sl="67" path="1" offsetend="25" fileid="26" />
                <BranchPoint vc="0" uspid="826" ordinal="2" offset="23" sl="67" path="0" offsetend="25" fileid="26" />
                <BranchPoint vc="0" uspid="827" ordinal="3" offset="23" sl="67" path="1" offsetend="30" fileid="26" />
              </BranchPoints>
              <MethodPoint xsi:type="SequencePoint" vc="0" uspid="815" ordinal="0" offset="0" sl="64" sc="9" el="64" ec="10" bec="0" bev="0" fileid="26" />
            </Method>
            <Method visited="false" cyclomaticComplexity="1" nPathComplexity="0" sequenceCoverage="0" branchCoverage="0" crapScore="2" isConstructor="false" isStatic="false" isGetter="false" isSetter="false">
              <Summary numSequencePoints="8" visitedSequencePoints="0" numBranchPoints="1" visitedBranchPoints="0" sequenceCoverage="0" branchCoverage="0" maxCyclomaticComplexity="1" minCyclomaticComplexity="1" maxCrapScore="2" minCrapScore="2" visitedClasses="0" numClasses="0" visitedMethods="0" numMethods="1" />
              <MetadataToken>100663431</MetadataToken>
              <Name>System.Void Test.Paging.PhysicalLevel.Headers.FixedRecordPageNoOrderHeadersTest::FreePage_ThatNotFree()</Name>
              <FileRef uid="26" />
              <SequencePoints>
                <SequencePoint vc="0" uspid="828" ordinal="0" offset="0" sl="76" sc="9" el="76" ec="10" bec="0" bev="0" fileid="26" />
                <SequencePoint vc="0" uspid="829" ordinal="1" offset="1" sl="77" sc="13" el="77" ec="35" bec="0" bev="0" fileid="26" />
                <SequencePoint vc="0" uspid="830" ordinal="2" offset="3" sl="78" sc="13" el="78" ec="49" bec="0" bev="0" fileid="26" />
                <SequencePoint vc="0" uspid="831" ordinal="3" offset="12" sl="80" sc="13" el="80" ec="101" bec="0" bev="0" fileid="26" />
                <SequencePoint vc="0" uspid="832" ordinal="4" offset="35" sl="82" sc="13" el="82" ec="35" bec="0" bev="0" fileid="26" />
                <SequencePoint vc="0" uspid="833" ordinal="5" offset="43" sl="83" sc="13" el="83" ec="52" bec="0" bev="0" fileid="26" />
                <SequencePoint vc="0" uspid="834" ordinal="6" offset="56" sl="84" sc="13" el="84" ec="55" bec="0" bev="0" fileid="26" />
                <SequencePoint vc="0" uspid="835" ordinal="7" offset="69" sl="86" sc="9" el="86" ec="10" bec="0" bev="0" fileid="26" />
              </SequencePoints>
              <BranchPoints />
              <MethodPoint xsi:type="SequencePoint" vc="0" uspid="828" ordinal="0" offset="0" sl="76" sc="9" el="76" ec="10" bec="0" bev="0" fileid="26" />
            </Method>
            <Method visited="false" cyclomaticComplexity="1" nPathComplexity="0" sequenceCoverage="0" branchCoverage="0" crapScore="2" isConstructor="false" isStatic="false" isGetter="false" isSetter="false">
              <Summary numSequencePoints="6" visitedSequencePoints="0" numBranchPoints="1" visitedBranchPoints="0" sequenceCoverage="0" branchCoverage="0" maxCyclomaticComplexity="1" minCyclomaticComplexity="1" maxCrapScore="2" minCrapScore="2" visitedClasses="0" numClasses="0" visitedMethods="0" numMethods="1" />
              <MetadataToken>100663432</MetadataToken>
              <Name>System.Void Test.Paging.PhysicalLevel.Headers.FixedRecordPageNoOrderHeadersTest::FreePage_ThatIsFree()</Name>
              <FileRef uid="26" />
              <SequencePoints>
                <SequencePoint vc="0" uspid="836" ordinal="0" offset="0" sl="90" sc="9" el="90" ec="10" bec="0" bev="0" fileid="26" />
                <SequencePoint vc="0" uspid="837" ordinal="1" offset="1" sl="91" sc="13" el="91" ec="33" bec="0" bev="0" fileid="26" />
                <SequencePoint vc="0" uspid="838" ordinal="2" offset="3" sl="92" sc="13" el="92" ec="49" bec="0" bev="0" fileid="26" />
                <SequencePoint vc="0" uspid="839" ordinal="3" offset="12" sl="94" sc="13" el="94" ec="103" bec="0" bev="0" fileid="26" />
                <SequencePoint vc="0" uspid="840" ordinal="4" offset="35" sl="96" sc="13" el="96" ec="35" bec="0" bev="0" fileid="26" />
                <SequencePoint vc="0" uspid="841" ordinal="5" offset="43" sl="98" sc="9" el="98" ec="10" bec="0" bev="0" fileid="26" />
              </SequencePoints>
              <BranchPoints />
              <MethodPoint xsi:type="SequencePoint" vc="0" uspid="836" ordinal="0" offset="0" sl="90" sc="9" el="90" ec="10" bec="0" bev="0" fileid="26" />
            </Method>
            <Method visited="false" cyclomaticComplexity="1" nPathComplexity="0" sequenceCoverage="0" branchCoverage="0" crapScore="2" isConstructor="false" isStatic="false" isGetter="false" isSetter="false">
              <Summary numSequencePoints="13" visitedSequencePoints="0" numBranchPoints="1" visitedBranchPoints="0" sequenceCoverage="0" branchCoverage="0" maxCyclomaticComplexity="1" minCyclomaticComplexity="1" maxCrapScore="2" minCrapScore="2" visitedClasses="0" numClasses="0" visitedMethods="0" numMethods="1" />
              <MetadataToken>100663433</MetadataToken>
              <Name>System.Void Test.Paging.PhysicalLevel.Headers.FixedRecordPageNoOrderHeadersTest::AcquirePage_WhenAvailable()</Name>
              <FileRef uid="26" />
              <SequencePoints>
                <SequencePoint vc="0" uspid="842" ordinal="0" offset="0" sl="103" sc="9" el="103" ec="10" bec="0" bev="0" fileid="26" />
                <SequencePoint vc="0" uspid="843" ordinal="1" offset="1" sl="106" sc="13" el="106" ec="14" bec="0" bev="0" fileid="26" />
                <SequencePoint vc="0" uspid="844" ordinal="2" offset="2" sl="107" sc="17" el="107" ec="50" bec="0" bev="0" fileid="26" />
                <SequencePoint vc="0" uspid="845" ordinal="3" offset="4" sl="108" sc="13" el="108" ec="14" bec="0" bev="0" fileid="26" />
                <SequencePoint vc="0" uspid="846" ordinal="4" offset="5" sl="110" sc="13" el="110" ec="49" bec="0" bev="0" fileid="26" />
                <SequencePoint vc="0" uspid="847" ordinal="5" offset="14" sl="112" sc="13" el="112" ec="104" bec="0" bev="0" fileid="26" />
                <SequencePoint vc="0" uspid="848" ordinal="6" offset="41" sl="114" sc="13" el="114" ec="50" bec="0" bev="0" fileid="26" />
                <SequencePoint vc="0" uspid="849" ordinal="7" offset="50" sl="115" sc="13" el="115" ec="38" bec="0" bev="0" fileid="26" />
                <SequencePoint vc="0" uspid="850" ordinal="8" offset="59" sl="116" sc="13" el="116" ec="57" bec="0" bev="0" fileid="26" />
                <SequencePoint vc="0" uspid="851" ordinal="9" offset="75" sl="117" sc="13" el="117" ec="56" bec="0" bev="0" fileid="26" />
                <SequencePoint vc="0" uspid="852" ordinal="10" offset="90" sl="118" sc="13" el="118" ec="53" bec="0" bev="0" fileid="26" />
                <SequencePoint vc="0" uspid="853" ordinal="11" offset="103" sl="119" sc="13" el="119" ec="56" bec="0" bev="0" fileid="26" />
                <SequencePoint vc="0" uspid="854" ordinal="12" offset="117" sl="121" sc="9" el="121" ec="10" bec="0" bev="0" fileid="26" />
              </SequencePoints>
              <BranchPoints />
              <MethodPoint xsi:type="SequencePoint" vc="0" uspid="842" ordinal="0" offset="0" sl="103" sc="9" el="103" ec="10" bec="0" bev="0" fileid="26" />
            </Method>
            <Method visited="false" cyclomaticComplexity="1" nPathComplexity="0" sequenceCoverage="0" branchCoverage="0" crapScore="2" isConstructor="false" isStatic="false" isGetter="false" isSetter="false">
              <Summary numSequencePoints="9" visitedSequencePoints="0" numBranchPoints="1" visitedBranchPoints="0" sequenceCoverage="0" branchCoverage="0" maxCyclomaticComplexity="1" minCyclomaticComplexity="1" maxCrapScore="2" minCrapScore="2" visitedClasses="0" numClasses="0" visitedMethods="0" numMethods="1" />
              <MetadataToken>100663434</MetadataToken>
              <Name>System.Void Test.Paging.PhysicalLevel.Headers.FixedRecordPageNoOrderHeadersTest::AcquirePage_WhenNotAvailable()</Name>
              <FileRef uid="26" />
              <SequencePoints>
                <SequencePoint vc="0" uspid="855" ordinal="0" offset="0" sl="128" sc="9" el="128" ec="10" bec="0" bev="0" fileid="26" />
                <SequencePoint vc="0" uspid="856" ordinal="1" offset="1" sl="131" sc="13" el="131" ec="14" bec="0" bev="0" fileid="26" />
                <SequencePoint vc="0" uspid="857" ordinal="2" offset="2" sl="132" sc="17" el="132" ec="50" bec="0" bev="0" fileid="26" />
                <SequencePoint vc="0" uspid="858" ordinal="3" offset="8" sl="133" sc="13" el="133" ec="14" bec="0" bev="0" fileid="26" />
                <SequencePoint vc="0" uspid="859" ordinal="4" offset="9" sl="134" sc="13" el="134" ec="50" bec="0" bev="0" fileid="26" />
                <SequencePoint vc="0" uspid="860" ordinal="5" offset="19" sl="135" sc="13" el="135" ec="110" bec="0" bev="0" fileid="26" />
                <SequencePoint vc="0" uspid="861" ordinal="6" offset="53" sl="136" sc="13" el="136" ec="50" bec="0" bev="0" fileid="26" />
                <SequencePoint vc="0" uspid="862" ordinal="7" offset="62" sl="137" sc="13" el="137" ec="38" bec="0" bev="0" fileid="26" />
                <SequencePoint vc="0" uspid="863" ordinal="8" offset="70" sl="139" sc="9" el="139" ec="10" bec="0" bev="0" fileid="26" />
              </SequencePoints>
              <BranchPoints />
              <MethodPoint xsi:type="SequencePoint" vc="0" uspid="855" ordinal="0" offset="0" sl="128" sc="9" el="128" ec="10" bec="0" bev="0" fileid="26" />
            </Method>
            <Method visited="false" cyclomaticComplexity="1" nPathComplexity="0" sequenceCoverage="0" branchCoverage="0" crapScore="2" isConstructor="false" isStatic="false" isGetter="false" isSetter="false">
              <Summary numSequencePoints="9" visitedSequencePoints="0" numBranchPoints="1" visitedBranchPoints="0" sequenceCoverage="0" branchCoverage="0" maxCyclomaticComplexity="1" minCyclomaticComplexity="1" maxCrapScore="2" minCrapScore="2" visitedClasses="0" numClasses="0" visitedMethods="0" numMethods="1" />
              <MetadataToken>100663435</MetadataToken>
              <Name>System.Void Test.Paging.PhysicalLevel.Headers.FixedRecordPageNoOrderHeadersTest::IsPageFree_ThatNotFree()</Name>
              <FileRef uid="26" />
              <SequencePoints>
                <SequencePoint vc="0" uspid="864" ordinal="0" offset="0" sl="144" sc="9" el="144" ec="10" bec="0" bev="0" fileid="26" />
                <SequencePoint vc="0" uspid="865" ordinal="1" offset="1" sl="147" sc="13" el="147" ec="14" bec="0" bev="0" fileid="26" />
                <SequencePoint vc="0" uspid="866" ordinal="2" offset="2" sl="148" sc="17" el="148" ec="50" bec="0" bev="0" fileid="26" />
                <SequencePoint vc="0" uspid="867" ordinal="3" offset="4" sl="149" sc="13" el="149" ec="14" bec="0" bev="0" fileid="26" />
                <SequencePoint vc="0" uspid="868" ordinal="4" offset="5" sl="150" sc="13" el="150" ec="49" bec="0" bev="0" fileid="26" />
                <SequencePoint vc="0" uspid="869" ordinal="5" offset="14" sl="151" sc="13" el="151" ec="110" bec="0" bev="0" fileid="26" />
                <SequencePoint vc="0" uspid="870" ordinal="6" offset="41" sl="152" sc="13" el="152" ec="50" bec="0" bev="0" fileid="26" />
                <SequencePoint vc="0" uspid="871" ordinal="7" offset="49" sl="154" sc="13" el="154" ec="43" bec="0" bev="0" fileid="26" />
                <SequencePoint vc="0" uspid="872" ordinal="8" offset="57" sl="155" sc="9" el="155" ec="10" bec="0" bev="0" fileid="26" />
              </SequencePoints>
              <BranchPoints />
              <MethodPoint xsi:type="SequencePoint" vc="0" uspid="864" ordinal="0" offset="0" sl="144" sc="9" el="144" ec="10" bec="0" bev="0" fileid="26" />
            </Method>
            <Method visited="false" cyclomaticComplexity="1" nPathComplexity="0" sequenceCoverage="0" branchCoverage="0" crapScore="2" isConstructor="false" isStatic="false" isGetter="false" isSetter="false">
              <Summary numSequencePoints="9" visitedSequencePoints="0" numBranchPoints="1" visitedBranchPoints="0" sequenceCoverage="0" branchCoverage="0" maxCyclomaticComplexity="1" minCyclomaticComplexity="1" maxCrapScore="2" minCrapScore="2" visitedClasses="0" numClasses="0" visitedMethods="0" numMethods="1" />
              <MetadataToken>100663436</MetadataToken>
              <Name>System.Void Test.Paging.PhysicalLevel.Headers.FixedRecordPageNoOrderHeadersTest::IsPageFree_ThatIsFree()</Name>
              <FileRef uid="26" />
              <SequencePoints>
                <SequencePoint vc="0" uspid="873" ordinal="0" offset="0" sl="159" sc="9" el="159" ec="10" bec="0" bev="0" fileid="26" />
                <SequencePoint vc="0" uspid="874" ordinal="1" offset="1" sl="163" sc="13" el="163" ec="14" bec="0" bev="0" fileid="26" />
                <SequencePoint vc="0" uspid="875" ordinal="2" offset="2" sl="164" sc="17" el="164" ec="50" bec="0" bev="0" fileid="26" />
                <SequencePoint vc="0" uspid="876" ordinal="3" offset="4" sl="165" sc="13" el="165" ec="14" bec="0" bev="0" fileid="26" />
                <SequencePoint vc="0" uspid="877" ordinal="4" offset="5" sl="166" sc="13" el="166" ec="50" bec="0" bev="0" fileid="26" />
                <SequencePoint vc="0" uspid="878" ordinal="5" offset="14" sl="167" sc="13" el="167" ec="110" bec="0" bev="0" fileid="26" />
                <SequencePoint vc="0" uspid="879" ordinal="6" offset="37" sl="168" sc="13" el="168" ec="50" bec="0" bev="0" fileid="26" />
                <SequencePoint vc="0" uspid="880" ordinal="7" offset="45" sl="170" sc="13" el="170" ec="43" bec="0" bev="0" fileid="26" />
                <SequencePoint vc="0" uspid="881" ordinal="8" offset="53" sl="171" sc="9" el="171" ec="10" bec="0" bev="0" fileid="26" />
              </SequencePoints>
              <BranchPoints />
              <MethodPoint xsi:type="SequencePoint" vc="0" uspid="873" ordinal="0" offset="0" sl="159" sc="9" el="159" ec="10" bec="0" bev="0" fileid="26" />
            </Method>
            <Method visited="false" cyclomaticComplexity="1" nPathComplexity="0" sequenceCoverage="0" branchCoverage="0" crapScore="2" isConstructor="true" isStatic="false" isGetter="false" isSetter="false">
              <Summary numSequencePoints="0" visitedSequencePoints="0" numBranchPoints="0" visitedBranchPoints="0" sequenceCoverage="0" branchCoverage="0" maxCyclomaticComplexity="1" minCyclomaticComplexity="1" maxCrapScore="2" minCrapScore="2" visitedClasses="0" numClasses="0" visitedMethods="0" numMethods="0" />
              <MetadataToken>100663437</MetadataToken>
              <Name>System.Void Test.Paging.PhysicalLevel.Headers.FixedRecordPageNoOrderHeadersTest::.ctor()</Name>
              <SequencePoints />
              <BranchPoints />
              <MethodPoint vc="0" uspid="882" ordinal="0" offset="0" />
            </Method>
          </Methods>
        </Class>
        <Class>
          <Summary numSequencePoints="0" visitedSequencePoints="0" numBranchPoints="0" visitedBranchPoints="0" sequenceCoverage="0" branchCoverage="0" maxCyclomaticComplexity="1" minCyclomaticComplexity="1" maxCrapScore="2" minCrapScore="2" visitedClasses="0" numClasses="0" visitedMethods="0" numMethods="0" />
          <FullName>Test.Paging.PhysicalLevel.Headers.FixedRecordPageNoOrderHeadersTest/&lt;&gt;c__DisplayClass4_0</FullName>
          <Methods>
            <Method visited="false" cyclomaticComplexity="1" nPathComplexity="0" sequenceCoverage="0" branchCoverage="0" crapScore="2" isConstructor="true" isStatic="false" isGetter="false" isSetter="false">
              <Summary numSequencePoints="0" visitedSequencePoints="0" numBranchPoints="0" visitedBranchPoints="0" sequenceCoverage="0" branchCoverage="0" maxCyclomaticComplexity="1" minCyclomaticComplexity="1" maxCrapScore="2" minCrapScore="2" visitedClasses="0" numClasses="0" visitedMethods="0" numMethods="0" />
              <MetadataToken>100663543</MetadataToken>
              <Name>System.Void Test.Paging.PhysicalLevel.Headers.FixedRecordPageNoOrderHeadersTest/&lt;&gt;c__DisplayClass4_0::.ctor()</Name>
              <SequencePoints />
              <BranchPoints />
              <MethodPoint vc="0" uspid="883" ordinal="0" offset="0" />
            </Method>
          </Methods>
        </Class>
        <Class>
          <Summary numSequencePoints="1" visitedSequencePoints="0" numBranchPoints="1" visitedBranchPoints="0" sequenceCoverage="0" branchCoverage="0" maxCyclomaticComplexity="1" minCyclomaticComplexity="1" maxCrapScore="2" minCrapScore="2" visitedClasses="0" numClasses="1" visitedMethods="0" numMethods="1" />
          <FullName>Test.Paging.PhysicalLevel.Headers.FixedRecordPageNoOrderHeadersTest/&lt;&gt;c</FullName>
          <Methods>
            <Method visited="false" cyclomaticComplexity="1" nPathComplexity="0" sequenceCoverage="0" branchCoverage="0" crapScore="2" isConstructor="true" isStatic="true" isGetter="false" isSetter="false">
              <Summary numSequencePoints="0" visitedSequencePoints="0" numBranchPoints="0" visitedBranchPoints="0" sequenceCoverage="0" branchCoverage="0" maxCyclomaticComplexity="1" minCyclomaticComplexity="1" maxCrapScore="2" minCrapScore="2" visitedClasses="0" numClasses="0" visitedMethods="0" numMethods="0" />
              <MetadataToken>100663544</MetadataToken>
              <Name>System.Void Test.Paging.PhysicalLevel.Headers.FixedRecordPageNoOrderHeadersTest/&lt;&gt;c::.cctor()</Name>
              <SequencePoints />
              <BranchPoints />
              <MethodPoint vc="0" uspid="884" ordinal="0" offset="0" />
            </Method>
            <Method visited="false" cyclomaticComplexity="1" nPathComplexity="0" sequenceCoverage="0" branchCoverage="0" crapScore="2" isConstructor="true" isStatic="false" isGetter="false" isSetter="false">
              <Summary numSequencePoints="0" visitedSequencePoints="0" numBranchPoints="0" visitedBranchPoints="0" sequenceCoverage="0" branchCoverage="0" maxCyclomaticComplexity="1" minCyclomaticComplexity="1" maxCrapScore="2" minCrapScore="2" visitedClasses="0" numClasses="0" visitedMethods="0" numMethods="0" />
              <MetadataToken>100663545</MetadataToken>
              <Name>System.Void Test.Paging.PhysicalLevel.Headers.FixedRecordPageNoOrderHeadersTest/&lt;&gt;c::.ctor()</Name>
              <SequencePoints />
              <BranchPoints />
              <MethodPoint vc="0" uspid="885" ordinal="0" offset="0" />
            </Method>
            <Method visited="false" cyclomaticComplexity="1" nPathComplexity="0" sequenceCoverage="0" branchCoverage="0" crapScore="2" isConstructor="false" isStatic="false" isGetter="false" isSetter="false">
              <Summary numSequencePoints="1" visitedSequencePoints="0" numBranchPoints="1" visitedBranchPoints="0" sequenceCoverage="0" branchCoverage="0" maxCyclomaticComplexity="1" minCyclomaticComplexity="1" maxCrapScore="2" minCrapScore="2" visitedClasses="0" numClasses="0" visitedMethods="0" numMethods="1" />
              <MetadataToken>100663546</MetadataToken>
              <Name>System.Void Test.Paging.PhysicalLevel.Headers.FixedRecordPageNoOrderHeadersTest/&lt;&gt;c::&lt;Create&gt;b__4_0(FakeItEasy.Creation.IFakeOptions`1&lt;System.IO.Paging.PhysicalLevel.Implementations.Headers.FixedPageParametersCalculator&gt;)</Name>
              <FileRef uid="26" />
              <SequencePoints>
                <SequencePoint vc="0" uspid="886" ordinal="0" offset="0" sl="23" sc="67" el="23" ec="149" bec="0" bev="0" fileid="26" />
              </SequencePoints>
              <BranchPoints />
              <MethodPoint xsi:type="SequencePoint" vc="0" uspid="886" ordinal="0" offset="0" sl="23" sc="67" el="23" ec="149" bec="0" bev="0" fileid="26" />
            </Method>
          </Methods>
        </Class>
        <Class>
          <Summary numSequencePoints="7" visitedSequencePoints="0" numBranchPoints="5" visitedBranchPoints="0" sequenceCoverage="0" branchCoverage="0" maxCyclomaticComplexity="3" minCyclomaticComplexity="1" maxCrapScore="12" minCrapScore="2" visitedClasses="0" numClasses="1" visitedMethods="0" numMethods="1" />
          <FullName>Test.Paging.PhysicalLevel.Headers.FixedRecordPageNoOrderHeadersTest/&lt;&gt;c__DisplayClass7_0</FullName>
          <Methods>
            <Method visited="false" cyclomaticComplexity="1" nPathComplexity="0" sequenceCoverage="0" branchCoverage="0" crapScore="2" isConstructor="true" isStatic="false" isGetter="false" isSetter="false">
              <Summary numSequencePoints="0" visitedSequencePoints="0" numBranchPoints="0" visitedBranchPoints="0" sequenceCoverage="0" branchCoverage="0" maxCyclomaticComplexity="1" minCyclomaticComplexity="1" maxCrapScore="2" minCrapScore="2" visitedClasses="0" numClasses="0" visitedMethods="0" numMethods="0" />
              <MetadataToken>100663547</MetadataToken>
              <Name>System.Void Test.Paging.PhysicalLevel.Headers.FixedRecordPageNoOrderHeadersTest/&lt;&gt;c__DisplayClass7_0::.ctor()</Name>
              <SequencePoints />
              <BranchPoints />
              <MethodPoint vc="0" uspid="887" ordinal="0" offset="0" />
            </Method>
            <Method visited="false" cyclomaticComplexity="3" nPathComplexity="4" sequenceCoverage="0" branchCoverage="0" crapScore="12" isConstructor="false" isStatic="false" isGetter="false" isSetter="false">
              <Summary numSequencePoints="7" visitedSequencePoints="0" numBranchPoints="5" visitedBranchPoints="0" sequenceCoverage="0" branchCoverage="0" maxCyclomaticComplexity="3" minCyclomaticComplexity="3" maxCrapScore="12" minCrapScore="12" visitedClasses="0" numClasses="0" visitedMethods="0" numMethods="1" />
              <MetadataToken>100663548</MetadataToken>
              <Name>System.Void Test.Paging.PhysicalLevel.Headers.FixedRecordPageNoOrderHeadersTest/&lt;&gt;c__DisplayClass7_0::&lt;VerifyForArray&gt;b__0(FakeItEasy.Core.IFakeObjectCall)</Name>
              <FileRef uid="26" />
              <SequencePoints>
                <SequencePoint vc="0" uspid="888" ordinal="0" offset="0" sl="47" sc="21" el="47" ec="22" bec="0" bev="0" fileid="26" />
                <SequencePoint vc="0" uspid="889" ordinal="1" offset="1" sl="48" sc="32" el="48" ec="51" bec="3" bev="0" fileid="26" />
                <SequencePoint vc="0" uspid="890" ordinal="2" offset="30" sl="49" sc="25" el="49" ec="26" bec="0" bev="0" fileid="26" />
                <SequencePoint vc="0" uspid="891" ordinal="3" offset="31" sl="50" sc="29" el="50" ec="62" bec="0" bev="0" fileid="26" />
                <SequencePoint vc="0" uspid="892" ordinal="4" offset="55" sl="51" sc="25" el="51" ec="26" bec="0" bev="0" fileid="26" />
                <SequencePoint vc="0" uspid="893" ordinal="5" offset="58" sl="52" sc="25" el="52" ec="105" bec="0" bev="0" fileid="26" />
                <SequencePoint vc="0" uspid="894" ordinal="6" offset="94" sl="53" sc="21" el="53" ec="22" bec="0" bev="0" fileid="26" />
              </SequencePoints>
              <BranchPoints>
                <BranchPoint vc="0" uspid="895" ordinal="0" offset="9" sl="48" path="0" offsetend="11" fileid="26" />
                <BranchPoint vc="0" uspid="896" ordinal="1" offset="9" sl="48" path="1" offsetend="16" fileid="26" />
                <BranchPoint vc="0" uspid="897" ordinal="2" offset="14" sl="48" path="0" offsetend="16" fileid="26" />
                <BranchPoint vc="0" uspid="898" ordinal="3" offset="14" sl="48" path="1" offsetend="21" fileid="26" />
              </BranchPoints>
              <MethodPoint xsi:type="SequencePoint" vc="0" uspid="888" ordinal="0" offset="0" sl="47" sc="21" el="47" ec="22" bec="0" bev="0" fileid="26" />
            </Method>
          </Methods>
        </Class>
        <Class>
          <Summary numSequencePoints="0" visitedSequencePoints="0" numBranchPoints="0" visitedBranchPoints="0" sequenceCoverage="0" branchCoverage="0" maxCyclomaticComplexity="1" minCyclomaticComplexity="1" maxCrapScore="2" minCrapScore="2" visitedClasses="0" numClasses="0" visitedMethods="0" numMethods="0" />
          <FullName>Test.Paging.PhysicalLevel.Headers.FixedRecordPageNoOrderHeadersTest/&lt;&gt;c__DisplayClass8_0</FullName>
          <Methods>
            <Method visited="false" cyclomaticComplexity="1" nPathComplexity="0" sequenceCoverage="0" branchCoverage="0" crapScore="2" isConstructor="true" isStatic="false" isGetter="false" isSetter="false">
              <Summary numSequencePoints="0" visitedSequencePoints="0" numBranchPoints="0" visitedBranchPoints="0" sequenceCoverage="0" branchCoverage="0" maxCyclomaticComplexity="1" minCyclomaticComplexity="1" maxCrapScore="2" minCrapScore="2" visitedClasses="0" numClasses="0" visitedMethods="0" numMethods="0" />
              <MetadataToken>100663549</MetadataToken>
              <Name>System.Void Test.Paging.PhysicalLevel.Headers.FixedRecordPageNoOrderHeadersTest/&lt;&gt;c__DisplayClass8_0::.ctor()</Name>
              <SequencePoints />
              <BranchPoints />
              <MethodPoint vc="0" uspid="899" ordinal="0" offset="0" />
            </Method>
          </Methods>
        </Class>
        <Class>
          <Summary numSequencePoints="60" visitedSequencePoints="0" numBranchPoints="7" visitedBranchPoints="0" sequenceCoverage="0" branchCoverage="0" maxCyclomaticComplexity="1" minCyclomaticComplexity="1" maxCrapScore="2" minCrapScore="2" visitedClasses="0" numClasses="1" visitedMethods="0" numMethods="7" />
          <FullName>Test.Paging.PhysicalLevel.Headers.PageHeadersBaseTest</FullName>
          <Methods>
            <Method visited="false" cyclomaticComplexity="1" nPathComplexity="0" sequenceCoverage="0" branchCoverage="0" crapScore="2" isConstructor="false" isStatic="false" isGetter="false" isSetter="false">
              <Summary numSequencePoints="5" visitedSequencePoints="0" numBranchPoints="1" visitedBranchPoints="0" sequenceCoverage="0" branchCoverage="0" maxCyclomaticComplexity="1" minCyclomaticComplexity="1" maxCrapScore="2" minCrapScore="2" visitedClasses="0" numClasses="0" visitedMethods="0" numMethods="1" />
              <MetadataToken>100663438</MetadataToken>
              <Name>Test.Paging.PhysicalLevel.Headers.PageHeadersBaseTest/TestHeaders Test.Paging.PhysicalLevel.Headers.PageHeadersBaseTest::CreateHeaders(System.Int32)</Name>
              <FileRef uid="29" />
              <SequencePoints>
                <SequencePoint vc="0" uspid="900" ordinal="0" offset="13" sl="62" sc="9" el="62" ec="10" bec="0" bev="0" fileid="29" />
                <SequencePoint vc="0" uspid="901" ordinal="1" offset="14" sl="64" sc="13" el="64" ec="112" bec="0" bev="0" fileid="29" />
                <SequencePoint vc="0" uspid="902" ordinal="2" offset="37" sl="65" sc="13" el="65" ec="89" bec="0" bev="0" fileid="29" />
                <SequencePoint vc="0" uspid="903" ordinal="3" offset="144" sl="66" sc="13" el="66" ec="28" bec="0" bev="0" fileid="29" />
                <SequencePoint vc="0" uspid="904" ordinal="4" offset="153" sl="67" sc="9" el="67" ec="10" bec="0" bev="0" fileid="29" />
              </SequencePoints>
              <BranchPoints />
              <MethodPoint vc="0" uspid="905" ordinal="0" offset="0" />
            </Method>
            <Method visited="false" cyclomaticComplexity="1" nPathComplexity="0" sequenceCoverage="0" branchCoverage="0" crapScore="2" isConstructor="false" isStatic="false" isGetter="false" isSetter="false">
              <Summary numSequencePoints="9" visitedSequencePoints="0" numBranchPoints="1" visitedBranchPoints="0" sequenceCoverage="0" branchCoverage="0" maxCyclomaticComplexity="1" minCyclomaticComplexity="1" maxCrapScore="2" minCrapScore="2" visitedClasses="0" numClasses="0" visitedMethods="0" numMethods="1" />
              <MetadataToken>100663439</MetadataToken>
              <Name>System.Void Test.Paging.PhysicalLevel.Headers.PageHeadersBaseTest::MainRecordParameters()</Name>
              <FileRef uid="29" />
              <SequencePoints>
                <SequencePoint vc="0" uspid="906" ordinal="0" offset="6" sl="71" sc="9" el="71" ec="10" bec="0" bev="0" fileid="29" />
                <SequencePoint vc="0" uspid="907" ordinal="1" offset="7" sl="72" sc="13" el="72" ec="44" bec="0" bev="0" fileid="29" />
                <SequencePoint vc="0" uspid="908" ordinal="2" offset="20" sl="73" sc="13" el="77" ec="35" bec="0" bev="0" fileid="29" />
                <SequencePoint vc="0" uspid="909" ordinal="3" offset="117" sl="79" sc="13" el="79" ec="35" bec="0" bev="0" fileid="29" />
                <SequencePoint vc="0" uspid="910" ordinal="4" offset="129" sl="81" sc="13" el="81" ec="53" bec="0" bev="0" fileid="29" />
                <SequencePoint vc="0" uspid="911" ordinal="5" offset="147" sl="82" sc="13" el="82" ec="57" bec="0" bev="0" fileid="29" />
                <SequencePoint vc="0" uspid="912" ordinal="6" offset="167" sl="83" sc="13" el="83" ec="56" bec="0" bev="0" fileid="29" />
                <SequencePoint vc="0" uspid="913" ordinal="7" offset="187" sl="84" sc="13" el="84" ec="56" bec="0" bev="0" fileid="29" />
                <SequencePoint vc="0" uspid="914" ordinal="8" offset="207" sl="85" sc="9" el="85" ec="10" bec="0" bev="0" fileid="29" />
              </SequencePoints>
              <BranchPoints />
              <MethodPoint vc="0" uspid="915" ordinal="0" offset="0" />
            </Method>
            <Method visited="false" cyclomaticComplexity="1" nPathComplexity="0" sequenceCoverage="0" branchCoverage="0" crapScore="2" isConstructor="false" isStatic="false" isGetter="false" isSetter="false">
              <Summary numSequencePoints="6" visitedSequencePoints="0" numBranchPoints="1" visitedBranchPoints="0" sequenceCoverage="0" branchCoverage="0" maxCyclomaticComplexity="1" minCyclomaticComplexity="1" maxCrapScore="2" minCrapScore="2" visitedClasses="0" numClasses="0" visitedMethods="0" numMethods="1" />
              <MetadataToken>100663440</MetadataToken>
              <Name>System.Void Test.Paging.PhysicalLevel.Headers.PageHeadersBaseTest::CheckNonFreeRecordForFree()</Name>
              <FileRef uid="29" />
              <SequencePoints>
                <SequencePoint vc="0" uspid="916" ordinal="0" offset="6" sl="89" sc="9" el="89" ec="10" bec="0" bev="0" fileid="29" />
                <SequencePoint vc="0" uspid="917" ordinal="1" offset="7" sl="90" sc="13" el="90" ec="44" bec="0" bev="0" fileid="29" />
                <SequencePoint vc="0" uspid="918" ordinal="2" offset="20" sl="91" sc="13" el="95" ec="35" bec="0" bev="0" fileid="29" />
                <SequencePoint vc="0" uspid="919" ordinal="3" offset="117" sl="97" sc="13" el="97" ec="35" bec="0" bev="0" fileid="29" />
                <SequencePoint vc="0" uspid="920" ordinal="4" offset="129" sl="99" sc="13" el="99" ec="53" bec="0" bev="0" fileid="29" />
                <SequencePoint vc="0" uspid="921" ordinal="5" offset="147" sl="100" sc="9" el="100" ec="10" bec="0" bev="0" fileid="29" />
              </SequencePoints>
              <BranchPoints />
              <MethodPoint vc="0" uspid="922" ordinal="0" offset="0" />
            </Method>
            <Method visited="false" cyclomaticComplexity="1" nPathComplexity="0" sequenceCoverage="0" branchCoverage="0" crapScore="2" isConstructor="false" isStatic="false" isGetter="false" isSetter="false">
              <Summary numSequencePoints="6" visitedSequencePoints="0" numBranchPoints="1" visitedBranchPoints="0" sequenceCoverage="0" branchCoverage="0" maxCyclomaticComplexity="1" minCyclomaticComplexity="1" maxCrapScore="2" minCrapScore="2" visitedClasses="0" numClasses="0" visitedMethods="0" numMethods="1" />
              <MetadataToken>100663441</MetadataToken>
              <Name>System.Void Test.Paging.PhysicalLevel.Headers.PageHeadersBaseTest::CheckFreeRecordForFree()</Name>
              <FileRef uid="29" />
              <SequencePoints>
                <SequencePoint vc="0" uspid="923" ordinal="0" offset="6" sl="104" sc="9" el="104" ec="10" bec="0" bev="0" fileid="29" />
                <SequencePoint vc="0" uspid="924" ordinal="1" offset="7" sl="105" sc="13" el="105" ec="44" bec="0" bev="0" fileid="29" />
                <SequencePoint vc="0" uspid="925" ordinal="2" offset="20" sl="106" sc="13" el="110" ec="35" bec="0" bev="0" fileid="29" />
                <SequencePoint vc="0" uspid="926" ordinal="3" offset="114" sl="112" sc="13" el="112" ec="35" bec="0" bev="0" fileid="29" />
                <SequencePoint vc="0" uspid="927" ordinal="4" offset="126" sl="114" sc="13" el="114" ec="52" bec="0" bev="0" fileid="29" />
                <SequencePoint vc="0" uspid="928" ordinal="5" offset="144" sl="115" sc="9" el="115" ec="10" bec="0" bev="0" fileid="29" />
              </SequencePoints>
              <BranchPoints />
              <MethodPoint vc="0" uspid="929" ordinal="0" offset="0" />
            </Method>
            <Method visited="false" cyclomaticComplexity="1" nPathComplexity="0" sequenceCoverage="0" branchCoverage="0" crapScore="2" isConstructor="false" isStatic="false" isGetter="false" isSetter="false">
              <Summary numSequencePoints="11" visitedSequencePoints="0" numBranchPoints="1" visitedBranchPoints="0" sequenceCoverage="0" branchCoverage="0" maxCyclomaticComplexity="1" minCyclomaticComplexity="1" maxCrapScore="2" minCrapScore="2" visitedClasses="0" numClasses="0" visitedMethods="0" numMethods="1" />
              <MetadataToken>100663442</MetadataToken>
              <Name>System.Void Test.Paging.PhysicalLevel.Headers.PageHeadersBaseTest::FreeRecord()</Name>
              <FileRef uid="29" />
              <SequencePoints>
                <SequencePoint vc="0" uspid="930" ordinal="0" offset="6" sl="119" sc="9" el="119" ec="10" bec="0" bev="0" fileid="29" />
                <SequencePoint vc="0" uspid="931" ordinal="1" offset="7" sl="120" sc="13" el="120" ec="44" bec="0" bev="0" fileid="29" />
                <SequencePoint vc="0" uspid="932" ordinal="2" offset="20" sl="121" sc="13" el="125" ec="35" bec="0" bev="0" fileid="29" />
                <SequencePoint vc="0" uspid="933" ordinal="3" offset="116" sl="128" sc="13" el="128" ec="35" bec="0" bev="0" fileid="29" />
                <SequencePoint vc="0" uspid="934" ordinal="4" offset="128" sl="130" sc="13" el="130" ec="35" bec="0" bev="0" fileid="29" />
                <SequencePoint vc="0" uspid="935" ordinal="5" offset="141" sl="131" sc="13" el="131" ec="71" bec="0" bev="0" fileid="29" />
                <SequencePoint vc="0" uspid="936" ordinal="6" offset="243" sl="132" sc="13" el="132" ec="53" bec="0" bev="0" fileid="29" />
                <SequencePoint vc="0" uspid="937" ordinal="7" offset="261" sl="133" sc="13" el="133" ec="57" bec="0" bev="0" fileid="29" />
                <SequencePoint vc="0" uspid="938" ordinal="8" offset="281" sl="134" sc="13" el="134" ec="56" bec="0" bev="0" fileid="29" />
                <SequencePoint vc="0" uspid="939" ordinal="9" offset="301" sl="135" sc="13" el="135" ec="55" bec="0" bev="0" fileid="29" />
                <SequencePoint vc="0" uspid="940" ordinal="10" offset="320" sl="136" sc="9" el="136" ec="10" bec="0" bev="0" fileid="29" />
              </SequencePoints>
              <BranchPoints />
              <MethodPoint vc="0" uspid="941" ordinal="0" offset="0" />
            </Method>
            <Method visited="false" cyclomaticComplexity="1" nPathComplexity="0" sequenceCoverage="0" branchCoverage="0" crapScore="2" isConstructor="false" isStatic="false" isGetter="false" isSetter="false">
              <Summary numSequencePoints="12" visitedSequencePoints="0" numBranchPoints="1" visitedBranchPoints="0" sequenceCoverage="0" branchCoverage="0" maxCyclomaticComplexity="1" minCyclomaticComplexity="1" maxCrapScore="2" minCrapScore="2" visitedClasses="0" numClasses="0" visitedMethods="0" numMethods="1" />
              <MetadataToken>100663443</MetadataToken>
              <Name>System.Void Test.Paging.PhysicalLevel.Headers.PageHeadersBaseTest::UseRecord()</Name>
              <FileRef uid="29" />
              <SequencePoints>
                <SequencePoint vc="0" uspid="942" ordinal="0" offset="6" sl="140" sc="9" el="140" ec="10" bec="0" bev="0" fileid="29" />
                <SequencePoint vc="0" uspid="943" ordinal="1" offset="7" sl="141" sc="13" el="141" ec="44" bec="0" bev="0" fileid="29" />
                <SequencePoint vc="0" uspid="944" ordinal="2" offset="20" sl="142" sc="13" el="146" ec="35" bec="0" bev="0" fileid="29" />
                <SequencePoint vc="0" uspid="945" ordinal="3" offset="114" sl="147" sc="13" el="147" ec="78" bec="0" bev="0" fileid="29" />
                <SequencePoint vc="0" uspid="946" ordinal="4" offset="266" sl="149" sc="13" el="149" ec="35" bec="0" bev="0" fileid="29" />
                <SequencePoint vc="0" uspid="947" ordinal="5" offset="278" sl="151" sc="13" el="151" ec="58" bec="0" bev="0" fileid="29" />
                <SequencePoint vc="0" uspid="948" ordinal="6" offset="293" sl="153" sc="13" el="153" ec="43" bec="0" bev="0" fileid="29" />
                <SequencePoint vc="0" uspid="949" ordinal="7" offset="301" sl="154" sc="13" el="154" ec="53" bec="0" bev="0" fileid="29" />
                <SequencePoint vc="0" uspid="950" ordinal="8" offset="319" sl="155" sc="13" el="155" ec="56" bec="0" bev="0" fileid="29" />
                <SequencePoint vc="0" uspid="951" ordinal="9" offset="338" sl="156" sc="13" el="156" ec="56" bec="0" bev="0" fileid="29" />
                <SequencePoint vc="0" uspid="952" ordinal="10" offset="358" sl="157" sc="13" el="157" ec="55" bec="0" bev="0" fileid="29" />
                <SequencePoint vc="0" uspid="953" ordinal="11" offset="377" sl="159" sc="9" el="159" ec="10" bec="0" bev="0" fileid="29" />
              </SequencePoints>
              <BranchPoints />
              <MethodPoint vc="0" uspid="954" ordinal="0" offset="0" />
            </Method>
            <Method visited="false" cyclomaticComplexity="1" nPathComplexity="0" sequenceCoverage="0" branchCoverage="0" crapScore="2" isConstructor="false" isStatic="false" isGetter="false" isSetter="false">
              <Summary numSequencePoints="11" visitedSequencePoints="0" numBranchPoints="1" visitedBranchPoints="0" sequenceCoverage="0" branchCoverage="0" maxCyclomaticComplexity="1" minCyclomaticComplexity="1" maxCrapScore="2" minCrapScore="2" visitedClasses="0" numClasses="0" visitedMethods="0" numMethods="1" />
              <MetadataToken>100663444</MetadataToken>
              <Name>System.Void Test.Paging.PhysicalLevel.Headers.PageHeadersBaseTest::UseRecord_WhenThereIsNoFree()</Name>
              <FileRef uid="29" />
              <SequencePoints>
                <SequencePoint vc="0" uspid="955" ordinal="0" offset="6" sl="163" sc="9" el="163" ec="10" bec="0" bev="0" fileid="29" />
                <SequencePoint vc="0" uspid="956" ordinal="1" offset="7" sl="164" sc="13" el="164" ec="44" bec="0" bev="0" fileid="29" />
                <SequencePoint vc="0" uspid="957" ordinal="2" offset="20" sl="165" sc="13" el="169" ec="35" bec="0" bev="0" fileid="29" />
                <SequencePoint vc="0" uspid="958" ordinal="3" offset="116" sl="171" sc="13" el="171" ec="35" bec="0" bev="0" fileid="29" />
                <SequencePoint vc="0" uspid="959" ordinal="4" offset="128" sl="172" sc="13" el="172" ec="58" bec="0" bev="0" fileid="29" />
                <SequencePoint vc="0" uspid="960" ordinal="5" offset="143" sl="174" sc="13" el="174" ec="44" bec="0" bev="0" fileid="29" />
                <SequencePoint vc="0" uspid="961" ordinal="6" offset="151" sl="175" sc="13" el="175" ec="53" bec="0" bev="0" fileid="29" />
                <SequencePoint vc="0" uspid="962" ordinal="7" offset="169" sl="176" sc="13" el="176" ec="57" bec="0" bev="0" fileid="29" />
                <SequencePoint vc="0" uspid="963" ordinal="8" offset="189" sl="177" sc="13" el="177" ec="56" bec="0" bev="0" fileid="29" />
                <SequencePoint vc="0" uspid="964" ordinal="9" offset="209" sl="178" sc="13" el="178" ec="55" bec="0" bev="0" fileid="29" />
                <SequencePoint vc="0" uspid="965" ordinal="10" offset="228" sl="180" sc="9" el="180" ec="10" bec="0" bev="0" fileid="29" />
              </SequencePoints>
              <BranchPoints />
              <MethodPoint vc="0" uspid="966" ordinal="0" offset="0" />
            </Method>
            <Method visited="false" cyclomaticComplexity="1" nPathComplexity="0" sequenceCoverage="0" branchCoverage="0" crapScore="2" isConstructor="true" isStatic="false" isGetter="false" isSetter="false">
              <Summary numSequencePoints="0" visitedSequencePoints="0" numBranchPoints="0" visitedBranchPoints="0" sequenceCoverage="0" branchCoverage="0" maxCyclomaticComplexity="1" minCyclomaticComplexity="1" maxCrapScore="2" minCrapScore="2" visitedClasses="0" numClasses="0" visitedMethods="0" numMethods="0" />
              <MetadataToken>100663445</MetadataToken>
              <Name>System.Void Test.Paging.PhysicalLevel.Headers.PageHeadersBaseTest::.ctor()</Name>
              <SequencePoints />
              <BranchPoints />
              <MethodPoint vc="0" uspid="967" ordinal="0" offset="0" />
            </Method>
          </Methods>
        </Class>
        <Class>
          <Summary numSequencePoints="27" visitedSequencePoints="0" numBranchPoints="12" visitedBranchPoints="0" sequenceCoverage="0" branchCoverage="0" maxCyclomaticComplexity="3" minCyclomaticComplexity="1" maxCrapScore="12" minCrapScore="2" visitedClasses="0" numClasses="1" visitedMethods="0" numMethods="8" />
          <FullName>Test.Paging.PhysicalLevel.Headers.PageHeadersBaseTest/TestHeaders</FullName>
          <Methods>
            <Method visited="false" cyclomaticComplexity="1" nPathComplexity="0" sequenceCoverage="0" branchCoverage="0" crapScore="2" isConstructor="false" isStatic="false" isGetter="true" isSetter="false">
              <Summary numSequencePoints="1" visitedSequencePoints="0" numBranchPoints="1" visitedBranchPoints="0" sequenceCoverage="0" branchCoverage="0" maxCyclomaticComplexity="1" minCyclomaticComplexity="1" maxCrapScore="2" minCrapScore="2" visitedClasses="0" numClasses="0" visitedMethods="0" numMethods="1" />
              <MetadataToken>100663552</MetadataToken>
              <Name>System.Int32[] Test.Paging.PhysicalLevel.Headers.PageHeadersBaseTest/TestHeaders::get_RecordInfo()</Name>
              <FileRef uid="29" />
              <SequencePoints>
                <SequencePoint vc="0" uspid="968" ordinal="0" offset="0" sl="26" sc="58" el="26" ec="62" bec="0" bev="0" fileid="29" />
              </SequencePoints>
              <BranchPoints />
              <MethodPoint xsi:type="SequencePoint" vc="0" uspid="968" ordinal="0" offset="0" sl="26" sc="58" el="26" ec="62" bec="0" bev="0" fileid="29" />
            </Method>
            <Method visited="false" cyclomaticComplexity="1" nPathComplexity="0" sequenceCoverage="0" branchCoverage="0" crapScore="2" isConstructor="false" isStatic="false" isGetter="true" isSetter="false">
              <Summary numSequencePoints="1" visitedSequencePoints="0" numBranchPoints="1" visitedBranchPoints="0" sequenceCoverage="0" branchCoverage="0" maxCyclomaticComplexity="1" minCyclomaticComplexity="1" maxCrapScore="2" minCrapScore="2" visitedClasses="0" numClasses="0" visitedMethods="0" numMethods="1" />
              <MetadataToken>100663554</MetadataToken>
              <Name>System.Int32 Test.Paging.PhysicalLevel.Headers.PageHeadersBaseTest/TestHeaders::get_HeaderOverheadSize()</Name>
              <FileRef uid="29" />
              <SequencePoints>
                <SequencePoint vc="0" uspid="969" ordinal="0" offset="0" sl="39" sc="65" el="39" ec="66" bec="0" bev="0" fileid="29" />
              </SequencePoints>
              <BranchPoints />
              <MethodPoint xsi:type="SequencePoint" vc="0" uspid="969" ordinal="0" offset="0" sl="39" sc="65" el="39" ec="66" bec="0" bev="0" fileid="29" />
            </Method>
            <Method visited="false" cyclomaticComplexity="1" nPathComplexity="0" sequenceCoverage="0" branchCoverage="0" crapScore="2" isConstructor="true" isStatic="false" isGetter="false" isSetter="false">
              <Summary numSequencePoints="4" visitedSequencePoints="0" numBranchPoints="1" visitedBranchPoints="0" sequenceCoverage="0" branchCoverage="0" maxCyclomaticComplexity="1" minCyclomaticComplexity="1" maxCrapScore="2" minCrapScore="2" visitedClasses="0" numClasses="0" visitedMethods="0" numMethods="1" />
              <MetadataToken>100663550</MetadataToken>
              <Name>System.Void Test.Paging.PhysicalLevel.Headers.PageHeadersBaseTest/TestHeaders::.ctor(System.Int32)</Name>
              <FileRef uid="29" />
              <SequencePoints>
                <SequencePoint vc="0" uspid="970" ordinal="0" offset="0" sl="19" sc="57" el="19" ec="63" bec="0" bev="0" fileid="29" />
                <SequencePoint vc="0" uspid="971" ordinal="1" offset="7" sl="20" sc="13" el="20" ec="14" bec="0" bev="0" fileid="29" />
                <SequencePoint vc="0" uspid="972" ordinal="2" offset="8" sl="21" sc="17" el="21" ec="54" bec="0" bev="0" fileid="29" />
                <SequencePoint vc="0" uspid="973" ordinal="3" offset="20" sl="22" sc="13" el="22" ec="14" bec="0" bev="0" fileid="29" />
              </SequencePoints>
              <BranchPoints />
              <MethodPoint xsi:type="SequencePoint" vc="0" uspid="970" ordinal="0" offset="0" sl="19" sc="57" el="19" ec="63" bec="0" bev="0" fileid="29" />
            </Method>
            <Method visited="false" cyclomaticComplexity="3" nPathComplexity="4" sequenceCoverage="0" branchCoverage="0" crapScore="12" isConstructor="false" isStatic="false" isGetter="false" isSetter="false">
              <Summary numSequencePoints="11" visitedSequencePoints="0" numBranchPoints="5" visitedBranchPoints="0" sequenceCoverage="0" branchCoverage="0" maxCyclomaticComplexity="3" minCyclomaticComplexity="3" maxCrapScore="12" minCrapScore="12" visitedClasses="0" numClasses="0" visitedMethods="0" numMethods="1" />
              <MetadataToken>100663553</MetadataToken>
              <Name>System.Void Test.Paging.PhysicalLevel.Headers.PageHeadersBaseTest/TestHeaders::FillHeaders()</Name>
              <FileRef uid="29" />
              <SequencePoints>
                <SequencePoint vc="0" uspid="974" ordinal="0" offset="0" sl="29" sc="13" el="29" ec="14" bec="0" bev="0" fileid="29" />
                <SequencePoint vc="0" uspid="975" ordinal="1" offset="1" sl="30" sc="17" el="30" ec="43" bec="0" bev="0" fileid="29" />
                <SequencePoint vc="0" uspid="976" ordinal="2" offset="8" sl="31" sc="17" el="31" ec="113" bec="0" bev="0" fileid="29" />
                <SequencePoint vc="0" uspid="977" ordinal="3" offset="32" sl="32" sc="17" el="32" ec="71" bec="2" bev="0" fileid="29" />
                <SequencePoint vc="0" uspid="978" ordinal="4" offset="77" sl="33" sc="22" el="33" ec="31" bec="0" bev="0" fileid="29" />
                <SequencePoint vc="0" uspid="979" ordinal="5" offset="81" sl="34" sc="17" el="34" ec="18" bec="0" bev="0" fileid="29" />
                <SequencePoint vc="0" uspid="980" ordinal="6" offset="82" sl="35" sc="21" el="35" ec="42" bec="0" bev="0" fileid="29" />
                <SequencePoint vc="0" uspid="981" ordinal="7" offset="93" sl="36" sc="17" el="36" ec="18" bec="0" bev="0" fileid="29" />
                <SequencePoint vc="0" uspid="982" ordinal="8" offset="94" sl="33" sc="56" el="33" ec="59" bec="0" bev="0" fileid="29" />
                <SequencePoint vc="0" uspid="983" ordinal="9" offset="98" sl="33" sc="33" el="33" ec="54" bec="2" bev="0" fileid="29" />
                <SequencePoint vc="0" uspid="984" ordinal="10" offset="113" sl="37" sc="13" el="37" ec="14" bec="0" bev="0" fileid="29" />
              </SequencePoints>
              <BranchPoints>
                <BranchPoint vc="0" uspid="985" ordinal="0" offset="40" sl="32" path="0" offsetend="42" fileid="29" />
                <BranchPoint vc="0" uspid="986" ordinal="1" offset="40" sl="32" path="1" offsetend="65" fileid="29" />
                <BranchPoint vc="0" uspid="987" ordinal="2" offset="111" sl="33" path="0" offsetend="113" fileid="29" />
                <BranchPoint vc="0" uspid="988" ordinal="3" offset="111" sl="33" path="1" offsetend="81" fileid="29" />
              </BranchPoints>
              <MethodPoint xsi:type="SequencePoint" vc="0" uspid="974" ordinal="0" offset="0" sl="29" sc="13" el="29" ec="14" bec="0" bev="0" fileid="29" />
            </Method>
            <Method visited="false" cyclomaticComplexity="1" nPathComplexity="0" sequenceCoverage="0" branchCoverage="0" crapScore="2" isConstructor="false" isStatic="false" isGetter="false" isSetter="false">
              <Summary numSequencePoints="3" visitedSequencePoints="0" numBranchPoints="1" visitedBranchPoints="0" sequenceCoverage="0" branchCoverage="0" maxCyclomaticComplexity="1" minCyclomaticComplexity="1" maxCrapScore="2" minCrapScore="2" visitedClasses="0" numClasses="0" visitedMethods="0" numMethods="1" />
              <MetadataToken>100663555</MetadataToken>
              <Name>System.Collections.Generic.IEnumerable`1&lt;System.Int32&gt; Test.Paging.PhysicalLevel.Headers.PageHeadersBaseTest/TestHeaders::PossibleRecordsToInsert()</Name>
              <FileRef uid="29" />
              <SequencePoints>
                <SequencePoint vc="0" uspid="989" ordinal="0" offset="0" sl="42" sc="13" el="42" ec="14" bec="0" bev="0" fileid="29" />
                <SequencePoint vc="0" uspid="990" ordinal="1" offset="1" sl="43" sc="17" el="43" ec="63" bec="0" bev="0" fileid="29" />
                <SequencePoint vc="0" uspid="991" ordinal="2" offset="18" sl="44" sc="13" el="44" ec="14" bec="0" bev="0" fileid="29" />
              </SequencePoints>
              <BranchPoints />
              <MethodPoint xsi:type="SequencePoint" vc="0" uspid="989" ordinal="0" offset="0" sl="42" sc="13" el="42" ec="14" bec="0" bev="0" fileid="29" />
            </Method>
            <Method visited="false" cyclomaticComplexity="1" nPathComplexity="0" sequenceCoverage="0" branchCoverage="0" crapScore="2" isConstructor="false" isStatic="false" isGetter="false" isSetter="false">
              <Summary numSequencePoints="3" visitedSequencePoints="0" numBranchPoints="1" visitedBranchPoints="0" sequenceCoverage="0" branchCoverage="0" maxCyclomaticComplexity="1" minCyclomaticComplexity="1" maxCrapScore="2" minCrapScore="2" visitedClasses="0" numClasses="0" visitedMethods="0" numMethods="1" />
              <MetadataToken>100663556</MetadataToken>
              <Name>System.Void Test.Paging.PhysicalLevel.Headers.PageHeadersBaseTest/TestHeaders::SetFree(System.UInt16)</Name>
              <FileRef uid="29" />
              <SequencePoints>
                <SequencePoint vc="0" uspid="992" ordinal="0" offset="0" sl="47" sc="13" el="47" ec="14" bec="0" bev="0" fileid="29" />
                <SequencePoint vc="0" uspid="993" ordinal="1" offset="1" sl="48" sc="17" el="48" ec="37" bec="0" bev="0" fileid="29" />
                <SequencePoint vc="0" uspid="994" ordinal="2" offset="9" sl="49" sc="13" el="49" ec="14" bec="0" bev="0" fileid="29" />
              </SequencePoints>
              <BranchPoints />
              <MethodPoint xsi:type="SequencePoint" vc="0" uspid="992" ordinal="0" offset="0" sl="47" sc="13" el="47" ec="14" bec="0" bev="0" fileid="29" />
            </Method>
            <Method visited="false" cyclomaticComplexity="1" nPathComplexity="0" sequenceCoverage="0" branchCoverage="0" crapScore="2" isConstructor="false" isStatic="false" isGetter="false" isSetter="false">
              <Summary numSequencePoints="3" visitedSequencePoints="0" numBranchPoints="1" visitedBranchPoints="0" sequenceCoverage="0" branchCoverage="0" maxCyclomaticComplexity="1" minCyclomaticComplexity="1" maxCrapScore="2" minCrapScore="2" visitedClasses="0" numClasses="0" visitedMethods="0" numMethods="1" />
              <MetadataToken>100663557</MetadataToken>
              <Name>System.UInt16 Test.Paging.PhysicalLevel.Headers.PageHeadersBaseTest/TestHeaders::SetUsed(System.UInt16,System.UInt16,System.Byte)</Name>
              <FileRef uid="29" />
              <SequencePoints>
                <SequencePoint vc="0" uspid="995" ordinal="0" offset="0" sl="52" sc="13" el="52" ec="14" bec="0" bev="0" fileid="29" />
                <SequencePoint vc="0" uspid="996" ordinal="1" offset="1" sl="53" sc="17" el="53" ec="56" bec="0" bev="0" fileid="29" />
                <SequencePoint vc="0" uspid="997" ordinal="2" offset="13" sl="54" sc="13" el="54" ec="14" bec="0" bev="0" fileid="29" />
              </SequencePoints>
              <BranchPoints />
              <MethodPoint xsi:type="SequencePoint" vc="0" uspid="995" ordinal="0" offset="0" sl="52" sc="13" el="52" ec="14" bec="0" bev="0" fileid="29" />
            </Method>
            <Method visited="false" cyclomaticComplexity="1" nPathComplexity="0" sequenceCoverage="0" branchCoverage="0" crapScore="2" isConstructor="false" isStatic="false" isGetter="false" isSetter="false">
              <Summary numSequencePoints="1" visitedSequencePoints="0" numBranchPoints="1" visitedBranchPoints="0" sequenceCoverage="0" branchCoverage="0" maxCyclomaticComplexity="1" minCyclomaticComplexity="1" maxCrapScore="2" minCrapScore="2" visitedClasses="0" numClasses="0" visitedMethods="0" numMethods="1" />
              <MetadataToken>100663560</MetadataToken>
              <Name>System.Int32 Test.Paging.PhysicalLevel.Headers.PageHeadersBaseTest/TestHeaders::&lt;FillHeaders&gt;b__5_0(System.Tuple`3&lt;System.Int32,System.Int32,System.Int32&gt;)</Name>
              <FileRef uid="29" />
              <SequencePoints>
                <SequencePoint vc="0" uspid="998" ordinal="0" offset="0" sl="31" sc="39" el="31" ec="101" bec="0" bev="0" fileid="29" />
              </SequencePoints>
              <BranchPoints />
              <MethodPoint xsi:type="SequencePoint" vc="0" uspid="998" ordinal="0" offset="0" sl="31" sc="39" el="31" ec="101" bec="0" bev="0" fileid="29" />
            </Method>
          </Methods>
        </Class>
        <Class>
          <Summary numSequencePoints="1" visitedSequencePoints="0" numBranchPoints="1" visitedBranchPoints="0" sequenceCoverage="0" branchCoverage="0" maxCyclomaticComplexity="1" minCyclomaticComplexity="1" maxCrapScore="2" minCrapScore="2" visitedClasses="0" numClasses="1" visitedMethods="0" numMethods="1" />
          <FullName>Test.Paging.PhysicalLevel.Headers.PageHeadersBaseTest/TestHeaders/&lt;&gt;c</FullName>
          <Methods>
            <Method visited="false" cyclomaticComplexity="1" nPathComplexity="0" sequenceCoverage="0" branchCoverage="0" crapScore="2" isConstructor="true" isStatic="true" isGetter="false" isSetter="false">
              <Summary numSequencePoints="0" visitedSequencePoints="0" numBranchPoints="0" visitedBranchPoints="0" sequenceCoverage="0" branchCoverage="0" maxCyclomaticComplexity="1" minCyclomaticComplexity="1" maxCrapScore="2" minCrapScore="2" visitedClasses="0" numClasses="0" visitedMethods="0" numMethods="0" />
              <MetadataToken>100663629</MetadataToken>
              <Name>System.Void Test.Paging.PhysicalLevel.Headers.PageHeadersBaseTest/TestHeaders/&lt;&gt;c::.cctor()</Name>
              <SequencePoints />
              <BranchPoints />
              <MethodPoint vc="0" uspid="999" ordinal="0" offset="0" />
            </Method>
            <Method visited="false" cyclomaticComplexity="1" nPathComplexity="0" sequenceCoverage="0" branchCoverage="0" crapScore="2" isConstructor="true" isStatic="false" isGetter="false" isSetter="false">
              <Summary numSequencePoints="0" visitedSequencePoints="0" numBranchPoints="0" visitedBranchPoints="0" sequenceCoverage="0" branchCoverage="0" maxCyclomaticComplexity="1" minCyclomaticComplexity="1" maxCrapScore="2" minCrapScore="2" visitedClasses="0" numClasses="0" visitedMethods="0" numMethods="0" />
              <MetadataToken>100663630</MetadataToken>
              <Name>System.Void Test.Paging.PhysicalLevel.Headers.PageHeadersBaseTest/TestHeaders/&lt;&gt;c::.ctor()</Name>
              <SequencePoints />
              <BranchPoints />
              <MethodPoint vc="0" uspid="1000" ordinal="0" offset="0" />
            </Method>
            <Method visited="false" cyclomaticComplexity="1" nPathComplexity="0" sequenceCoverage="0" branchCoverage="0" crapScore="2" isConstructor="false" isStatic="false" isGetter="false" isSetter="false">
              <Summary numSequencePoints="1" visitedSequencePoints="0" numBranchPoints="1" visitedBranchPoints="0" sequenceCoverage="0" branchCoverage="0" maxCyclomaticComplexity="1" minCyclomaticComplexity="1" maxCrapScore="2" minCrapScore="2" visitedClasses="0" numClasses="0" visitedMethods="0" numMethods="1" />
              <MetadataToken>100663631</MetadataToken>
              <Name>System.Boolean Test.Paging.PhysicalLevel.Headers.PageHeadersBaseTest/TestHeaders/&lt;&gt;c::&lt;FillHeaders&gt;b__5_1(System.Tuple`3&lt;System.Int32,System.Int32,System.Int32&gt;)</Name>
              <FileRef uid="29" />
              <SequencePoints>
                <SequencePoint vc="0" uspid="1001" ordinal="0" offset="0" sl="32" sc="57" el="32" ec="69" bec="0" bev="0" fileid="29" />
              </SequencePoints>
              <BranchPoints />
              <MethodPoint xsi:type="SequencePoint" vc="0" uspid="1001" ordinal="0" offset="0" sl="32" sc="57" el="32" ec="69" bec="0" bev="0" fileid="29" />
            </Method>
          </Methods>
        </Class>
        <Class>
          <Summary numSequencePoints="1" visitedSequencePoints="0" numBranchPoints="1" visitedBranchPoints="0" sequenceCoverage="0" branchCoverage="0" maxCyclomaticComplexity="1" minCyclomaticComplexity="1" maxCrapScore="2" minCrapScore="2" visitedClasses="0" numClasses="1" visitedMethods="0" numMethods="1" />
          <FullName>Test.Paging.PhysicalLevel.Headers.PageHeadersBaseTest/&lt;&gt;c__DisplayClass1_0</FullName>
          <Methods>
            <Method visited="false" cyclomaticComplexity="1" nPathComplexity="0" sequenceCoverage="0" branchCoverage="0" crapScore="2" isConstructor="true" isStatic="false" isGetter="false" isSetter="false">
              <Summary numSequencePoints="0" visitedSequencePoints="0" numBranchPoints="0" visitedBranchPoints="0" sequenceCoverage="0" branchCoverage="0" maxCyclomaticComplexity="1" minCyclomaticComplexity="1" maxCrapScore="2" minCrapScore="2" visitedClasses="0" numClasses="0" visitedMethods="0" numMethods="0" />
              <MetadataToken>100663561</MetadataToken>
              <Name>System.Void Test.Paging.PhysicalLevel.Headers.PageHeadersBaseTest/&lt;&gt;c__DisplayClass1_0::.ctor()</Name>
              <SequencePoints />
              <BranchPoints />
              <MethodPoint vc="0" uspid="1002" ordinal="0" offset="0" />
            </Method>
            <Method visited="false" cyclomaticComplexity="1" nPathComplexity="0" sequenceCoverage="0" branchCoverage="0" crapScore="2" isConstructor="false" isStatic="false" isGetter="false" isSetter="false">
              <Summary numSequencePoints="1" visitedSequencePoints="0" numBranchPoints="1" visitedBranchPoints="0" sequenceCoverage="0" branchCoverage="0" maxCyclomaticComplexity="1" minCyclomaticComplexity="1" maxCrapScore="2" minCrapScore="2" visitedClasses="0" numClasses="0" visitedMethods="0" numMethods="1" />
              <MetadataToken>100663562</MetadataToken>
              <Name>System.Void Test.Paging.PhysicalLevel.Headers.PageHeadersBaseTest/&lt;&gt;c__DisplayClass1_0::&lt;CreateHeaders&gt;b__0(FakeItEasy.Creation.IFakeOptions`1&lt;Test.Paging.PhysicalLevel.Headers.PageHeadersBaseTest/TestHeaders&gt;)</Name>
              <FileRef uid="29" />
              <SequencePoints>
                <SequencePoint vc="0" uspid="1003" ordinal="0" offset="0" sl="64" sc="52" el="64" ec="110" bec="0" bev="0" fileid="29" />
              </SequencePoints>
              <BranchPoints />
              <MethodPoint xsi:type="SequencePoint" vc="0" uspid="1003" ordinal="0" offset="0" sl="64" sc="52" el="64" ec="110" bec="0" bev="0" fileid="29" />
            </Method>
          </Methods>
        </Class>
        <Class>
          <Summary numSequencePoints="0" visitedSequencePoints="0" numBranchPoints="0" visitedBranchPoints="0" sequenceCoverage="0" branchCoverage="0" maxCyclomaticComplexity="1" minCyclomaticComplexity="1" maxCrapScore="2" minCrapScore="2" visitedClasses="0" numClasses="0" visitedMethods="0" numMethods="0" />
          <FullName>Test.Paging.PhysicalLevel.Headers.PageHeadersBaseTest/&lt;&gt;c__DisplayClass2_0</FullName>
          <Methods>
            <Method visited="false" cyclomaticComplexity="1" nPathComplexity="0" sequenceCoverage="0" branchCoverage="0" crapScore="2" isConstructor="true" isStatic="false" isGetter="false" isSetter="false">
              <Summary numSequencePoints="0" visitedSequencePoints="0" numBranchPoints="0" visitedBranchPoints="0" sequenceCoverage="0" branchCoverage="0" maxCyclomaticComplexity="1" minCyclomaticComplexity="1" maxCrapScore="2" minCrapScore="2" visitedClasses="0" numClasses="0" visitedMethods="0" numMethods="0" />
              <MetadataToken>100663563</MetadataToken>
              <Name>System.Void Test.Paging.PhysicalLevel.Headers.PageHeadersBaseTest/&lt;&gt;c__DisplayClass2_0::.ctor()</Name>
              <SequencePoints />
              <BranchPoints />
              <MethodPoint vc="0" uspid="1004" ordinal="0" offset="0" />
            </Method>
          </Methods>
        </Class>
        <Class>
          <Summary numSequencePoints="0" visitedSequencePoints="0" numBranchPoints="0" visitedBranchPoints="0" sequenceCoverage="0" branchCoverage="0" maxCyclomaticComplexity="1" minCyclomaticComplexity="1" maxCrapScore="2" minCrapScore="2" visitedClasses="0" numClasses="0" visitedMethods="0" numMethods="0" />
          <FullName>Test.Paging.PhysicalLevel.Headers.PageHeadersBaseTest/&lt;&gt;c__DisplayClass3_0</FullName>
          <Methods>
            <Method visited="false" cyclomaticComplexity="1" nPathComplexity="0" sequenceCoverage="0" branchCoverage="0" crapScore="2" isConstructor="true" isStatic="false" isGetter="false" isSetter="false">
              <Summary numSequencePoints="0" visitedSequencePoints="0" numBranchPoints="0" visitedBranchPoints="0" sequenceCoverage="0" branchCoverage="0" maxCyclomaticComplexity="1" minCyclomaticComplexity="1" maxCrapScore="2" minCrapScore="2" visitedClasses="0" numClasses="0" visitedMethods="0" numMethods="0" />
              <MetadataToken>100663564</MetadataToken>
              <Name>System.Void Test.Paging.PhysicalLevel.Headers.PageHeadersBaseTest/&lt;&gt;c__DisplayClass3_0::.ctor()</Name>
              <SequencePoints />
              <BranchPoints />
              <MethodPoint vc="0" uspid="1005" ordinal="0" offset="0" />
            </Method>
          </Methods>
        </Class>
        <Class>
          <Summary numSequencePoints="0" visitedSequencePoints="0" numBranchPoints="0" visitedBranchPoints="0" sequenceCoverage="0" branchCoverage="0" maxCyclomaticComplexity="1" minCyclomaticComplexity="1" maxCrapScore="2" minCrapScore="2" visitedClasses="0" numClasses="0" visitedMethods="0" numMethods="0" />
          <FullName>Test.Paging.PhysicalLevel.Headers.PageHeadersBaseTest/&lt;&gt;c__DisplayClass4_0</FullName>
          <Methods>
            <Method visited="false" cyclomaticComplexity="1" nPathComplexity="0" sequenceCoverage="0" branchCoverage="0" crapScore="2" isConstructor="true" isStatic="false" isGetter="false" isSetter="false">
              <Summary numSequencePoints="0" visitedSequencePoints="0" numBranchPoints="0" visitedBranchPoints="0" sequenceCoverage="0" branchCoverage="0" maxCyclomaticComplexity="1" minCyclomaticComplexity="1" maxCrapScore="2" minCrapScore="2" visitedClasses="0" numClasses="0" visitedMethods="0" numMethods="0" />
              <MetadataToken>100663565</MetadataToken>
              <Name>System.Void Test.Paging.PhysicalLevel.Headers.PageHeadersBaseTest/&lt;&gt;c__DisplayClass4_0::.ctor()</Name>
              <SequencePoints />
              <BranchPoints />
              <MethodPoint vc="0" uspid="1006" ordinal="0" offset="0" />
            </Method>
          </Methods>
        </Class>
        <Class>
          <Summary numSequencePoints="0" visitedSequencePoints="0" numBranchPoints="0" visitedBranchPoints="0" sequenceCoverage="0" branchCoverage="0" maxCyclomaticComplexity="1" minCyclomaticComplexity="1" maxCrapScore="2" minCrapScore="2" visitedClasses="0" numClasses="0" visitedMethods="0" numMethods="0" />
          <FullName>Test.Paging.PhysicalLevel.Headers.PageHeadersBaseTest/&lt;&gt;c__DisplayClass5_0</FullName>
          <Methods>
            <Method visited="false" cyclomaticComplexity="1" nPathComplexity="0" sequenceCoverage="0" branchCoverage="0" crapScore="2" isConstructor="true" isStatic="false" isGetter="false" isSetter="false">
              <Summary numSequencePoints="0" visitedSequencePoints="0" numBranchPoints="0" visitedBranchPoints="0" sequenceCoverage="0" branchCoverage="0" maxCyclomaticComplexity="1" minCyclomaticComplexity="1" maxCrapScore="2" minCrapScore="2" visitedClasses="0" numClasses="0" visitedMethods="0" numMethods="0" />
              <MetadataToken>100663566</MetadataToken>
              <Name>System.Void Test.Paging.PhysicalLevel.Headers.PageHeadersBaseTest/&lt;&gt;c__DisplayClass5_0::.ctor()</Name>
              <SequencePoints />
              <BranchPoints />
              <MethodPoint vc="0" uspid="1007" ordinal="0" offset="0" />
            </Method>
          </Methods>
        </Class>
        <Class>
          <Summary numSequencePoints="0" visitedSequencePoints="0" numBranchPoints="0" visitedBranchPoints="0" sequenceCoverage="0" branchCoverage="0" maxCyclomaticComplexity="1" minCyclomaticComplexity="1" maxCrapScore="2" minCrapScore="2" visitedClasses="0" numClasses="0" visitedMethods="0" numMethods="0" />
          <FullName>Test.Paging.PhysicalLevel.Headers.PageHeadersBaseTest/&lt;&gt;c__DisplayClass6_0</FullName>
          <Methods>
            <Method visited="false" cyclomaticComplexity="1" nPathComplexity="0" sequenceCoverage="0" branchCoverage="0" crapScore="2" isConstructor="true" isStatic="false" isGetter="false" isSetter="false">
              <Summary numSequencePoints="0" visitedSequencePoints="0" numBranchPoints="0" visitedBranchPoints="0" sequenceCoverage="0" branchCoverage="0" maxCyclomaticComplexity="1" minCyclomaticComplexity="1" maxCrapScore="2" minCrapScore="2" visitedClasses="0" numClasses="0" visitedMethods="0" numMethods="0" />
              <MetadataToken>100663567</MetadataToken>
              <Name>System.Void Test.Paging.PhysicalLevel.Headers.PageHeadersBaseTest/&lt;&gt;c__DisplayClass6_0::.ctor()</Name>
              <SequencePoints />
              <BranchPoints />
              <MethodPoint vc="0" uspid="1008" ordinal="0" offset="0" />
            </Method>
          </Methods>
        </Class>
        <Class>
          <Summary numSequencePoints="0" visitedSequencePoints="0" numBranchPoints="0" visitedBranchPoints="0" sequenceCoverage="0" branchCoverage="0" maxCyclomaticComplexity="1" minCyclomaticComplexity="1" maxCrapScore="2" minCrapScore="2" visitedClasses="0" numClasses="0" visitedMethods="0" numMethods="0" />
          <FullName>Test.Paging.PhysicalLevel.Headers.PageHeadersBaseTest/&lt;&gt;c__DisplayClass7_0</FullName>
          <Methods>
            <Method visited="false" cyclomaticComplexity="1" nPathComplexity="0" sequenceCoverage="0" branchCoverage="0" crapScore="2" isConstructor="true" isStatic="false" isGetter="false" isSetter="false">
              <Summary numSequencePoints="0" visitedSequencePoints="0" numBranchPoints="0" visitedBranchPoints="0" sequenceCoverage="0" branchCoverage="0" maxCyclomaticComplexity="1" minCyclomaticComplexity="1" maxCrapScore="2" minCrapScore="2" visitedClasses="0" numClasses="0" visitedMethods="0" numMethods="0" />
              <MetadataToken>100663568</MetadataToken>
              <Name>System.Void Test.Paging.PhysicalLevel.Headers.PageHeadersBaseTest/&lt;&gt;c__DisplayClass7_0::.ctor()</Name>
              <SequencePoints />
              <BranchPoints />
              <MethodPoint vc="0" uspid="1009" ordinal="0" offset="0" />
            </Method>
          </Methods>
        </Class>
        <Class>
          <Summary numSequencePoints="67" visitedSequencePoints="0" numBranchPoints="12" visitedBranchPoints="0" sequenceCoverage="0" branchCoverage="0" maxCyclomaticComplexity="1" minCyclomaticComplexity="1" maxCrapScore="2" minCrapScore="2" visitedClasses="0" numClasses="1" visitedMethods="0" numMethods="12" />
          <FullName>Test.Paging.PhysicalLevel.Headers.VariableRecordPageHeadersTest</FullName>
          <Methods>
            <Method visited="false" cyclomaticComplexity="1" nPathComplexity="0" sequenceCoverage="0" branchCoverage="0" crapScore="2" isConstructor="false" isStatic="false" isGetter="true" isSetter="false">
              <Summary numSequencePoints="1" visitedSequencePoints="0" numBranchPoints="1" visitedBranchPoints="0" sequenceCoverage="0" branchCoverage="0" maxCyclomaticComplexity="1" minCyclomaticComplexity="1" maxCrapScore="2" minCrapScore="2" visitedClasses="0" numClasses="0" visitedMethods="0" numMethods="1" />
              <MetadataToken>100663446</MetadataToken>
              <Name>Microsoft.VisualStudio.TestTools.UnitTesting.TestContext Test.Paging.PhysicalLevel.Headers.VariableRecordPageHeadersTest::get_TestContext()</Name>
              <FileRef uid="33" />
              <SequencePoints>
                <SequencePoint vc="0" uspid="1010" ordinal="0" offset="0" sl="13" sc="42" el="13" ec="46" bec="0" bev="0" fileid="33" />
              </SequencePoints>
              <BranchPoints />
              <MethodPoint xsi:type="SequencePoint" vc="0" uspid="1010" ordinal="0" offset="0" sl="13" sc="42" el="13" ec="46" bec="0" bev="0" fileid="33" />
            </Method>
            <Method visited="false" cyclomaticComplexity="1" nPathComplexity="0" sequenceCoverage="0" branchCoverage="0" crapScore="2" isConstructor="false" isStatic="false" isGetter="false" isSetter="true">
              <Summary numSequencePoints="1" visitedSequencePoints="0" numBranchPoints="1" visitedBranchPoints="0" sequenceCoverage="0" branchCoverage="0" maxCyclomaticComplexity="1" minCyclomaticComplexity="1" maxCrapScore="2" minCrapScore="2" visitedClasses="0" numClasses="0" visitedMethods="0" numMethods="1" />
              <MetadataToken>100663447</MetadataToken>
              <Name>System.Void Test.Paging.PhysicalLevel.Headers.VariableRecordPageHeadersTest::set_TestContext(Microsoft.VisualStudio.TestTools.UnitTesting.TestContext)</Name>
              <FileRef uid="33" />
              <SequencePoints>
                <SequencePoint vc="0" uspid="1011" ordinal="0" offset="0" sl="13" sc="47" el="13" ec="51" bec="0" bev="0" fileid="33" />
              </SequencePoints>
              <BranchPoints />
              <MethodPoint xsi:type="SequencePoint" vc="0" uspid="1011" ordinal="0" offset="0" sl="13" sc="47" el="13" ec="51" bec="0" bev="0" fileid="33" />
            </Method>
            <Method visited="false" cyclomaticComplexity="1" nPathComplexity="0" sequenceCoverage="0" branchCoverage="0" crapScore="2" isConstructor="false" isStatic="false" isGetter="true" isSetter="false">
              <Summary numSequencePoints="1" visitedSequencePoints="0" numBranchPoints="1" visitedBranchPoints="0" sequenceCoverage="0" branchCoverage="0" maxCyclomaticComplexity="1" minCyclomaticComplexity="1" maxCrapScore="2" minCrapScore="2" visitedClasses="0" numClasses="0" visitedMethods="0" numMethods="1" />
              <MetadataToken>100663449</MetadataToken>
              <Name>System.IO.Paging.PhysicalLevel.Contracts.Internal.IPageAccessor Test.Paging.PhysicalLevel.Headers.VariableRecordPageHeadersTest::get_Page()</Name>
              <FileRef uid="33" />
              <SequencePoints>
                <SequencePoint vc="0" uspid="1012" ordinal="0" offset="0" sl="29" sc="39" el="29" ec="86" bec="0" bev="0" fileid="33" />
              </SequencePoints>
              <BranchPoints />
              <MethodPoint xsi:type="SequencePoint" vc="0" uspid="1012" ordinal="0" offset="0" sl="29" sc="39" el="29" ec="86" bec="0" bev="0" fileid="33" />
            </Method>
            <Method visited="false" cyclomaticComplexity="1" nPathComplexity="0" sequenceCoverage="0" branchCoverage="0" crapScore="2" isConstructor="false" isStatic="false" isGetter="false" isSetter="false">
              <Summary numSequencePoints="8" visitedSequencePoints="0" numBranchPoints="1" visitedBranchPoints="0" sequenceCoverage="0" branchCoverage="0" maxCyclomaticComplexity="1" minCyclomaticComplexity="1" maxCrapScore="2" minCrapScore="2" visitedClasses="0" numClasses="0" visitedMethods="0" numMethods="1" />
              <MetadataToken>100663448</MetadataToken>
              <Name>System.IO.Paging.PhysicalLevel.Contracts.Internal.IPageHeaders Test.Paging.PhysicalLevel.Headers.VariableRecordPageHeadersTest::Create(System.Byte[])</Name>
              <FileRef uid="33" />
              <SequencePoints>
                <SequencePoint vc="0" uspid="1013" ordinal="0" offset="13" sl="16" sc="9" el="16" ec="10" bec="0" bev="0" fileid="33" />
                <SequencePoint vc="0" uspid="1014" ordinal="1" offset="14" sl="19" sc="13" el="19" ec="45" bec="0" bev="0" fileid="33" />
                <SequencePoint vc="0" uspid="1015" ordinal="2" offset="25" sl="21" sc="13" el="21" ec="74" bec="0" bev="0" fileid="33" />
                <SequencePoint vc="0" uspid="1016" ordinal="3" offset="172" sl="22" sc="13" el="22" ec="61" bec="0" bev="0" fileid="33" />
                <SequencePoint vc="0" uspid="1017" ordinal="4" offset="252" sl="24" sc="13" el="24" ec="54" bec="0" bev="0" fileid="33" />
                <SequencePoint vc="0" uspid="1018" ordinal="5" offset="264" sl="25" sc="13" el="25" ec="51" bec="0" bev="0" fileid="33" />
                <SequencePoint vc="0" uspid="1019" ordinal="6" offset="292" sl="27" sc="13" el="27" ec="22" bec="0" bev="0" fileid="33" />
                <SequencePoint vc="0" uspid="1020" ordinal="7" offset="296" sl="28" sc="9" el="28" ec="10" bec="0" bev="0" fileid="33" />
              </SequencePoints>
              <BranchPoints />
              <MethodPoint vc="0" uspid="1021" ordinal="0" offset="0" />
            </Method>
            <Method visited="false" cyclomaticComplexity="1" nPathComplexity="0" sequenceCoverage="0" branchCoverage="0" crapScore="2" isConstructor="false" isStatic="false" isGetter="false" isSetter="false">
              <Summary numSequencePoints="6" visitedSequencePoints="0" numBranchPoints="1" visitedBranchPoints="0" sequenceCoverage="0" branchCoverage="0" maxCyclomaticComplexity="1" minCyclomaticComplexity="1" maxCrapScore="2" minCrapScore="2" visitedClasses="0" numClasses="0" visitedMethods="0" numMethods="1" />
              <MetadataToken>100663450</MetadataToken>
              <Name>System.Void Test.Paging.PhysicalLevel.Headers.VariableRecordPageHeadersTest::FreePage_ThatNotFree()</Name>
              <FileRef uid="33" />
              <SequencePoints>
                <SequencePoint vc="0" uspid="1022" ordinal="0" offset="0" sl="33" sc="9" el="33" ec="10" bec="0" bev="0" fileid="33" />
                <SequencePoint vc="0" uspid="1023" ordinal="1" offset="1" sl="34" sc="13" el="34" ec="75" bec="0" bev="0" fileid="33" />
                <SequencePoint vc="0" uspid="1024" ordinal="2" offset="17" sl="35" sc="13" el="35" ec="47" bec="0" bev="0" fileid="33" />
                <SequencePoint vc="0" uspid="1025" ordinal="3" offset="25" sl="37" sc="13" el="37" ec="35" bec="0" bev="0" fileid="33" />
                <SequencePoint vc="0" uspid="1026" ordinal="4" offset="33" sl="38" sc="13" el="38" ec="123" bec="0" bev="0" fileid="33" />
                <SequencePoint vc="0" uspid="1027" ordinal="5" offset="271" sl="39" sc="9" el="39" ec="10" bec="0" bev="0" fileid="33" />
              </SequencePoints>
              <BranchPoints />
              <MethodPoint xsi:type="SequencePoint" vc="0" uspid="1022" ordinal="0" offset="0" sl="33" sc="9" el="33" ec="10" bec="0" bev="0" fileid="33" />
            </Method>
            <Method visited="false" cyclomaticComplexity="1" nPathComplexity="0" sequenceCoverage="0" branchCoverage="0" crapScore="2" isConstructor="false" isStatic="false" isGetter="false" isSetter="false">
              <Summary numSequencePoints="5" visitedSequencePoints="0" numBranchPoints="1" visitedBranchPoints="0" sequenceCoverage="0" branchCoverage="0" maxCyclomaticComplexity="1" minCyclomaticComplexity="1" maxCrapScore="2" minCrapScore="2" visitedClasses="0" numClasses="0" visitedMethods="0" numMethods="1" />
              <MetadataToken>100663451</MetadataToken>
              <Name>System.Void Test.Paging.PhysicalLevel.Headers.VariableRecordPageHeadersTest::FreePage_ThatIsFree()</Name>
              <FileRef uid="33" />
              <SequencePoints>
                <SequencePoint vc="0" uspid="1028" ordinal="0" offset="0" sl="43" sc="9" el="43" ec="10" bec="0" bev="0" fileid="33" />
                <SequencePoint vc="0" uspid="1029" ordinal="1" offset="1" sl="44" sc="13" el="44" ec="69" bec="0" bev="0" fileid="33" />
                <SequencePoint vc="0" uspid="1030" ordinal="2" offset="8" sl="45" sc="13" el="45" ec="47" bec="0" bev="0" fileid="33" />
                <SequencePoint vc="0" uspid="1031" ordinal="3" offset="16" sl="49" sc="13" el="49" ec="35" bec="0" bev="0" fileid="33" />
                <SequencePoint vc="0" uspid="1032" ordinal="4" offset="24" sl="51" sc="9" el="51" ec="10" bec="0" bev="0" fileid="33" />
              </SequencePoints>
              <BranchPoints />
              <MethodPoint xsi:type="SequencePoint" vc="0" uspid="1028" ordinal="0" offset="0" sl="43" sc="9" el="43" ec="10" bec="0" bev="0" fileid="33" />
            </Method>
            <Method visited="false" cyclomaticComplexity="1" nPathComplexity="0" sequenceCoverage="0" branchCoverage="0" crapScore="2" isConstructor="false" isStatic="false" isGetter="false" isSetter="false">
              <Summary numSequencePoints="9" visitedSequencePoints="0" numBranchPoints="1" visitedBranchPoints="0" sequenceCoverage="0" branchCoverage="0" maxCyclomaticComplexity="1" minCyclomaticComplexity="1" maxCrapScore="2" minCrapScore="2" visitedClasses="0" numClasses="0" visitedMethods="0" numMethods="1" />
              <MetadataToken>100663452</MetadataToken>
              <Name>System.Void Test.Paging.PhysicalLevel.Headers.VariableRecordPageHeadersTest::AcquirePage_WhenAvailable()</Name>
              <FileRef uid="33" />
              <SequencePoints>
                <SequencePoint vc="0" uspid="1033" ordinal="0" offset="0" sl="56" sc="9" el="56" ec="10" bec="0" bev="0" fileid="33" />
                <SequencePoint vc="0" uspid="1034" ordinal="1" offset="1" sl="57" sc="13" el="57" ec="99" bec="0" bev="0" fileid="33" />
                <SequencePoint vc="0" uspid="1035" ordinal="2" offset="18" sl="58" sc="13" el="58" ec="47" bec="0" bev="0" fileid="33" />
                <SequencePoint vc="0" uspid="1036" ordinal="3" offset="26" sl="59" sc="13" el="59" ec="51" bec="0" bev="0" fileid="33" />
                <SequencePoint vc="0" uspid="1037" ordinal="4" offset="35" sl="61" sc="13" el="61" ec="132" bec="0" bev="0" fileid="33" />
                <SequencePoint vc="0" uspid="1038" ordinal="5" offset="298" sl="63" sc="13" el="63" ec="37" bec="0" bev="0" fileid="33" />
                <SequencePoint vc="0" uspid="1039" ordinal="6" offset="306" sl="64" sc="13" el="64" ec="56" bec="0" bev="0" fileid="33" />
                <SequencePoint vc="0" uspid="1040" ordinal="7" offset="320" sl="65" sc="13" el="65" ec="55" bec="0" bev="0" fileid="33" />
                <SequencePoint vc="0" uspid="1041" ordinal="8" offset="334" sl="67" sc="9" el="67" ec="10" bec="0" bev="0" fileid="33" />
              </SequencePoints>
              <BranchPoints />
              <MethodPoint xsi:type="SequencePoint" vc="0" uspid="1033" ordinal="0" offset="0" sl="56" sc="9" el="56" ec="10" bec="0" bev="0" fileid="33" />
            </Method>
            <Method visited="false" cyclomaticComplexity="1" nPathComplexity="0" sequenceCoverage="0" branchCoverage="0" crapScore="2" isConstructor="false" isStatic="false" isGetter="false" isSetter="false">
              <Summary numSequencePoints="6" visitedSequencePoints="0" numBranchPoints="1" visitedBranchPoints="0" sequenceCoverage="0" branchCoverage="0" maxCyclomaticComplexity="1" minCyclomaticComplexity="1" maxCrapScore="2" minCrapScore="2" visitedClasses="0" numClasses="0" visitedMethods="0" numMethods="1" />
              <MetadataToken>100663453</MetadataToken>
              <Name>System.Void Test.Paging.PhysicalLevel.Headers.VariableRecordPageHeadersTest::AcquirePage_WhenNotAvailable()</Name>
              <FileRef uid="33" />
              <SequencePoints>
                <SequencePoint vc="0" uspid="1042" ordinal="0" offset="0" sl="72" sc="9" el="72" ec="10" bec="0" bev="0" fileid="33" />
                <SequencePoint vc="0" uspid="1043" ordinal="1" offset="1" sl="73" sc="13" el="73" ec="105" bec="0" bev="0" fileid="33" />
                <SequencePoint vc="0" uspid="1044" ordinal="2" offset="20" sl="74" sc="13" el="74" ec="47" bec="0" bev="0" fileid="33" />
                <SequencePoint vc="0" uspid="1045" ordinal="3" offset="28" sl="76" sc="13" el="76" ec="51" bec="0" bev="0" fileid="33" />
                <SequencePoint vc="0" uspid="1046" ordinal="4" offset="37" sl="77" sc="13" el="77" ec="38" bec="0" bev="0" fileid="33" />
                <SequencePoint vc="0" uspid="1047" ordinal="5" offset="45" sl="79" sc="9" el="79" ec="10" bec="0" bev="0" fileid="33" />
              </SequencePoints>
              <BranchPoints />
              <MethodPoint xsi:type="SequencePoint" vc="0" uspid="1042" ordinal="0" offset="0" sl="72" sc="9" el="72" ec="10" bec="0" bev="0" fileid="33" />
            </Method>
            <Method visited="false" cyclomaticComplexity="1" nPathComplexity="0" sequenceCoverage="0" branchCoverage="0" crapScore="2" isConstructor="false" isStatic="false" isGetter="false" isSetter="false">
              <Summary numSequencePoints="6" visitedSequencePoints="0" numBranchPoints="1" visitedBranchPoints="0" sequenceCoverage="0" branchCoverage="0" maxCyclomaticComplexity="1" minCyclomaticComplexity="1" maxCrapScore="2" minCrapScore="2" visitedClasses="0" numClasses="0" visitedMethods="0" numMethods="1" />
              <MetadataToken>100663454</MetadataToken>
              <Name>System.Void Test.Paging.PhysicalLevel.Headers.VariableRecordPageHeadersTest::AcquirePage_WhenSizeIsnotEnough()</Name>
              <FileRef uid="33" />
              <SequencePoints>
                <SequencePoint vc="0" uspid="1048" ordinal="0" offset="0" sl="83" sc="9" el="83" ec="10" bec="0" bev="0" fileid="33" />
                <SequencePoint vc="0" uspid="1049" ordinal="1" offset="1" sl="84" sc="13" el="84" ec="114" bec="0" bev="0" fileid="33" />
                <SequencePoint vc="0" uspid="1050" ordinal="2" offset="20" sl="85" sc="13" el="85" ec="47" bec="0" bev="0" fileid="33" />
                <SequencePoint vc="0" uspid="1051" ordinal="3" offset="28" sl="87" sc="13" el="87" ec="51" bec="0" bev="0" fileid="33" />
                <SequencePoint vc="0" uspid="1052" ordinal="4" offset="37" sl="88" sc="13" el="88" ec="38" bec="0" bev="0" fileid="33" />
                <SequencePoint vc="0" uspid="1053" ordinal="5" offset="45" sl="90" sc="9" el="90" ec="10" bec="0" bev="0" fileid="33" />
              </SequencePoints>
              <BranchPoints />
              <MethodPoint xsi:type="SequencePoint" vc="0" uspid="1048" ordinal="0" offset="0" sl="83" sc="9" el="83" ec="10" bec="0" bev="0" fileid="33" />
            </Method>
            <Method visited="false" cyclomaticComplexity="1" nPathComplexity="0" sequenceCoverage="0" branchCoverage="0" crapScore="2" isConstructor="false" isStatic="false" isGetter="false" isSetter="false">
              <Summary numSequencePoints="6" visitedSequencePoints="0" numBranchPoints="1" visitedBranchPoints="0" sequenceCoverage="0" branchCoverage="0" maxCyclomaticComplexity="1" minCyclomaticComplexity="1" maxCrapScore="2" minCrapScore="2" visitedClasses="0" numClasses="0" visitedMethods="0" numMethods="1" />
              <MetadataToken>100663455</MetadataToken>
              <Name>System.Void Test.Paging.PhysicalLevel.Headers.VariableRecordPageHeadersTest::IsPageFree_ThatNotFree()</Name>
              <FileRef uid="33" />
              <SequencePoints>
                <SequencePoint vc="0" uspid="1054" ordinal="0" offset="0" sl="95" sc="9" el="95" ec="10" bec="0" bev="0" fileid="33" />
                <SequencePoint vc="0" uspid="1055" ordinal="1" offset="1" sl="96" sc="13" el="96" ec="75" bec="0" bev="0" fileid="33" />
                <SequencePoint vc="0" uspid="1056" ordinal="2" offset="17" sl="97" sc="13" el="97" ec="47" bec="0" bev="0" fileid="33" />
                <SequencePoint vc="0" uspid="1057" ordinal="3" offset="25" sl="99" sc="13" el="99" ec="50" bec="0" bev="0" fileid="33" />
                <SequencePoint vc="0" uspid="1058" ordinal="4" offset="33" sl="101" sc="13" el="101" ec="36" bec="0" bev="0" fileid="33" />
                <SequencePoint vc="0" uspid="1059" ordinal="5" offset="40" sl="102" sc="9" el="102" ec="10" bec="0" bev="0" fileid="33" />
              </SequencePoints>
              <BranchPoints />
              <MethodPoint xsi:type="SequencePoint" vc="0" uspid="1054" ordinal="0" offset="0" sl="95" sc="9" el="95" ec="10" bec="0" bev="0" fileid="33" />
            </Method>
            <Method visited="false" cyclomaticComplexity="1" nPathComplexity="0" sequenceCoverage="0" branchCoverage="0" crapScore="2" isConstructor="false" isStatic="false" isGetter="false" isSetter="false">
              <Summary numSequencePoints="6" visitedSequencePoints="0" numBranchPoints="1" visitedBranchPoints="0" sequenceCoverage="0" branchCoverage="0" maxCyclomaticComplexity="1" minCyclomaticComplexity="1" maxCrapScore="2" minCrapScore="2" visitedClasses="0" numClasses="0" visitedMethods="0" numMethods="1" />
              <MetadataToken>100663456</MetadataToken>
              <Name>System.Void Test.Paging.PhysicalLevel.Headers.VariableRecordPageHeadersTest::IsPageFree_ThatIsFree()</Name>
              <FileRef uid="33" />
              <SequencePoints>
                <SequencePoint vc="0" uspid="1060" ordinal="0" offset="0" sl="106" sc="9" el="106" ec="10" bec="0" bev="0" fileid="33" />
                <SequencePoint vc="0" uspid="1061" ordinal="1" offset="1" sl="107" sc="13" el="107" ec="69" bec="0" bev="0" fileid="33" />
                <SequencePoint vc="0" uspid="1062" ordinal="2" offset="8" sl="108" sc="13" el="108" ec="47" bec="0" bev="0" fileid="33" />
                <SequencePoint vc="0" uspid="1063" ordinal="3" offset="16" sl="110" sc="13" el="110" ec="50" bec="0" bev="0" fileid="33" />
                <SequencePoint vc="0" uspid="1064" ordinal="4" offset="24" sl="112" sc="13" el="112" ec="43" bec="0" bev="0" fileid="33" />
                <SequencePoint vc="0" uspid="1065" ordinal="5" offset="32" sl="113" sc="9" el="113" ec="10" bec="0" bev="0" fileid="33" />
              </SequencePoints>
              <BranchPoints />
              <MethodPoint xsi:type="SequencePoint" vc="0" uspid="1060" ordinal="0" offset="0" sl="106" sc="9" el="106" ec="10" bec="0" bev="0" fileid="33" />
            </Method>
            <Method visited="false" cyclomaticComplexity="1" nPathComplexity="0" sequenceCoverage="0" branchCoverage="0" crapScore="2" isConstructor="false" isStatic="false" isGetter="false" isSetter="false">
              <Summary numSequencePoints="12" visitedSequencePoints="0" numBranchPoints="1" visitedBranchPoints="0" sequenceCoverage="0" branchCoverage="0" maxCyclomaticComplexity="1" minCyclomaticComplexity="1" maxCrapScore="2" minCrapScore="2" visitedClasses="0" numClasses="0" visitedMethods="0" numMethods="1" />
              <MetadataToken>100663457</MetadataToken>
              <Name>System.Void Test.Paging.PhysicalLevel.Headers.VariableRecordPageHeadersTest::InitialRead()</Name>
              <FileRef uid="33" />
              <SequencePoints>
                <SequencePoint vc="0" uspid="1066" ordinal="0" offset="0" sl="118" sc="9" el="118" ec="10" bec="0" bev="0" fileid="33" />
                <SequencePoint vc="0" uspid="1067" ordinal="1" offset="1" sl="119" sc="13" el="119" ec="87" bec="0" bev="0" fileid="33" />
                <SequencePoint vc="0" uspid="1068" ordinal="2" offset="20" sl="120" sc="13" el="120" ec="47" bec="0" bev="0" fileid="33" />
                <SequencePoint vc="0" uspid="1069" ordinal="3" offset="28" sl="124" sc="13" el="124" ec="56" bec="0" bev="0" fileid="33" />
                <SequencePoint vc="0" uspid="1070" ordinal="4" offset="42" sl="125" sc="13" el="125" ec="55" bec="0" bev="0" fileid="33" />
                <SequencePoint vc="0" uspid="1071" ordinal="5" offset="56" sl="126" sc="13" el="126" ec="55" bec="0" bev="0" fileid="33" />
                <SequencePoint vc="0" uspid="1072" ordinal="6" offset="70" sl="127" sc="13" el="127" ec="56" bec="0" bev="0" fileid="33" />
                <SequencePoint vc="0" uspid="1073" ordinal="7" offset="84" sl="128" sc="13" el="128" ec="55" bec="0" bev="0" fileid="33" />
                <SequencePoint vc="0" uspid="1074" ordinal="8" offset="98" sl="129" sc="13" el="129" ec="55" bec="0" bev="0" fileid="33" />
                <SequencePoint vc="0" uspid="1075" ordinal="9" offset="112" sl="131" sc="13" el="131" ec="53" bec="0" bev="0" fileid="33" />
                <SequencePoint vc="0" uspid="1076" ordinal="10" offset="125" sl="132" sc="13" el="132" ec="55" bec="0" bev="0" fileid="33" />
                <SequencePoint vc="0" uspid="1077" ordinal="11" offset="139" sl="133" sc="9" el="133" ec="10" bec="0" bev="0" fileid="33" />
              </SequencePoints>
              <BranchPoints />
              <MethodPoint xsi:type="SequencePoint" vc="0" uspid="1066" ordinal="0" offset="0" sl="118" sc="9" el="118" ec="10" bec="0" bev="0" fileid="33" />
            </Method>
            <Method visited="false" cyclomaticComplexity="1" nPathComplexity="0" sequenceCoverage="0" branchCoverage="0" crapScore="2" isConstructor="true" isStatic="false" isGetter="false" isSetter="false">
              <Summary numSequencePoints="0" visitedSequencePoints="0" numBranchPoints="0" visitedBranchPoints="0" sequenceCoverage="0" branchCoverage="0" maxCyclomaticComplexity="1" minCyclomaticComplexity="1" maxCrapScore="2" minCrapScore="2" visitedClasses="0" numClasses="0" visitedMethods="0" numMethods="0" />
              <MetadataToken>100663458</MetadataToken>
              <Name>System.Void Test.Paging.PhysicalLevel.Headers.VariableRecordPageHeadersTest::.ctor()</Name>
              <SequencePoints />
              <BranchPoints />
              <MethodPoint vc="0" uspid="1078" ordinal="0" offset="0" />
            </Method>
          </Methods>
        </Class>
        <Class>
          <Summary numSequencePoints="0" visitedSequencePoints="0" numBranchPoints="0" visitedBranchPoints="0" sequenceCoverage="0" branchCoverage="0" maxCyclomaticComplexity="1" minCyclomaticComplexity="1" maxCrapScore="2" minCrapScore="2" visitedClasses="0" numClasses="0" visitedMethods="0" numMethods="0" />
          <FullName>Test.Paging.PhysicalLevel.Headers.VariableRecordPageHeadersTest/&lt;&gt;c__DisplayClass4_0</FullName>
          <Methods>
            <Method visited="false" cyclomaticComplexity="1" nPathComplexity="0" sequenceCoverage="0" branchCoverage="0" crapScore="2" isConstructor="true" isStatic="false" isGetter="false" isSetter="false">
              <Summary numSequencePoints="0" visitedSequencePoints="0" numBranchPoints="0" visitedBranchPoints="0" sequenceCoverage="0" branchCoverage="0" maxCyclomaticComplexity="1" minCyclomaticComplexity="1" maxCrapScore="2" minCrapScore="2" visitedClasses="0" numClasses="0" visitedMethods="0" numMethods="0" />
              <MetadataToken>100663569</MetadataToken>
              <Name>System.Void Test.Paging.PhysicalLevel.Headers.VariableRecordPageHeadersTest/&lt;&gt;c__DisplayClass4_0::.ctor()</Name>
              <SequencePoints />
              <BranchPoints />
              <MethodPoint vc="0" uspid="1079" ordinal="0" offset="0" />
            </Method>
          </Methods>
        </Class>
        <Class>
          <Summary numSequencePoints="78" visitedSequencePoints="0" numBranchPoints="13" visitedBranchPoints="0" sequenceCoverage="0" branchCoverage="0" maxCyclomaticComplexity="1" minCyclomaticComplexity="1" maxCrapScore="2" minCrapScore="2" visitedClasses="0" numClasses="1" visitedMethods="0" numMethods="13" />
          <FullName>Test.Paging.PhysicalLevel.Headers.VariableRecordPageHeadersTestWithSlotInfo</FullName>
          <Methods>
            <Method visited="false" cyclomaticComplexity="1" nPathComplexity="0" sequenceCoverage="0" branchCoverage="0" crapScore="2" isConstructor="false" isStatic="false" isGetter="true" isSetter="false">
              <Summary numSequencePoints="1" visitedSequencePoints="0" numBranchPoints="1" visitedBranchPoints="0" sequenceCoverage="0" branchCoverage="0" maxCyclomaticComplexity="1" minCyclomaticComplexity="1" maxCrapScore="2" minCrapScore="2" visitedClasses="0" numClasses="0" visitedMethods="0" numMethods="1" />
              <MetadataToken>100663459</MetadataToken>
              <Name>Microsoft.VisualStudio.TestTools.UnitTesting.TestContext Test.Paging.PhysicalLevel.Headers.VariableRecordPageHeadersTestWithSlotInfo::get_TestContext()</Name>
              <FileRef uid="34" />
              <SequencePoints>
                <SequencePoint vc="0" uspid="1080" ordinal="0" offset="0" sl="13" sc="42" el="13" ec="46" bec="0" bev="0" fileid="34" />
              </SequencePoints>
              <BranchPoints />
              <MethodPoint xsi:type="SequencePoint" vc="0" uspid="1080" ordinal="0" offset="0" sl="13" sc="42" el="13" ec="46" bec="0" bev="0" fileid="34" />
            </Method>
            <Method visited="false" cyclomaticComplexity="1" nPathComplexity="0" sequenceCoverage="0" branchCoverage="0" crapScore="2" isConstructor="false" isStatic="false" isGetter="false" isSetter="true">
              <Summary numSequencePoints="1" visitedSequencePoints="0" numBranchPoints="1" visitedBranchPoints="0" sequenceCoverage="0" branchCoverage="0" maxCyclomaticComplexity="1" minCyclomaticComplexity="1" maxCrapScore="2" minCrapScore="2" visitedClasses="0" numClasses="0" visitedMethods="0" numMethods="1" />
              <MetadataToken>100663460</MetadataToken>
              <Name>System.Void Test.Paging.PhysicalLevel.Headers.VariableRecordPageHeadersTestWithSlotInfo::set_TestContext(Microsoft.VisualStudio.TestTools.UnitTesting.TestContext)</Name>
              <FileRef uid="34" />
              <SequencePoints>
                <SequencePoint vc="0" uspid="1081" ordinal="0" offset="0" sl="13" sc="47" el="13" ec="51" bec="0" bev="0" fileid="34" />
              </SequencePoints>
              <BranchPoints />
              <MethodPoint xsi:type="SequencePoint" vc="0" uspid="1081" ordinal="0" offset="0" sl="13" sc="47" el="13" ec="51" bec="0" bev="0" fileid="34" />
            </Method>
            <Method visited="false" cyclomaticComplexity="1" nPathComplexity="0" sequenceCoverage="0" branchCoverage="0" crapScore="2" isConstructor="false" isStatic="false" isGetter="true" isSetter="false">
              <Summary numSequencePoints="1" visitedSequencePoints="0" numBranchPoints="1" visitedBranchPoints="0" sequenceCoverage="0" branchCoverage="0" maxCyclomaticComplexity="1" minCyclomaticComplexity="1" maxCrapScore="2" minCrapScore="2" visitedClasses="0" numClasses="0" visitedMethods="0" numMethods="1" />
              <MetadataToken>100663462</MetadataToken>
              <Name>System.IO.Paging.PhysicalLevel.Contracts.Internal.IPageAccessor Test.Paging.PhysicalLevel.Headers.VariableRecordPageHeadersTestWithSlotInfo::get_Page()</Name>
              <FileRef uid="34" />
              <SequencePoints>
                <SequencePoint vc="0" uspid="1082" ordinal="0" offset="0" sl="25" sc="39" el="25" ec="86" bec="0" bev="0" fileid="34" />
              </SequencePoints>
              <BranchPoints />
              <MethodPoint xsi:type="SequencePoint" vc="0" uspid="1082" ordinal="0" offset="0" sl="25" sc="39" el="25" ec="86" bec="0" bev="0" fileid="34" />
            </Method>
            <Method visited="false" cyclomaticComplexity="1" nPathComplexity="0" sequenceCoverage="0" branchCoverage="0" crapScore="2" isConstructor="false" isStatic="false" isGetter="false" isSetter="false">
              <Summary numSequencePoints="8" visitedSequencePoints="0" numBranchPoints="1" visitedBranchPoints="0" sequenceCoverage="0" branchCoverage="0" maxCyclomaticComplexity="1" minCyclomaticComplexity="1" maxCrapScore="2" minCrapScore="2" visitedClasses="0" numClasses="0" visitedMethods="0" numMethods="1" />
              <MetadataToken>100663461</MetadataToken>
              <Name>System.IO.Paging.PhysicalLevel.Contracts.Internal.IPageHeaders Test.Paging.PhysicalLevel.Headers.VariableRecordPageHeadersTestWithSlotInfo::Create(System.Byte[])</Name>
              <FileRef uid="34" />
              <SequencePoints>
                <SequencePoint vc="0" uspid="1083" ordinal="0" offset="13" sl="16" sc="9" el="16" ec="10" bec="0" bev="0" fileid="34" />
                <SequencePoint vc="0" uspid="1084" ordinal="1" offset="14" sl="17" sc="13" el="17" ec="45" bec="0" bev="0" fileid="34" />
                <SequencePoint vc="0" uspid="1085" ordinal="2" offset="25" sl="18" sc="13" el="18" ec="74" bec="0" bev="0" fileid="34" />
                <SequencePoint vc="0" uspid="1086" ordinal="3" offset="172" sl="19" sc="13" el="19" ec="61" bec="0" bev="0" fileid="34" />
                <SequencePoint vc="0" uspid="1087" ordinal="4" offset="252" sl="21" sc="13" el="21" ec="66" bec="0" bev="0" fileid="34" />
                <SequencePoint vc="0" uspid="1088" ordinal="5" offset="264" sl="22" sc="13" el="22" ec="51" bec="0" bev="0" fileid="34" />
                <SequencePoint vc="0" uspid="1089" ordinal="6" offset="292" sl="23" sc="13" el="23" ec="22" bec="0" bev="0" fileid="34" />
                <SequencePoint vc="0" uspid="1090" ordinal="7" offset="296" sl="24" sc="9" el="24" ec="10" bec="0" bev="0" fileid="34" />
              </SequencePoints>
              <BranchPoints />
              <MethodPoint vc="0" uspid="1091" ordinal="0" offset="0" />
            </Method>
            <Method visited="false" cyclomaticComplexity="1" nPathComplexity="0" sequenceCoverage="0" branchCoverage="0" crapScore="2" isConstructor="false" isStatic="false" isGetter="false" isSetter="false">
              <Summary numSequencePoints="6" visitedSequencePoints="0" numBranchPoints="1" visitedBranchPoints="0" sequenceCoverage="0" branchCoverage="0" maxCyclomaticComplexity="1" minCyclomaticComplexity="1" maxCrapScore="2" minCrapScore="2" visitedClasses="0" numClasses="0" visitedMethods="0" numMethods="1" />
              <MetadataToken>100663463</MetadataToken>
              <Name>System.Void Test.Paging.PhysicalLevel.Headers.VariableRecordPageHeadersTestWithSlotInfo::FreePage_ThatNotFree()</Name>
              <FileRef uid="34" />
              <SequencePoints>
                <SequencePoint vc="0" uspid="1092" ordinal="0" offset="0" sl="29" sc="9" el="29" ec="10" bec="0" bev="0" fileid="34" />
                <SequencePoint vc="0" uspid="1093" ordinal="1" offset="1" sl="30" sc="13" el="30" ec="75" bec="0" bev="0" fileid="34" />
                <SequencePoint vc="0" uspid="1094" ordinal="2" offset="17" sl="31" sc="13" el="31" ec="47" bec="0" bev="0" fileid="34" />
                <SequencePoint vc="0" uspid="1095" ordinal="3" offset="25" sl="35" sc="13" el="35" ec="35" bec="0" bev="0" fileid="34" />
                <SequencePoint vc="0" uspid="1096" ordinal="4" offset="33" sl="36" sc="13" el="36" ec="134" bec="0" bev="0" fileid="34" />
                <SequencePoint vc="0" uspid="1097" ordinal="5" offset="271" sl="37" sc="9" el="37" ec="10" bec="0" bev="0" fileid="34" />
              </SequencePoints>
              <BranchPoints />
              <MethodPoint xsi:type="SequencePoint" vc="0" uspid="1092" ordinal="0" offset="0" sl="29" sc="9" el="29" ec="10" bec="0" bev="0" fileid="34" />
            </Method>
            <Method visited="false" cyclomaticComplexity="1" nPathComplexity="0" sequenceCoverage="0" branchCoverage="0" crapScore="2" isConstructor="false" isStatic="false" isGetter="false" isSetter="false">
              <Summary numSequencePoints="5" visitedSequencePoints="0" numBranchPoints="1" visitedBranchPoints="0" sequenceCoverage="0" branchCoverage="0" maxCyclomaticComplexity="1" minCyclomaticComplexity="1" maxCrapScore="2" minCrapScore="2" visitedClasses="0" numClasses="0" visitedMethods="0" numMethods="1" />
              <MetadataToken>100663464</MetadataToken>
              <Name>System.Void Test.Paging.PhysicalLevel.Headers.VariableRecordPageHeadersTestWithSlotInfo::FreePage_ThatIsFree()</Name>
              <FileRef uid="34" />
              <SequencePoints>
                <SequencePoint vc="0" uspid="1098" ordinal="0" offset="0" sl="41" sc="9" el="41" ec="10" bec="0" bev="0" fileid="34" />
                <SequencePoint vc="0" uspid="1099" ordinal="1" offset="1" sl="42" sc="13" el="42" ec="69" bec="0" bev="0" fileid="34" />
                <SequencePoint vc="0" uspid="1100" ordinal="2" offset="8" sl="43" sc="13" el="43" ec="47" bec="0" bev="0" fileid="34" />
                <SequencePoint vc="0" uspid="1101" ordinal="3" offset="16" sl="47" sc="13" el="47" ec="35" bec="0" bev="0" fileid="34" />
                <SequencePoint vc="0" uspid="1102" ordinal="4" offset="24" sl="49" sc="9" el="49" ec="10" bec="0" bev="0" fileid="34" />
              </SequencePoints>
              <BranchPoints />
              <MethodPoint xsi:type="SequencePoint" vc="0" uspid="1098" ordinal="0" offset="0" sl="41" sc="9" el="41" ec="10" bec="0" bev="0" fileid="34" />
            </Method>
            <Method visited="false" cyclomaticComplexity="1" nPathComplexity="0" sequenceCoverage="0" branchCoverage="0" crapScore="2" isConstructor="false" isStatic="false" isGetter="false" isSetter="false">
              <Summary numSequencePoints="9" visitedSequencePoints="0" numBranchPoints="1" visitedBranchPoints="0" sequenceCoverage="0" branchCoverage="0" maxCyclomaticComplexity="1" minCyclomaticComplexity="1" maxCrapScore="2" minCrapScore="2" visitedClasses="0" numClasses="0" visitedMethods="0" numMethods="1" />
              <MetadataToken>100663465</MetadataToken>
              <Name>System.Void Test.Paging.PhysicalLevel.Headers.VariableRecordPageHeadersTestWithSlotInfo::AcquirePage_WhenAvailable()</Name>
              <FileRef uid="34" />
              <SequencePoints>
                <SequencePoint vc="0" uspid="1103" ordinal="0" offset="0" sl="54" sc="9" el="54" ec="10" bec="0" bev="0" fileid="34" />
                <SequencePoint vc="0" uspid="1104" ordinal="1" offset="1" sl="55" sc="13" el="55" ec="99" bec="0" bev="0" fileid="34" />
                <SequencePoint vc="0" uspid="1105" ordinal="2" offset="18" sl="56" sc="13" el="56" ec="47" bec="0" bev="0" fileid="34" />
                <SequencePoint vc="0" uspid="1106" ordinal="3" offset="26" sl="60" sc="13" el="60" ec="51" bec="0" bev="0" fileid="34" />
                <SequencePoint vc="0" uspid="1107" ordinal="4" offset="35" sl="61" sc="13" el="61" ec="154" bec="0" bev="0" fileid="34" />
                <SequencePoint vc="0" uspid="1108" ordinal="5" offset="346" sl="62" sc="13" el="62" ec="37" bec="0" bev="0" fileid="34" />
                <SequencePoint vc="0" uspid="1109" ordinal="6" offset="354" sl="63" sc="13" el="63" ec="57" bec="0" bev="0" fileid="34" />
                <SequencePoint vc="0" uspid="1110" ordinal="7" offset="369" sl="64" sc="13" el="64" ec="55" bec="0" bev="0" fileid="34" />
                <SequencePoint vc="0" uspid="1111" ordinal="8" offset="383" sl="66" sc="9" el="66" ec="10" bec="0" bev="0" fileid="34" />
              </SequencePoints>
              <BranchPoints />
              <MethodPoint xsi:type="SequencePoint" vc="0" uspid="1103" ordinal="0" offset="0" sl="54" sc="9" el="54" ec="10" bec="0" bev="0" fileid="34" />
            </Method>
            <Method visited="false" cyclomaticComplexity="1" nPathComplexity="0" sequenceCoverage="0" branchCoverage="0" crapScore="2" isConstructor="false" isStatic="false" isGetter="false" isSetter="false">
              <Summary numSequencePoints="6" visitedSequencePoints="0" numBranchPoints="1" visitedBranchPoints="0" sequenceCoverage="0" branchCoverage="0" maxCyclomaticComplexity="1" minCyclomaticComplexity="1" maxCrapScore="2" minCrapScore="2" visitedClasses="0" numClasses="0" visitedMethods="0" numMethods="1" />
              <MetadataToken>100663466</MetadataToken>
              <Name>System.Void Test.Paging.PhysicalLevel.Headers.VariableRecordPageHeadersTestWithSlotInfo::AcquirePage_WhenNotAvailable()</Name>
              <FileRef uid="34" />
              <SequencePoints>
                <SequencePoint vc="0" uspid="1112" ordinal="0" offset="0" sl="71" sc="9" el="71" ec="10" bec="0" bev="0" fileid="34" />
                <SequencePoint vc="0" uspid="1113" ordinal="1" offset="1" sl="72" sc="13" el="72" ec="108" bec="0" bev="0" fileid="34" />
                <SequencePoint vc="0" uspid="1114" ordinal="2" offset="20" sl="73" sc="13" el="73" ec="47" bec="0" bev="0" fileid="34" />
                <SequencePoint vc="0" uspid="1115" ordinal="3" offset="28" sl="75" sc="13" el="75" ec="51" bec="0" bev="0" fileid="34" />
                <SequencePoint vc="0" uspid="1116" ordinal="4" offset="37" sl="76" sc="13" el="76" ec="38" bec="0" bev="0" fileid="34" />
                <SequencePoint vc="0" uspid="1117" ordinal="5" offset="45" sl="78" sc="9" el="78" ec="10" bec="0" bev="0" fileid="34" />
              </SequencePoints>
              <BranchPoints />
              <MethodPoint xsi:type="SequencePoint" vc="0" uspid="1112" ordinal="0" offset="0" sl="71" sc="9" el="71" ec="10" bec="0" bev="0" fileid="34" />
            </Method>
            <Method visited="false" cyclomaticComplexity="1" nPathComplexity="0" sequenceCoverage="0" branchCoverage="0" crapScore="2" isConstructor="false" isStatic="false" isGetter="false" isSetter="false">
              <Summary numSequencePoints="6" visitedSequencePoints="0" numBranchPoints="1" visitedBranchPoints="0" sequenceCoverage="0" branchCoverage="0" maxCyclomaticComplexity="1" minCyclomaticComplexity="1" maxCrapScore="2" minCrapScore="2" visitedClasses="0" numClasses="0" visitedMethods="0" numMethods="1" />
              <MetadataToken>100663467</MetadataToken>
              <Name>System.Void Test.Paging.PhysicalLevel.Headers.VariableRecordPageHeadersTestWithSlotInfo::AcquirePage_WhenSizeIsnotEnough()</Name>
              <FileRef uid="34" />
              <SequencePoints>
                <SequencePoint vc="0" uspid="1118" ordinal="0" offset="0" sl="82" sc="9" el="82" ec="10" bec="0" bev="0" fileid="34" />
                <SequencePoint vc="0" uspid="1119" ordinal="1" offset="1" sl="83" sc="13" el="83" ec="117" bec="0" bev="0" fileid="34" />
                <SequencePoint vc="0" uspid="1120" ordinal="2" offset="20" sl="84" sc="13" el="84" ec="47" bec="0" bev="0" fileid="34" />
                <SequencePoint vc="0" uspid="1121" ordinal="3" offset="28" sl="86" sc="13" el="86" ec="51" bec="0" bev="0" fileid="34" />
                <SequencePoint vc="0" uspid="1122" ordinal="4" offset="37" sl="87" sc="13" el="87" ec="38" bec="0" bev="0" fileid="34" />
                <SequencePoint vc="0" uspid="1123" ordinal="5" offset="45" sl="89" sc="9" el="89" ec="10" bec="0" bev="0" fileid="34" />
              </SequencePoints>
              <BranchPoints />
              <MethodPoint xsi:type="SequencePoint" vc="0" uspid="1118" ordinal="0" offset="0" sl="82" sc="9" el="82" ec="10" bec="0" bev="0" fileid="34" />
            </Method>
            <Method visited="false" cyclomaticComplexity="1" nPathComplexity="0" sequenceCoverage="0" branchCoverage="0" crapScore="2" isConstructor="false" isStatic="false" isGetter="false" isSetter="false">
              <Summary numSequencePoints="6" visitedSequencePoints="0" numBranchPoints="1" visitedBranchPoints="0" sequenceCoverage="0" branchCoverage="0" maxCyclomaticComplexity="1" minCyclomaticComplexity="1" maxCrapScore="2" minCrapScore="2" visitedClasses="0" numClasses="0" visitedMethods="0" numMethods="1" />
              <MetadataToken>100663468</MetadataToken>
              <Name>System.Void Test.Paging.PhysicalLevel.Headers.VariableRecordPageHeadersTestWithSlotInfo::IsPageFree_ThatNotFree()</Name>
              <FileRef uid="34" />
              <SequencePoints>
                <SequencePoint vc="0" uspid="1124" ordinal="0" offset="0" sl="94" sc="9" el="94" ec="10" bec="0" bev="0" fileid="34" />
                <SequencePoint vc="0" uspid="1125" ordinal="1" offset="1" sl="95" sc="13" el="95" ec="84" bec="0" bev="0" fileid="34" />
                <SequencePoint vc="0" uspid="1126" ordinal="2" offset="18" sl="96" sc="13" el="96" ec="47" bec="0" bev="0" fileid="34" />
                <SequencePoint vc="0" uspid="1127" ordinal="3" offset="26" sl="98" sc="13" el="98" ec="50" bec="0" bev="0" fileid="34" />
                <SequencePoint vc="0" uspid="1128" ordinal="4" offset="34" sl="100" sc="13" el="100" ec="44" bec="0" bev="0" fileid="34" />
                <SequencePoint vc="0" uspid="1129" ordinal="5" offset="42" sl="101" sc="9" el="101" ec="10" bec="0" bev="0" fileid="34" />
              </SequencePoints>
              <BranchPoints />
              <MethodPoint xsi:type="SequencePoint" vc="0" uspid="1124" ordinal="0" offset="0" sl="94" sc="9" el="94" ec="10" bec="0" bev="0" fileid="34" />
            </Method>
            <Method visited="false" cyclomaticComplexity="1" nPathComplexity="0" sequenceCoverage="0" branchCoverage="0" crapScore="2" isConstructor="false" isStatic="false" isGetter="false" isSetter="false">
              <Summary numSequencePoints="6" visitedSequencePoints="0" numBranchPoints="1" visitedBranchPoints="0" sequenceCoverage="0" branchCoverage="0" maxCyclomaticComplexity="1" minCyclomaticComplexity="1" maxCrapScore="2" minCrapScore="2" visitedClasses="0" numClasses="0" visitedMethods="0" numMethods="1" />
              <MetadataToken>100663469</MetadataToken>
              <Name>System.Void Test.Paging.PhysicalLevel.Headers.VariableRecordPageHeadersTestWithSlotInfo::IsPageFree_ThatIsFree()</Name>
              <FileRef uid="34" />
              <SequencePoints>
                <SequencePoint vc="0" uspid="1130" ordinal="0" offset="0" sl="105" sc="9" el="105" ec="10" bec="0" bev="0" fileid="34" />
                <SequencePoint vc="0" uspid="1131" ordinal="1" offset="1" sl="106" sc="13" el="106" ec="69" bec="0" bev="0" fileid="34" />
                <SequencePoint vc="0" uspid="1132" ordinal="2" offset="8" sl="107" sc="13" el="107" ec="47" bec="0" bev="0" fileid="34" />
                <SequencePoint vc="0" uspid="1133" ordinal="3" offset="16" sl="109" sc="13" el="109" ec="50" bec="0" bev="0" fileid="34" />
                <SequencePoint vc="0" uspid="1134" ordinal="4" offset="24" sl="111" sc="13" el="111" ec="43" bec="0" bev="0" fileid="34" />
                <SequencePoint vc="0" uspid="1135" ordinal="5" offset="32" sl="112" sc="9" el="112" ec="10" bec="0" bev="0" fileid="34" />
              </SequencePoints>
              <BranchPoints />
              <MethodPoint xsi:type="SequencePoint" vc="0" uspid="1130" ordinal="0" offset="0" sl="105" sc="9" el="105" ec="10" bec="0" bev="0" fileid="34" />
            </Method>
            <Method visited="false" cyclomaticComplexity="1" nPathComplexity="0" sequenceCoverage="0" branchCoverage="0" crapScore="2" isConstructor="false" isStatic="false" isGetter="false" isSetter="false">
              <Summary numSequencePoints="10" visitedSequencePoints="0" numBranchPoints="1" visitedBranchPoints="0" sequenceCoverage="0" branchCoverage="0" maxCyclomaticComplexity="1" minCyclomaticComplexity="1" maxCrapScore="2" minCrapScore="2" visitedClasses="0" numClasses="0" visitedMethods="0" numMethods="1" />
              <MetadataToken>100663470</MetadataToken>
              <Name>System.Void Test.Paging.PhysicalLevel.Headers.VariableRecordPageHeadersTestWithSlotInfo::InitialRead()</Name>
              <FileRef uid="34" />
              <SequencePoints>
                <SequencePoint vc="0" uspid="1136" ordinal="0" offset="0" sl="117" sc="9" el="117" ec="10" bec="0" bev="0" fileid="34" />
                <SequencePoint vc="0" uspid="1137" ordinal="1" offset="1" sl="118" sc="13" el="118" ec="102" bec="0" bev="0" fileid="34" />
                <SequencePoint vc="0" uspid="1138" ordinal="2" offset="20" sl="119" sc="13" el="119" ec="47" bec="0" bev="0" fileid="34" />
                <SequencePoint vc="0" uspid="1139" ordinal="3" offset="28" sl="123" sc="13" el="123" ec="57" bec="0" bev="0" fileid="34" />
                <SequencePoint vc="0" uspid="1140" ordinal="4" offset="43" sl="124" sc="13" el="124" ec="55" bec="0" bev="0" fileid="34" />
                <SequencePoint vc="0" uspid="1141" ordinal="5" offset="57" sl="125" sc="13" el="125" ec="55" bec="0" bev="0" fileid="34" />
                <SequencePoint vc="0" uspid="1142" ordinal="6" offset="71" sl="127" sc="13" el="127" ec="56" bec="0" bev="0" fileid="34" />
                <SequencePoint vc="0" uspid="1143" ordinal="7" offset="85" sl="128" sc="13" el="128" ec="55" bec="0" bev="0" fileid="34" />
                <SequencePoint vc="0" uspid="1144" ordinal="8" offset="99" sl="129" sc="13" el="129" ec="55" bec="0" bev="0" fileid="34" />
                <SequencePoint vc="0" uspid="1145" ordinal="9" offset="113" sl="131" sc="9" el="131" ec="10" bec="0" bev="0" fileid="34" />
              </SequencePoints>
              <BranchPoints />
              <MethodPoint xsi:type="SequencePoint" vc="0" uspid="1136" ordinal="0" offset="0" sl="117" sc="9" el="117" ec="10" bec="0" bev="0" fileid="34" />
            </Method>
            <Method visited="false" cyclomaticComplexity="1" nPathComplexity="0" sequenceCoverage="0" branchCoverage="0" crapScore="2" isConstructor="false" isStatic="false" isGetter="false" isSetter="false">
              <Summary numSequencePoints="13" visitedSequencePoints="0" numBranchPoints="1" visitedBranchPoints="0" sequenceCoverage="0" branchCoverage="0" maxCyclomaticComplexity="1" minCyclomaticComplexity="1" maxCrapScore="2" minCrapScore="2" visitedClasses="0" numClasses="0" visitedMethods="0" numMethods="1" />
              <MetadataToken>100663471</MetadataToken>
              <Name>System.Void Test.Paging.PhysicalLevel.Headers.VariableRecordPageHeadersTestWithSlotInfo::SwapRecords()</Name>
              <FileRef uid="34" />
              <SequencePoints>
                <SequencePoint vc="0" uspid="1146" ordinal="0" offset="0" sl="135" sc="9" el="135" ec="10" bec="0" bev="0" fileid="34" />
                <SequencePoint vc="0" uspid="1147" ordinal="1" offset="1" sl="136" sc="13" el="136" ec="102" bec="0" bev="0" fileid="34" />
                <SequencePoint vc="0" uspid="1148" ordinal="2" offset="20" sl="137" sc="13" el="137" ec="47" bec="0" bev="0" fileid="34" />
                <SequencePoint vc="0" uspid="1149" ordinal="3" offset="28" sl="139" sc="13" el="139" ec="55" bec="0" bev="0" fileid="34" />
                <SequencePoint vc="0" uspid="1150" ordinal="4" offset="45" sl="141" sc="13" el="141" ec="104" bec="0" bev="0" fileid="34" />
                <SequencePoint vc="0" uspid="1151" ordinal="5" offset="248" sl="142" sc="13" el="142" ec="107" bec="0" bev="0" fileid="34" />
                <SequencePoint vc="0" uspid="1152" ordinal="6" offset="451" sl="144" sc="13" el="144" ec="57" bec="0" bev="0" fileid="34" />
                <SequencePoint vc="0" uspid="1153" ordinal="7" offset="466" sl="145" sc="13" el="145" ec="55" bec="0" bev="0" fileid="34" />
                <SequencePoint vc="0" uspid="1154" ordinal="8" offset="480" sl="146" sc="13" el="146" ec="55" bec="0" bev="0" fileid="34" />
                <SequencePoint vc="0" uspid="1155" ordinal="9" offset="494" sl="148" sc="13" el="148" ec="56" bec="0" bev="0" fileid="34" />
                <SequencePoint vc="0" uspid="1156" ordinal="10" offset="508" sl="149" sc="13" el="149" ec="55" bec="0" bev="0" fileid="34" />
                <SequencePoint vc="0" uspid="1157" ordinal="11" offset="522" sl="150" sc="13" el="150" ec="55" bec="0" bev="0" fileid="34" />
                <SequencePoint vc="0" uspid="1158" ordinal="12" offset="536" sl="151" sc="9" el="151" ec="10" bec="0" bev="0" fileid="34" />
              </SequencePoints>
              <BranchPoints />
              <MethodPoint xsi:type="SequencePoint" vc="0" uspid="1146" ordinal="0" offset="0" sl="135" sc="9" el="135" ec="10" bec="0" bev="0" fileid="34" />
            </Method>
            <Method visited="false" cyclomaticComplexity="1" nPathComplexity="0" sequenceCoverage="0" branchCoverage="0" crapScore="2" isConstructor="true" isStatic="false" isGetter="false" isSetter="false">
              <Summary numSequencePoints="0" visitedSequencePoints="0" numBranchPoints="0" visitedBranchPoints="0" sequenceCoverage="0" branchCoverage="0" maxCyclomaticComplexity="1" minCyclomaticComplexity="1" maxCrapScore="2" minCrapScore="2" visitedClasses="0" numClasses="0" visitedMethods="0" numMethods="0" />
              <MetadataToken>100663472</MetadataToken>
              <Name>System.Void Test.Paging.PhysicalLevel.Headers.VariableRecordPageHeadersTestWithSlotInfo::.ctor()</Name>
              <SequencePoints />
              <BranchPoints />
              <MethodPoint vc="0" uspid="1159" ordinal="0" offset="0" />
            </Method>
          </Methods>
        </Class>
        <Class>
          <Summary numSequencePoints="0" visitedSequencePoints="0" numBranchPoints="0" visitedBranchPoints="0" sequenceCoverage="0" branchCoverage="0" maxCyclomaticComplexity="1" minCyclomaticComplexity="1" maxCrapScore="2" minCrapScore="2" visitedClasses="0" numClasses="0" visitedMethods="0" numMethods="0" />
          <FullName>Test.Paging.PhysicalLevel.Headers.VariableRecordPageHeadersTestWithSlotInfo/&lt;&gt;c__DisplayClass4_0</FullName>
          <Methods>
            <Method visited="false" cyclomaticComplexity="1" nPathComplexity="0" sequenceCoverage="0" branchCoverage="0" crapScore="2" isConstructor="true" isStatic="false" isGetter="false" isSetter="false">
              <Summary numSequencePoints="0" visitedSequencePoints="0" numBranchPoints="0" visitedBranchPoints="0" sequenceCoverage="0" branchCoverage="0" maxCyclomaticComplexity="1" minCyclomaticComplexity="1" maxCrapScore="2" minCrapScore="2" visitedClasses="0" numClasses="0" visitedMethods="0" numMethods="0" />
              <MetadataToken>100663570</MetadataToken>
              <Name>System.Void Test.Paging.PhysicalLevel.Headers.VariableRecordPageHeadersTestWithSlotInfo/&lt;&gt;c__DisplayClass4_0::.ctor()</Name>
              <SequencePoints />
              <BranchPoints />
              <MethodPoint vc="0" uspid="1160" ordinal="0" offset="0" />
            </Method>
          </Methods>
        </Class>
        <Class>
          <Summary numSequencePoints="10" visitedSequencePoints="0" numBranchPoints="3" visitedBranchPoints="0" sequenceCoverage="0" branchCoverage="0" maxCyclomaticComplexity="2" minCyclomaticComplexity="2" maxCrapScore="6" minCrapScore="6" visitedClasses="0" numClasses="1" visitedMethods="0" numMethods="1" />
          <FullName>Test.Paging.PhysicalLevel.Configurations.TestingConfig</FullName>
          <Methods>
            <Method visited="false" cyclomaticComplexity="2" nPathComplexity="2" sequenceCoverage="0" branchCoverage="0" crapScore="6" isConstructor="true" isStatic="false" isGetter="false" isSetter="false">
              <Summary numSequencePoints="10" visitedSequencePoints="0" numBranchPoints="3" visitedBranchPoints="0" sequenceCoverage="0" branchCoverage="0" maxCyclomaticComplexity="2" minCyclomaticComplexity="2" maxCrapScore="6" minCrapScore="6" visitedClasses="0" numClasses="0" visitedMethods="0" numMethods="1" />
              <MetadataToken>100663473</MetadataToken>
              <Name>System.Void Test.Paging.PhysicalLevel.Configurations.TestingConfig::.ctor(System.IO.Paging.PhysicalLevel.Configuration.PageManagerConfiguration/PageSize,System.Action`1&lt;System.Func`2&lt;System.Byte,System.IO.Paging.PhysicalLevel.Configuration.Builder.BuildingElements.IPageDefinitionBuilder&gt;&gt;[])</Name>
              <FileRef uid="35" />
              <SequencePoints>
                <SequencePoint vc="0" uspid="1161" ordinal="0" offset="0" sl="13" sc="109" el="13" ec="119" bec="0" bev="0" fileid="35" />
                <SequencePoint vc="0" uspid="1162" ordinal="1" offset="8" sl="14" sc="9" el="14" ec="10" bec="0" bev="0" fileid="35" />
                <SequencePoint vc="0" uspid="1163" ordinal="2" offset="9" sl="15" sc="13" el="15" ec="20" bec="0" bev="0" fileid="35" />
                <SequencePoint vc="0" uspid="1164" ordinal="3" offset="10" sl="15" sc="37" el="15" ec="45" bec="0" bev="0" fileid="35" />
                <SequencePoint vc="0" uspid="1165" ordinal="4" offset="16" sl="15" sc="22" el="15" ec="33" bec="0" bev="0" fileid="35" />
                <SequencePoint vc="0" uspid="1166" ordinal="5" offset="20" sl="16" sc="13" el="16" ec="14" bec="0" bev="0" fileid="35" />
                <SequencePoint vc="0" uspid="1167" ordinal="6" offset="21" sl="17" sc="17" el="17" ec="41" bec="0" bev="0" fileid="35" />
                <SequencePoint vc="0" uspid="1168" ordinal="7" offset="40" sl="18" sc="13" el="18" ec="14" bec="0" bev="0" fileid="35" />
                <SequencePoint vc="0" uspid="1169" ordinal="8" offset="45" sl="15" sc="34" el="15" ec="36" bec="2" bev="0" fileid="35" />
                <SequencePoint vc="0" uspid="1170" ordinal="9" offset="51" sl="19" sc="9" el="19" ec="10" bec="0" bev="0" fileid="35" />
              </SequencePoints>
              <BranchPoints>
                <BranchPoint vc="0" uspid="1171" ordinal="0" offset="49" sl="15" path="0" offsetend="51" fileid="35" />
                <BranchPoint vc="0" uspid="1172" ordinal="1" offset="49" sl="15" path="1" offsetend="16" fileid="35" />
              </BranchPoints>
              <MethodPoint xsi:type="SequencePoint" vc="0" uspid="1161" ordinal="0" offset="0" sl="13" sc="109" el="13" ec="119" bec="0" bev="0" fileid="35" />
            </Method>
          </Methods>
        </Class>
        <Class>
          <Summary numSequencePoints="244" visitedSequencePoints="0" numBranchPoints="61" visitedBranchPoints="0" sequenceCoverage="0" branchCoverage="0" maxCyclomaticComplexity="3" minCyclomaticComplexity="1" maxCrapScore="12" minCrapScore="2" visitedClasses="0" numClasses="1" visitedMethods="0" numMethods="25" />
          <FullName>Test.Paging.PhysicalLevel.Configurations.ConfigurationBuilderTest</FullName>
          <Methods>
            <Method visited="false" cyclomaticComplexity="2" nPathComplexity="2" sequenceCoverage="0" branchCoverage="0" crapScore="6" isConstructor="false" isStatic="false" isGetter="false" isSetter="false">
              <Summary numSequencePoints="5" visitedSequencePoints="0" numBranchPoints="3" visitedBranchPoints="0" sequenceCoverage="0" branchCoverage="0" maxCyclomaticComplexity="2" minCyclomaticComplexity="2" maxCrapScore="6" minCrapScore="6" visitedClasses="0" numClasses="0" visitedMethods="0" numMethods="1" />
              <MetadataToken>100663474</MetadataToken>
              <Name>System.Void Test.Paging.PhysicalLevel.Configurations.ConfigurationBuilderTest::DefineOnlyNumber()</Name>
              <FileRef uid="35" />
              <SequencePoints>
                <SequencePoint vc="0" uspid="1173" ordinal="0" offset="0" sl="31" sc="9" el="31" ec="10" bec="0" bev="0" fileid="35" />
                <SequencePoint vc="0" uspid="1174" ordinal="1" offset="1" sl="32" sc="13" el="33" ec="30" bec="2" bev="0" fileid="35" />
                <SequencePoint vc="0" uspid="1175" ordinal="2" offset="52" sl="34" sc="13" el="34" ec="83" bec="0" bev="0" fileid="35" />
                <SequencePoint vc="0" uspid="1176" ordinal="3" offset="69" sl="35" sc="13" el="35" ec="25" bec="0" bev="0" fileid="35" />
                <SequencePoint vc="0" uspid="1177" ordinal="4" offset="76" sl="37" sc="9" el="37" ec="10" bec="0" bev="0" fileid="35" />
              </SequencePoints>
              <BranchPoints>
                <BranchPoint vc="0" uspid="1178" ordinal="0" offset="20" sl="32" path="0" offsetend="22" fileid="35" />
                <BranchPoint vc="0" uspid="1179" ordinal="1" offset="20" sl="32" path="1" offsetend="45" fileid="35" />
              </BranchPoints>
              <MethodPoint xsi:type="SequencePoint" vc="0" uspid="1173" ordinal="0" offset="0" sl="31" sc="9" el="31" ec="10" bec="0" bev="0" fileid="35" />
            </Method>
            <Method visited="false" cyclomaticComplexity="2" nPathComplexity="2" sequenceCoverage="0" branchCoverage="0" crapScore="6" isConstructor="false" isStatic="false" isGetter="false" isSetter="false">
              <Summary numSequencePoints="4" visitedSequencePoints="0" numBranchPoints="3" visitedBranchPoints="0" sequenceCoverage="0" branchCoverage="0" maxCyclomaticComplexity="2" minCyclomaticComplexity="2" maxCrapScore="6" minCrapScore="6" visitedClasses="0" numClasses="0" visitedMethods="0" numMethods="1" />
              <MetadataToken>100663475</MetadataToken>
              <Name>System.Void Test.Paging.PhysicalLevel.Configurations.ConfigurationBuilderTest::DefineOnlyNumberAndType()</Name>
              <FileRef uid="35" />
              <SequencePoints>
                <SequencePoint vc="0" uspid="1180" ordinal="0" offset="0" sl="42" sc="9" el="42" ec="10" bec="0" bev="0" fileid="35" />
                <SequencePoint vc="0" uspid="1181" ordinal="1" offset="1" sl="43" sc="13" el="44" ec="65" bec="2" bev="0" fileid="35" />
                <SequencePoint vc="0" uspid="1182" ordinal="2" offset="52" sl="46" sc="13" el="46" ec="25" bec="0" bev="0" fileid="35" />
                <SequencePoint vc="0" uspid="1183" ordinal="3" offset="59" sl="48" sc="9" el="48" ec="10" bec="0" bev="0" fileid="35" />
              </SequencePoints>
              <BranchPoints>
                <BranchPoint vc="0" uspid="1184" ordinal="0" offset="20" sl="43" path="0" offsetend="22" fileid="35" />
                <BranchPoint vc="0" uspid="1185" ordinal="1" offset="20" sl="43" path="1" offsetend="45" fileid="35" />
              </BranchPoints>
              <MethodPoint xsi:type="SequencePoint" vc="0" uspid="1180" ordinal="0" offset="0" sl="42" sc="9" el="42" ec="10" bec="0" bev="0" fileid="35" />
            </Method>
            <Method visited="false" cyclomaticComplexity="3" nPathComplexity="4" sequenceCoverage="0" branchCoverage="0" crapScore="12" isConstructor="false" isStatic="false" isGetter="false" isSetter="false">
              <Summary numSequencePoints="7" visitedSequencePoints="0" numBranchPoints="5" visitedBranchPoints="0" sequenceCoverage="0" branchCoverage="0" maxCyclomaticComplexity="3" minCyclomaticComplexity="3" maxCrapScore="12" minCrapScore="12" visitedClasses="0" numClasses="0" visitedMethods="0" numMethods="1" />
              <MetadataToken>100663476</MetadataToken>
              <Name>System.Void Test.Paging.PhysicalLevel.Configurations.ConfigurationBuilderTest::DefineOnlyNumberTypeAndFixedRecord()</Name>
              <FileRef uid="35" />
              <SequencePoints>
                <SequencePoint vc="0" uspid="1186" ordinal="0" offset="6" sl="52" sc="9" el="52" ec="10" bec="0" bev="0" fileid="35" />
                <SequencePoint vc="0" uspid="1187" ordinal="1" offset="7" sl="53" sc="13" el="53" ec="87" bec="2" bev="0" fileid="35" />
                <SequencePoint vc="0" uspid="1188" ordinal="2" offset="44" sl="54" sc="13" el="54" ec="87" bec="2" bev="0" fileid="35" />
                <SequencePoint vc="0" uspid="1189" ordinal="3" offset="81" sl="55" sc="13" el="56" ec="107" bec="0" bev="0" fileid="35" />
                <SequencePoint vc="0" uspid="1190" ordinal="4" offset="113" sl="58" sc="13" el="58" ec="25" bec="0" bev="0" fileid="35" />
                <SequencePoint vc="0" uspid="1191" ordinal="5" offset="120" sl="60" sc="13" el="60" ec="41" bec="0" bev="0" fileid="35" />
                <SequencePoint vc="0" uspid="1192" ordinal="6" offset="130" sl="61" sc="9" el="61" ec="10" bec="0" bev="0" fileid="35" />
              </SequencePoints>
              <BranchPoints>
                <BranchPoint vc="0" uspid="1193" ordinal="0" offset="14" sl="53" path="0" offsetend="16" fileid="35" />
                <BranchPoint vc="0" uspid="1194" ordinal="1" offset="14" sl="53" path="1" offsetend="39" fileid="35" />
                <BranchPoint vc="0" uspid="1195" ordinal="2" offset="51" sl="54" path="0" offsetend="53" fileid="35" />
                <BranchPoint vc="0" uspid="1196" ordinal="3" offset="51" sl="54" path="1" offsetend="76" fileid="35" />
              </BranchPoints>
              <MethodPoint vc="0" uspid="1197" ordinal="0" offset="0" />
            </Method>
            <Method visited="false" cyclomaticComplexity="3" nPathComplexity="4" sequenceCoverage="0" branchCoverage="0" crapScore="12" isConstructor="false" isStatic="false" isGetter="false" isSetter="false">
              <Summary numSequencePoints="7" visitedSequencePoints="0" numBranchPoints="5" visitedBranchPoints="0" sequenceCoverage="0" branchCoverage="0" maxCyclomaticComplexity="3" minCyclomaticComplexity="3" maxCrapScore="12" minCrapScore="12" visitedClasses="0" numClasses="0" visitedMethods="0" numMethods="1" />
              <MetadataToken>100663477</MetadataToken>
              <Name>System.Void Test.Paging.PhysicalLevel.Configurations.ConfigurationBuilderTest::DefineOnlyNumberTypeAndOneRecordVariable()</Name>
              <FileRef uid="35" />
              <SequencePoints>
                <SequencePoint vc="0" uspid="1198" ordinal="0" offset="6" sl="65" sc="9" el="65" ec="10" bec="0" bev="0" fileid="35" />
                <SequencePoint vc="0" uspid="1199" ordinal="1" offset="7" sl="66" sc="13" el="66" ec="87" bec="2" bev="0" fileid="35" />
                <SequencePoint vc="0" uspid="1200" ordinal="2" offset="44" sl="67" sc="13" el="67" ec="87" bec="2" bev="0" fileid="35" />
                <SequencePoint vc="0" uspid="1201" ordinal="3" offset="81" sl="68" sc="13" el="69" ec="114" bec="0" bev="0" fileid="35" />
                <SequencePoint vc="0" uspid="1202" ordinal="4" offset="113" sl="71" sc="13" el="71" ec="25" bec="0" bev="0" fileid="35" />
                <SequencePoint vc="0" uspid="1203" ordinal="5" offset="120" sl="73" sc="13" el="73" ec="38" bec="0" bev="0" fileid="35" />
                <SequencePoint vc="0" uspid="1204" ordinal="6" offset="129" sl="74" sc="9" el="74" ec="10" bec="0" bev="0" fileid="35" />
              </SequencePoints>
              <BranchPoints>
                <BranchPoint vc="0" uspid="1205" ordinal="0" offset="14" sl="66" path="0" offsetend="16" fileid="35" />
                <BranchPoint vc="0" uspid="1206" ordinal="1" offset="14" sl="66" path="1" offsetend="39" fileid="35" />
                <BranchPoint vc="0" uspid="1207" ordinal="2" offset="51" sl="67" path="0" offsetend="53" fileid="35" />
                <BranchPoint vc="0" uspid="1208" ordinal="3" offset="51" sl="67" path="1" offsetend="76" fileid="35" />
              </BranchPoints>
              <MethodPoint vc="0" uspid="1209" ordinal="0" offset="0" />
            </Method>
            <Method visited="false" cyclomaticComplexity="1" nPathComplexity="0" sequenceCoverage="0" branchCoverage="0" crapScore="2" isConstructor="false" isStatic="false" isGetter="false" isSetter="false">
              <Summary numSequencePoints="6" visitedSequencePoints="0" numBranchPoints="1" visitedBranchPoints="0" sequenceCoverage="0" branchCoverage="0" maxCyclomaticComplexity="1" minCyclomaticComplexity="1" maxCrapScore="2" minCrapScore="2" visitedClasses="0" numClasses="0" visitedMethods="0" numMethods="1" />
              <MetadataToken>100663478</MetadataToken>
              <Name>System.Void Test.Paging.PhysicalLevel.Configurations.ConfigurationBuilderTest::DefineOnlyNumberTypeAndOneRecordVariableAlt()</Name>
              <FileRef uid="35" />
              <SequencePoints>
                <SequencePoint vc="0" uspid="1210" ordinal="0" offset="6" sl="78" sc="9" el="78" ec="10" bec="0" bev="0" fileid="35" />
                <SequencePoint vc="0" uspid="1211" ordinal="1" offset="7" sl="80" sc="13" el="80" ec="55" bec="0" bev="0" fileid="35" />
                <SequencePoint vc="0" uspid="1212" ordinal="2" offset="18" sl="82" sc="13" el="83" ec="91" bec="0" bev="0" fileid="35" />
                <SequencePoint vc="0" uspid="1213" ordinal="3" offset="50" sl="85" sc="13" el="85" ec="25" bec="0" bev="0" fileid="35" />
                <SequencePoint vc="0" uspid="1214" ordinal="4" offset="57" sl="87" sc="13" el="87" ec="38" bec="0" bev="0" fileid="35" />
                <SequencePoint vc="0" uspid="1215" ordinal="5" offset="66" sl="88" sc="9" el="88" ec="10" bec="0" bev="0" fileid="35" />
              </SequencePoints>
              <BranchPoints />
              <MethodPoint vc="0" uspid="1216" ordinal="0" offset="0" />
            </Method>
            <Method visited="false" cyclomaticComplexity="1" nPathComplexity="0" sequenceCoverage="0" branchCoverage="0" crapScore="2" isConstructor="false" isStatic="false" isGetter="false" isSetter="false">
              <Summary numSequencePoints="7" visitedSequencePoints="0" numBranchPoints="1" visitedBranchPoints="0" sequenceCoverage="0" branchCoverage="0" maxCyclomaticComplexity="1" minCyclomaticComplexity="1" maxCrapScore="2" minCrapScore="2" visitedClasses="0" numClasses="0" visitedMethods="0" numMethods="1" />
              <MetadataToken>100663479</MetadataToken>
              <Name>System.Void Test.Paging.PhysicalLevel.Configurations.ConfigurationBuilderTest::DefineOnlyNumberTypeAndOneRecordVariableWithConsistency()</Name>
              <FileRef uid="35" />
              <SequencePoints>
                <SequencePoint vc="0" uspid="1217" ordinal="0" offset="6" sl="92" sc="9" el="92" ec="10" bec="0" bev="0" fileid="35" />
                <SequencePoint vc="0" uspid="1218" ordinal="1" offset="7" sl="94" sc="13" el="94" ec="55" bec="0" bev="0" fileid="35" />
                <SequencePoint vc="0" uspid="1219" ordinal="2" offset="18" sl="95" sc="13" el="95" ec="47" bec="0" bev="0" fileid="35" />
                <SequencePoint vc="0" uspid="1220" ordinal="3" offset="29" sl="96" sc="13" el="98" ec="42" bec="0" bev="0" fileid="35" />
                <SequencePoint vc="0" uspid="1221" ordinal="4" offset="61" sl="100" sc="13" el="100" ec="25" bec="0" bev="0" fileid="35" />
                <SequencePoint vc="0" uspid="1222" ordinal="5" offset="68" sl="102" sc="13" el="102" ec="52" bec="0" bev="0" fileid="35" />
                <SequencePoint vc="0" uspid="1223" ordinal="6" offset="82" sl="103" sc="9" el="103" ec="10" bec="0" bev="0" fileid="35" />
              </SequencePoints>
              <BranchPoints />
              <MethodPoint vc="0" uspid="1224" ordinal="0" offset="0" />
            </Method>
            <Method visited="false" cyclomaticComplexity="1" nPathComplexity="0" sequenceCoverage="0" branchCoverage="0" crapScore="2" isConstructor="false" isStatic="false" isGetter="false" isSetter="false">
              <Summary numSequencePoints="8" visitedSequencePoints="0" numBranchPoints="1" visitedBranchPoints="0" sequenceCoverage="0" branchCoverage="0" maxCyclomaticComplexity="1" minCyclomaticComplexity="1" maxCrapScore="2" minCrapScore="2" visitedClasses="0" numClasses="0" visitedMethods="0" numMethods="1" />
              <MetadataToken>100663480</MetadataToken>
              <Name>System.Void Test.Paging.PhysicalLevel.Configurations.ConfigurationBuilderTest::DefineOnlyNumberTypeAndOneRecordVariableWithHeaders()</Name>
              <FileRef uid="35" />
              <SequencePoints>
                <SequencePoint vc="0" uspid="1225" ordinal="0" offset="6" sl="107" sc="9" el="107" ec="10" bec="0" bev="0" fileid="35" />
                <SequencePoint vc="0" uspid="1226" ordinal="1" offset="7" sl="109" sc="13" el="109" ec="55" bec="0" bev="0" fileid="35" />
                <SequencePoint vc="0" uspid="1227" ordinal="2" offset="18" sl="110" sc="13" el="110" ec="51" bec="0" bev="0" fileid="35" />
                <SequencePoint vc="0" uspid="1228" ordinal="3" offset="29" sl="111" sc="13" el="113" ec="38" bec="0" bev="0" fileid="35" />
                <SequencePoint vc="0" uspid="1229" ordinal="4" offset="61" sl="115" sc="13" el="115" ec="25" bec="0" bev="0" fileid="35" />
                <SequencePoint vc="0" uspid="1230" ordinal="5" offset="68" sl="117" sc="13" el="117" ec="38" bec="0" bev="0" fileid="35" />
                <SequencePoint vc="0" uspid="1231" ordinal="6" offset="77" sl="118" sc="13" el="118" ec="36" bec="0" bev="0" fileid="35" />
                <SequencePoint vc="0" uspid="1232" ordinal="7" offset="84" sl="119" sc="9" el="119" ec="10" bec="0" bev="0" fileid="35" />
              </SequencePoints>
              <BranchPoints />
              <MethodPoint vc="0" uspid="1233" ordinal="0" offset="0" />
            </Method>
            <Method visited="false" cyclomaticComplexity="1" nPathComplexity="0" sequenceCoverage="0" branchCoverage="0" crapScore="2" isConstructor="false" isStatic="false" isGetter="false" isSetter="false">
              <Summary numSequencePoints="9" visitedSequencePoints="0" numBranchPoints="1" visitedBranchPoints="0" sequenceCoverage="0" branchCoverage="0" maxCyclomaticComplexity="1" minCyclomaticComplexity="1" maxCrapScore="2" minCrapScore="2" visitedClasses="0" numClasses="0" visitedMethods="0" numMethods="1" />
              <MetadataToken>100663481</MetadataToken>
              <Name>System.Void Test.Paging.PhysicalLevel.Configurations.ConfigurationBuilderTest::DefineOnlyNumberTypeAndOneRecordVariableWithHeadersAndConsistency()</Name>
              <FileRef uid="35" />
              <SequencePoints>
                <SequencePoint vc="0" uspid="1234" ordinal="0" offset="6" sl="123" sc="9" el="123" ec="10" bec="0" bev="0" fileid="35" />
                <SequencePoint vc="0" uspid="1235" ordinal="1" offset="7" sl="125" sc="13" el="125" ec="55" bec="0" bev="0" fileid="35" />
                <SequencePoint vc="0" uspid="1236" ordinal="2" offset="18" sl="126" sc="13" el="126" ec="51" bec="0" bev="0" fileid="35" />
                <SequencePoint vc="0" uspid="1237" ordinal="3" offset="29" sl="127" sc="13" el="127" ec="47" bec="0" bev="0" fileid="35" />
                <SequencePoint vc="0" uspid="1238" ordinal="4" offset="40" sl="128" sc="13" el="131" ec="46" bec="0" bev="0" fileid="35" />
                <SequencePoint vc="0" uspid="1239" ordinal="5" offset="72" sl="133" sc="13" el="133" ec="25" bec="0" bev="0" fileid="35" />
                <SequencePoint vc="0" uspid="1240" ordinal="6" offset="79" sl="135" sc="13" el="135" ec="52" bec="0" bev="0" fileid="35" />
                <SequencePoint vc="0" uspid="1241" ordinal="7" offset="93" sl="136" sc="13" el="136" ec="36" bec="0" bev="0" fileid="35" />
                <SequencePoint vc="0" uspid="1242" ordinal="8" offset="100" sl="137" sc="9" el="137" ec="10" bec="0" bev="0" fileid="35" />
              </SequencePoints>
              <BranchPoints />
              <MethodPoint vc="0" uspid="1243" ordinal="0" offset="0" />
            </Method>
            <Method visited="false" cyclomaticComplexity="1" nPathComplexity="0" sequenceCoverage="0" branchCoverage="0" crapScore="2" isConstructor="false" isStatic="false" isGetter="false" isSetter="false">
              <Summary numSequencePoints="9" visitedSequencePoints="0" numBranchPoints="1" visitedBranchPoints="0" sequenceCoverage="0" branchCoverage="0" maxCyclomaticComplexity="1" minCyclomaticComplexity="1" maxCrapScore="2" minCrapScore="2" visitedClasses="0" numClasses="0" visitedMethods="0" numMethods="1" />
              <MetadataToken>100663482</MetadataToken>
              <Name>System.Void Test.Paging.PhysicalLevel.Configurations.ConfigurationBuilderTest::DefineOnlyNumberTypeAndOneRecordVariableWithHeadersAndConsistencyAndSlotInfo()</Name>
              <FileRef uid="35" />
              <SequencePoints>
                <SequencePoint vc="0" uspid="1244" ordinal="0" offset="6" sl="141" sc="9" el="141" ec="10" bec="0" bev="0" fileid="35" />
                <SequencePoint vc="0" uspid="1245" ordinal="1" offset="7" sl="143" sc="13" el="143" ec="55" bec="0" bev="0" fileid="35" />
                <SequencePoint vc="0" uspid="1246" ordinal="2" offset="18" sl="144" sc="13" el="144" ec="51" bec="0" bev="0" fileid="35" />
                <SequencePoint vc="0" uspid="1247" ordinal="3" offset="29" sl="145" sc="13" el="145" ec="47" bec="0" bev="0" fileid="35" />
                <SequencePoint vc="0" uspid="1248" ordinal="4" offset="40" sl="146" sc="13" el="150" ec="47" bec="0" bev="0" fileid="35" />
                <SequencePoint vc="0" uspid="1249" ordinal="5" offset="72" sl="152" sc="13" el="152" ec="25" bec="0" bev="0" fileid="35" />
                <SequencePoint vc="0" uspid="1250" ordinal="6" offset="79" sl="154" sc="13" el="154" ec="51" bec="0" bev="0" fileid="35" />
                <SequencePoint vc="0" uspid="1251" ordinal="7" offset="93" sl="155" sc="13" el="155" ec="36" bec="0" bev="0" fileid="35" />
                <SequencePoint vc="0" uspid="1252" ordinal="8" offset="100" sl="156" sc="9" el="156" ec="10" bec="0" bev="0" fileid="35" />
              </SequencePoints>
              <BranchPoints />
              <MethodPoint vc="0" uspid="1253" ordinal="0" offset="0" />
            </Method>
            <Method visited="false" cyclomaticComplexity="1" nPathComplexity="0" sequenceCoverage="0" branchCoverage="0" crapScore="2" isConstructor="false" isStatic="false" isGetter="false" isSetter="false">
              <Summary numSequencePoints="11" visitedSequencePoints="0" numBranchPoints="1" visitedBranchPoints="0" sequenceCoverage="0" branchCoverage="0" maxCyclomaticComplexity="1" minCyclomaticComplexity="1" maxCrapScore="2" minCrapScore="2" visitedClasses="0" numClasses="0" visitedMethods="0" numMethods="1" />
              <MetadataToken>100663483</MetadataToken>
              <Name>System.Void Test.Paging.PhysicalLevel.Configurations.ConfigurationBuilderTest::DefineOnlyNumberTypeAndOneRecordImageTypeWithCorrectSize()</Name>
              <FileRef uid="35" />
              <SequencePoints>
                <SequencePoint vc="0" uspid="1254" ordinal="0" offset="6" sl="160" sc="9" el="160" ec="10" bec="0" bev="0" fileid="35" />
                <SequencePoint vc="0" uspid="1255" ordinal="1" offset="7" sl="162" sc="13" el="162" ec="56" bec="0" bev="0" fileid="35" />
                <SequencePoint vc="0" uspid="1256" ordinal="2" offset="23" sl="163" sc="13" el="164" ec="82" bec="0" bev="0" fileid="35" />
                <SequencePoint vc="0" uspid="1257" ordinal="3" offset="55" sl="166" sc="13" el="166" ec="25" bec="0" bev="0" fileid="35" />
                <SequencePoint vc="0" uspid="1258" ordinal="4" offset="62" sl="168" sc="13" el="168" ec="41" bec="0" bev="0" fileid="35" />
                <SequencePoint vc="0" uspid="1259" ordinal="5" offset="69" sl="169" sc="13" el="169" ec="60" bec="0" bev="0" fileid="35" />
                <SequencePoint vc="0" uspid="1260" ordinal="6" offset="87" sl="170" sc="13" el="170" ec="64" bec="0" bev="0" fileid="35" />
                <SequencePoint vc="0" uspid="1261" ordinal="7" offset="105" sl="171" sc="13" el="171" ec="58" bec="0" bev="0" fileid="35" />
                <SequencePoint vc="0" uspid="1262" ordinal="8" offset="123" sl="172" sc="13" el="172" ec="48" bec="0" bev="0" fileid="35" />
                <SequencePoint vc="0" uspid="1263" ordinal="9" offset="136" sl="173" sc="13" el="173" ec="57" bec="0" bev="0" fileid="35" />
                <SequencePoint vc="0" uspid="1264" ordinal="10" offset="149" sl="175" sc="9" el="175" ec="10" bec="0" bev="0" fileid="35" />
              </SequencePoints>
              <BranchPoints />
              <MethodPoint vc="0" uspid="1265" ordinal="0" offset="0" />
            </Method>
            <Method visited="false" cyclomaticComplexity="1" nPathComplexity="0" sequenceCoverage="0" branchCoverage="0" crapScore="2" isConstructor="false" isStatic="false" isGetter="false" isSetter="false">
              <Summary numSequencePoints="5" visitedSequencePoints="0" numBranchPoints="1" visitedBranchPoints="0" sequenceCoverage="0" branchCoverage="0" maxCyclomaticComplexity="1" minCyclomaticComplexity="1" maxCrapScore="2" minCrapScore="2" visitedClasses="0" numClasses="0" visitedMethods="0" numMethods="1" />
              <MetadataToken>100663484</MetadataToken>
              <Name>System.Void Test.Paging.PhysicalLevel.Configurations.ConfigurationBuilderTest::DefineOnlyNumberTypeAndOneRecordImageTypeWithIncorrectSize()</Name>
              <FileRef uid="35" />
              <SequencePoints>
                <SequencePoint vc="0" uspid="1266" ordinal="0" offset="6" sl="180" sc="9" el="180" ec="10" bec="0" bev="0" fileid="35" />
                <SequencePoint vc="0" uspid="1267" ordinal="1" offset="7" sl="182" sc="13" el="182" ec="54" bec="0" bev="0" fileid="35" />
                <SequencePoint vc="0" uspid="1268" ordinal="2" offset="20" sl="183" sc="13" el="184" ec="82" bec="0" bev="0" fileid="35" />
                <SequencePoint vc="0" uspid="1269" ordinal="3" offset="52" sl="186" sc="13" el="186" ec="25" bec="0" bev="0" fileid="35" />
                <SequencePoint vc="0" uspid="1270" ordinal="4" offset="59" sl="188" sc="9" el="188" ec="10" bec="0" bev="0" fileid="35" />
              </SequencePoints>
              <BranchPoints />
              <MethodPoint vc="0" uspid="1271" ordinal="0" offset="0" />
            </Method>
            <Method visited="false" cyclomaticComplexity="3" nPathComplexity="4" sequenceCoverage="0" branchCoverage="0" crapScore="12" isConstructor="false" isStatic="true" isGetter="false" isSetter="false">
              <Summary numSequencePoints="8" visitedSequencePoints="0" numBranchPoints="5" visitedBranchPoints="0" sequenceCoverage="0" branchCoverage="0" maxCyclomaticComplexity="3" minCyclomaticComplexity="3" maxCrapScore="12" minCrapScore="12" visitedClasses="0" numClasses="0" visitedMethods="0" numMethods="1" />
              <MetadataToken>100663485</MetadataToken>
              <Name>System.IO.Paging.PhysicalLevel.Configuration.Builder.IVariableSizeRecordDefinition`1&lt;Test.Paging.PhysicalLevel.TestRecord&gt; Test.Paging.PhysicalLevel.Configurations.ConfigurationBuilderTest::VariableRecordDefinitionCommon()</Name>
              <FileRef uid="35" />
              <SequencePoints>
                <SequencePoint vc="0" uspid="1272" ordinal="0" offset="6" sl="193" sc="9" el="193" ec="10" bec="0" bev="0" fileid="35" />
                <SequencePoint vc="0" uspid="1273" ordinal="1" offset="9" sl="204" sc="13" el="204" ec="41" bec="0" bev="0" fileid="35" />
                <SequencePoint vc="0" uspid="1274" ordinal="2" offset="21" sl="205" sc="13" el="205" ec="74" bec="0" bev="0" fileid="35" />
                <SequencePoint vc="0" uspid="1275" ordinal="3" offset="32" sl="206" sc="13" el="213" ec="20" bec="2" bev="0" fileid="35" />
                <SequencePoint vc="0" uspid="1276" ordinal="4" offset="204" sl="215" sc="13" el="221" ec="16" bec="2" bev="0" fileid="35" />
                <SequencePoint vc="0" uspid="1277" ordinal="5" offset="376" sl="222" sc="13" el="222" ec="89" bec="0" bev="0" fileid="35" />
                <SequencePoint vc="0" uspid="1278" ordinal="6" offset="498" sl="223" sc="13" el="223" ec="23" bec="0" bev="0" fileid="35" />
                <SequencePoint vc="0" uspid="1279" ordinal="7" offset="507" sl="224" sc="9" el="224" ec="10" bec="0" bev="0" fileid="35" />
              </SequencePoints>
              <BranchPoints>
                <BranchPoint vc="0" uspid="1280" ordinal="0" offset="173" sl="206" path="0" offsetend="175" fileid="35" />
                <BranchPoint vc="0" uspid="1281" ordinal="1" offset="173" sl="206" path="1" offsetend="198" fileid="35" />
                <BranchPoint vc="0" uspid="1282" ordinal="2" offset="345" sl="215" path="0" offsetend="347" fileid="35" />
                <BranchPoint vc="0" uspid="1283" ordinal="3" offset="345" sl="215" path="1" offsetend="370" fileid="35" />
              </BranchPoints>
              <MethodPoint vc="0" uspid="1284" ordinal="0" offset="0" />
            </Method>
            <Method visited="false" cyclomaticComplexity="2" nPathComplexity="2" sequenceCoverage="0" branchCoverage="0" crapScore="6" isConstructor="false" isStatic="true" isGetter="false" isSetter="false">
              <Summary numSequencePoints="26" visitedSequencePoints="0" numBranchPoints="3" visitedBranchPoints="0" sequenceCoverage="0" branchCoverage="0" maxCyclomaticComplexity="2" minCyclomaticComplexity="2" maxCrapScore="6" minCrapScore="6" visitedClasses="0" numClasses="0" visitedMethods="0" numMethods="1" />
              <MetadataToken>100663486</MetadataToken>
              <Name>System.Void Test.Paging.PhysicalLevel.Configurations.ConfigurationBuilderTest::VerifyVariableCommon(Test.Paging.PhysicalLevel.Configurations.TestingConfig,System.IO.Paging.PhysicalLevel.Configuration.Builder.LockRuleset,System.Boolean)</Name>
              <FileRef uid="35" />
              <SequencePoints>
                <SequencePoint vc="0" uspid="1285" ordinal="0" offset="0" sl="227" sc="9" el="227" ec="10" bec="0" bev="0" fileid="35" />
                <SequencePoint vc="0" uspid="1286" ordinal="1" offset="1" sl="228" sc="13" el="228" ec="50" bec="0" bev="0" fileid="35" />
                <SequencePoint vc="0" uspid="1287" ordinal="2" offset="19" sl="229" sc="13" el="229" ec="54" bec="0" bev="0" fileid="35" />
                <SequencePoint vc="0" uspid="1288" ordinal="3" offset="37" sl="230" sc="13" el="230" ec="35" bec="0" bev="0" fileid="35" />
                <SequencePoint vc="0" uspid="1289" ordinal="4" offset="50" sl="231" sc="13" el="231" ec="63" bec="0" bev="0" fileid="35" />
                <SequencePoint vc="0" uspid="1290" ordinal="5" offset="72" sl="232" sc="13" el="232" ec="31" bec="2" bev="0" fileid="35" />
                <SequencePoint vc="0" uspid="1291" ordinal="6" offset="82" sl="233" sc="13" el="233" ec="14" bec="0" bev="0" fileid="35" />
                <SequencePoint vc="0" uspid="1292" ordinal="7" offset="83" sl="234" sc="17" el="234" ec="109" bec="0" bev="0" fileid="35" />
                <SequencePoint vc="0" uspid="1293" ordinal="8" offset="101" sl="235" sc="13" el="235" ec="14" bec="0" bev="0" fileid="35" />
                <SequencePoint vc="0" uspid="1294" ordinal="9" offset="104" sl="237" sc="13" el="237" ec="14" bec="0" bev="0" fileid="35" />
                <SequencePoint vc="0" uspid="1295" ordinal="10" offset="105" sl="238" sc="17" el="238" ec="118" bec="0" bev="0" fileid="35" />
                <SequencePoint vc="0" uspid="1296" ordinal="11" offset="123" sl="239" sc="17" el="239" ec="78" bec="0" bev="0" fileid="35" />
                <SequencePoint vc="0" uspid="1297" ordinal="12" offset="141" sl="240" sc="13" el="240" ec="14" bec="0" bev="0" fileid="35" />
                <SequencePoint vc="0" uspid="1298" ordinal="13" offset="142" sl="241" sc="13" el="241" ec="97" bec="0" bev="0" fileid="35" />
                <SequencePoint vc="0" uspid="1299" ordinal="14" offset="159" sl="242" sc="13" el="242" ec="75" bec="0" bev="0" fileid="35" />
                <SequencePoint vc="0" uspid="1300" ordinal="15" offset="166" sl="243" sc="13" el="243" ec="44" bec="0" bev="0" fileid="35" />
                <SequencePoint vc="0" uspid="1301" ordinal="16" offset="178" sl="244" sc="13" el="244" ec="59" bec="0" bev="0" fileid="35" />
                <SequencePoint vc="0" uspid="1302" ordinal="17" offset="191" sl="246" sc="13" el="246" ec="35" bec="0" bev="0" fileid="35" />
                <SequencePoint vc="0" uspid="1303" ordinal="18" offset="198" sl="248" sc="13" el="248" ec="66" bec="0" bev="0" fileid="35" />
                <SequencePoint vc="0" uspid="1304" ordinal="19" offset="222" sl="249" sc="13" el="249" ec="33" bec="0" bev="0" fileid="35" />
                <SequencePoint vc="0" uspid="1305" ordinal="20" offset="229" sl="250" sc="13" el="250" ec="42" bec="0" bev="0" fileid="35" />
                <SequencePoint vc="0" uspid="1306" ordinal="21" offset="237" sl="251" sc="13" el="251" ec="37" bec="0" bev="0" fileid="35" />
                <SequencePoint vc="0" uspid="1307" ordinal="22" offset="247" sl="252" sc="13" el="252" ec="38" bec="0" bev="0" fileid="35" />
                <SequencePoint vc="0" uspid="1308" ordinal="23" offset="257" sl="253" sc="13" el="253" ec="41" bec="0" bev="0" fileid="35" />
                <SequencePoint vc="0" uspid="1309" ordinal="24" offset="267" sl="254" sc="13" el="254" ec="38" bec="0" bev="0" fileid="35" />
                <SequencePoint vc="0" uspid="1310" ordinal="25" offset="277" sl="255" sc="9" el="255" ec="10" bec="0" bev="0" fileid="35" />
              </SequencePoints>
              <BranchPoints>
                <BranchPoint vc="0" uspid="1311" ordinal="0" offset="80" sl="232" path="0" offsetend="82" fileid="35" />
                <BranchPoint vc="0" uspid="1312" ordinal="1" offset="80" sl="232" path="1" offsetend="104" fileid="35" />
              </BranchPoints>
              <MethodPoint xsi:type="SequencePoint" vc="0" uspid="1285" ordinal="0" offset="0" sl="227" sc="9" el="227" ec="10" bec="0" bev="0" fileid="35" />
            </Method>
            <Method visited="false" cyclomaticComplexity="2" nPathComplexity="2" sequenceCoverage="0" branchCoverage="0" crapScore="6" isConstructor="false" isStatic="true" isGetter="false" isSetter="false">
              <Summary numSequencePoints="22" visitedSequencePoints="0" numBranchPoints="3" visitedBranchPoints="0" sequenceCoverage="0" branchCoverage="0" maxCyclomaticComplexity="2" minCyclomaticComplexity="2" maxCrapScore="6" minCrapScore="6" visitedClasses="0" numClasses="0" visitedMethods="0" numMethods="1" />
              <MetadataToken>100663487</MetadataToken>
              <Name>System.Void Test.Paging.PhysicalLevel.Configurations.ConfigurationBuilderTest::VerifyFixedRecordCommon(Test.Paging.PhysicalLevel.Configurations.TestingConfig,System.IO.Paging.PhysicalLevel.Configuration.Builder.LockRuleset,System.Int32)</Name>
              <FileRef uid="35" />
              <SequencePoints>
                <SequencePoint vc="0" uspid="1313" ordinal="0" offset="0" sl="258" sc="9" el="258" ec="10" bec="0" bev="0" fileid="35" />
                <SequencePoint vc="0" uspid="1314" ordinal="1" offset="1" sl="259" sc="13" el="259" ec="50" bec="0" bev="0" fileid="35" />
                <SequencePoint vc="0" uspid="1315" ordinal="2" offset="19" sl="260" sc="13" el="260" ec="54" bec="0" bev="0" fileid="35" />
                <SequencePoint vc="0" uspid="1316" ordinal="3" offset="37" sl="261" sc="13" el="261" ec="35" bec="0" bev="0" fileid="35" />
                <SequencePoint vc="0" uspid="1317" ordinal="4" offset="50" sl="262" sc="13" el="262" ec="63" bec="0" bev="0" fileid="35" />
                <SequencePoint vc="0" uspid="1318" ordinal="5" offset="72" sl="263" sc="13" el="263" ec="35" bec="2" bev="0" fileid="35" />
                <SequencePoint vc="0" uspid="1319" ordinal="6" offset="82" sl="264" sc="17" el="264" ec="109" bec="0" bev="0" fileid="35" />
                <SequencePoint vc="0" uspid="1320" ordinal="7" offset="102" sl="266" sc="13" el="266" ec="14" bec="0" bev="0" fileid="35" />
                <SequencePoint vc="0" uspid="1321" ordinal="8" offset="103" sl="267" sc="17" el="267" ec="118" bec="0" bev="0" fileid="35" />
                <SequencePoint vc="0" uspid="1322" ordinal="9" offset="121" sl="268" sc="17" el="268" ec="82" bec="0" bev="0" fileid="35" />
                <SequencePoint vc="0" uspid="1323" ordinal="10" offset="139" sl="269" sc="13" el="269" ec="14" bec="0" bev="0" fileid="35" />
                <SequencePoint vc="0" uspid="1324" ordinal="11" offset="140" sl="270" sc="13" el="270" ec="94" bec="0" bev="0" fileid="35" />
                <SequencePoint vc="0" uspid="1325" ordinal="12" offset="157" sl="271" sc="13" el="271" ec="72" bec="0" bev="0" fileid="35" />
                <SequencePoint vc="0" uspid="1326" ordinal="13" offset="164" sl="272" sc="13" el="272" ec="44" bec="0" bev="0" fileid="35" />
                <SequencePoint vc="0" uspid="1327" ordinal="14" offset="176" sl="273" sc="13" el="273" ec="63" bec="0" bev="0" fileid="35" />
                <SequencePoint vc="0" uspid="1328" ordinal="15" offset="194" sl="274" sc="13" el="274" ec="33" bec="0" bev="0" fileid="35" />
                <SequencePoint vc="0" uspid="1329" ordinal="16" offset="201" sl="275" sc="13" el="275" ec="42" bec="0" bev="0" fileid="35" />
                <SequencePoint vc="0" uspid="1330" ordinal="17" offset="209" sl="276" sc="13" el="276" ec="47" bec="0" bev="0" fileid="35" />
                <SequencePoint vc="0" uspid="1331" ordinal="18" offset="224" sl="277" sc="13" el="277" ec="38" bec="0" bev="0" fileid="35" />
                <SequencePoint vc="0" uspid="1332" ordinal="19" offset="234" sl="278" sc="13" el="278" ec="51" bec="0" bev="0" fileid="35" />
                <SequencePoint vc="0" uspid="1333" ordinal="20" offset="249" sl="279" sc="13" el="279" ec="38" bec="0" bev="0" fileid="35" />
                <SequencePoint vc="0" uspid="1334" ordinal="21" offset="259" sl="280" sc="9" el="280" ec="10" bec="0" bev="0" fileid="35" />
              </SequencePoints>
              <BranchPoints>
                <BranchPoint vc="0" uspid="1335" ordinal="0" offset="80" sl="263" path="0" offsetend="82" fileid="35" />
                <BranchPoint vc="0" uspid="1336" ordinal="1" offset="80" sl="263" path="1" offsetend="102" fileid="35" />
              </BranchPoints>
              <MethodPoint xsi:type="SequencePoint" vc="0" uspid="1313" ordinal="0" offset="0" sl="258" sc="9" el="258" ec="10" bec="0" bev="0" fileid="35" />
            </Method>
            <Method visited="false" cyclomaticComplexity="1" nPathComplexity="0" sequenceCoverage="0" branchCoverage="0" crapScore="2" isConstructor="false" isStatic="true" isGetter="false" isSetter="false">
              <Summary numSequencePoints="17" visitedSequencePoints="0" numBranchPoints="1" visitedBranchPoints="0" sequenceCoverage="0" branchCoverage="0" maxCyclomaticComplexity="1" minCyclomaticComplexity="1" maxCrapScore="2" minCrapScore="2" visitedClasses="0" numClasses="0" visitedMethods="0" numMethods="1" />
              <MetadataToken>100663488</MetadataToken>
              <Name>System.Void Test.Paging.PhysicalLevel.Configurations.ConfigurationBuilderTest::VerifyImageRecordCommon(Test.Paging.PhysicalLevel.Configurations.TestingConfig)</Name>
              <FileRef uid="35" />
              <SequencePoints>
                <SequencePoint vc="0" uspid="1337" ordinal="0" offset="0" sl="283" sc="9" el="283" ec="10" bec="0" bev="0" fileid="35" />
                <SequencePoint vc="0" uspid="1338" ordinal="1" offset="1" sl="284" sc="13" el="284" ec="50" bec="0" bev="0" fileid="35" />
                <SequencePoint vc="0" uspid="1339" ordinal="2" offset="19" sl="285" sc="13" el="285" ec="54" bec="0" bev="0" fileid="35" />
                <SequencePoint vc="0" uspid="1340" ordinal="3" offset="37" sl="286" sc="13" el="286" ec="35" bec="0" bev="0" fileid="35" />
                <SequencePoint vc="0" uspid="1341" ordinal="4" offset="50" sl="287" sc="13" el="287" ec="63" bec="0" bev="0" fileid="35" />
                <SequencePoint vc="0" uspid="1342" ordinal="5" offset="72" sl="289" sc="17" el="289" ec="109" bec="0" bev="0" fileid="35" />
                <SequencePoint vc="0" uspid="1343" ordinal="6" offset="90" sl="291" sc="13" el="291" ec="88" bec="0" bev="0" fileid="35" />
                <SequencePoint vc="0" uspid="1344" ordinal="7" offset="107" sl="292" sc="13" el="292" ec="66" bec="0" bev="0" fileid="35" />
                <SequencePoint vc="0" uspid="1345" ordinal="8" offset="114" sl="293" sc="13" el="293" ec="44" bec="0" bev="0" fileid="35" />
                <SequencePoint vc="0" uspid="1346" ordinal="9" offset="126" sl="294" sc="13" el="294" ec="64" bec="0" bev="0" fileid="35" />
                <SequencePoint vc="0" uspid="1347" ordinal="10" offset="149" sl="295" sc="13" el="295" ec="33" bec="0" bev="0" fileid="35" />
                <SequencePoint vc="0" uspid="1348" ordinal="11" offset="156" sl="296" sc="13" el="296" ec="42" bec="0" bev="0" fileid="35" />
                <SequencePoint vc="0" uspid="1349" ordinal="12" offset="164" sl="297" sc="13" el="297" ec="47" bec="0" bev="0" fileid="35" />
                <SequencePoint vc="0" uspid="1350" ordinal="13" offset="179" sl="298" sc="13" el="298" ec="38" bec="0" bev="0" fileid="35" />
                <SequencePoint vc="0" uspid="1351" ordinal="14" offset="189" sl="299" sc="13" el="299" ec="51" bec="0" bev="0" fileid="35" />
                <SequencePoint vc="0" uspid="1352" ordinal="15" offset="204" sl="300" sc="13" el="300" ec="38" bec="0" bev="0" fileid="35" />
                <SequencePoint vc="0" uspid="1353" ordinal="16" offset="214" sl="301" sc="9" el="301" ec="10" bec="0" bev="0" fileid="35" />
              </SequencePoints>
              <BranchPoints />
              <MethodPoint xsi:type="SequencePoint" vc="0" uspid="1337" ordinal="0" offset="0" sl="283" sc="9" el="283" ec="10" bec="0" bev="0" fileid="35" />
            </Method>
            <Method visited="false" cyclomaticComplexity="3" nPathComplexity="4" sequenceCoverage="0" branchCoverage="0" crapScore="12" isConstructor="false" isStatic="false" isGetter="false" isSetter="false">
              <Summary numSequencePoints="12" visitedSequencePoints="0" numBranchPoints="5" visitedBranchPoints="0" sequenceCoverage="0" branchCoverage="0" maxCyclomaticComplexity="3" minCyclomaticComplexity="3" maxCrapScore="12" minCrapScore="12" visitedClasses="0" numClasses="0" visitedMethods="0" numMethods="1" />
              <MetadataToken>100663489</MetadataToken>
              <Name>System.Void Test.Paging.PhysicalLevel.Configurations.ConfigurationBuilderTest::DefineOnlyNumberTypeAndFixedRecordAlt()</Name>
              <FileRef uid="35" />
              <SequencePoints>
                <SequencePoint vc="0" uspid="1354" ordinal="0" offset="6" sl="305" sc="9" el="305" ec="10" bec="0" bev="0" fileid="35" />
                <SequencePoint vc="0" uspid="1355" ordinal="1" offset="7" sl="306" sc="13" el="306" ec="87" bec="2" bev="0" fileid="35" />
                <SequencePoint vc="0" uspid="1356" ordinal="2" offset="44" sl="307" sc="13" el="307" ec="87" bec="2" bev="0" fileid="35" />
                <SequencePoint vc="0" uspid="1357" ordinal="3" offset="81" sl="308" sc="13" el="308" ec="79" bec="0" bev="0" fileid="35" />
                <SequencePoint vc="0" uspid="1358" ordinal="4" offset="92" sl="309" sc="13" el="309" ec="42" bec="0" bev="0" fileid="35" />
                <SequencePoint vc="0" uspid="1359" ordinal="5" offset="104" sl="310" sc="13" el="317" ec="19" bec="0" bev="0" fileid="35" />
                <SequencePoint vc="0" uspid="1360" ordinal="6" offset="257" sl="318" sc="13" el="324" ec="32" bec="0" bev="0" fileid="35" />
                <SequencePoint vc="0" uspid="1361" ordinal="7" offset="410" sl="325" sc="13" el="325" ec="57" bec="0" bev="0" fileid="35" />
                <SequencePoint vc="0" uspid="1362" ordinal="8" offset="489" sl="326" sc="13" el="327" ec="99" bec="0" bev="0" fileid="35" />
                <SequencePoint vc="0" uspid="1363" ordinal="9" offset="521" sl="329" sc="13" el="329" ec="25" bec="0" bev="0" fileid="35" />
                <SequencePoint vc="0" uspid="1364" ordinal="10" offset="528" sl="331" sc="13" el="331" ec="41" bec="0" bev="0" fileid="35" />
                <SequencePoint vc="0" uspid="1365" ordinal="11" offset="538" sl="332" sc="9" el="332" ec="10" bec="0" bev="0" fileid="35" />
              </SequencePoints>
              <BranchPoints>
                <BranchPoint vc="0" uspid="1366" ordinal="0" offset="14" sl="306" path="0" offsetend="16" fileid="35" />
                <BranchPoint vc="0" uspid="1367" ordinal="1" offset="14" sl="306" path="1" offsetend="39" fileid="35" />
                <BranchPoint vc="0" uspid="1368" ordinal="2" offset="51" sl="307" path="0" offsetend="53" fileid="35" />
                <BranchPoint vc="0" uspid="1369" ordinal="3" offset="51" sl="307" path="1" offsetend="76" fileid="35" />
              </BranchPoints>
              <MethodPoint vc="0" uspid="1370" ordinal="0" offset="0" />
            </Method>
            <Method visited="false" cyclomaticComplexity="3" nPathComplexity="4" sequenceCoverage="0" branchCoverage="0" crapScore="12" isConstructor="false" isStatic="false" isGetter="false" isSetter="false">
              <Summary numSequencePoints="13" visitedSequencePoints="0" numBranchPoints="5" visitedBranchPoints="0" sequenceCoverage="0" branchCoverage="0" maxCyclomaticComplexity="3" minCyclomaticComplexity="3" maxCrapScore="12" minCrapScore="12" visitedClasses="0" numClasses="0" visitedMethods="0" numMethods="1" />
              <MetadataToken>100663490</MetadataToken>
              <Name>System.Void Test.Paging.PhysicalLevel.Configurations.ConfigurationBuilderTest::DefineOnlyNumberTypeAndFixedRecordAndConsistency()</Name>
              <FileRef uid="35" />
              <SequencePoints>
                <SequencePoint vc="0" uspid="1371" ordinal="0" offset="6" sl="337" sc="9" el="337" ec="10" bec="0" bev="0" fileid="35" />
                <SequencePoint vc="0" uspid="1372" ordinal="1" offset="7" sl="338" sc="13" el="338" ec="87" bec="2" bev="0" fileid="35" />
                <SequencePoint vc="0" uspid="1373" ordinal="2" offset="44" sl="339" sc="13" el="339" ec="87" bec="2" bev="0" fileid="35" />
                <SequencePoint vc="0" uspid="1374" ordinal="3" offset="81" sl="340" sc="13" el="340" ec="79" bec="0" bev="0" fileid="35" />
                <SequencePoint vc="0" uspid="1375" ordinal="4" offset="92" sl="341" sc="13" el="341" ec="42" bec="0" bev="0" fileid="35" />
                <SequencePoint vc="0" uspid="1376" ordinal="5" offset="104" sl="342" sc="13" el="349" ec="31" bec="0" bev="0" fileid="35" />
                <SequencePoint vc="0" uspid="1377" ordinal="6" offset="257" sl="350" sc="13" el="355" ec="16" bec="0" bev="0" fileid="35" />
                <SequencePoint vc="0" uspid="1378" ordinal="7" offset="410" sl="356" sc="13" el="356" ec="57" bec="0" bev="0" fileid="35" />
                <SequencePoint vc="0" uspid="1379" ordinal="8" offset="489" sl="357" sc="13" el="357" ec="47" bec="0" bev="0" fileid="35" />
                <SequencePoint vc="0" uspid="1380" ordinal="9" offset="500" sl="358" sc="13" el="361" ec="53" bec="0" bev="0" fileid="35" />
                <SequencePoint vc="0" uspid="1381" ordinal="10" offset="532" sl="363" sc="13" el="363" ec="25" bec="0" bev="0" fileid="35" />
                <SequencePoint vc="0" uspid="1382" ordinal="11" offset="539" sl="365" sc="13" el="365" ec="48" bec="0" bev="0" fileid="35" />
                <SequencePoint vc="0" uspid="1383" ordinal="12" offset="554" sl="366" sc="9" el="366" ec="10" bec="0" bev="0" fileid="35" />
              </SequencePoints>
              <BranchPoints>
                <BranchPoint vc="0" uspid="1384" ordinal="0" offset="14" sl="338" path="0" offsetend="16" fileid="35" />
                <BranchPoint vc="0" uspid="1385" ordinal="1" offset="14" sl="338" path="1" offsetend="39" fileid="35" />
                <BranchPoint vc="0" uspid="1386" ordinal="2" offset="51" sl="339" path="0" offsetend="53" fileid="35" />
                <BranchPoint vc="0" uspid="1387" ordinal="3" offset="51" sl="339" path="1" offsetend="76" fileid="35" />
              </BranchPoints>
              <MethodPoint vc="0" uspid="1388" ordinal="0" offset="0" />
            </Method>
            <Method visited="false" cyclomaticComplexity="1" nPathComplexity="0" sequenceCoverage="0" branchCoverage="0" crapScore="2" isConstructor="false" isStatic="false" isGetter="false" isSetter="false">
              <Summary numSequencePoints="8" visitedSequencePoints="0" numBranchPoints="1" visitedBranchPoints="0" sequenceCoverage="0" branchCoverage="0" maxCyclomaticComplexity="1" minCyclomaticComplexity="1" maxCrapScore="2" minCrapScore="2" visitedClasses="0" numClasses="0" visitedMethods="0" numMethods="1" />
              <MetadataToken>100663491</MetadataToken>
              <Name>System.Void Test.Paging.PhysicalLevel.Configurations.ConfigurationBuilderTest::DefineOnlyNumberTypeAndFixedRecordAndHeaders()</Name>
              <FileRef uid="35" />
              <SequencePoints>
                <SequencePoint vc="0" uspid="1389" ordinal="0" offset="6" sl="370" sc="9" el="370" ec="10" bec="0" bev="0" fileid="35" />
                <SequencePoint vc="0" uspid="1390" ordinal="1" offset="7" sl="371" sc="13" el="371" ec="46" bec="0" bev="0" fileid="35" />
                <SequencePoint vc="0" uspid="1391" ordinal="2" offset="18" sl="373" sc="13" el="373" ec="60" bec="0" bev="0" fileid="35" />
                <SequencePoint vc="0" uspid="1392" ordinal="3" offset="31" sl="375" sc="13" el="378" ec="37" bec="0" bev="0" fileid="35" />
                <SequencePoint vc="0" uspid="1393" ordinal="4" offset="63" sl="380" sc="13" el="380" ec="25" bec="0" bev="0" fileid="35" />
                <SequencePoint vc="0" uspid="1394" ordinal="5" offset="70" sl="382" sc="13" el="382" ec="41" bec="0" bev="0" fileid="35" />
                <SequencePoint vc="0" uspid="1395" ordinal="6" offset="80" sl="384" sc="13" el="384" ec="36" bec="0" bev="0" fileid="35" />
                <SequencePoint vc="0" uspid="1396" ordinal="7" offset="87" sl="385" sc="9" el="385" ec="10" bec="0" bev="0" fileid="35" />
              </SequencePoints>
              <BranchPoints />
              <MethodPoint vc="0" uspid="1397" ordinal="0" offset="0" />
            </Method>
            <Method visited="false" cyclomaticComplexity="1" nPathComplexity="0" sequenceCoverage="0" branchCoverage="0" crapScore="2" isConstructor="false" isStatic="false" isGetter="false" isSetter="false">
              <Summary numSequencePoints="9" visitedSequencePoints="0" numBranchPoints="1" visitedBranchPoints="0" sequenceCoverage="0" branchCoverage="0" maxCyclomaticComplexity="1" minCyclomaticComplexity="1" maxCrapScore="2" minCrapScore="2" visitedClasses="0" numClasses="0" visitedMethods="0" numMethods="1" />
              <MetadataToken>100663492</MetadataToken>
              <Name>System.Void Test.Paging.PhysicalLevel.Configurations.ConfigurationBuilderTest::DefineOnlyNumberTypeAndFixedRecordAndHeadersAndConsitency()</Name>
              <FileRef uid="35" />
              <SequencePoints>
                <SequencePoint vc="0" uspid="1398" ordinal="0" offset="6" sl="389" sc="9" el="389" ec="10" bec="0" bev="0" fileid="35" />
                <SequencePoint vc="0" uspid="1399" ordinal="1" offset="7" sl="390" sc="13" el="390" ec="46" bec="0" bev="0" fileid="35" />
                <SequencePoint vc="0" uspid="1400" ordinal="2" offset="18" sl="392" sc="13" el="392" ec="60" bec="0" bev="0" fileid="35" />
                <SequencePoint vc="0" uspid="1401" ordinal="3" offset="31" sl="393" sc="13" el="393" ec="47" bec="0" bev="0" fileid="35" />
                <SequencePoint vc="0" uspid="1402" ordinal="4" offset="42" sl="394" sc="13" el="398" ec="37" bec="0" bev="0" fileid="35" />
                <SequencePoint vc="0" uspid="1403" ordinal="5" offset="74" sl="400" sc="13" el="400" ec="25" bec="0" bev="0" fileid="35" />
                <SequencePoint vc="0" uspid="1404" ordinal="6" offset="81" sl="402" sc="13" el="402" ec="48" bec="0" bev="0" fileid="35" />
                <SequencePoint vc="0" uspid="1405" ordinal="7" offset="96" sl="404" sc="13" el="404" ec="36" bec="0" bev="0" fileid="35" />
                <SequencePoint vc="0" uspid="1406" ordinal="8" offset="103" sl="405" sc="9" el="405" ec="10" bec="0" bev="0" fileid="35" />
              </SequencePoints>
              <BranchPoints />
              <MethodPoint vc="0" uspid="1407" ordinal="0" offset="0" />
            </Method>
            <Method visited="false" cyclomaticComplexity="1" nPathComplexity="0" sequenceCoverage="0" branchCoverage="0" crapScore="2" isConstructor="false" isStatic="false" isGetter="false" isSetter="false">
              <Summary numSequencePoints="9" visitedSequencePoints="0" numBranchPoints="1" visitedBranchPoints="0" sequenceCoverage="0" branchCoverage="0" maxCyclomaticComplexity="1" minCyclomaticComplexity="1" maxCrapScore="2" minCrapScore="2" visitedClasses="0" numClasses="0" visitedMethods="0" numMethods="1" />
              <MetadataToken>100663493</MetadataToken>
              <Name>System.Void Test.Paging.PhysicalLevel.Configurations.ConfigurationBuilderTest::DefineOnlyNumberTypeAndFixedRecordAndHeadersAndConsitency2()</Name>
              <FileRef uid="35" />
              <SequencePoints>
                <SequencePoint vc="0" uspid="1408" ordinal="0" offset="6" sl="409" sc="9" el="409" ec="10" bec="0" bev="0" fileid="35" />
                <SequencePoint vc="0" uspid="1409" ordinal="1" offset="7" sl="410" sc="13" el="410" ec="46" bec="0" bev="0" fileid="35" />
                <SequencePoint vc="0" uspid="1410" ordinal="2" offset="18" sl="412" sc="13" el="412" ec="60" bec="0" bev="0" fileid="35" />
                <SequencePoint vc="0" uspid="1411" ordinal="3" offset="31" sl="413" sc="13" el="413" ec="47" bec="0" bev="0" fileid="35" />
                <SequencePoint vc="0" uspid="1412" ordinal="4" offset="42" sl="414" sc="13" el="418" ec="46" bec="0" bev="0" fileid="35" />
                <SequencePoint vc="0" uspid="1413" ordinal="5" offset="74" sl="420" sc="13" el="420" ec="25" bec="0" bev="0" fileid="35" />
                <SequencePoint vc="0" uspid="1414" ordinal="6" offset="81" sl="422" sc="13" el="422" ec="48" bec="0" bev="0" fileid="35" />
                <SequencePoint vc="0" uspid="1415" ordinal="7" offset="96" sl="424" sc="13" el="424" ec="36" bec="0" bev="0" fileid="35" />
                <SequencePoint vc="0" uspid="1416" ordinal="8" offset="103" sl="425" sc="9" el="425" ec="10" bec="0" bev="0" fileid="35" />
              </SequencePoints>
              <BranchPoints />
              <MethodPoint vc="0" uspid="1417" ordinal="0" offset="0" />
            </Method>
            <Method visited="false" cyclomaticComplexity="1" nPathComplexity="0" sequenceCoverage="0" branchCoverage="0" crapScore="2" isConstructor="false" isStatic="true" isGetter="false" isSetter="false">
              <Summary numSequencePoints="15" visitedSequencePoints="0" numBranchPoints="1" visitedBranchPoints="0" sequenceCoverage="0" branchCoverage="0" maxCyclomaticComplexity="1" minCyclomaticComplexity="1" maxCrapScore="2" minCrapScore="2" visitedClasses="0" numClasses="0" visitedMethods="0" numMethods="1" />
              <MetadataToken>100663494</MetadataToken>
              <Name>System.Void Test.Paging.PhysicalLevel.Configurations.ConfigurationBuilderTest::VerifyHeaderCommon(Test.Paging.PhysicalLevel.Configurations.TestingConfig)</Name>
              <FileRef uid="35" />
              <SequencePoints>
                <SequencePoint vc="0" uspid="1418" ordinal="0" offset="0" sl="430" sc="9" el="430" ec="10" bec="0" bev="0" fileid="35" />
                <SequencePoint vc="0" uspid="1419" ordinal="1" offset="1" sl="431" sc="13" el="431" ec="55" bec="0" bev="0" fileid="35" />
                <SequencePoint vc="0" uspid="1420" ordinal="2" offset="19" sl="432" sc="13" el="432" ec="40" bec="0" bev="0" fileid="35" />
                <SequencePoint vc="0" uspid="1421" ordinal="3" offset="32" sl="433" sc="13" el="433" ec="60" bec="0" bev="0" fileid="35" />
                <SequencePoint vc="0" uspid="1422" ordinal="4" offset="56" sl="434" sc="13" el="434" ec="86" bec="0" bev="0" fileid="35" />
                <SequencePoint vc="0" uspid="1423" ordinal="5" offset="73" sl="435" sc="13" el="435" ec="64" bec="0" bev="0" fileid="35" />
                <SequencePoint vc="0" uspid="1424" ordinal="6" offset="80" sl="436" sc="13" el="436" ec="41" bec="0" bev="0" fileid="35" />
                <SequencePoint vc="0" uspid="1425" ordinal="7" offset="92" sl="437" sc="13" el="437" ec="52" bec="0" bev="0" fileid="35" />
                <SequencePoint vc="0" uspid="1426" ordinal="8" offset="111" sl="438" sc="13" el="438" ec="34" bec="0" bev="0" fileid="35" />
                <SequencePoint vc="0" uspid="1427" ordinal="9" offset="118" sl="439" sc="13" el="439" ec="51" bec="0" bev="0" fileid="35" />
                <SequencePoint vc="0" uspid="1428" ordinal="10" offset="131" sl="440" sc="13" el="440" ec="45" bec="0" bev="0" fileid="35" />
                <SequencePoint vc="0" uspid="1429" ordinal="11" offset="146" sl="441" sc="13" el="441" ec="39" bec="0" bev="0" fileid="35" />
                <SequencePoint vc="0" uspid="1430" ordinal="12" offset="156" sl="442" sc="13" el="442" ec="49" bec="0" bev="0" fileid="35" />
                <SequencePoint vc="0" uspid="1431" ordinal="13" offset="171" sl="443" sc="13" el="443" ec="39" bec="0" bev="0" fileid="35" />
                <SequencePoint vc="0" uspid="1432" ordinal="14" offset="181" sl="444" sc="9" el="444" ec="10" bec="0" bev="0" fileid="35" />
              </SequencePoints>
              <BranchPoints />
              <MethodPoint xsi:type="SequencePoint" vc="0" uspid="1418" ordinal="0" offset="0" sl="430" sc="9" el="430" ec="10" bec="0" bev="0" fileid="35" />
            </Method>
            <Method visited="false" cyclomaticComplexity="3" nPathComplexity="4" sequenceCoverage="0" branchCoverage="0" crapScore="12" isConstructor="false" isStatic="true" isGetter="false" isSetter="false">
              <Summary numSequencePoints="10" visitedSequencePoints="0" numBranchPoints="5" visitedBranchPoints="0" sequenceCoverage="0" branchCoverage="0" maxCyclomaticComplexity="3" minCyclomaticComplexity="3" maxCrapScore="12" minCrapScore="12" visitedClasses="0" numClasses="0" visitedMethods="0" numMethods="1" />
              <MetadataToken>100663495</MetadataToken>
              <Name>System.IO.Paging.PhysicalLevel.Configuration.Builder.IHeaderDefinition`1&lt;Test.Paging.PhysicalLevel.TestHeader&gt; Test.Paging.PhysicalLevel.Configurations.ConfigurationBuilderTest::CommonHeaderDefinition()</Name>
              <FileRef uid="35" />
              <SequencePoints>
                <SequencePoint vc="0" uspid="1433" ordinal="0" offset="6" sl="447" sc="9" el="447" ec="10" bec="0" bev="0" fileid="35" />
                <SequencePoint vc="0" uspid="1434" ordinal="1" offset="7" sl="448" sc="13" el="448" ec="87" bec="2" bev="0" fileid="35" />
                <SequencePoint vc="0" uspid="1435" ordinal="2" offset="44" sl="449" sc="13" el="449" ec="87" bec="2" bev="0" fileid="35" />
                <SequencePoint vc="0" uspid="1436" ordinal="3" offset="81" sl="450" sc="13" el="450" ec="61" bec="0" bev="0" fileid="35" />
                <SequencePoint vc="0" uspid="1437" ordinal="4" offset="92" sl="451" sc="13" el="451" ec="42" bec="0" bev="0" fileid="35" />
                <SequencePoint vc="0" uspid="1438" ordinal="5" offset="99" sl="452" sc="13" el="459" ec="31" bec="0" bev="0" fileid="35" />
                <SequencePoint vc="0" uspid="1439" ordinal="6" offset="252" sl="460" sc="13" el="465" ec="16" bec="0" bev="0" fileid="35" />
                <SequencePoint vc="0" uspid="1440" ordinal="7" offset="405" sl="466" sc="13" el="466" ec="48" bec="0" bev="0" fileid="35" />
                <SequencePoint vc="0" uspid="1441" ordinal="8" offset="484" sl="467" sc="13" el="467" ec="22" bec="0" bev="0" fileid="35" />
                <SequencePoint vc="0" uspid="1442" ordinal="9" offset="493" sl="468" sc="9" el="468" ec="10" bec="0" bev="0" fileid="35" />
              </SequencePoints>
              <BranchPoints>
                <BranchPoint vc="0" uspid="1443" ordinal="0" offset="14" sl="448" path="0" offsetend="16" fileid="35" />
                <BranchPoint vc="0" uspid="1444" ordinal="1" offset="14" sl="448" path="1" offsetend="39" fileid="35" />
                <BranchPoint vc="0" uspid="1445" ordinal="2" offset="51" sl="449" path="0" offsetend="53" fileid="35" />
                <BranchPoint vc="0" uspid="1446" ordinal="3" offset="51" sl="449" path="1" offsetend="76" fileid="35" />
              </BranchPoints>
              <MethodPoint vc="0" uspid="1447" ordinal="0" offset="0" />
            </Method>
            <Method visited="false" cyclomaticComplexity="3" nPathComplexity="4" sequenceCoverage="0" branchCoverage="0" crapScore="12" isConstructor="false" isStatic="true" isGetter="false" isSetter="false">
              <Summary numSequencePoints="11" visitedSequencePoints="0" numBranchPoints="5" visitedBranchPoints="0" sequenceCoverage="0" branchCoverage="0" maxCyclomaticComplexity="3" minCyclomaticComplexity="3" maxCrapScore="12" minCrapScore="12" visitedClasses="0" numClasses="0" visitedMethods="0" numMethods="1" />
              <MetadataToken>100663496</MetadataToken>
              <Name>System.IO.Paging.PhysicalLevel.Configuration.Builder.IFixedSizeRecordDefinition`1&lt;Test.Paging.PhysicalLevel.TestRecord&gt; Test.Paging.PhysicalLevel.Configurations.ConfigurationBuilderTest::CommonFixedRecordDefinition(System.Int32)</Name>
              <FileRef uid="35" />
              <SequencePoints>
                <SequencePoint vc="0" uspid="1448" ordinal="0" offset="6" sl="471" sc="9" el="471" ec="10" bec="0" bev="0" fileid="35" />
                <SequencePoint vc="0" uspid="1449" ordinal="1" offset="7" sl="472" sc="13" el="472" ec="87" bec="2" bev="0" fileid="35" />
                <SequencePoint vc="0" uspid="1450" ordinal="2" offset="44" sl="473" sc="13" el="473" ec="87" bec="2" bev="0" fileid="35" />
                <SequencePoint vc="0" uspid="1451" ordinal="3" offset="81" sl="474" sc="13" el="474" ec="79" bec="0" bev="0" fileid="35" />
                <SequencePoint vc="0" uspid="1452" ordinal="4" offset="92" sl="475" sc="13" el="475" ec="42" bec="0" bev="0" fileid="35" />
                <SequencePoint vc="0" uspid="1453" ordinal="5" offset="104" sl="476" sc="13" el="483" ec="31" bec="0" bev="0" fileid="35" />
                <SequencePoint vc="0" uspid="1454" ordinal="6" offset="257" sl="483" sc="32" el="483" ec="33" bec="0" bev="0" fileid="35" />
                <SequencePoint vc="0" uspid="1455" ordinal="7" offset="258" sl="484" sc="13" el="489" ec="16" bec="0" bev="0" fileid="35" />
                <SequencePoint vc="0" uspid="1456" ordinal="8" offset="411" sl="490" sc="13" el="490" ec="59" bec="0" bev="0" fileid="35" />
                <SequencePoint vc="0" uspid="1457" ordinal="9" offset="489" sl="491" sc="13" el="491" ec="31" bec="0" bev="0" fileid="35" />
                <SequencePoint vc="0" uspid="1458" ordinal="10" offset="498" sl="492" sc="9" el="492" ec="10" bec="0" bev="0" fileid="35" />
              </SequencePoints>
              <BranchPoints>
                <BranchPoint vc="0" uspid="1459" ordinal="0" offset="14" sl="472" path="0" offsetend="16" fileid="35" />
                <BranchPoint vc="0" uspid="1460" ordinal="1" offset="14" sl="472" path="1" offsetend="39" fileid="35" />
                <BranchPoint vc="0" uspid="1461" ordinal="2" offset="51" sl="473" path="0" offsetend="53" fileid="35" />
                <BranchPoint vc="0" uspid="1462" ordinal="3" offset="51" sl="473" path="1" offsetend="76" fileid="35" />
              </BranchPoints>
              <MethodPoint vc="0" uspid="1463" ordinal="0" offset="0" />
            </Method>
            <Method visited="false" cyclomaticComplexity="1" nPathComplexity="0" sequenceCoverage="0" branchCoverage="0" crapScore="2" isConstructor="true" isStatic="false" isGetter="false" isSetter="false">
              <Summary numSequencePoints="0" visitedSequencePoints="0" numBranchPoints="0" visitedBranchPoints="0" sequenceCoverage="0" branchCoverage="0" maxCyclomaticComplexity="1" minCyclomaticComplexity="1" maxCrapScore="2" minCrapScore="2" visitedClasses="0" numClasses="0" visitedMethods="0" numMethods="0" />
              <MetadataToken>100663497</MetadataToken>
              <Name>System.Void Test.Paging.PhysicalLevel.Configurations.ConfigurationBuilderTest::.ctor()</Name>
              <SequencePoints />
              <BranchPoints />
              <MethodPoint vc="0" uspid="1464" ordinal="0" offset="0" />
            </Method>
            <Method visited="false" cyclomaticComplexity="1" nPathComplexity="0" sequenceCoverage="0" branchCoverage="0" crapScore="2" isConstructor="false" isStatic="true" isGetter="false" isSetter="false">
              <Summary numSequencePoints="3" visitedSequencePoints="0" numBranchPoints="1" visitedBranchPoints="0" sequenceCoverage="0" branchCoverage="0" maxCyclomaticComplexity="1" minCyclomaticComplexity="1" maxCrapScore="2" minCrapScore="2" visitedClasses="0" numClasses="0" visitedMethods="0" numMethods="1" />
              <MetadataToken>100663498</MetadataToken>
              <Name>System.Void Test.Paging.PhysicalLevel.Configurations.ConfigurationBuilderTest::&lt;VariableRecordDefinitionCommon&gt;g__Filler|11_0(Test.Paging.PhysicalLevel.TestRecord&amp;,System.Byte[])</Name>
              <FileRef uid="35" />
              <SequencePoints>
                <SequencePoint vc="0" uspid="1465" ordinal="0" offset="0" sl="195" sc="13" el="195" ec="14" bec="0" bev="0" fileid="35" />
                <SequencePoint vc="0" uspid="1466" ordinal="1" offset="1" sl="196" sc="17" el="196" ec="26" bec="0" bev="0" fileid="35" />
                <SequencePoint vc="0" uspid="1467" ordinal="2" offset="5" sl="197" sc="13" el="197" ec="14" bec="0" bev="0" fileid="35" />
              </SequencePoints>
              <BranchPoints />
              <MethodPoint xsi:type="SequencePoint" vc="0" uspid="1465" ordinal="0" offset="0" sl="195" sc="13" el="195" ec="14" bec="0" bev="0" fileid="35" />
            </Method>
            <Method visited="false" cyclomaticComplexity="1" nPathComplexity="0" sequenceCoverage="0" branchCoverage="0" crapScore="2" isConstructor="false" isStatic="true" isGetter="false" isSetter="false">
              <Summary numSequencePoints="3" visitedSequencePoints="0" numBranchPoints="1" visitedBranchPoints="0" sequenceCoverage="0" branchCoverage="0" maxCyclomaticComplexity="1" minCyclomaticComplexity="1" maxCrapScore="2" minCrapScore="2" visitedClasses="0" numClasses="0" visitedMethods="0" numMethods="1" />
              <MetadataToken>100663499</MetadataToken>
              <Name>System.Void Test.Paging.PhysicalLevel.Configurations.ConfigurationBuilderTest::&lt;VariableRecordDefinitionCommon&gt;g__Getter|11_1(System.Byte[],Test.Paging.PhysicalLevel.TestRecord&amp;)</Name>
              <FileRef uid="35" />
              <SequencePoints>
                <SequencePoint vc="0" uspid="1468" ordinal="0" offset="0" sl="200" sc="13" el="200" ec="14" bec="0" bev="0" fileid="35" />
                <SequencePoint vc="0" uspid="1469" ordinal="1" offset="1" sl="201" sc="17" el="201" ec="26" bec="0" bev="0" fileid="35" />
                <SequencePoint vc="0" uspid="1470" ordinal="2" offset="5" sl="202" sc="13" el="202" ec="14" bec="0" bev="0" fileid="35" />
              </SequencePoints>
              <BranchPoints />
              <MethodPoint xsi:type="SequencePoint" vc="0" uspid="1468" ordinal="0" offset="0" sl="200" sc="13" el="200" ec="14" bec="0" bev="0" fileid="35" />
            </Method>
          </Methods>
        </Class>
        <Class>
          <Summary numSequencePoints="49" visitedSequencePoints="0" numBranchPoints="17" visitedBranchPoints="0" sequenceCoverage="0" branchCoverage="0" maxCyclomaticComplexity="1" minCyclomaticComplexity="1" maxCrapScore="2" minCrapScore="2" visitedClasses="0" numClasses="1" visitedMethods="0" numMethods="17" />
          <FullName>Test.Paging.PhysicalLevel.Configurations.ConfigurationBuilderTest/&lt;&gt;c</FullName>
          <Methods>
            <Method visited="false" cyclomaticComplexity="1" nPathComplexity="0" sequenceCoverage="0" branchCoverage="0" crapScore="2" isConstructor="true" isStatic="true" isGetter="false" isSetter="false">
              <Summary numSequencePoints="0" visitedSequencePoints="0" numBranchPoints="0" visitedBranchPoints="0" sequenceCoverage="0" branchCoverage="0" maxCyclomaticComplexity="1" minCyclomaticComplexity="1" maxCrapScore="2" minCrapScore="2" visitedClasses="0" numClasses="0" visitedMethods="0" numMethods="0" />
              <MetadataToken>100663571</MetadataToken>
              <Name>System.Void Test.Paging.PhysicalLevel.Configurations.ConfigurationBuilderTest/&lt;&gt;c::.cctor()</Name>
              <SequencePoints />
              <BranchPoints />
              <MethodPoint vc="0" uspid="1471" ordinal="0" offset="0" />
            </Method>
            <Method visited="false" cyclomaticComplexity="1" nPathComplexity="0" sequenceCoverage="0" branchCoverage="0" crapScore="2" isConstructor="true" isStatic="false" isGetter="false" isSetter="false">
              <Summary numSequencePoints="0" visitedSequencePoints="0" numBranchPoints="0" visitedBranchPoints="0" sequenceCoverage="0" branchCoverage="0" maxCyclomaticComplexity="1" minCyclomaticComplexity="1" maxCrapScore="2" minCrapScore="2" visitedClasses="0" numClasses="0" visitedMethods="0" numMethods="0" />
              <MetadataToken>100663572</MetadataToken>
              <Name>System.Void Test.Paging.PhysicalLevel.Configurations.ConfigurationBuilderTest/&lt;&gt;c::.ctor()</Name>
              <SequencePoints />
              <BranchPoints />
              <MethodPoint vc="0" uspid="1472" ordinal="0" offset="0" />
            </Method>
            <Method visited="false" cyclomaticComplexity="1" nPathComplexity="0" sequenceCoverage="0" branchCoverage="0" crapScore="2" isConstructor="false" isStatic="false" isGetter="false" isSetter="false">
              <Summary numSequencePoints="1" visitedSequencePoints="0" numBranchPoints="1" visitedBranchPoints="0" sequenceCoverage="0" branchCoverage="0" maxCyclomaticComplexity="1" minCyclomaticComplexity="1" maxCrapScore="2" minCrapScore="2" visitedClasses="0" numClasses="0" visitedMethods="0" numMethods="1" />
              <MetadataToken>100663573</MetadataToken>
              <Name>System.Void Test.Paging.PhysicalLevel.Configurations.ConfigurationBuilderTest/&lt;&gt;c::&lt;DefineOnlyNumber&gt;b__0_0(System.Func`2&lt;System.Byte,System.IO.Paging.PhysicalLevel.Configuration.Builder.BuildingElements.IPageDefinitionBuilder&gt;)</Name>
              <FileRef uid="35" />
              <SequencePoints>
                <SequencePoint vc="0" uspid="1473" ordinal="0" offset="0" sl="33" sc="23" el="33" ec="28" bec="0" bev="0" fileid="35" />
              </SequencePoints>
              <BranchPoints />
              <MethodPoint xsi:type="SequencePoint" vc="0" uspid="1473" ordinal="0" offset="0" sl="33" sc="23" el="33" ec="28" bec="0" bev="0" fileid="35" />
            </Method>
            <Method visited="false" cyclomaticComplexity="1" nPathComplexity="0" sequenceCoverage="0" branchCoverage="0" crapScore="2" isConstructor="false" isStatic="false" isGetter="false" isSetter="false">
              <Summary numSequencePoints="1" visitedSequencePoints="0" numBranchPoints="1" visitedBranchPoints="0" sequenceCoverage="0" branchCoverage="0" maxCyclomaticComplexity="1" minCyclomaticComplexity="1" maxCrapScore="2" minCrapScore="2" visitedClasses="0" numClasses="0" visitedMethods="0" numMethods="1" />
              <MetadataToken>100663574</MetadataToken>
              <Name>System.Void Test.Paging.PhysicalLevel.Configurations.ConfigurationBuilderTest/&lt;&gt;c::&lt;DefineOnlyNumberAndType&gt;b__1_0(System.Func`2&lt;System.Byte,System.IO.Paging.PhysicalLevel.Configuration.Builder.BuildingElements.IPageDefinitionBuilder&gt;)</Name>
              <FileRef uid="35" />
              <SequencePoints>
                <SequencePoint vc="0" uspid="1474" ordinal="0" offset="0" sl="44" sc="23" el="44" ec="63" bec="0" bev="0" fileid="35" />
              </SequencePoints>
              <BranchPoints />
              <MethodPoint xsi:type="SequencePoint" vc="0" uspid="1474" ordinal="0" offset="0" sl="44" sc="23" el="44" ec="63" bec="0" bev="0" fileid="35" />
            </Method>
            <Method visited="false" cyclomaticComplexity="1" nPathComplexity="0" sequenceCoverage="0" branchCoverage="0" crapScore="2" isConstructor="false" isStatic="false" isGetter="false" isSetter="false">
              <Summary numSequencePoints="3" visitedSequencePoints="0" numBranchPoints="1" visitedBranchPoints="0" sequenceCoverage="0" branchCoverage="0" maxCyclomaticComplexity="1" minCyclomaticComplexity="1" maxCrapScore="2" minCrapScore="2" visitedClasses="0" numClasses="0" visitedMethods="0" numMethods="1" />
              <MetadataToken>100663575</MetadataToken>
              <Name>System.Void Test.Paging.PhysicalLevel.Configurations.ConfigurationBuilderTest/&lt;&gt;c::&lt;DefineOnlyNumberTypeAndFixedRecord&gt;b__2_0(Test.Paging.PhysicalLevel.TestRecord&amp;,System.Byte[])</Name>
              <FileRef uid="35" />
              <SequencePoints>
                <SequencePoint vc="0" uspid="1475" ordinal="0" offset="0" sl="53" sc="73" el="53" ec="74" bec="0" bev="0" fileid="35" />
                <SequencePoint vc="0" uspid="1476" ordinal="1" offset="1" sl="53" sc="75" el="53" ec="84" bec="0" bev="0" fileid="35" />
                <SequencePoint vc="0" uspid="1477" ordinal="2" offset="5" sl="53" sc="85" el="53" ec="86" bec="0" bev="0" fileid="35" />
              </SequencePoints>
              <BranchPoints />
              <MethodPoint xsi:type="SequencePoint" vc="0" uspid="1475" ordinal="0" offset="0" sl="53" sc="73" el="53" ec="74" bec="0" bev="0" fileid="35" />
            </Method>
            <Method visited="false" cyclomaticComplexity="1" nPathComplexity="0" sequenceCoverage="0" branchCoverage="0" crapScore="2" isConstructor="false" isStatic="false" isGetter="false" isSetter="false">
              <Summary numSequencePoints="3" visitedSequencePoints="0" numBranchPoints="1" visitedBranchPoints="0" sequenceCoverage="0" branchCoverage="0" maxCyclomaticComplexity="1" minCyclomaticComplexity="1" maxCrapScore="2" minCrapScore="2" visitedClasses="0" numClasses="0" visitedMethods="0" numMethods="1" />
              <MetadataToken>100663576</MetadataToken>
              <Name>System.Void Test.Paging.PhysicalLevel.Configurations.ConfigurationBuilderTest/&lt;&gt;c::&lt;DefineOnlyNumberTypeAndFixedRecord&gt;b__2_1(System.Byte[],Test.Paging.PhysicalLevel.TestRecord&amp;)</Name>
              <FileRef uid="35" />
              <SequencePoints>
                <SequencePoint vc="0" uspid="1478" ordinal="0" offset="0" sl="54" sc="73" el="54" ec="74" bec="0" bev="0" fileid="35" />
                <SequencePoint vc="0" uspid="1479" ordinal="1" offset="1" sl="54" sc="75" el="54" ec="84" bec="0" bev="0" fileid="35" />
                <SequencePoint vc="0" uspid="1480" ordinal="2" offset="5" sl="54" sc="85" el="54" ec="86" bec="0" bev="0" fileid="35" />
              </SequencePoints>
              <BranchPoints />
              <MethodPoint xsi:type="SequencePoint" vc="0" uspid="1478" ordinal="0" offset="0" sl="54" sc="73" el="54" ec="74" bec="0" bev="0" fileid="35" />
            </Method>
            <Method visited="false" cyclomaticComplexity="1" nPathComplexity="0" sequenceCoverage="0" branchCoverage="0" crapScore="2" isConstructor="false" isStatic="false" isGetter="false" isSetter="false">
              <Summary numSequencePoints="3" visitedSequencePoints="0" numBranchPoints="1" visitedBranchPoints="0" sequenceCoverage="0" branchCoverage="0" maxCyclomaticComplexity="1" minCyclomaticComplexity="1" maxCrapScore="2" minCrapScore="2" visitedClasses="0" numClasses="0" visitedMethods="0" numMethods="1" />
              <MetadataToken>100663577</MetadataToken>
              <Name>System.Void Test.Paging.PhysicalLevel.Configurations.ConfigurationBuilderTest/&lt;&gt;c::&lt;DefineOnlyNumberTypeAndOneRecordVariable&gt;b__3_0(Test.Paging.PhysicalLevel.TestRecord&amp;,System.Byte[])</Name>
              <FileRef uid="35" />
              <SequencePoints>
                <SequencePoint vc="0" uspid="1481" ordinal="0" offset="0" sl="66" sc="73" el="66" ec="74" bec="0" bev="0" fileid="35" />
                <SequencePoint vc="0" uspid="1482" ordinal="1" offset="1" sl="66" sc="75" el="66" ec="84" bec="0" bev="0" fileid="35" />
                <SequencePoint vc="0" uspid="1483" ordinal="2" offset="5" sl="66" sc="85" el="66" ec="86" bec="0" bev="0" fileid="35" />
              </SequencePoints>
              <BranchPoints />
              <MethodPoint xsi:type="SequencePoint" vc="0" uspid="1481" ordinal="0" offset="0" sl="66" sc="73" el="66" ec="74" bec="0" bev="0" fileid="35" />
            </Method>
            <Method visited="false" cyclomaticComplexity="1" nPathComplexity="0" sequenceCoverage="0" branchCoverage="0" crapScore="2" isConstructor="false" isStatic="false" isGetter="false" isSetter="false">
              <Summary numSequencePoints="3" visitedSequencePoints="0" numBranchPoints="1" visitedBranchPoints="0" sequenceCoverage="0" branchCoverage="0" maxCyclomaticComplexity="1" minCyclomaticComplexity="1" maxCrapScore="2" minCrapScore="2" visitedClasses="0" numClasses="0" visitedMethods="0" numMethods="1" />
              <MetadataToken>100663578</MetadataToken>
              <Name>System.Void Test.Paging.PhysicalLevel.Configurations.ConfigurationBuilderTest/&lt;&gt;c::&lt;DefineOnlyNumberTypeAndOneRecordVariable&gt;b__3_1(System.Byte[],Test.Paging.PhysicalLevel.TestRecord&amp;)</Name>
              <FileRef uid="35" />
              <SequencePoints>
                <SequencePoint vc="0" uspid="1484" ordinal="0" offset="0" sl="67" sc="73" el="67" ec="74" bec="0" bev="0" fileid="35" />
                <SequencePoint vc="0" uspid="1485" ordinal="1" offset="1" sl="67" sc="75" el="67" ec="84" bec="0" bev="0" fileid="35" />
                <SequencePoint vc="0" uspid="1486" ordinal="2" offset="5" sl="67" sc="85" el="67" ec="86" bec="0" bev="0" fileid="35" />
              </SequencePoints>
              <BranchPoints />
              <MethodPoint xsi:type="SequencePoint" vc="0" uspid="1484" ordinal="0" offset="0" sl="67" sc="73" el="67" ec="74" bec="0" bev="0" fileid="35" />
            </Method>
            <Method visited="false" cyclomaticComplexity="1" nPathComplexity="0" sequenceCoverage="0" branchCoverage="0" crapScore="2" isConstructor="false" isStatic="false" isGetter="false" isSetter="false">
              <Summary numSequencePoints="1" visitedSequencePoints="0" numBranchPoints="1" visitedBranchPoints="0" sequenceCoverage="0" branchCoverage="0" maxCyclomaticComplexity="1" minCyclomaticComplexity="1" maxCrapScore="2" minCrapScore="2" visitedClasses="0" numClasses="0" visitedMethods="0" numMethods="1" />
              <MetadataToken>100663579</MetadataToken>
              <Name>System.Int32 Test.Paging.PhysicalLevel.Configurations.ConfigurationBuilderTest/&lt;&gt;c::&lt;DefineOnlyNumberTypeAndOneRecordVariable&gt;b__3_3(Test.Paging.PhysicalLevel.TestRecord)</Name>
              <FileRef uid="35" />
              <SequencePoints>
                <SequencePoint vc="0" uspid="1487" ordinal="0" offset="0" sl="69" sc="109" el="69" ec="111" bec="0" bev="0" fileid="35" />
              </SequencePoints>
              <BranchPoints />
              <MethodPoint xsi:type="SequencePoint" vc="0" uspid="1487" ordinal="0" offset="0" sl="69" sc="109" el="69" ec="111" bec="0" bev="0" fileid="35" />
            </Method>
            <Method visited="false" cyclomaticComplexity="1" nPathComplexity="0" sequenceCoverage="0" branchCoverage="0" crapScore="2" isConstructor="false" isStatic="false" isGetter="false" isSetter="false">
              <Summary numSequencePoints="5" visitedSequencePoints="0" numBranchPoints="1" visitedBranchPoints="0" sequenceCoverage="0" branchCoverage="0" maxCyclomaticComplexity="1" minCyclomaticComplexity="1" maxCrapScore="2" minCrapScore="2" visitedClasses="0" numClasses="0" visitedMethods="0" numMethods="1" />
              <MetadataToken>100663580</MetadataToken>
              <Name>System.Collections.Generic.ICollection`1&lt;System.Object&gt; Test.Paging.PhysicalLevel.Configurations.ConfigurationBuilderTest/&lt;&gt;c::&lt;VariableRecordDefinitionCommon&gt;b__11_3(FakeItEasy.Core.IFakeObjectCall)</Name>
              <FileRef uid="35" />
              <SequencePoints>
                <SequencePoint vc="0" uspid="1488" ordinal="0" offset="0" sl="209" sc="17" el="209" ec="18" bec="0" bev="0" fileid="35" />
                <SequencePoint vc="0" uspid="1489" ordinal="1" offset="1" sl="210" sc="21" el="210" ec="59" bec="0" bev="0" fileid="35" />
                <SequencePoint vc="0" uspid="1490" ordinal="2" offset="19" sl="211" sc="21" el="211" ec="62" bec="0" bev="0" fileid="35" />
                <SequencePoint vc="0" uspid="1491" ordinal="3" offset="44" sl="212" sc="21" el="212" ec="76" bec="0" bev="0" fileid="35" />
                <SequencePoint vc="0" uspid="1492" ordinal="4" offset="62" sl="213" sc="17" el="213" ec="18" bec="0" bev="0" fileid="35" />
              </SequencePoints>
              <BranchPoints />
              <MethodPoint xsi:type="SequencePoint" vc="0" uspid="1488" ordinal="0" offset="0" sl="209" sc="17" el="209" ec="18" bec="0" bev="0" fileid="35" />
            </Method>
            <Method visited="false" cyclomaticComplexity="1" nPathComplexity="0" sequenceCoverage="0" branchCoverage="0" crapScore="2" isConstructor="false" isStatic="false" isGetter="false" isSetter="false">
              <Summary numSequencePoints="5" visitedSequencePoints="0" numBranchPoints="1" visitedBranchPoints="0" sequenceCoverage="0" branchCoverage="0" maxCyclomaticComplexity="1" minCyclomaticComplexity="1" maxCrapScore="2" minCrapScore="2" visitedClasses="0" numClasses="0" visitedMethods="0" numMethods="1" />
              <MetadataToken>100663581</MetadataToken>
              <Name>System.Collections.Generic.ICollection`1&lt;System.Object&gt; Test.Paging.PhysicalLevel.Configurations.ConfigurationBuilderTest/&lt;&gt;c::&lt;VariableRecordDefinitionCommon&gt;b__11_5(FakeItEasy.Core.IFakeObjectCall)</Name>
              <FileRef uid="35" />
              <SequencePoints>
                <SequencePoint vc="0" uspid="1493" ordinal="0" offset="0" sl="217" sc="13" el="217" ec="14" bec="0" bev="0" fileid="35" />
                <SequencePoint vc="0" uspid="1494" ordinal="1" offset="1" sl="218" sc="17" el="218" ec="55" bec="0" bev="0" fileid="35" />
                <SequencePoint vc="0" uspid="1495" ordinal="2" offset="19" sl="219" sc="17" el="219" ec="58" bec="0" bev="0" fileid="35" />
                <SequencePoint vc="0" uspid="1496" ordinal="3" offset="44" sl="220" sc="17" el="220" ec="72" bec="0" bev="0" fileid="35" />
                <SequencePoint vc="0" uspid="1497" ordinal="4" offset="62" sl="221" sc="13" el="221" ec="14" bec="0" bev="0" fileid="35" />
              </SequencePoints>
              <BranchPoints />
              <MethodPoint xsi:type="SequencePoint" vc="0" uspid="1493" ordinal="0" offset="0" sl="217" sc="13" el="217" ec="14" bec="0" bev="0" fileid="35" />
            </Method>
            <Method visited="false" cyclomaticComplexity="1" nPathComplexity="0" sequenceCoverage="0" branchCoverage="0" crapScore="2" isConstructor="false" isStatic="false" isGetter="false" isSetter="false">
              <Summary numSequencePoints="3" visitedSequencePoints="0" numBranchPoints="1" visitedBranchPoints="0" sequenceCoverage="0" branchCoverage="0" maxCyclomaticComplexity="1" minCyclomaticComplexity="1" maxCrapScore="2" minCrapScore="2" visitedClasses="0" numClasses="0" visitedMethods="0" numMethods="1" />
              <MetadataToken>100663582</MetadataToken>
              <Name>System.Void Test.Paging.PhysicalLevel.Configurations.ConfigurationBuilderTest/&lt;&gt;c::&lt;DefineOnlyNumberTypeAndFixedRecordAlt&gt;b__15_0(Test.Paging.PhysicalLevel.TestRecord&amp;,System.Byte[])</Name>
              <FileRef uid="35" />
              <SequencePoints>
                <SequencePoint vc="0" uspid="1498" ordinal="0" offset="0" sl="306" sc="73" el="306" ec="74" bec="0" bev="0" fileid="35" />
                <SequencePoint vc="0" uspid="1499" ordinal="1" offset="1" sl="306" sc="75" el="306" ec="84" bec="0" bev="0" fileid="35" />
                <SequencePoint vc="0" uspid="1500" ordinal="2" offset="5" sl="306" sc="85" el="306" ec="86" bec="0" bev="0" fileid="35" />
              </SequencePoints>
              <BranchPoints />
              <MethodPoint xsi:type="SequencePoint" vc="0" uspid="1498" ordinal="0" offset="0" sl="306" sc="73" el="306" ec="74" bec="0" bev="0" fileid="35" />
            </Method>
            <Method visited="false" cyclomaticComplexity="1" nPathComplexity="0" sequenceCoverage="0" branchCoverage="0" crapScore="2" isConstructor="false" isStatic="false" isGetter="false" isSetter="false">
              <Summary numSequencePoints="3" visitedSequencePoints="0" numBranchPoints="1" visitedBranchPoints="0" sequenceCoverage="0" branchCoverage="0" maxCyclomaticComplexity="1" minCyclomaticComplexity="1" maxCrapScore="2" minCrapScore="2" visitedClasses="0" numClasses="0" visitedMethods="0" numMethods="1" />
              <MetadataToken>100663583</MetadataToken>
              <Name>System.Void Test.Paging.PhysicalLevel.Configurations.ConfigurationBuilderTest/&lt;&gt;c::&lt;DefineOnlyNumberTypeAndFixedRecordAlt&gt;b__15_1(System.Byte[],Test.Paging.PhysicalLevel.TestRecord&amp;)</Name>
              <FileRef uid="35" />
              <SequencePoints>
                <SequencePoint vc="0" uspid="1501" ordinal="0" offset="0" sl="307" sc="73" el="307" ec="74" bec="0" bev="0" fileid="35" />
                <SequencePoint vc="0" uspid="1502" ordinal="1" offset="1" sl="307" sc="75" el="307" ec="84" bec="0" bev="0" fileid="35" />
                <SequencePoint vc="0" uspid="1503" ordinal="2" offset="5" sl="307" sc="85" el="307" ec="86" bec="0" bev="0" fileid="35" />
              </SequencePoints>
              <BranchPoints />
              <MethodPoint xsi:type="SequencePoint" vc="0" uspid="1501" ordinal="0" offset="0" sl="307" sc="73" el="307" ec="74" bec="0" bev="0" fileid="35" />
            </Method>
            <Method visited="false" cyclomaticComplexity="1" nPathComplexity="0" sequenceCoverage="0" branchCoverage="0" crapScore="2" isConstructor="false" isStatic="false" isGetter="false" isSetter="false">
              <Summary numSequencePoints="3" visitedSequencePoints="0" numBranchPoints="1" visitedBranchPoints="0" sequenceCoverage="0" branchCoverage="0" maxCyclomaticComplexity="1" minCyclomaticComplexity="1" maxCrapScore="2" minCrapScore="2" visitedClasses="0" numClasses="0" visitedMethods="0" numMethods="1" />
              <MetadataToken>100663584</MetadataToken>
              <Name>System.Void Test.Paging.PhysicalLevel.Configurations.ConfigurationBuilderTest/&lt;&gt;c::&lt;DefineOnlyNumberTypeAndFixedRecordAndConsistency&gt;b__16_0(Test.Paging.PhysicalLevel.TestRecord&amp;,System.Byte[])</Name>
              <FileRef uid="35" />
              <SequencePoints>
                <SequencePoint vc="0" uspid="1504" ordinal="0" offset="0" sl="338" sc="73" el="338" ec="74" bec="0" bev="0" fileid="35" />
                <SequencePoint vc="0" uspid="1505" ordinal="1" offset="1" sl="338" sc="75" el="338" ec="84" bec="0" bev="0" fileid="35" />
                <SequencePoint vc="0" uspid="1506" ordinal="2" offset="5" sl="338" sc="85" el="338" ec="86" bec="0" bev="0" fileid="35" />
              </SequencePoints>
              <BranchPoints />
              <MethodPoint xsi:type="SequencePoint" vc="0" uspid="1504" ordinal="0" offset="0" sl="338" sc="73" el="338" ec="74" bec="0" bev="0" fileid="35" />
            </Method>
            <Method visited="false" cyclomaticComplexity="1" nPathComplexity="0" sequenceCoverage="0" branchCoverage="0" crapScore="2" isConstructor="false" isStatic="false" isGetter="false" isSetter="false">
              <Summary numSequencePoints="3" visitedSequencePoints="0" numBranchPoints="1" visitedBranchPoints="0" sequenceCoverage="0" branchCoverage="0" maxCyclomaticComplexity="1" minCyclomaticComplexity="1" maxCrapScore="2" minCrapScore="2" visitedClasses="0" numClasses="0" visitedMethods="0" numMethods="1" />
              <MetadataToken>100663585</MetadataToken>
              <Name>System.Void Test.Paging.PhysicalLevel.Configurations.ConfigurationBuilderTest/&lt;&gt;c::&lt;DefineOnlyNumberTypeAndFixedRecordAndConsistency&gt;b__16_1(System.Byte[],Test.Paging.PhysicalLevel.TestRecord&amp;)</Name>
              <FileRef uid="35" />
              <SequencePoints>
                <SequencePoint vc="0" uspid="1507" ordinal="0" offset="0" sl="339" sc="73" el="339" ec="74" bec="0" bev="0" fileid="35" />
                <SequencePoint vc="0" uspid="1508" ordinal="1" offset="1" sl="339" sc="75" el="339" ec="84" bec="0" bev="0" fileid="35" />
                <SequencePoint vc="0" uspid="1509" ordinal="2" offset="5" sl="339" sc="85" el="339" ec="86" bec="0" bev="0" fileid="35" />
              </SequencePoints>
              <BranchPoints />
              <MethodPoint xsi:type="SequencePoint" vc="0" uspid="1507" ordinal="0" offset="0" sl="339" sc="73" el="339" ec="74" bec="0" bev="0" fileid="35" />
            </Method>
            <Method visited="false" cyclomaticComplexity="1" nPathComplexity="0" sequenceCoverage="0" branchCoverage="0" crapScore="2" isConstructor="false" isStatic="false" isGetter="false" isSetter="false">
              <Summary numSequencePoints="3" visitedSequencePoints="0" numBranchPoints="1" visitedBranchPoints="0" sequenceCoverage="0" branchCoverage="0" maxCyclomaticComplexity="1" minCyclomaticComplexity="1" maxCrapScore="2" minCrapScore="2" visitedClasses="0" numClasses="0" visitedMethods="0" numMethods="1" />
              <MetadataToken>100663586</MetadataToken>
              <Name>System.Void Test.Paging.PhysicalLevel.Configurations.ConfigurationBuilderTest/&lt;&gt;c::&lt;CommonHeaderDefinition&gt;b__21_0(Test.Paging.PhysicalLevel.TestHeader&amp;,System.Byte[])</Name>
              <FileRef uid="35" />
              <SequencePoints>
                <SequencePoint vc="0" uspid="1510" ordinal="0" offset="0" sl="448" sc="73" el="448" ec="74" bec="0" bev="0" fileid="35" />
                <SequencePoint vc="0" uspid="1511" ordinal="1" offset="1" sl="448" sc="75" el="448" ec="84" bec="0" bev="0" fileid="35" />
                <SequencePoint vc="0" uspid="1512" ordinal="2" offset="5" sl="448" sc="85" el="448" ec="86" bec="0" bev="0" fileid="35" />
              </SequencePoints>
              <BranchPoints />
              <MethodPoint xsi:type="SequencePoint" vc="0" uspid="1510" ordinal="0" offset="0" sl="448" sc="73" el="448" ec="74" bec="0" bev="0" fileid="35" />
            </Method>
            <Method visited="false" cyclomaticComplexity="1" nPathComplexity="0" sequenceCoverage="0" branchCoverage="0" crapScore="2" isConstructor="false" isStatic="false" isGetter="false" isSetter="false">
              <Summary numSequencePoints="3" visitedSequencePoints="0" numBranchPoints="1" visitedBranchPoints="0" sequenceCoverage="0" branchCoverage="0" maxCyclomaticComplexity="1" minCyclomaticComplexity="1" maxCrapScore="2" minCrapScore="2" visitedClasses="0" numClasses="0" visitedMethods="0" numMethods="1" />
              <MetadataToken>100663587</MetadataToken>
              <Name>System.Void Test.Paging.PhysicalLevel.Configurations.ConfigurationBuilderTest/&lt;&gt;c::&lt;CommonHeaderDefinition&gt;b__21_1(System.Byte[],Test.Paging.PhysicalLevel.TestHeader&amp;)</Name>
              <FileRef uid="35" />
              <SequencePoints>
                <SequencePoint vc="0" uspid="1513" ordinal="0" offset="0" sl="449" sc="73" el="449" ec="74" bec="0" bev="0" fileid="35" />
                <SequencePoint vc="0" uspid="1514" ordinal="1" offset="1" sl="449" sc="75" el="449" ec="84" bec="0" bev="0" fileid="35" />
                <SequencePoint vc="0" uspid="1515" ordinal="2" offset="5" sl="449" sc="85" el="449" ec="86" bec="0" bev="0" fileid="35" />
              </SequencePoints>
              <BranchPoints />
              <MethodPoint xsi:type="SequencePoint" vc="0" uspid="1513" ordinal="0" offset="0" sl="449" sc="73" el="449" ec="74" bec="0" bev="0" fileid="35" />
            </Method>
            <Method visited="false" cyclomaticComplexity="1" nPathComplexity="0" sequenceCoverage="0" branchCoverage="0" crapScore="2" isConstructor="false" isStatic="false" isGetter="false" isSetter="false">
              <Summary numSequencePoints="3" visitedSequencePoints="0" numBranchPoints="1" visitedBranchPoints="0" sequenceCoverage="0" branchCoverage="0" maxCyclomaticComplexity="1" minCyclomaticComplexity="1" maxCrapScore="2" minCrapScore="2" visitedClasses="0" numClasses="0" visitedMethods="0" numMethods="1" />
              <MetadataToken>100663588</MetadataToken>
              <Name>System.Void Test.Paging.PhysicalLevel.Configurations.ConfigurationBuilderTest/&lt;&gt;c::&lt;CommonFixedRecordDefinition&gt;b__22_0(Test.Paging.PhysicalLevel.TestRecord&amp;,System.Byte[])</Name>
              <FileRef uid="35" />
              <SequencePoints>
                <SequencePoint vc="0" uspid="1516" ordinal="0" offset="0" sl="472" sc="73" el="472" ec="74" bec="0" bev="0" fileid="35" />
                <SequencePoint vc="0" uspid="1517" ordinal="1" offset="1" sl="472" sc="75" el="472" ec="84" bec="0" bev="0" fileid="35" />
                <SequencePoint vc="0" uspid="1518" ordinal="2" offset="5" sl="472" sc="85" el="472" ec="86" bec="0" bev="0" fileid="35" />
              </SequencePoints>
              <BranchPoints />
              <MethodPoint xsi:type="SequencePoint" vc="0" uspid="1516" ordinal="0" offset="0" sl="472" sc="73" el="472" ec="74" bec="0" bev="0" fileid="35" />
            </Method>
            <Method visited="false" cyclomaticComplexity="1" nPathComplexity="0" sequenceCoverage="0" branchCoverage="0" crapScore="2" isConstructor="false" isStatic="false" isGetter="false" isSetter="false">
              <Summary numSequencePoints="3" visitedSequencePoints="0" numBranchPoints="1" visitedBranchPoints="0" sequenceCoverage="0" branchCoverage="0" maxCyclomaticComplexity="1" minCyclomaticComplexity="1" maxCrapScore="2" minCrapScore="2" visitedClasses="0" numClasses="0" visitedMethods="0" numMethods="1" />
              <MetadataToken>100663589</MetadataToken>
              <Name>System.Void Test.Paging.PhysicalLevel.Configurations.ConfigurationBuilderTest/&lt;&gt;c::&lt;CommonFixedRecordDefinition&gt;b__22_1(System.Byte[],Test.Paging.PhysicalLevel.TestRecord&amp;)</Name>
              <FileRef uid="35" />
              <SequencePoints>
                <SequencePoint vc="0" uspid="1519" ordinal="0" offset="0" sl="473" sc="73" el="473" ec="74" bec="0" bev="0" fileid="35" />
                <SequencePoint vc="0" uspid="1520" ordinal="1" offset="1" sl="473" sc="75" el="473" ec="84" bec="0" bev="0" fileid="35" />
                <SequencePoint vc="0" uspid="1521" ordinal="2" offset="5" sl="473" sc="85" el="473" ec="86" bec="0" bev="0" fileid="35" />
              </SequencePoints>
              <BranchPoints />
              <MethodPoint xsi:type="SequencePoint" vc="0" uspid="1519" ordinal="0" offset="0" sl="473" sc="73" el="473" ec="74" bec="0" bev="0" fileid="35" />
            </Method>
          </Methods>
        </Class>
        <Class>
          <Summary numSequencePoints="1" visitedSequencePoints="0" numBranchPoints="1" visitedBranchPoints="0" sequenceCoverage="0" branchCoverage="0" maxCyclomaticComplexity="1" minCyclomaticComplexity="1" maxCrapScore="2" minCrapScore="2" visitedClasses="0" numClasses="1" visitedMethods="0" numMethods="1" />
          <FullName>Test.Paging.PhysicalLevel.Configurations.ConfigurationBuilderTest/&lt;&gt;c__DisplayClass2_0</FullName>
          <Methods>
            <Method visited="false" cyclomaticComplexity="1" nPathComplexity="0" sequenceCoverage="0" branchCoverage="0" crapScore="2" isConstructor="true" isStatic="false" isGetter="false" isSetter="false">
              <Summary numSequencePoints="0" visitedSequencePoints="0" numBranchPoints="0" visitedBranchPoints="0" sequenceCoverage="0" branchCoverage="0" maxCyclomaticComplexity="1" minCyclomaticComplexity="1" maxCrapScore="2" minCrapScore="2" visitedClasses="0" numClasses="0" visitedMethods="0" numMethods="0" />
              <MetadataToken>100663590</MetadataToken>
              <Name>System.Void Test.Paging.PhysicalLevel.Configurations.ConfigurationBuilderTest/&lt;&gt;c__DisplayClass2_0::.ctor()</Name>
              <SequencePoints />
              <BranchPoints />
              <MethodPoint vc="0" uspid="1522" ordinal="0" offset="0" />
            </Method>
            <Method visited="false" cyclomaticComplexity="1" nPathComplexity="0" sequenceCoverage="0" branchCoverage="0" crapScore="2" isConstructor="false" isStatic="false" isGetter="false" isSetter="false">
              <Summary numSequencePoints="1" visitedSequencePoints="0" numBranchPoints="1" visitedBranchPoints="0" sequenceCoverage="0" branchCoverage="0" maxCyclomaticComplexity="1" minCyclomaticComplexity="1" maxCrapScore="2" minCrapScore="2" visitedClasses="0" numClasses="0" visitedMethods="0" numMethods="1" />
              <MetadataToken>100663591</MetadataToken>
              <Name>System.Void Test.Paging.PhysicalLevel.Configurations.ConfigurationBuilderTest/&lt;&gt;c__DisplayClass2_0::&lt;DefineOnlyNumberTypeAndFixedRecord&gt;b__2(System.Func`2&lt;System.Byte,System.IO.Paging.PhysicalLevel.Configuration.Builder.BuildingElements.IPageDefinitionBuilder&gt;)</Name>
              <FileRef uid="35" />
              <SequencePoints>
                <SequencePoint vc="0" uspid="1523" ordinal="0" offset="0" sl="56" sc="23" el="56" ec="105" bec="0" bev="0" fileid="35" />
              </SequencePoints>
              <BranchPoints />
              <MethodPoint xsi:type="SequencePoint" vc="0" uspid="1523" ordinal="0" offset="0" sl="56" sc="23" el="56" ec="105" bec="0" bev="0" fileid="35" />
            </Method>
          </Methods>
        </Class>
        <Class>
          <Summary numSequencePoints="1" visitedSequencePoints="0" numBranchPoints="3" visitedBranchPoints="0" sequenceCoverage="0" branchCoverage="0" maxCyclomaticComplexity="2" minCyclomaticComplexity="1" maxCrapScore="6" minCrapScore="2" visitedClasses="0" numClasses="1" visitedMethods="0" numMethods="1" />
          <FullName>Test.Paging.PhysicalLevel.Configurations.ConfigurationBuilderTest/&lt;&gt;c__DisplayClass3_0</FullName>
          <Methods>
            <Method visited="false" cyclomaticComplexity="1" nPathComplexity="0" sequenceCoverage="0" branchCoverage="0" crapScore="2" isConstructor="true" isStatic="false" isGetter="false" isSetter="false">
              <Summary numSequencePoints="0" visitedSequencePoints="0" numBranchPoints="0" visitedBranchPoints="0" sequenceCoverage="0" branchCoverage="0" maxCyclomaticComplexity="1" minCyclomaticComplexity="1" maxCrapScore="2" minCrapScore="2" visitedClasses="0" numClasses="0" visitedMethods="0" numMethods="0" />
              <MetadataToken>100663592</MetadataToken>
              <Name>System.Void Test.Paging.PhysicalLevel.Configurations.ConfigurationBuilderTest/&lt;&gt;c__DisplayClass3_0::.ctor()</Name>
              <SequencePoints />
              <BranchPoints />
              <MethodPoint vc="0" uspid="1524" ordinal="0" offset="0" />
            </Method>
            <Method visited="false" cyclomaticComplexity="2" nPathComplexity="2" sequenceCoverage="0" branchCoverage="0" crapScore="6" isConstructor="false" isStatic="false" isGetter="false" isSetter="false">
              <Summary numSequencePoints="1" visitedSequencePoints="0" numBranchPoints="3" visitedBranchPoints="0" sequenceCoverage="0" branchCoverage="0" maxCyclomaticComplexity="2" minCyclomaticComplexity="2" maxCrapScore="6" minCrapScore="6" visitedClasses="0" numClasses="0" visitedMethods="0" numMethods="1" />
              <MetadataToken>100663593</MetadataToken>
              <Name>System.Void Test.Paging.PhysicalLevel.Configurations.ConfigurationBuilderTest/&lt;&gt;c__DisplayClass3_0::&lt;DefineOnlyNumberTypeAndOneRecordVariable&gt;b__2(System.Func`2&lt;System.Byte,System.IO.Paging.PhysicalLevel.Configuration.Builder.BuildingElements.IPageDefinitionBuilder&gt;)</Name>
              <FileRef uid="35" />
              <SequencePoints>
                <SequencePoint vc="0" uspid="1525" ordinal="0" offset="0" sl="69" sc="23" el="69" ec="112" bec="2" bev="0" fileid="35" />
              </SequencePoints>
              <BranchPoints>
                <BranchPoint vc="0" uspid="1526" ordinal="0" offset="30" sl="69" path="0" offsetend="32" fileid="35" />
                <BranchPoint vc="0" uspid="1527" ordinal="1" offset="30" sl="69" path="1" offsetend="55" fileid="35" />
              </BranchPoints>
              <MethodPoint xsi:type="SequencePoint" vc="0" uspid="1525" ordinal="0" offset="0" sl="69" sc="23" el="69" ec="112" bec="2" bev="0" fileid="35" />
            </Method>
          </Methods>
        </Class>
        <Class>
          <Summary numSequencePoints="1" visitedSequencePoints="0" numBranchPoints="1" visitedBranchPoints="0" sequenceCoverage="0" branchCoverage="0" maxCyclomaticComplexity="1" minCyclomaticComplexity="1" maxCrapScore="2" minCrapScore="2" visitedClasses="0" numClasses="1" visitedMethods="0" numMethods="1" />
          <FullName>Test.Paging.PhysicalLevel.Configurations.ConfigurationBuilderTest/&lt;&gt;c__DisplayClass4_0</FullName>
          <Methods>
            <Method visited="false" cyclomaticComplexity="1" nPathComplexity="0" sequenceCoverage="0" branchCoverage="0" crapScore="2" isConstructor="true" isStatic="false" isGetter="false" isSetter="false">
              <Summary numSequencePoints="0" visitedSequencePoints="0" numBranchPoints="0" visitedBranchPoints="0" sequenceCoverage="0" branchCoverage="0" maxCyclomaticComplexity="1" minCyclomaticComplexity="1" maxCrapScore="2" minCrapScore="2" visitedClasses="0" numClasses="0" visitedMethods="0" numMethods="0" />
              <MetadataToken>100663594</MetadataToken>
              <Name>System.Void Test.Paging.PhysicalLevel.Configurations.ConfigurationBuilderTest/&lt;&gt;c__DisplayClass4_0::.ctor()</Name>
              <SequencePoints />
              <BranchPoints />
              <MethodPoint vc="0" uspid="1528" ordinal="0" offset="0" />
            </Method>
            <Method visited="false" cyclomaticComplexity="1" nPathComplexity="0" sequenceCoverage="0" branchCoverage="0" crapScore="2" isConstructor="false" isStatic="false" isGetter="false" isSetter="false">
              <Summary numSequencePoints="1" visitedSequencePoints="0" numBranchPoints="1" visitedBranchPoints="0" sequenceCoverage="0" branchCoverage="0" maxCyclomaticComplexity="1" minCyclomaticComplexity="1" maxCrapScore="2" minCrapScore="2" visitedClasses="0" numClasses="0" visitedMethods="0" numMethods="1" />
              <MetadataToken>100663595</MetadataToken>
              <Name>System.Void Test.Paging.PhysicalLevel.Configurations.ConfigurationBuilderTest/&lt;&gt;c__DisplayClass4_0::&lt;DefineOnlyNumberTypeAndOneRecordVariableAlt&gt;b__0(System.Func`2&lt;System.Byte,System.IO.Paging.PhysicalLevel.Configuration.Builder.BuildingElements.IPageDefinitionBuilder&gt;)</Name>
              <FileRef uid="35" />
              <SequencePoints>
                <SequencePoint vc="0" uspid="1529" ordinal="0" offset="0" sl="83" sc="23" el="83" ec="89" bec="0" bev="0" fileid="35" />
              </SequencePoints>
              <BranchPoints />
              <MethodPoint xsi:type="SequencePoint" vc="0" uspid="1529" ordinal="0" offset="0" sl="83" sc="23" el="83" ec="89" bec="0" bev="0" fileid="35" />
            </Method>
          </Methods>
        </Class>
        <Class>
          <Summary numSequencePoints="1" visitedSequencePoints="0" numBranchPoints="1" visitedBranchPoints="0" sequenceCoverage="0" branchCoverage="0" maxCyclomaticComplexity="1" minCyclomaticComplexity="1" maxCrapScore="2" minCrapScore="2" visitedClasses="0" numClasses="1" visitedMethods="0" numMethods="1" />
          <FullName>Test.Paging.PhysicalLevel.Configurations.ConfigurationBuilderTest/&lt;&gt;c__DisplayClass5_0</FullName>
          <Methods>
            <Method visited="false" cyclomaticComplexity="1" nPathComplexity="0" sequenceCoverage="0" branchCoverage="0" crapScore="2" isConstructor="true" isStatic="false" isGetter="false" isSetter="false">
              <Summary numSequencePoints="0" visitedSequencePoints="0" numBranchPoints="0" visitedBranchPoints="0" sequenceCoverage="0" branchCoverage="0" maxCyclomaticComplexity="1" minCyclomaticComplexity="1" maxCrapScore="2" minCrapScore="2" visitedClasses="0" numClasses="0" visitedMethods="0" numMethods="0" />
              <MetadataToken>100663596</MetadataToken>
              <Name>System.Void Test.Paging.PhysicalLevel.Configurations.ConfigurationBuilderTest/&lt;&gt;c__DisplayClass5_0::.ctor()</Name>
              <SequencePoints />
              <BranchPoints />
              <MethodPoint vc="0" uspid="1530" ordinal="0" offset="0" />
            </Method>
            <Method visited="false" cyclomaticComplexity="1" nPathComplexity="0" sequenceCoverage="0" branchCoverage="0" crapScore="2" isConstructor="false" isStatic="false" isGetter="false" isSetter="false">
              <Summary numSequencePoints="1" visitedSequencePoints="0" numBranchPoints="1" visitedBranchPoints="0" sequenceCoverage="0" branchCoverage="0" maxCyclomaticComplexity="1" minCyclomaticComplexity="1" maxCrapScore="2" minCrapScore="2" visitedClasses="0" numClasses="0" visitedMethods="0" numMethods="1" />
              <MetadataToken>100663597</MetadataToken>
              <Name>System.Void Test.Paging.PhysicalLevel.Configurations.ConfigurationBuilderTest/&lt;&gt;c__DisplayClass5_0::&lt;DefineOnlyNumberTypeAndOneRecordVariableWithConsistency&gt;b__0(System.Func`2&lt;System.Byte,System.IO.Paging.PhysicalLevel.Configuration.Builder.BuildingElements.IPageDefinitionBuilder&gt;)</Name>
              <FileRef uid="35" />
              <SequencePoints>
                <SequencePoint vc="0" uspid="1531" ordinal="0" offset="0" sl="97" sc="23" el="98" ec="40" bec="0" bev="0" fileid="35" />
              </SequencePoints>
              <BranchPoints />
              <MethodPoint xsi:type="SequencePoint" vc="0" uspid="1531" ordinal="0" offset="0" sl="97" sc="23" el="98" ec="40" bec="0" bev="0" fileid="35" />
            </Method>
          </Methods>
        </Class>
        <Class>
          <Summary numSequencePoints="1" visitedSequencePoints="0" numBranchPoints="1" visitedBranchPoints="0" sequenceCoverage="0" branchCoverage="0" maxCyclomaticComplexity="1" minCyclomaticComplexity="1" maxCrapScore="2" minCrapScore="2" visitedClasses="0" numClasses="1" visitedMethods="0" numMethods="1" />
          <FullName>Test.Paging.PhysicalLevel.Configurations.ConfigurationBuilderTest/&lt;&gt;c__DisplayClass6_0</FullName>
          <Methods>
            <Method visited="false" cyclomaticComplexity="1" nPathComplexity="0" sequenceCoverage="0" branchCoverage="0" crapScore="2" isConstructor="true" isStatic="false" isGetter="false" isSetter="false">
              <Summary numSequencePoints="0" visitedSequencePoints="0" numBranchPoints="0" visitedBranchPoints="0" sequenceCoverage="0" branchCoverage="0" maxCyclomaticComplexity="1" minCyclomaticComplexity="1" maxCrapScore="2" minCrapScore="2" visitedClasses="0" numClasses="0" visitedMethods="0" numMethods="0" />
              <MetadataToken>100663598</MetadataToken>
              <Name>System.Void Test.Paging.PhysicalLevel.Configurations.ConfigurationBuilderTest/&lt;&gt;c__DisplayClass6_0::.ctor()</Name>
              <SequencePoints />
              <BranchPoints />
              <MethodPoint vc="0" uspid="1532" ordinal="0" offset="0" />
            </Method>
            <Method visited="false" cyclomaticComplexity="1" nPathComplexity="0" sequenceCoverage="0" branchCoverage="0" crapScore="2" isConstructor="false" isStatic="false" isGetter="false" isSetter="false">
              <Summary numSequencePoints="1" visitedSequencePoints="0" numBranchPoints="1" visitedBranchPoints="0" sequenceCoverage="0" branchCoverage="0" maxCyclomaticComplexity="1" minCyclomaticComplexity="1" maxCrapScore="2" minCrapScore="2" visitedClasses="0" numClasses="0" visitedMethods="0" numMethods="1" />
              <MetadataToken>100663599</MetadataToken>
              <Name>System.Void Test.Paging.PhysicalLevel.Configurations.ConfigurationBuilderTest/&lt;&gt;c__DisplayClass6_0::&lt;DefineOnlyNumberTypeAndOneRecordVariableWithHeaders&gt;b__0(System.Func`2&lt;System.Byte,System.IO.Paging.PhysicalLevel.Configuration.Builder.BuildingElements.IPageDefinitionBuilder&gt;)</Name>
              <FileRef uid="35" />
              <SequencePoints>
                <SequencePoint vc="0" uspid="1533" ordinal="0" offset="0" sl="112" sc="23" el="113" ec="36" bec="0" bev="0" fileid="35" />
              </SequencePoints>
              <BranchPoints />
              <MethodPoint xsi:type="SequencePoint" vc="0" uspid="1533" ordinal="0" offset="0" sl="112" sc="23" el="113" ec="36" bec="0" bev="0" fileid="35" />
            </Method>
          </Methods>
        </Class>
        <Class>
          <Summary numSequencePoints="1" visitedSequencePoints="0" numBranchPoints="1" visitedBranchPoints="0" sequenceCoverage="0" branchCoverage="0" maxCyclomaticComplexity="1" minCyclomaticComplexity="1" maxCrapScore="2" minCrapScore="2" visitedClasses="0" numClasses="1" visitedMethods="0" numMethods="1" />
          <FullName>Test.Paging.PhysicalLevel.Configurations.ConfigurationBuilderTest/&lt;&gt;c__DisplayClass7_0</FullName>
          <Methods>
            <Method visited="false" cyclomaticComplexity="1" nPathComplexity="0" sequenceCoverage="0" branchCoverage="0" crapScore="2" isConstructor="true" isStatic="false" isGetter="false" isSetter="false">
              <Summary numSequencePoints="0" visitedSequencePoints="0" numBranchPoints="0" visitedBranchPoints="0" sequenceCoverage="0" branchCoverage="0" maxCyclomaticComplexity="1" minCyclomaticComplexity="1" maxCrapScore="2" minCrapScore="2" visitedClasses="0" numClasses="0" visitedMethods="0" numMethods="0" />
              <MetadataToken>100663600</MetadataToken>
              <Name>System.Void Test.Paging.PhysicalLevel.Configurations.ConfigurationBuilderTest/&lt;&gt;c__DisplayClass7_0::.ctor()</Name>
              <SequencePoints />
              <BranchPoints />
              <MethodPoint vc="0" uspid="1534" ordinal="0" offset="0" />
            </Method>
            <Method visited="false" cyclomaticComplexity="1" nPathComplexity="0" sequenceCoverage="0" branchCoverage="0" crapScore="2" isConstructor="false" isStatic="false" isGetter="false" isSetter="false">
              <Summary numSequencePoints="1" visitedSequencePoints="0" numBranchPoints="1" visitedBranchPoints="0" sequenceCoverage="0" branchCoverage="0" maxCyclomaticComplexity="1" minCyclomaticComplexity="1" maxCrapScore="2" minCrapScore="2" visitedClasses="0" numClasses="0" visitedMethods="0" numMethods="1" />
              <MetadataToken>100663601</MetadataToken>
              <Name>System.Void Test.Paging.PhysicalLevel.Configurations.ConfigurationBuilderTest/&lt;&gt;c__DisplayClass7_0::&lt;DefineOnlyNumberTypeAndOneRecordVariableWithHeadersAndConsistency&gt;b__0(System.Func`2&lt;System.Byte,System.IO.Paging.PhysicalLevel.Configuration.Builder.BuildingElements.IPageDefinitionBuilder&gt;)</Name>
              <FileRef uid="35" />
              <SequencePoints>
                <SequencePoint vc="0" uspid="1535" ordinal="0" offset="0" sl="129" sc="23" el="131" ec="44" bec="0" bev="0" fileid="35" />
              </SequencePoints>
              <BranchPoints />
              <MethodPoint xsi:type="SequencePoint" vc="0" uspid="1535" ordinal="0" offset="0" sl="129" sc="23" el="131" ec="44" bec="0" bev="0" fileid="35" />
            </Method>
          </Methods>
        </Class>
        <Class>
          <Summary numSequencePoints="1" visitedSequencePoints="0" numBranchPoints="1" visitedBranchPoints="0" sequenceCoverage="0" branchCoverage="0" maxCyclomaticComplexity="1" minCyclomaticComplexity="1" maxCrapScore="2" minCrapScore="2" visitedClasses="0" numClasses="1" visitedMethods="0" numMethods="1" />
          <FullName>Test.Paging.PhysicalLevel.Configurations.ConfigurationBuilderTest/&lt;&gt;c__DisplayClass8_0</FullName>
          <Methods>
            <Method visited="false" cyclomaticComplexity="1" nPathComplexity="0" sequenceCoverage="0" branchCoverage="0" crapScore="2" isConstructor="true" isStatic="false" isGetter="false" isSetter="false">
              <Summary numSequencePoints="0" visitedSequencePoints="0" numBranchPoints="0" visitedBranchPoints="0" sequenceCoverage="0" branchCoverage="0" maxCyclomaticComplexity="1" minCyclomaticComplexity="1" maxCrapScore="2" minCrapScore="2" visitedClasses="0" numClasses="0" visitedMethods="0" numMethods="0" />
              <MetadataToken>100663602</MetadataToken>
              <Name>System.Void Test.Paging.PhysicalLevel.Configurations.ConfigurationBuilderTest/&lt;&gt;c__DisplayClass8_0::.ctor()</Name>
              <SequencePoints />
              <BranchPoints />
              <MethodPoint vc="0" uspid="1536" ordinal="0" offset="0" />
            </Method>
            <Method visited="false" cyclomaticComplexity="1" nPathComplexity="0" sequenceCoverage="0" branchCoverage="0" crapScore="2" isConstructor="false" isStatic="false" isGetter="false" isSetter="false">
              <Summary numSequencePoints="1" visitedSequencePoints="0" numBranchPoints="1" visitedBranchPoints="0" sequenceCoverage="0" branchCoverage="0" maxCyclomaticComplexity="1" minCyclomaticComplexity="1" maxCrapScore="2" minCrapScore="2" visitedClasses="0" numClasses="0" visitedMethods="0" numMethods="1" />
              <MetadataToken>100663603</MetadataToken>
              <Name>System.Void Test.Paging.PhysicalLevel.Configurations.ConfigurationBuilderTest/&lt;&gt;c__DisplayClass8_0::&lt;DefineOnlyNumberTypeAndOneRecordVariableWithHeadersAndConsistencyAndSlotInfo&gt;b__0(System.Func`2&lt;System.Byte,System.IO.Paging.PhysicalLevel.Configuration.Builder.BuildingElements.IPageDefinitionBuilder&gt;)</Name>
              <FileRef uid="35" />
              <SequencePoints>
                <SequencePoint vc="0" uspid="1537" ordinal="0" offset="0" sl="147" sc="23" el="150" ec="45" bec="0" bev="0" fileid="35" />
              </SequencePoints>
              <BranchPoints />
              <MethodPoint xsi:type="SequencePoint" vc="0" uspid="1537" ordinal="0" offset="0" sl="147" sc="23" el="150" ec="45" bec="0" bev="0" fileid="35" />
            </Method>
          </Methods>
        </Class>
        <Class>
          <Summary numSequencePoints="1" visitedSequencePoints="0" numBranchPoints="1" visitedBranchPoints="0" sequenceCoverage="0" branchCoverage="0" maxCyclomaticComplexity="1" minCyclomaticComplexity="1" maxCrapScore="2" minCrapScore="2" visitedClasses="0" numClasses="1" visitedMethods="0" numMethods="1" />
          <FullName>Test.Paging.PhysicalLevel.Configurations.ConfigurationBuilderTest/&lt;&gt;c__DisplayClass9_0</FullName>
          <Methods>
            <Method visited="false" cyclomaticComplexity="1" nPathComplexity="0" sequenceCoverage="0" branchCoverage="0" crapScore="2" isConstructor="true" isStatic="false" isGetter="false" isSetter="false">
              <Summary numSequencePoints="0" visitedSequencePoints="0" numBranchPoints="0" visitedBranchPoints="0" sequenceCoverage="0" branchCoverage="0" maxCyclomaticComplexity="1" minCyclomaticComplexity="1" maxCrapScore="2" minCrapScore="2" visitedClasses="0" numClasses="0" visitedMethods="0" numMethods="0" />
              <MetadataToken>100663604</MetadataToken>
              <Name>System.Void Test.Paging.PhysicalLevel.Configurations.ConfigurationBuilderTest/&lt;&gt;c__DisplayClass9_0::.ctor()</Name>
              <SequencePoints />
              <BranchPoints />
              <MethodPoint vc="0" uspid="1538" ordinal="0" offset="0" />
            </Method>
            <Method visited="false" cyclomaticComplexity="1" nPathComplexity="0" sequenceCoverage="0" branchCoverage="0" crapScore="2" isConstructor="false" isStatic="false" isGetter="false" isSetter="false">
              <Summary numSequencePoints="1" visitedSequencePoints="0" numBranchPoints="1" visitedBranchPoints="0" sequenceCoverage="0" branchCoverage="0" maxCyclomaticComplexity="1" minCyclomaticComplexity="1" maxCrapScore="2" minCrapScore="2" visitedClasses="0" numClasses="0" visitedMethods="0" numMethods="1" />
              <MetadataToken>100663605</MetadataToken>
              <Name>System.Void Test.Paging.PhysicalLevel.Configurations.ConfigurationBuilderTest/&lt;&gt;c__DisplayClass9_0::&lt;DefineOnlyNumberTypeAndOneRecordImageTypeWithCorrectSize&gt;b__0(System.Func`2&lt;System.Byte,System.IO.Paging.PhysicalLevel.Configuration.Builder.BuildingElements.IPageDefinitionBuilder&gt;)</Name>
              <FileRef uid="35" />
              <SequencePoints>
                <SequencePoint vc="0" uspid="1539" ordinal="0" offset="0" sl="164" sc="23" el="164" ec="80" bec="0" bev="0" fileid="35" />
              </SequencePoints>
              <BranchPoints />
              <MethodPoint xsi:type="SequencePoint" vc="0" uspid="1539" ordinal="0" offset="0" sl="164" sc="23" el="164" ec="80" bec="0" bev="0" fileid="35" />
            </Method>
          </Methods>
        </Class>
        <Class>
          <Summary numSequencePoints="1" visitedSequencePoints="0" numBranchPoints="1" visitedBranchPoints="0" sequenceCoverage="0" branchCoverage="0" maxCyclomaticComplexity="1" minCyclomaticComplexity="1" maxCrapScore="2" minCrapScore="2" visitedClasses="0" numClasses="1" visitedMethods="0" numMethods="1" />
          <FullName>Test.Paging.PhysicalLevel.Configurations.ConfigurationBuilderTest/&lt;&gt;c__DisplayClass10_0</FullName>
          <Methods>
            <Method visited="false" cyclomaticComplexity="1" nPathComplexity="0" sequenceCoverage="0" branchCoverage="0" crapScore="2" isConstructor="true" isStatic="false" isGetter="false" isSetter="false">
              <Summary numSequencePoints="0" visitedSequencePoints="0" numBranchPoints="0" visitedBranchPoints="0" sequenceCoverage="0" branchCoverage="0" maxCyclomaticComplexity="1" minCyclomaticComplexity="1" maxCrapScore="2" minCrapScore="2" visitedClasses="0" numClasses="0" visitedMethods="0" numMethods="0" />
              <MetadataToken>100663606</MetadataToken>
              <Name>System.Void Test.Paging.PhysicalLevel.Configurations.ConfigurationBuilderTest/&lt;&gt;c__DisplayClass10_0::.ctor()</Name>
              <SequencePoints />
              <BranchPoints />
              <MethodPoint vc="0" uspid="1540" ordinal="0" offset="0" />
            </Method>
            <Method visited="false" cyclomaticComplexity="1" nPathComplexity="0" sequenceCoverage="0" branchCoverage="0" crapScore="2" isConstructor="false" isStatic="false" isGetter="false" isSetter="false">
              <Summary numSequencePoints="1" visitedSequencePoints="0" numBranchPoints="1" visitedBranchPoints="0" sequenceCoverage="0" branchCoverage="0" maxCyclomaticComplexity="1" minCyclomaticComplexity="1" maxCrapScore="2" minCrapScore="2" visitedClasses="0" numClasses="0" visitedMethods="0" numMethods="1" />
              <MetadataToken>100663607</MetadataToken>
              <Name>System.Void Test.Paging.PhysicalLevel.Configurations.ConfigurationBuilderTest/&lt;&gt;c__DisplayClass10_0::&lt;DefineOnlyNumberTypeAndOneRecordImageTypeWithIncorrectSize&gt;b__0(System.Func`2&lt;System.Byte,System.IO.Paging.PhysicalLevel.Configuration.Builder.BuildingElements.IPageDefinitionBuilder&gt;)</Name>
              <FileRef uid="35" />
              <SequencePoints>
                <SequencePoint vc="0" uspid="1541" ordinal="0" offset="0" sl="184" sc="23" el="184" ec="80" bec="0" bev="0" fileid="35" />
              </SequencePoints>
              <BranchPoints />
              <MethodPoint xsi:type="SequencePoint" vc="0" uspid="1541" ordinal="0" offset="0" sl="184" sc="23" el="184" ec="80" bec="0" bev="0" fileid="35" />
            </Method>
          </Methods>
        </Class>
        <Class>
          <Summary numSequencePoints="0" visitedSequencePoints="0" numBranchPoints="0" visitedBranchPoints="0" sequenceCoverage="0" branchCoverage="0" maxCyclomaticComplexity="1" minCyclomaticComplexity="1" maxCrapScore="2" minCrapScore="2" visitedClasses="0" numClasses="0" visitedMethods="0" numMethods="0" />
          <FullName>Test.Paging.PhysicalLevel.Configurations.ConfigurationBuilderTest/&lt;&gt;c__DisplayClass11_0</FullName>
          <Methods>
            <Method visited="false" cyclomaticComplexity="1" nPathComplexity="0" sequenceCoverage="0" branchCoverage="0" crapScore="2" isConstructor="true" isStatic="false" isGetter="false" isSetter="false">
              <Summary numSequencePoints="0" visitedSequencePoints="0" numBranchPoints="0" visitedBranchPoints="0" sequenceCoverage="0" branchCoverage="0" maxCyclomaticComplexity="1" minCyclomaticComplexity="1" maxCrapScore="2" minCrapScore="2" visitedClasses="0" numClasses="0" visitedMethods="0" numMethods="0" />
              <MetadataToken>100663608</MetadataToken>
              <Name>System.Void Test.Paging.PhysicalLevel.Configurations.ConfigurationBuilderTest/&lt;&gt;c__DisplayClass11_0::.ctor()</Name>
              <SequencePoints />
              <BranchPoints />
              <MethodPoint vc="0" uspid="1542" ordinal="0" offset="0" />
            </Method>
          </Methods>
        </Class>
        <Class>
          <Summary numSequencePoints="11" visitedSequencePoints="0" numBranchPoints="3" visitedBranchPoints="0" sequenceCoverage="0" branchCoverage="0" maxCyclomaticComplexity="1" minCyclomaticComplexity="1" maxCrapScore="2" minCrapScore="2" visitedClasses="0" numClasses="1" visitedMethods="0" numMethods="3" />
          <FullName>Test.Paging.PhysicalLevel.Configurations.ConfigurationBuilderTest/&lt;&gt;c__DisplayClass15_0</FullName>
          <Methods>
            <Method visited="false" cyclomaticComplexity="1" nPathComplexity="0" sequenceCoverage="0" branchCoverage="0" crapScore="2" isConstructor="true" isStatic="false" isGetter="false" isSetter="false">
              <Summary numSequencePoints="0" visitedSequencePoints="0" numBranchPoints="0" visitedBranchPoints="0" sequenceCoverage="0" branchCoverage="0" maxCyclomaticComplexity="1" minCyclomaticComplexity="1" maxCrapScore="2" minCrapScore="2" visitedClasses="0" numClasses="0" visitedMethods="0" numMethods="0" />
              <MetadataToken>100663609</MetadataToken>
              <Name>System.Void Test.Paging.PhysicalLevel.Configurations.ConfigurationBuilderTest/&lt;&gt;c__DisplayClass15_0::.ctor()</Name>
              <SequencePoints />
              <BranchPoints />
              <MethodPoint vc="0" uspid="1543" ordinal="0" offset="0" />
            </Method>
            <Method visited="false" cyclomaticComplexity="1" nPathComplexity="0" sequenceCoverage="0" branchCoverage="0" crapScore="2" isConstructor="false" isStatic="false" isGetter="false" isSetter="false">
              <Summary numSequencePoints="5" visitedSequencePoints="0" numBranchPoints="1" visitedBranchPoints="0" sequenceCoverage="0" branchCoverage="0" maxCyclomaticComplexity="1" minCyclomaticComplexity="1" maxCrapScore="2" minCrapScore="2" visitedClasses="0" numClasses="0" visitedMethods="0" numMethods="1" />
              <MetadataToken>100663610</MetadataToken>
              <Name>System.Collections.Generic.ICollection`1&lt;System.Object&gt; Test.Paging.PhysicalLevel.Configurations.ConfigurationBuilderTest/&lt;&gt;c__DisplayClass15_0::&lt;DefineOnlyNumberTypeAndFixedRecordAlt&gt;b__3(FakeItEasy.Core.IFakeObjectCall)</Name>
              <FileRef uid="35" />
              <SequencePoints>
                <SequencePoint vc="0" uspid="1544" ordinal="0" offset="0" sl="312" sc="17" el="312" ec="18" bec="0" bev="0" fileid="35" />
                <SequencePoint vc="0" uspid="1545" ordinal="1" offset="1" sl="313" sc="21" el="313" ec="57" bec="0" bev="0" fileid="35" />
                <SequencePoint vc="0" uspid="1546" ordinal="2" offset="19" sl="314" sc="21" el="314" ec="62" bec="0" bev="0" fileid="35" />
                <SequencePoint vc="0" uspid="1547" ordinal="3" offset="50" sl="315" sc="21" el="315" ec="51" bec="0" bev="0" fileid="35" />
                <SequencePoint vc="0" uspid="1548" ordinal="4" offset="68" sl="316" sc="17" el="316" ec="18" bec="0" bev="0" fileid="35" />
              </SequencePoints>
              <BranchPoints />
              <MethodPoint xsi:type="SequencePoint" vc="0" uspid="1544" ordinal="0" offset="0" sl="312" sc="17" el="312" ec="18" bec="0" bev="0" fileid="35" />
            </Method>
            <Method visited="false" cyclomaticComplexity="1" nPathComplexity="0" sequenceCoverage="0" branchCoverage="0" crapScore="2" isConstructor="false" isStatic="false" isGetter="false" isSetter="false">
              <Summary numSequencePoints="5" visitedSequencePoints="0" numBranchPoints="1" visitedBranchPoints="0" sequenceCoverage="0" branchCoverage="0" maxCyclomaticComplexity="1" minCyclomaticComplexity="1" maxCrapScore="2" minCrapScore="2" visitedClasses="0" numClasses="0" visitedMethods="0" numMethods="1" />
              <MetadataToken>100663611</MetadataToken>
              <Name>System.Collections.Generic.ICollection`1&lt;System.Object&gt; Test.Paging.PhysicalLevel.Configurations.ConfigurationBuilderTest/&lt;&gt;c__DisplayClass15_0::&lt;DefineOnlyNumberTypeAndFixedRecordAlt&gt;b__5(FakeItEasy.Core.IFakeObjectCall)</Name>
              <FileRef uid="35" />
              <SequencePoints>
                <SequencePoint vc="0" uspid="1549" ordinal="0" offset="0" sl="320" sc="29" el="320" ec="30" bec="0" bev="0" fileid="35" />
                <SequencePoint vc="0" uspid="1550" ordinal="1" offset="1" sl="321" sc="33" el="321" ec="69" bec="0" bev="0" fileid="35" />
                <SequencePoint vc="0" uspid="1551" ordinal="2" offset="19" sl="322" sc="33" el="322" ec="74" bec="0" bev="0" fileid="35" />
                <SequencePoint vc="0" uspid="1552" ordinal="3" offset="50" sl="323" sc="33" el="323" ec="63" bec="0" bev="0" fileid="35" />
                <SequencePoint vc="0" uspid="1553" ordinal="4" offset="68" sl="324" sc="29" el="324" ec="30" bec="0" bev="0" fileid="35" />
              </SequencePoints>
              <BranchPoints />
              <MethodPoint xsi:type="SequencePoint" vc="0" uspid="1549" ordinal="0" offset="0" sl="320" sc="29" el="320" ec="30" bec="0" bev="0" fileid="35" />
            </Method>
            <Method visited="false" cyclomaticComplexity="1" nPathComplexity="0" sequenceCoverage="0" branchCoverage="0" crapScore="2" isConstructor="false" isStatic="false" isGetter="false" isSetter="false">
              <Summary numSequencePoints="1" visitedSequencePoints="0" numBranchPoints="1" visitedBranchPoints="0" sequenceCoverage="0" branchCoverage="0" maxCyclomaticComplexity="1" minCyclomaticComplexity="1" maxCrapScore="2" minCrapScore="2" visitedClasses="0" numClasses="0" visitedMethods="0" numMethods="1" />
              <MetadataToken>100663612</MetadataToken>
              <Name>System.Void Test.Paging.PhysicalLevel.Configurations.ConfigurationBuilderTest/&lt;&gt;c__DisplayClass15_0::&lt;DefineOnlyNumberTypeAndFixedRecordAlt&gt;b__7(System.Func`2&lt;System.Byte,System.IO.Paging.PhysicalLevel.Configuration.Builder.BuildingElements.IPageDefinitionBuilder&gt;)</Name>
              <FileRef uid="35" />
              <SequencePoints>
                <SequencePoint vc="0" uspid="1554" ordinal="0" offset="0" sl="327" sc="23" el="327" ec="97" bec="0" bev="0" fileid="35" />
              </SequencePoints>
              <BranchPoints />
              <MethodPoint xsi:type="SequencePoint" vc="0" uspid="1554" ordinal="0" offset="0" sl="327" sc="23" el="327" ec="97" bec="0" bev="0" fileid="35" />
            </Method>
          </Methods>
        </Class>
        <Class>
          <Summary numSequencePoints="11" visitedSequencePoints="0" numBranchPoints="3" visitedBranchPoints="0" sequenceCoverage="0" branchCoverage="0" maxCyclomaticComplexity="1" minCyclomaticComplexity="1" maxCrapScore="2" minCrapScore="2" visitedClasses="0" numClasses="1" visitedMethods="0" numMethods="3" />
          <FullName>Test.Paging.PhysicalLevel.Configurations.ConfigurationBuilderTest/&lt;&gt;c__DisplayClass16_0</FullName>
          <Methods>
            <Method visited="false" cyclomaticComplexity="1" nPathComplexity="0" sequenceCoverage="0" branchCoverage="0" crapScore="2" isConstructor="true" isStatic="false" isGetter="false" isSetter="false">
              <Summary numSequencePoints="0" visitedSequencePoints="0" numBranchPoints="0" visitedBranchPoints="0" sequenceCoverage="0" branchCoverage="0" maxCyclomaticComplexity="1" minCyclomaticComplexity="1" maxCrapScore="2" minCrapScore="2" visitedClasses="0" numClasses="0" visitedMethods="0" numMethods="0" />
              <MetadataToken>100663613</MetadataToken>
              <Name>System.Void Test.Paging.PhysicalLevel.Configurations.ConfigurationBuilderTest/&lt;&gt;c__DisplayClass16_0::.ctor()</Name>
              <SequencePoints />
              <BranchPoints />
              <MethodPoint vc="0" uspid="1555" ordinal="0" offset="0" />
            </Method>
            <Method visited="false" cyclomaticComplexity="1" nPathComplexity="0" sequenceCoverage="0" branchCoverage="0" crapScore="2" isConstructor="false" isStatic="false" isGetter="false" isSetter="false">
              <Summary numSequencePoints="5" visitedSequencePoints="0" numBranchPoints="1" visitedBranchPoints="0" sequenceCoverage="0" branchCoverage="0" maxCyclomaticComplexity="1" minCyclomaticComplexity="1" maxCrapScore="2" minCrapScore="2" visitedClasses="0" numClasses="0" visitedMethods="0" numMethods="1" />
              <MetadataToken>100663614</MetadataToken>
              <Name>System.Collections.Generic.ICollection`1&lt;System.Object&gt; Test.Paging.PhysicalLevel.Configurations.ConfigurationBuilderTest/&lt;&gt;c__DisplayClass16_0::&lt;DefineOnlyNumberTypeAndFixedRecordAndConsistency&gt;b__3(FakeItEasy.Core.IFakeObjectCall)</Name>
              <FileRef uid="35" />
              <SequencePoints>
                <SequencePoint vc="0" uspid="1556" ordinal="0" offset="0" sl="344" sc="29" el="344" ec="30" bec="0" bev="0" fileid="35" />
                <SequencePoint vc="0" uspid="1557" ordinal="1" offset="1" sl="345" sc="33" el="345" ec="69" bec="0" bev="0" fileid="35" />
                <SequencePoint vc="0" uspid="1558" ordinal="2" offset="19" sl="346" sc="33" el="346" ec="74" bec="0" bev="0" fileid="35" />
                <SequencePoint vc="0" uspid="1559" ordinal="3" offset="50" sl="347" sc="33" el="347" ec="63" bec="0" bev="0" fileid="35" />
                <SequencePoint vc="0" uspid="1560" ordinal="4" offset="68" sl="348" sc="29" el="348" ec="30" bec="0" bev="0" fileid="35" />
              </SequencePoints>
              <BranchPoints />
              <MethodPoint xsi:type="SequencePoint" vc="0" uspid="1556" ordinal="0" offset="0" sl="344" sc="29" el="344" ec="30" bec="0" bev="0" fileid="35" />
            </Method>
            <Method visited="false" cyclomaticComplexity="1" nPathComplexity="0" sequenceCoverage="0" branchCoverage="0" crapScore="2" isConstructor="false" isStatic="false" isGetter="false" isSetter="false">
              <Summary numSequencePoints="5" visitedSequencePoints="0" numBranchPoints="1" visitedBranchPoints="0" sequenceCoverage="0" branchCoverage="0" maxCyclomaticComplexity="1" minCyclomaticComplexity="1" maxCrapScore="2" minCrapScore="2" visitedClasses="0" numClasses="0" visitedMethods="0" numMethods="1" />
              <MetadataToken>100663615</MetadataToken>
              <Name>System.Collections.Generic.ICollection`1&lt;System.Object&gt; Test.Paging.PhysicalLevel.Configurations.ConfigurationBuilderTest/&lt;&gt;c__DisplayClass16_0::&lt;DefineOnlyNumberTypeAndFixedRecordAndConsistency&gt;b__5(FakeItEasy.Core.IFakeObjectCall)</Name>
              <FileRef uid="35" />
              <SequencePoints>
                <SequencePoint vc="0" uspid="1561" ordinal="0" offset="0" sl="351" sc="13" el="351" ec="14" bec="0" bev="0" fileid="35" />
                <SequencePoint vc="0" uspid="1562" ordinal="1" offset="1" sl="352" sc="17" el="352" ec="53" bec="0" bev="0" fileid="35" />
                <SequencePoint vc="0" uspid="1563" ordinal="2" offset="19" sl="353" sc="17" el="353" ec="58" bec="0" bev="0" fileid="35" />
                <SequencePoint vc="0" uspid="1564" ordinal="3" offset="50" sl="354" sc="17" el="354" ec="47" bec="0" bev="0" fileid="35" />
                <SequencePoint vc="0" uspid="1565" ordinal="4" offset="68" sl="355" sc="13" el="355" ec="14" bec="0" bev="0" fileid="35" />
              </SequencePoints>
              <BranchPoints />
              <MethodPoint xsi:type="SequencePoint" vc="0" uspid="1561" ordinal="0" offset="0" sl="351" sc="13" el="351" ec="14" bec="0" bev="0" fileid="35" />
            </Method>
            <Method visited="false" cyclomaticComplexity="1" nPathComplexity="0" sequenceCoverage="0" branchCoverage="0" crapScore="2" isConstructor="false" isStatic="false" isGetter="false" isSetter="false">
              <Summary numSequencePoints="1" visitedSequencePoints="0" numBranchPoints="1" visitedBranchPoints="0" sequenceCoverage="0" branchCoverage="0" maxCyclomaticComplexity="1" minCyclomaticComplexity="1" maxCrapScore="2" minCrapScore="2" visitedClasses="0" numClasses="0" visitedMethods="0" numMethods="1" />
              <MetadataToken>100663616</MetadataToken>
              <Name>System.Void Test.Paging.PhysicalLevel.Configurations.ConfigurationBuilderTest/&lt;&gt;c__DisplayClass16_0::&lt;DefineOnlyNumberTypeAndFixedRecordAndConsistency&gt;b__7(System.Func`2&lt;System.Byte,System.IO.Paging.PhysicalLevel.Configuration.Builder.BuildingElements.IPageDefinitionBuilder&gt;)</Name>
              <FileRef uid="35" />
              <SequencePoints>
                <SequencePoint vc="0" uspid="1566" ordinal="0" offset="0" sl="359" sc="23" el="361" ec="51" bec="0" bev="0" fileid="35" />
              </SequencePoints>
              <BranchPoints />
              <MethodPoint xsi:type="SequencePoint" vc="0" uspid="1566" ordinal="0" offset="0" sl="359" sc="23" el="361" ec="51" bec="0" bev="0" fileid="35" />
            </Method>
          </Methods>
        </Class>
        <Class>
          <Summary numSequencePoints="1" visitedSequencePoints="0" numBranchPoints="1" visitedBranchPoints="0" sequenceCoverage="0" branchCoverage="0" maxCyclomaticComplexity="1" minCyclomaticComplexity="1" maxCrapScore="2" minCrapScore="2" visitedClasses="0" numClasses="1" visitedMethods="0" numMethods="1" />
          <FullName>Test.Paging.PhysicalLevel.Configurations.ConfigurationBuilderTest/&lt;&gt;c__DisplayClass17_0</FullName>
          <Methods>
            <Method visited="false" cyclomaticComplexity="1" nPathComplexity="0" sequenceCoverage="0" branchCoverage="0" crapScore="2" isConstructor="true" isStatic="false" isGetter="false" isSetter="false">
              <Summary numSequencePoints="0" visitedSequencePoints="0" numBranchPoints="0" visitedBranchPoints="0" sequenceCoverage="0" branchCoverage="0" maxCyclomaticComplexity="1" minCyclomaticComplexity="1" maxCrapScore="2" minCrapScore="2" visitedClasses="0" numClasses="0" visitedMethods="0" numMethods="0" />
              <MetadataToken>100663617</MetadataToken>
              <Name>System.Void Test.Paging.PhysicalLevel.Configurations.ConfigurationBuilderTest/&lt;&gt;c__DisplayClass17_0::.ctor()</Name>
              <SequencePoints />
              <BranchPoints />
              <MethodPoint vc="0" uspid="1567" ordinal="0" offset="0" />
            </Method>
            <Method visited="false" cyclomaticComplexity="1" nPathComplexity="0" sequenceCoverage="0" branchCoverage="0" crapScore="2" isConstructor="false" isStatic="false" isGetter="false" isSetter="false">
              <Summary numSequencePoints="1" visitedSequencePoints="0" numBranchPoints="1" visitedBranchPoints="0" sequenceCoverage="0" branchCoverage="0" maxCyclomaticComplexity="1" minCyclomaticComplexity="1" maxCrapScore="2" minCrapScore="2" visitedClasses="0" numClasses="0" visitedMethods="0" numMethods="1" />
              <MetadataToken>100663618</MetadataToken>
              <Name>System.Void Test.Paging.PhysicalLevel.Configurations.ConfigurationBuilderTest/&lt;&gt;c__DisplayClass17_0::&lt;DefineOnlyNumberTypeAndFixedRecordAndHeaders&gt;b__0(System.Func`2&lt;System.Byte,System.IO.Paging.PhysicalLevel.Configuration.Builder.BuildingElements.IPageDefinitionBuilder&gt;)</Name>
              <FileRef uid="35" />
              <SequencePoints>
                <SequencePoint vc="0" uspid="1568" ordinal="0" offset="0" sl="376" sc="23" el="378" ec="35" bec="0" bev="0" fileid="35" />
              </SequencePoints>
              <BranchPoints />
              <MethodPoint xsi:type="SequencePoint" vc="0" uspid="1568" ordinal="0" offset="0" sl="376" sc="23" el="378" ec="35" bec="0" bev="0" fileid="35" />
            </Method>
          </Methods>
        </Class>
        <Class>
          <Summary numSequencePoints="1" visitedSequencePoints="0" numBranchPoints="1" visitedBranchPoints="0" sequenceCoverage="0" branchCoverage="0" maxCyclomaticComplexity="1" minCyclomaticComplexity="1" maxCrapScore="2" minCrapScore="2" visitedClasses="0" numClasses="1" visitedMethods="0" numMethods="1" />
          <FullName>Test.Paging.PhysicalLevel.Configurations.ConfigurationBuilderTest/&lt;&gt;c__DisplayClass18_0</FullName>
          <Methods>
            <Method visited="false" cyclomaticComplexity="1" nPathComplexity="0" sequenceCoverage="0" branchCoverage="0" crapScore="2" isConstructor="true" isStatic="false" isGetter="false" isSetter="false">
              <Summary numSequencePoints="0" visitedSequencePoints="0" numBranchPoints="0" visitedBranchPoints="0" sequenceCoverage="0" branchCoverage="0" maxCyclomaticComplexity="1" minCyclomaticComplexity="1" maxCrapScore="2" minCrapScore="2" visitedClasses="0" numClasses="0" visitedMethods="0" numMethods="0" />
              <MetadataToken>100663619</MetadataToken>
              <Name>System.Void Test.Paging.PhysicalLevel.Configurations.ConfigurationBuilderTest/&lt;&gt;c__DisplayClass18_0::.ctor()</Name>
              <SequencePoints />
              <BranchPoints />
              <MethodPoint vc="0" uspid="1569" ordinal="0" offset="0" />
            </Method>
            <Method visited="false" cyclomaticComplexity="1" nPathComplexity="0" sequenceCoverage="0" branchCoverage="0" crapScore="2" isConstructor="false" isStatic="false" isGetter="false" isSetter="false">
              <Summary numSequencePoints="1" visitedSequencePoints="0" numBranchPoints="1" visitedBranchPoints="0" sequenceCoverage="0" branchCoverage="0" maxCyclomaticComplexity="1" minCyclomaticComplexity="1" maxCrapScore="2" minCrapScore="2" visitedClasses="0" numClasses="0" visitedMethods="0" numMethods="1" />
              <MetadataToken>100663620</MetadataToken>
              <Name>System.Void Test.Paging.PhysicalLevel.Configurations.ConfigurationBuilderTest/&lt;&gt;c__DisplayClass18_0::&lt;DefineOnlyNumberTypeAndFixedRecordAndHeadersAndConsitency&gt;b__0(System.Func`2&lt;System.Byte,System.IO.Paging.PhysicalLevel.Configuration.Builder.BuildingElements.IPageDefinitionBuilder&gt;)</Name>
              <FileRef uid="35" />
              <SequencePoints>
                <SequencePoint vc="0" uspid="1570" ordinal="0" offset="0" sl="395" sc="23" el="398" ec="35" bec="0" bev="0" fileid="35" />
              </SequencePoints>
              <BranchPoints />
              <MethodPoint xsi:type="SequencePoint" vc="0" uspid="1570" ordinal="0" offset="0" sl="395" sc="23" el="398" ec="35" bec="0" bev="0" fileid="35" />
            </Method>
          </Methods>
        </Class>
        <Class>
          <Summary numSequencePoints="1" visitedSequencePoints="0" numBranchPoints="1" visitedBranchPoints="0" sequenceCoverage="0" branchCoverage="0" maxCyclomaticComplexity="1" minCyclomaticComplexity="1" maxCrapScore="2" minCrapScore="2" visitedClasses="0" numClasses="1" visitedMethods="0" numMethods="1" />
          <FullName>Test.Paging.PhysicalLevel.Configurations.ConfigurationBuilderTest/&lt;&gt;c__DisplayClass19_0</FullName>
          <Methods>
            <Method visited="false" cyclomaticComplexity="1" nPathComplexity="0" sequenceCoverage="0" branchCoverage="0" crapScore="2" isConstructor="true" isStatic="false" isGetter="false" isSetter="false">
              <Summary numSequencePoints="0" visitedSequencePoints="0" numBranchPoints="0" visitedBranchPoints="0" sequenceCoverage="0" branchCoverage="0" maxCyclomaticComplexity="1" minCyclomaticComplexity="1" maxCrapScore="2" minCrapScore="2" visitedClasses="0" numClasses="0" visitedMethods="0" numMethods="0" />
              <MetadataToken>100663621</MetadataToken>
              <Name>System.Void Test.Paging.PhysicalLevel.Configurations.ConfigurationBuilderTest/&lt;&gt;c__DisplayClass19_0::.ctor()</Name>
              <SequencePoints />
              <BranchPoints />
              <MethodPoint vc="0" uspid="1571" ordinal="0" offset="0" />
            </Method>
            <Method visited="false" cyclomaticComplexity="1" nPathComplexity="0" sequenceCoverage="0" branchCoverage="0" crapScore="2" isConstructor="false" isStatic="false" isGetter="false" isSetter="false">
              <Summary numSequencePoints="1" visitedSequencePoints="0" numBranchPoints="1" visitedBranchPoints="0" sequenceCoverage="0" branchCoverage="0" maxCyclomaticComplexity="1" minCyclomaticComplexity="1" maxCrapScore="2" minCrapScore="2" visitedClasses="0" numClasses="0" visitedMethods="0" numMethods="1" />
              <MetadataToken>100663622</MetadataToken>
              <Name>System.Void Test.Paging.PhysicalLevel.Configurations.ConfigurationBuilderTest/&lt;&gt;c__DisplayClass19_0::&lt;DefineOnlyNumberTypeAndFixedRecordAndHeadersAndConsitency2&gt;b__0(System.Func`2&lt;System.Byte,System.IO.Paging.PhysicalLevel.Configuration.Builder.BuildingElements.IPageDefinitionBuilder&gt;)</Name>
              <FileRef uid="35" />
              <SequencePoints>
                <SequencePoint vc="0" uspid="1572" ordinal="0" offset="0" sl="415" sc="23" el="418" ec="44" bec="0" bev="0" fileid="35" />
              </SequencePoints>
              <BranchPoints />
              <MethodPoint xsi:type="SequencePoint" vc="0" uspid="1572" ordinal="0" offset="0" sl="415" sc="23" el="418" ec="44" bec="0" bev="0" fileid="35" />
            </Method>
          </Methods>
        </Class>
        <Class>
          <Summary numSequencePoints="10" visitedSequencePoints="0" numBranchPoints="2" visitedBranchPoints="0" sequenceCoverage="0" branchCoverage="0" maxCyclomaticComplexity="1" minCyclomaticComplexity="1" maxCrapScore="2" minCrapScore="2" visitedClasses="0" numClasses="1" visitedMethods="0" numMethods="2" />
          <FullName>Test.Paging.PhysicalLevel.Configurations.ConfigurationBuilderTest/&lt;&gt;c__DisplayClass21_0</FullName>
          <Methods>
            <Method visited="false" cyclomaticComplexity="1" nPathComplexity="0" sequenceCoverage="0" branchCoverage="0" crapScore="2" isConstructor="true" isStatic="false" isGetter="false" isSetter="false">
              <Summary numSequencePoints="0" visitedSequencePoints="0" numBranchPoints="0" visitedBranchPoints="0" sequenceCoverage="0" branchCoverage="0" maxCyclomaticComplexity="1" minCyclomaticComplexity="1" maxCrapScore="2" minCrapScore="2" visitedClasses="0" numClasses="0" visitedMethods="0" numMethods="0" />
              <MetadataToken>100663623</MetadataToken>
              <Name>System.Void Test.Paging.PhysicalLevel.Configurations.ConfigurationBuilderTest/&lt;&gt;c__DisplayClass21_0::.ctor()</Name>
              <SequencePoints />
              <BranchPoints />
              <MethodPoint vc="0" uspid="1573" ordinal="0" offset="0" />
            </Method>
            <Method visited="false" cyclomaticComplexity="1" nPathComplexity="0" sequenceCoverage="0" branchCoverage="0" crapScore="2" isConstructor="false" isStatic="false" isGetter="false" isSetter="false">
              <Summary numSequencePoints="5" visitedSequencePoints="0" numBranchPoints="1" visitedBranchPoints="0" sequenceCoverage="0" branchCoverage="0" maxCyclomaticComplexity="1" minCyclomaticComplexity="1" maxCrapScore="2" minCrapScore="2" visitedClasses="0" numClasses="0" visitedMethods="0" numMethods="1" />
              <MetadataToken>100663624</MetadataToken>
              <Name>System.Collections.Generic.ICollection`1&lt;System.Object&gt; Test.Paging.PhysicalLevel.Configurations.ConfigurationBuilderTest/&lt;&gt;c__DisplayClass21_0::&lt;CommonHeaderDefinition&gt;b__3(FakeItEasy.Core.IFakeObjectCall)</Name>
              <FileRef uid="35" />
              <SequencePoints>
                <SequencePoint vc="0" uspid="1574" ordinal="0" offset="0" sl="454" sc="29" el="454" ec="30" bec="0" bev="0" fileid="35" />
                <SequencePoint vc="0" uspid="1575" ordinal="1" offset="1" sl="455" sc="33" el="455" ec="69" bec="0" bev="0" fileid="35" />
                <SequencePoint vc="0" uspid="1576" ordinal="2" offset="19" sl="456" sc="33" el="456" ec="74" bec="0" bev="0" fileid="35" />
                <SequencePoint vc="0" uspid="1577" ordinal="3" offset="50" sl="457" sc="33" el="457" ec="63" bec="0" bev="0" fileid="35" />
                <SequencePoint vc="0" uspid="1578" ordinal="4" offset="63" sl="458" sc="29" el="458" ec="30" bec="0" bev="0" fileid="35" />
              </SequencePoints>
              <BranchPoints />
              <MethodPoint xsi:type="SequencePoint" vc="0" uspid="1574" ordinal="0" offset="0" sl="454" sc="29" el="454" ec="30" bec="0" bev="0" fileid="35" />
            </Method>
            <Method visited="false" cyclomaticComplexity="1" nPathComplexity="0" sequenceCoverage="0" branchCoverage="0" crapScore="2" isConstructor="false" isStatic="false" isGetter="false" isSetter="false">
              <Summary numSequencePoints="5" visitedSequencePoints="0" numBranchPoints="1" visitedBranchPoints="0" sequenceCoverage="0" branchCoverage="0" maxCyclomaticComplexity="1" minCyclomaticComplexity="1" maxCrapScore="2" minCrapScore="2" visitedClasses="0" numClasses="0" visitedMethods="0" numMethods="1" />
              <MetadataToken>100663625</MetadataToken>
              <Name>System.Collections.Generic.ICollection`1&lt;System.Object&gt; Test.Paging.PhysicalLevel.Configurations.ConfigurationBuilderTest/&lt;&gt;c__DisplayClass21_0::&lt;CommonHeaderDefinition&gt;b__5(FakeItEasy.Core.IFakeObjectCall)</Name>
              <FileRef uid="35" />
              <SequencePoints>
                <SequencePoint vc="0" uspid="1579" ordinal="0" offset="0" sl="461" sc="13" el="461" ec="14" bec="0" bev="0" fileid="35" />
                <SequencePoint vc="0" uspid="1580" ordinal="1" offset="1" sl="462" sc="17" el="462" ec="53" bec="0" bev="0" fileid="35" />
                <SequencePoint vc="0" uspid="1581" ordinal="2" offset="19" sl="463" sc="17" el="463" ec="58" bec="0" bev="0" fileid="35" />
                <SequencePoint vc="0" uspid="1582" ordinal="3" offset="50" sl="464" sc="17" el="464" ec="47" bec="0" bev="0" fileid="35" />
                <SequencePoint vc="0" uspid="1583" ordinal="4" offset="63" sl="465" sc="13" el="465" ec="14" bec="0" bev="0" fileid="35" />
              </SequencePoints>
              <BranchPoints />
              <MethodPoint xsi:type="SequencePoint" vc="0" uspid="1579" ordinal="0" offset="0" sl="461" sc="13" el="461" ec="14" bec="0" bev="0" fileid="35" />
            </Method>
          </Methods>
        </Class>
        <Class>
          <Summary numSequencePoints="10" visitedSequencePoints="0" numBranchPoints="2" visitedBranchPoints="0" sequenceCoverage="0" branchCoverage="0" maxCyclomaticComplexity="1" minCyclomaticComplexity="1" maxCrapScore="2" minCrapScore="2" visitedClasses="0" numClasses="1" visitedMethods="0" numMethods="2" />
          <FullName>Test.Paging.PhysicalLevel.Configurations.ConfigurationBuilderTest/&lt;&gt;c__DisplayClass22_0</FullName>
          <Methods>
            <Method visited="false" cyclomaticComplexity="1" nPathComplexity="0" sequenceCoverage="0" branchCoverage="0" crapScore="2" isConstructor="true" isStatic="false" isGetter="false" isSetter="false">
              <Summary numSequencePoints="0" visitedSequencePoints="0" numBranchPoints="0" visitedBranchPoints="0" sequenceCoverage="0" branchCoverage="0" maxCyclomaticComplexity="1" minCyclomaticComplexity="1" maxCrapScore="2" minCrapScore="2" visitedClasses="0" numClasses="0" visitedMethods="0" numMethods="0" />
              <MetadataToken>100663626</MetadataToken>
              <Name>System.Void Test.Paging.PhysicalLevel.Configurations.ConfigurationBuilderTest/&lt;&gt;c__DisplayClass22_0::.ctor()</Name>
              <SequencePoints />
              <BranchPoints />
              <MethodPoint vc="0" uspid="1584" ordinal="0" offset="0" />
            </Method>
            <Method visited="false" cyclomaticComplexity="1" nPathComplexity="0" sequenceCoverage="0" branchCoverage="0" crapScore="2" isConstructor="false" isStatic="false" isGetter="false" isSetter="false">
              <Summary numSequencePoints="5" visitedSequencePoints="0" numBranchPoints="1" visitedBranchPoints="0" sequenceCoverage="0" branchCoverage="0" maxCyclomaticComplexity="1" minCyclomaticComplexity="1" maxCrapScore="2" minCrapScore="2" visitedClasses="0" numClasses="0" visitedMethods="0" numMethods="1" />
              <MetadataToken>100663627</MetadataToken>
              <Name>System.Collections.Generic.ICollection`1&lt;System.Object&gt; Test.Paging.PhysicalLevel.Configurations.ConfigurationBuilderTest/&lt;&gt;c__DisplayClass22_0::&lt;CommonFixedRecordDefinition&gt;b__3(FakeItEasy.Core.IFakeObjectCall)</Name>
              <FileRef uid="35" />
              <SequencePoints>
                <SequencePoint vc="0" uspid="1585" ordinal="0" offset="0" sl="478" sc="29" el="478" ec="30" bec="0" bev="0" fileid="35" />
                <SequencePoint vc="0" uspid="1586" ordinal="1" offset="1" sl="479" sc="33" el="479" ec="69" bec="0" bev="0" fileid="35" />
                <SequencePoint vc="0" uspid="1587" ordinal="2" offset="19" sl="480" sc="33" el="480" ec="74" bec="0" bev="0" fileid="35" />
                <SequencePoint vc="0" uspid="1588" ordinal="3" offset="50" sl="481" sc="33" el="481" ec="63" bec="0" bev="0" fileid="35" />
                <SequencePoint vc="0" uspid="1589" ordinal="4" offset="68" sl="482" sc="29" el="482" ec="30" bec="0" bev="0" fileid="35" />
              </SequencePoints>
              <BranchPoints />
              <MethodPoint xsi:type="SequencePoint" vc="0" uspid="1585" ordinal="0" offset="0" sl="478" sc="29" el="478" ec="30" bec="0" bev="0" fileid="35" />
            </Method>
            <Method visited="false" cyclomaticComplexity="1" nPathComplexity="0" sequenceCoverage="0" branchCoverage="0" crapScore="2" isConstructor="false" isStatic="false" isGetter="false" isSetter="false">
              <Summary numSequencePoints="5" visitedSequencePoints="0" numBranchPoints="1" visitedBranchPoints="0" sequenceCoverage="0" branchCoverage="0" maxCyclomaticComplexity="1" minCyclomaticComplexity="1" maxCrapScore="2" minCrapScore="2" visitedClasses="0" numClasses="0" visitedMethods="0" numMethods="1" />
              <MetadataToken>100663628</MetadataToken>
              <Name>System.Collections.Generic.ICollection`1&lt;System.Object&gt; Test.Paging.PhysicalLevel.Configurations.ConfigurationBuilderTest/&lt;&gt;c__DisplayClass22_0::&lt;CommonFixedRecordDefinition&gt;b__5(FakeItEasy.Core.IFakeObjectCall)</Name>
              <FileRef uid="35" />
              <SequencePoints>
                <SequencePoint vc="0" uspid="1590" ordinal="0" offset="0" sl="485" sc="13" el="485" ec="14" bec="0" bev="0" fileid="35" />
                <SequencePoint vc="0" uspid="1591" ordinal="1" offset="1" sl="486" sc="17" el="486" ec="53" bec="0" bev="0" fileid="35" />
                <SequencePoint vc="0" uspid="1592" ordinal="2" offset="19" sl="487" sc="17" el="487" ec="58" bec="0" bev="0" fileid="35" />
                <SequencePoint vc="0" uspid="1593" ordinal="3" offset="50" sl="488" sc="17" el="488" ec="47" bec="0" bev="0" fileid="35" />
                <SequencePoint vc="0" uspid="1594" ordinal="4" offset="68" sl="489" sc="13" el="489" ec="14" bec="0" bev="0" fileid="35" />
              </SequencePoints>
              <BranchPoints />
              <MethodPoint xsi:type="SequencePoint" vc="0" uspid="1590" ordinal="0" offset="0" sl="485" sc="13" el="485" ec="14" bec="0" bev="0" fileid="35" />
            </Method>
          </Methods>
        </Class>
        <Class>
          <Summary numSequencePoints="0" visitedSequencePoints="0" numBranchPoints="0" visitedBranchPoints="0" sequenceCoverage="0" branchCoverage="0" maxCyclomaticComplexity="0" minCyclomaticComplexity="0" maxCrapScore="0" minCrapScore="0" visitedClasses="0" numClasses="0" visitedMethods="0" numMethods="0" />
          <FullName>&lt;PrivateImplementationDetails&gt;</FullName>
          <Methods />
        </Class>
      </Classes>
    </Module>
  </Modules>
</CoverageSession>